19:16:16 **** Incremental Build of configuration Debug for project Gen_Test ****
make all 
make --no-print-directory pre-build
a9-linaro-pre-build-step
' '
make --no-print-directory main-build
'Building file: ../src/helloworld.c'
'Invoking: ARM v7 gcc compiler'
arm-none-eabi-gcc -Wall -O0 -g3 -c -fmessage-length=0 -MT"src/helloworld.o" -mcpu=cortex-a9 -mfpu=vfpv3 -mfloat-abi=hard -IC:/Users/diepw50/CPRE-488-Labs/MP-1/sw/PP_Output_Gen_Test/design_1_wrapper/export/design_1_wrapper/sw/design_1_wrapper/domain_ps7_cortexa9_0/bspinclude/include -MMD -MP -MF"src/helloworld.d" -MT"src/helloworld.o" -o "src/helloworld.o" "../src/helloworld.c"
'Finished building: ../src/helloworld.c'
' '
'Building target: Gen_Test.elf'
'Invoking: ARM v7 gcc linker'
arm-none-eabi-gcc -mcpu=cortex-a9 -mfpu=vfpv3 -mfloat-abi=hard -Wl,-build-id=none -specs=Xilinx.spec -Wl,-T -Wl,../src/lscript.ld -LC:/Users/diepw50/CPRE-488-Labs/MP-1/sw/PP_Output_Gen_Test/design_1_wrapper/export/design_1_wrapper/sw/design_1_wrapper/domain_ps7_cortexa9_0/bsplib/lib -o "Gen_Test.elf"  ./src/helloworld.o ./src/platform.o   -Wl,--start-group,-lxil,-lgcc,-lc,--end-group
'Finished building target: Gen_Test.elf'
' '
'Invoking: ARM v7 Print Size'
arm-none-eabi-size Gen_Test.elf  |tee "Gen_Test.elf.size"
   text	   data	    bss	    dec	    hex	filename
  41072	   2548	  22640	  66260	  102d4	Gen_Test.elf
'Finished building: Gen_Test.elf.size'
' '

19:16:17 Build Finished (took 585ms)

