#-----------------------------------------------------------
# Vivado v2020.1 (64-bit)
# SW Build 2902540 on Wed May 27 19:54:49 MDT 2020
# IP Build 2902112 on Wed May 27 22:43:36 MDT 2020
# Start of session at: Fri Feb 13 16:40:13 2026
# Process ID: 1552
# Current directory: C:/Users/diepw50/CPRE-488-Labs/MP-1/hw/ip_repo
# Command line: vivado.exe -gui_launcher_event rodinguilauncherevent17960 C:\Users\diepw50\CPRE-488-Labs\MP-1\hw\ip_repo\edit_axi_ppm_v1_0.xpr
# Log file: C:/Users/diepw50/CPRE-488-Labs/MP-1/hw/ip_repo/vivado.log
# Journal file: C:/Users/diepw50/CPRE-488-Labs/MP-1/hw/ip_repo\vivado.jou
#-----------------------------------------------------------
start_gui
open_project C:/Users/diepw50/CPRE-488-Labs/MP-1/hw/ip_repo/edit_axi_ppm_v1_0.xpr
Scanning sources...
Finished scanning sources
WARNING: [filemgmt 56-3] Default IP Output Path : Could not find the directory 'C:/Users/diepw50/CPRE-488-Labs/MP-1/hw/ip_repo/edit_axi_ppm_v1_0.srcs/sources_1'.
INFO: [IP_Flow 19-234] Refreshing IP repositories
INFO: [IP_Flow 19-1700] Loaded user IP repository 'c:/Users/diepw50/CPRE-488-Labs/MP-1/hw/ip_repo/axi_ppm_1.0'.
INFO: [IP_Flow 19-2313] Loaded Vivado IP repository 'C:/Xilinx/Vivado/2020.1/data/ip'.
update_compile_order -fileset sources_1
update_compile_order -fileset sources_1
update_compile_order -fileset sources_1
