#-----------------------------------------------------------
# Vivado v2020.1 (64-bit)
# SW Build 2902540 on Wed May 27 19:54:49 MDT 2020
# IP Build 2902112 on Wed May 27 22:43:36 MDT 2020
# Start of session at: Mon Feb 16 11:42:09 2026
# Process ID: 4268
# Current directory: C:/Users/cihem/CPRE-488-Labs/MP-1/hw/ip_repo
# Command line: vivado.exe -gui_launcher_event rodinguilauncherevent11348 C:\Users\cihem\CPRE-488-Labs\MP-1\hw\ip_repo\edit_axi_ppm_v1_0.xpr
# Log file: C:/Users/cihem/CPRE-488-Labs/MP-1/hw/ip_repo/vivado.log
# Journal file: C:/Users/cihem/CPRE-488-Labs/MP-1/hw/ip_repo\vivado.jou
#-----------------------------------------------------------
start_gui
open_project C:/Users/cihem/CPRE-488-Labs/MP-1/hw/ip_repo/edit_axi_ppm_v1_0.xpr
INFO: [Project 1-313] Project file moved from 'C:/Users/diepw50/CPRE-488-Labs/MP-1/hw/ip_repo' since last save.
Scanning sources...
Finished scanning sources
WARNING: [filemgmt 56-2] Default IP Output Path : Could not find the directory 'C:/Users/cihem/CPRE-488-Labs/MP-1/hw/ip_repo/edit_axi_ppm_v1_0.srcs/sources_1', nor could it be found using path 'C:/Users/diepw50/CPRE-488-Labs/MP-1/hw/ip_repo/edit_axi_ppm_v1_0.srcs/sources_1'.
WARNING: [filemgmt 56-2] IPUserFilesDir: Could not find the directory 'C:/Users/cihem/CPRE-488-Labs/MP-1/hw/ip_repo/edit_axi_ppm_v1_0.ip_user_files', nor could it be found using path 'C:/Users/diepw50/CPRE-488-Labs/MP-1/hw/ip_repo/edit_axi_ppm_v1_0.ip_user_files'.
INFO: [IP_Flow 19-234] Refreshing IP repositories
INFO: [IP_Flow 19-1700] Loaded user IP repository 'c:/Users/cihem/CPRE-488-Labs/MP-1/hw/ip_repo/axi_ppm_1.0'.
INFO: [IP_Flow 19-2313] Loaded Vivado IP repository 'C:/Xilinx/Vivado/2020.1/data/ip'.
