#-----------------------------------------------------------
# Vivado v2020.1 (64-bit)
# SW Build 2902540 on Wed May 27 19:54:49 MDT 2020
# IP Build 2902112 on Wed May 27 22:43:36 MDT 2020
# Start of session at: Fri Feb 20 12:09:51 2026
# Process ID: 2896
# Current directory: C:/Users/diepw50/CPRE-488-Labs/MP-1/hw/ip_repo
# Command line: vivado.exe -gui_launcher_event rodinguilauncherevent16168 C:\Users\diepw50\CPRE-488-Labs\MP-1\hw\ip_repo\edit_axi_ppm4_v1_0.xpr
# Log file: C:/Users/diepw50/CPRE-488-Labs/MP-1/hw/ip_repo/vivado.log
# Journal file: C:/Users/diepw50/CPRE-488-Labs/MP-1/hw/ip_repo\vivado.jou
#-----------------------------------------------------------
start_gui
open_project C:/Users/diepw50/CPRE-488-Labs/MP-1/hw/ip_repo/edit_axi_ppm4_v1_0.xpr
Scanning sources...
Finished scanning sources
WARNING: [filemgmt 56-3] Default IP Output Path : Could not find the directory 'C:/Users/diepw50/CPRE-488-Labs/MP-1/hw/ip_repo/edit_axi_ppm4_v1_0.srcs/sources_1'.
WARNING: [filemgmt 56-3] IPUserFilesDir: Could not find the directory 'C:/Users/diepw50/CPRE-488-Labs/MP-1/hw/ip_repo/edit_axi_ppm4_v1_0.ip_user_files'.
INFO: [IP_Flow 19-234] Refreshing IP repositories
INFO: [IP_Flow 19-1700] Loaded user IP repository 'c:/Users/diepw50/CPRE-488-Labs/MP-1/hw/ip_repo/axi_ppm4_1.0'.
INFO: [IP_Flow 19-1700] Loaded user IP repository 'c:/Users/diepw50/CPRE-488-Labs/MP-1/hw/ip_repo/ppm3_1.0'.
INFO: [IP_Flow 19-1700] Loaded user IP repository 'c:/Users/diepw50/CPRE-488-Labs/MP-1/hw/ip_repo/ppm2_1.0'.
INFO: [IP_Flow 19-1700] Loaded user IP repository 'c:/Users/diepw50/CPRE-488-Labs/MP-1/hw/ip_repo/axi_ppm_1.0'.
INFO: [IP_Flow 19-2313] Loaded Vivado IP repository 'C:/Xilinx/Vivado/2020.1/data/ip'.
update_compile_order -fileset sources_1
update_compile_order -fileset sources_1
update_compile_order -fileset sources_1
ipx::open_ipxact_file C:/Users/diepw50/CPRE-488-Labs/MP-1/hw/ip_repo/axi_ppm4_1.0/component.xml
WARNING: [IP_Flow 19-5226] Project source file 'c:/Users/diepw50/CPRE-488-Labs/MP-1/hw/ip_repo/axi_ppm4_1.0/component.xml' ignored by IP packager.
WARNING: [IP_Flow 19-3898] File Group 'xilinx_vhdlsynthesis (VHDL Synthesis)': File 'c:/Users/diepw50/CPRE-488-Labs/MP-1/hw/ip_repo/axi_ppm4_1.0/hdl/axi_ppm4_v1_0_S00_AXI.vhd' is not found in the project sources. It will be removed from the packaged IP when the sources are merged. If still required, please add this file to the project and re-package.
WARNING: [IP_Flow 19-3898] File Group 'xilinx_vhdlsynthesis (VHDL Synthesis)': File 'c:/Users/diepw50/CPRE-488-Labs/MP-1/hw/ip_repo/axi_ppm4_1.0/hdl/axi_ppm4_v1_0.vhd' is not found in the project sources. It will be removed from the packaged IP when the sources are merged. If still required, please add this file to the project and re-package.
WARNING: [IP_Flow 19-3898] File Group 'xilinx_vhdlbehavioralsimulation (VHDL Simulation)': File 'c:/Users/diepw50/CPRE-488-Labs/MP-1/hw/ip_repo/axi_ppm4_1.0/hdl/axi_ppm4_v1_0_S00_AXI.vhd' is not found in the project sources. It will be removed from the packaged IP when the sources are merged. If still required, please add this file to the project and re-package.
WARNING: [IP_Flow 19-3898] File Group 'xilinx_vhdlbehavioralsimulation (VHDL Simulation)': File 'c:/Users/diepw50/CPRE-488-Labs/MP-1/hw/ip_repo/axi_ppm4_1.0/hdl/axi_ppm4_v1_0.vhd' is not found in the project sources. It will be removed from the packaged IP when the sources are merged. If still required, please add this file to the project and re-package.
ipx::merge_project_changes hdl_parameters [ipx::current_core]
WARNING: [IP_Flow 19-5226] Project source file 'c:/Users/diepw50/CPRE-488-Labs/MP-1/hw/ip_repo/axi_ppm4_1.0/component.xml' ignored by IP packager.
INFO: [IP_Flow 19-3166] Bus Interface 'S00_AXI': References existing memory map 'S00_AXI'.
set_property core_revision 14 [ipx::current_core]
ipx::create_xgui_files [ipx::current_core]
ipx::update_checksums [ipx::current_core]
ipx::save_core [ipx::current_core]
update_ip_catalog -rebuild -repo_path c:/Users/diepw50/CPRE-488-Labs/MP-1/hw/ip_repo/axi_ppm4_1.0
INFO: [IP_Flow 19-725] Reloaded user IP repository 'c:/Users/diepw50/CPRE-488-Labs/MP-1/hw/ip_repo/axi_ppm4_1.0'
launch_simulation
Command: launch_simulation 
INFO: [Vivado 12-5682] Launching behavioral simulation in 'C:/Users/diepw50/CPRE-488-Labs/MP-1/hw/ip_repo/edit_axi_ppm4_v1_0.sim/sim_1/behav/xsim'
INFO: [SIM-utils-51] Simulation object is 'sim_1'
INFO: [SIM-utils-54] Inspecting design source files for 'axi_ppm4_v1_0' in fileset 'sim_1'...
INFO: [USF-XSim-97] Finding global include files...
INFO: [USF-XSim-98] Fetching design files from 'sim_1'...
INFO: [USF-XSim-2] XSim::Compile design
INFO: [USF-XSim-61] Executing 'COMPILE and ANALYZE' step in 'C:/Users/diepw50/CPRE-488-Labs/MP-1/hw/ip_repo/edit_axi_ppm4_v1_0.sim/sim_1/behav/xsim'
"xvhdl --incr --relax -prj axi_ppm4_v1_0_vhdl.prj"
ERROR: [XSIM 43-3268] Logical library name '"../../../../axi_ppm4_1.0/hdl/axi_ppm4_v1_0_S00_AXI.vhd"' should not contain white space, new line, /, \, = or .
ERROR: [XSIM 43-3217] axi_ppm4_v1_0_vhdl.prj (line 2): Incorrect project file syntax. Correct syntax is one of: vhdl <worklib> <file>, verilog <worklib> <file> [<file> ...] [[-d <macro>] ...] [[-i <include>] ...], or NOSORT. Presence of NOSORT on a line of its own disables file order sorting.
INFO: [USF-XSim-69] 'compile' step finished in '1' seconds
INFO: [USF-XSim-99] Step results log file:'C:/Users/diepw50/CPRE-488-Labs/MP-1/hw/ip_repo/edit_axi_ppm4_v1_0.sim/sim_1/behav/xsim/xvhdl.log'
ERROR: [USF-XSim-62] 'compile' step failed with error(s). Please check the Tcl console output or 'C:/Users/diepw50/CPRE-488-Labs/MP-1/hw/ip_repo/edit_axi_ppm4_v1_0.sim/sim_1/behav/xsim/xvhdl.log' file for more information.
ERROR: [Vivado 12-4473] Detected error while running simulation. Please correct the issue and retry this operation.
ERROR: [Common 17-39] 'launch_simulation' failed due to earlier errors.
ipx::merge_project_changes hdl_parameters [ipx::current_core]
WARNING: [IP_Flow 19-5226] Project source file 'c:/Users/diepw50/CPRE-488-Labs/MP-1/hw/ip_repo/axi_ppm4_1.0/component.xml' ignored by IP packager.
INFO: [IP_Flow 19-3166] Bus Interface 'S00_AXI': References existing memory map 'S00_AXI'.
set_property core_revision 15 [ipx::current_core]
ipx::create_xgui_files [ipx::current_core]
ipx::update_checksums [ipx::current_core]
ipx::save_core [ipx::current_core]
update_ip_catalog -rebuild -repo_path c:/Users/diepw50/CPRE-488-Labs/MP-1/hw/ip_repo/axi_ppm4_1.0
INFO: [IP_Flow 19-725] Reloaded user IP repository 'c:/Users/diepw50/CPRE-488-Labs/MP-1/hw/ip_repo/axi_ppm4_1.0'
launch_simulation
Command: launch_simulation 
INFO: [Vivado 12-5682] Launching behavioral simulation in 'C:/Users/diepw50/CPRE-488-Labs/MP-1/hw/ip_repo/edit_axi_ppm4_v1_0.sim/sim_1/behav/xsim'
INFO: [SIM-utils-51] Simulation object is 'sim_1'
INFO: [SIM-utils-54] Inspecting design source files for 'axi_ppm4_v1_0' in fileset 'sim_1'...
INFO: [USF-XSim-97] Finding global include files...
INFO: [USF-XSim-98] Fetching design files from 'sim_1'...
INFO: [USF-XSim-2] XSim::Compile design
INFO: [USF-XSim-61] Executing 'COMPILE and ANALYZE' step in 'C:/Users/diepw50/CPRE-488-Labs/MP-1/hw/ip_repo/edit_axi_ppm4_v1_0.sim/sim_1/behav/xsim'
"xvhdl --incr --relax -prj axi_ppm4_v1_0_vhdl.prj"
ERROR: [XSIM 43-3268] Logical library name '"../../../../axi_ppm4_1.0/hdl/axi_ppm4_v1_0_S00_AXI.vhd"' should not contain white space, new line, /, \, = or .
ERROR: [XSIM 43-3217] axi_ppm4_v1_0_vhdl.prj (line 2): Incorrect project file syntax. Correct syntax is one of: vhdl <worklib> <file>, verilog <worklib> <file> [<file> ...] [[-d <macro>] ...] [[-i <include>] ...], or NOSORT. Presence of NOSORT on a line of its own disables file order sorting.
INFO: [USF-XSim-69] 'compile' step finished in '1' seconds
INFO: [USF-XSim-99] Step results log file:'C:/Users/diepw50/CPRE-488-Labs/MP-1/hw/ip_repo/edit_axi_ppm4_v1_0.sim/sim_1/behav/xsim/xvhdl.log'
ERROR: [USF-XSim-62] 'compile' step failed with error(s). Please check the Tcl console output or 'C:/Users/diepw50/CPRE-488-Labs/MP-1/hw/ip_repo/edit_axi_ppm4_v1_0.sim/sim_1/behav/xsim/xvhdl.log' file for more information.
ERROR: [Vivado 12-4473] Detected error while running simulation. Please correct the issue and retry this operation.
ERROR: [Common 17-39] 'launch_simulation' failed due to earlier errors.
ipx::merge_project_changes files [ipx::current_core]
WARNING: [IP_Flow 19-5226] Project source file 'c:/Users/diepw50/CPRE-488-Labs/MP-1/hw/ip_repo/axi_ppm4_1.0/component.xml' ignored by IP packager.
set_property core_revision 16 [ipx::current_core]
ipx::create_xgui_files [ipx::current_core]
ipx::update_checksums [ipx::current_core]
ipx::save_core [ipx::current_core]
update_ip_catalog -rebuild -repo_path c:/Users/diepw50/CPRE-488-Labs/MP-1/hw/ip_repo/axi_ppm4_1.0
INFO: [IP_Flow 19-725] Reloaded user IP repository 'c:/Users/diepw50/CPRE-488-Labs/MP-1/hw/ip_repo/axi_ppm4_1.0'
launch_simulation
Command: launch_simulation 
INFO: [Vivado 12-5682] Launching behavioral simulation in 'C:/Users/diepw50/CPRE-488-Labs/MP-1/hw/ip_repo/edit_axi_ppm4_v1_0.sim/sim_1/behav/xsim'
INFO: [SIM-utils-51] Simulation object is 'sim_1'
INFO: [SIM-utils-54] Inspecting design source files for 'axi_ppm4_v1_0' in fileset 'sim_1'...
INFO: [USF-XSim-97] Finding global include files...
INFO: [USF-XSim-98] Fetching design files from 'sim_1'...
INFO: [USF-XSim-2] XSim::Compile design
INFO: [USF-XSim-61] Executing 'COMPILE and ANALYZE' step in 'C:/Users/diepw50/CPRE-488-Labs/MP-1/hw/ip_repo/edit_axi_ppm4_v1_0.sim/sim_1/behav/xsim'
"xvhdl --incr --relax -prj axi_ppm4_v1_0_vhdl.prj"
ERROR: [XSIM 43-3268] Logical library name '"../../../../axi_ppm4_1.0/hdl/axi_ppm4_v1_0_S00_AXI.vhd"' should not contain white space, new line, /, \, = or .
ERROR: [XSIM 43-3217] axi_ppm4_v1_0_vhdl.prj (line 2): Incorrect project file syntax. Correct syntax is one of: vhdl <worklib> <file>, verilog <worklib> <file> [<file> ...] [[-d <macro>] ...] [[-i <include>] ...], or NOSORT. Presence of NOSORT on a line of its own disables file order sorting.
INFO: [USF-XSim-69] 'compile' step finished in '1' seconds
INFO: [USF-XSim-99] Step results log file:'C:/Users/diepw50/CPRE-488-Labs/MP-1/hw/ip_repo/edit_axi_ppm4_v1_0.sim/sim_1/behav/xsim/xvhdl.log'
ERROR: [USF-XSim-62] 'compile' step failed with error(s). Please check the Tcl console output or 'C:/Users/diepw50/CPRE-488-Labs/MP-1/hw/ip_repo/edit_axi_ppm4_v1_0.sim/sim_1/behav/xsim/xvhdl.log' file for more information.
ERROR: [Vivado 12-4473] Detected error while running simulation. Please correct the issue and retry this operation.
ERROR: [Common 17-39] 'launch_simulation' failed due to earlier errors.
set_property core_revision 17 [ipx::current_core]
ipx::create_xgui_files [ipx::current_core]
ipx::update_checksums [ipx::current_core]
ipx::save_core [ipx::current_core]
update_ip_catalog -rebuild -repo_path c:/Users/diepw50/CPRE-488-Labs/MP-1/hw/ip_repo/axi_ppm4_1.0
INFO: [IP_Flow 19-725] Reloaded user IP repository 'c:/Users/diepw50/CPRE-488-Labs/MP-1/hw/ip_repo/axi_ppm4_1.0'
launch_simulation
Command: launch_simulation 
INFO: [Vivado 12-5682] Launching behavioral simulation in 'C:/Users/diepw50/CPRE-488-Labs/MP-1/hw/ip_repo/edit_axi_ppm4_v1_0.sim/sim_1/behav/xsim'
INFO: [SIM-utils-51] Simulation object is 'sim_1'
INFO: [SIM-utils-54] Inspecting design source files for 'axi_ppm4_v1_0' in fileset 'sim_1'...
INFO: [USF-XSim-97] Finding global include files...
INFO: [USF-XSim-98] Fetching design files from 'sim_1'...
INFO: [USF-XSim-2] XSim::Compile design
INFO: [USF-XSim-61] Executing 'COMPILE and ANALYZE' step in 'C:/Users/diepw50/CPRE-488-Labs/MP-1/hw/ip_repo/edit_axi_ppm4_v1_0.sim/sim_1/behav/xsim'
"xvhdl --incr --relax -prj axi_ppm4_v1_0_vhdl.prj"
ERROR: [XSIM 43-3268] Logical library name '"../../../../axi_ppm4_1.0/hdl/axi_ppm4_v1_0_S00_AXI.vhd"' should not contain white space, new line, /, \, = or .
ERROR: [XSIM 43-3217] axi_ppm4_v1_0_vhdl.prj (line 2): Incorrect project file syntax. Correct syntax is one of: vhdl <worklib> <file>, verilog <worklib> <file> [<file> ...] [[-d <macro>] ...] [[-i <include>] ...], or NOSORT. Presence of NOSORT on a line of its own disables file order sorting.
INFO: [USF-XSim-69] 'compile' step finished in '1' seconds
INFO: [USF-XSim-99] Step results log file:'C:/Users/diepw50/CPRE-488-Labs/MP-1/hw/ip_repo/edit_axi_ppm4_v1_0.sim/sim_1/behav/xsim/xvhdl.log'
ERROR: [USF-XSim-62] 'compile' step failed with error(s). Please check the Tcl console output or 'C:/Users/diepw50/CPRE-488-Labs/MP-1/hw/ip_repo/edit_axi_ppm4_v1_0.sim/sim_1/behav/xsim/xvhdl.log' file for more information.
ERROR: [Vivado 12-4473] Detected error while running simulation. Please correct the issue and retry this operation.
ERROR: [Common 17-39] 'launch_simulation' failed due to earlier errors.
exit
INFO: [Common 17-206] Exiting Vivado at Fri Feb 20 13:46:08 2026...
