Copyright 1986-2020 Xilinx, Inc. All Rights Reserved.
------------------------------------------------------------------------------------
| Tool Version : Vivado v.2020.1 (win64) Build 2902540 Wed May 27 19:54:49 MDT 2020
| Date         : Fri Feb 20 15:23:00 2026
| Host         : CO2041-07 running 64-bit major release  (build 9200)
| Command      : upgrade_ip
| Device       : xc7z020clg484-1
------------------------------------------------------------------------------------

Upgrade Log for IP 'design_1_axi_ppm4_0_0'

1. Summary
----------

SUCCESS in the upgrade of design_1_axi_ppm4_0_0 (iastate.edu:user:axi_ppm4:1.0) from (Rev. 27) to (Rev. 28)






Copyright 1986-2020 Xilinx, Inc. All Rights Reserved.
------------------------------------------------------------------------------------
| Tool Version : Vivado v.2020.1 (win64) Build 2902540 Wed May 27 19:54:49 MDT 2020
| Date         : Fri Feb 20 15:22:06 2026
| Host         : CO2041-07 running 64-bit major release  (build 9200)
| Command      : upgrade_ip
| Device       : xc7z020clg484-1
------------------------------------------------------------------------------------

Upgrade Log for IP 'design_1_axi_ppm4_0_0'

1. Summary
----------

SUCCESS in the upgrade of design_1_axi_ppm4_0_0 (iastate.edu:user:axi_ppm4:1.0) from (Rev. 17) to (Rev. 27)






Copyright 1986-2020 Xilinx, Inc. All Rights Reserved.
------------------------------------------------------------------------------------
| Tool Version : Vivado v.2020.1 (win64) Build 2902540 Wed May 27 19:54:49 MDT 2020
| Date         : Fri Feb 20 13:47:00 2026
| Host         : CO2041-07 running 64-bit major release  (build 9200)
| Command      : upgrade_ip
| Device       : xc7z020clg484-1
------------------------------------------------------------------------------------

Upgrade Log for IP 'design_1_axi_ppm4_0_0'

1. Summary
----------

CAUTION (success, with warnings) in the upgrade of design_1_axi_ppm4_0_0 (iastate.edu:user:axi_ppm4:1.0) from (Rev. 1) to (Rev. 17)

After upgrade, an IP may have parameter and port differences compared to the original customization. Please review the parameters within the IP customization GUI to ensure proper functionality. Also, please review the updated IP instantiation template to ensure proper connectivity, and update your design if required.

2. Connection Warnings
----------------------

Detected external port differences while upgrading 'design_1_axi_ppm4_0_0'. These changes may impact your design.


-Upgrade has added port 's00_ppm_in'

-Upgrade has added port 's00_ppm_out'


