#-----------------------------------------------------------
# Vivado v2020.1 (64-bit)
# SW Build 2902540 on Wed May 27 19:54:49 MDT 2020
# IP Build 2902112 on Wed May 27 22:43:36 MDT 2020
# Start of session at: Fri Feb 20 20:27:19 2026
# Process ID: 28588
# Current directory: C:/Users/diepw50/CPRE-488-Labs/MP-1/hw/MP-1
# Command line: vivado.exe -gui_launcher_event rodinguilauncherevent20996 C:\Users\diepw50\CPRE-488-Labs\MP-1\hw\MP-1\MP-1.xpr
# Log file: C:/Users/diepw50/CPRE-488-Labs/MP-1/hw/MP-1/vivado.log
# Journal file: C:/Users/diepw50/CPRE-488-Labs/MP-1/hw/MP-1\vivado.jou
#-----------------------------------------------------------
start_gui
open_project C:/Users/diepw50/CPRE-488-Labs/MP-1/hw/MP-1/MP-1.xpr
Scanning sources...
Finished scanning sources
INFO: [IP_Flow 19-234] Refreshing IP repositories
INFO: [IP_Flow 19-1700] Loaded user IP repository 'c:/Users/diepw50/CPRE-488-Labs/MP-1/hw/ip_repo/axi_ppm4_1.0'.
INFO: [IP_Flow 19-1700] Loaded user IP repository 'c:/Users/diepw50/CPRE-488-Labs/MP-1/hw/ip_repo/ppm3_1.0'.
INFO: [IP_Flow 19-1700] Loaded user IP repository 'c:/Users/diepw50/CPRE-488-Labs/MP-1/hw/ip_repo/ppm2_1.0'.
INFO: [IP_Flow 19-1700] Loaded user IP repository 'c:/Users/diepw50/CPRE-488-Labs/MP-1/hw/ip_repo/axi_ppm_1.0'.
INFO: [IP_Flow 19-2313] Loaded Vivado IP repository 'C:/Xilinx/Vivado/2020.1/data/ip'.
open_project: Time (s): cpu = 00:00:10 ; elapsed = 00:00:05 . Memory (MB): peak = 1013.391 ; gain = 0.000
update_compile_order -fileset sources_1
open_hw_manager
connect_hw_server -allow_non_jtag
INFO: [Labtools 27-2285] Connecting to hw_server url TCP:localhost:3121
INFO: [Labtools 27-3415] Connecting to cs_server url TCP:localhost:3042
INFO: [Labtools 27-3414] Connected to existing cs_server.
open_hw_target
INFO: [Labtoolstcl 44-466] Opening hw_target localhost:3121/xilinx_tcf/Digilent/210248B18A36
set_property PROGRAM.FILE {C:/Users/diepw50/CPRE-488-Labs/MP-1/hw/MP-1/MP-1.runs/impl_1/design_1_wrapper.bit} [get_hw_devices xc7z020_1]
set_property PROBES.FILE {C:/Users/diepw50/CPRE-488-Labs/MP-1/hw/MP-1/MP-1.runs/impl_1/design_1_wrapper.ltx} [get_hw_devices xc7z020_1]
set_property FULL_PROBES.FILE {C:/Users/diepw50/CPRE-488-Labs/MP-1/hw/MP-1/MP-1.runs/impl_1/design_1_wrapper.ltx} [get_hw_devices xc7z020_1]
current_hw_device [get_hw_devices xc7z020_1]
refresh_hw_device [lindex [get_hw_devices xc7z020_1] 0]
INFO: [Labtools 27-2302] Device xc7z020 (JTAG device index = 1) is programmed with a design that has 5 ILA core(s).
display_hw_ila_data [ get_hw_ila_data hw_ila_data_1 -of_objects [get_hw_ilas -of_objects [get_hw_devices xc7z020_1] -filter {CELL_NAME=~"design_1_i/ila_0"}]]
display_hw_ila_data [ get_hw_ila_data hw_ila_data_2 -of_objects [get_hw_ilas -of_objects [get_hw_devices xc7z020_1] -filter {CELL_NAME=~"design_1_i/ila_1"}]]
display_hw_ila_data [ get_hw_ila_data hw_ila_data_3 -of_objects [get_hw_ilas -of_objects [get_hw_devices xc7z020_1] -filter {CELL_NAME=~"design_1_i/system_ila_0/U0/ila_lib"}]]
display_hw_ila_data [ get_hw_ila_data hw_ila_data_4 -of_objects [get_hw_ilas -of_objects [get_hw_devices xc7z020_1] -filter {CELL_NAME=~"design_1_i/system_ila_1/U0/ila_lib"}]]
display_hw_ila_data [ get_hw_ila_data hw_ila_data_5 -of_objects [get_hw_ilas -of_objects [get_hw_devices xc7z020_1] -filter {CELL_NAME=~"design_1_i/system_ila_2/U0/ila_lib"}]]
run_hw_ila [get_hw_ilas -of_objects [get_hw_devices xc7z020_1] -filter {CELL_NAME=~"design_1_i/ila_0"}] -trigger_now
INFO: [Labtools 27-1964] The ILA core 'hw_ila_1' trigger was armed at 2026-Feb-20 20:29:20
wait_on_hw_ila [get_hw_ilas -of_objects [get_hw_devices xc7z020_1] -filter {CELL_NAME=~"design_1_i/ila_0"}]
display_hw_ila_data [upload_hw_ila_data [get_hw_ilas -of_objects [get_hw_devices xc7z020_1] -filter {CELL_NAME=~"design_1_i/ila_0"}]]
INFO: [Labtools 27-1966] The ILA core 'hw_ila_1' triggered at 2026-Feb-20 20:29:20
INFO: [Labtools 27-3304] ILA Waveform data saved to file C:/Users/diepw50/CPRE-488-Labs/MP-1/hw/MP-1/MP-1.hw/backup/hw_ila_data_1.ila. Use Tcl command 'read_hw_ila_data' or Vivado File->Import->Import ILA Data menu item to import the previously saved data.
open_bd_design {C:/Users/diepw50/CPRE-488-Labs/MP-1/hw/MP-1/MP-1.srcs/sources_1/bd/design_1/design_1.bd}
Adding component instance block -- xilinx.com:ip:processing_system7:5.5 - processing_system7_0
WARNING: [BD 41-176] The physical port 'S_AXI_GP2_rd_socket' specified in the portmap, is not found on the block! 
WARNING: [BD 41-176] The physical port 'S_AXI_GP2_wr_socket' specified in the portmap, is not found on the block! 
WARNING: [BD 41-176] The physical port 'S_AXI_GP3_rd_socket' specified in the portmap, is not found on the block! 
WARNING: [BD 41-176] The physical port 'S_AXI_GP3_wr_socket' specified in the portmap, is not found on the block! 
Adding component instance block -- xilinx.com:ip:axi_interconnect:2.1 - ps7_0_axi_periph
Adding component instance block -- xilinx.com:ip:axi_protocol_converter:2.1 - auto_pc
Adding component instance block -- xilinx.com:ip:proc_sys_reset:5.0 - rst_ps7_0_100M
Adding component instance block -- xilinx.com:ip:xlconstant:1.1 - constant_high
Adding component instance block -- xilinx.com:ip:xlconstant:1.1 - constant_low
Adding component instance block -- xilinx.com:ip:xlconstant:1.1 - xlconstant_0
Adding component instance block -- xilinx.com:ip:xlconstant:1.1 - xlconstant_1
Adding component instance block -- xilinx.com:ip:xlconstant:1.1 - xlconstant_2
Adding component instance block -- xilinx.com:ip:ila:6.2 - ila_0
INFO: [xilinx.com:ip:ila:6.2-6] /ila_0: Xilinx recommends using the System ILA IP in IP Integrator. The System ILA IP is functionally equivalent to an ILA and offers additional benefits in debugging interfaces both within IP Integrator and the Hardware Manager. Consult the Programming and Debug User Guide UG908 for further details.
Adding component instance block -- xilinx.com:ip:xlslice:1.0 - xlslice_0
Adding component instance block -- xilinx.com:ip:ila:6.2 - ila_1
INFO: [xilinx.com:ip:ila:6.2-6] /ila_1: Xilinx recommends using the System ILA IP in IP Integrator. The System ILA IP is functionally equivalent to an ILA and offers additional benefits in debugging interfaces both within IP Integrator and the Hardware Manager. Consult the Programming and Debug User Guide UG908 for further details.
Adding component instance block -- xilinx.com:ip:xlslice:1.0 - xlslice_1
Adding component instance block -- xilinx.com:ip:system_ila:1.1 - system_ila_0
Adding component instance block -- xilinx.com:ip:system_ila:1.1 - system_ila_1
Adding component instance block -- xilinx.com:ip:system_ila:1.1 - system_ila_2
Adding component instance block -- iastate.edu:user:axi_ppm4:1.0 - axi_ppm4_0
Successfully read diagram <design_1> from BD file <C:/Users/diepw50/CPRE-488-Labs/MP-1/hw/MP-1/MP-1.srcs/sources_1/bd/design_1/design_1.bd>
set_property pfm_name {} [get_files -all {C:/Users/diepw50/CPRE-488-Labs/MP-1/hw/MP-1/MP-1.srcs/sources_1/bd/design_1/design_1.bd}]
write_hw_platform -fixed -include_bit -force -file C:/Users/diepw50/CPRE-488-Labs/MP-1/hw/MP-1/design_1_wrapper.xsa
INFO: [Vivado 12-4895] Creating Hardware Platform: C:/Users/diepw50/CPRE-488-Labs/MP-1/hw/MP-1/design_1_wrapper.xsa ...
INFO: [Hsi 55-2053] elapsed time for repository (C:/Xilinx/Vivado/2020.1/data\embeddedsw) loading 0 seconds
INFO: [Vivado 12-4896] Successfully created Hardware Platform: C:/Users/diepw50/CPRE-488-Labs/MP-1/hw/MP-1/design_1_wrapper.xsa
write_hw_platform: Time (s): cpu = 00:00:13 ; elapsed = 00:00:13 . Memory (MB): peak = 2533.641 ; gain = 126.066
run_hw_ila [get_hw_ilas -of_objects [get_hw_devices xc7z020_1] -filter {CELL_NAME=~"design_1_i/system_ila_0/U0/ila_lib"}] -trigger_now
INFO: [Labtools 27-1964] The ILA core 'hw_ila_3' trigger was armed at 2026-Feb-20 20:31:05
wait_on_hw_ila [get_hw_ilas -of_objects [get_hw_devices xc7z020_1] -filter {CELL_NAME=~"design_1_i/system_ila_0/U0/ila_lib"}]
display_hw_ila_data [upload_hw_ila_data [get_hw_ilas -of_objects [get_hw_devices xc7z020_1] -filter {CELL_NAME=~"design_1_i/system_ila_0/U0/ila_lib"}]]
INFO: [Labtools 27-1966] The ILA core 'hw_ila_3' triggered at 2026-Feb-20 20:31:05
INFO: [Labtools 27-3304] ILA Waveform data saved to file C:/Users/diepw50/CPRE-488-Labs/MP-1/hw/MP-1/MP-1.hw/backup/hw_ila_data_3.ila. Use Tcl command 'read_hw_ila_data' or Vivado File->Import->Import ILA Data menu item to import the previously saved data.
run_hw_ila [get_hw_ilas -of_objects [get_hw_devices xc7z020_1] -filter {CELL_NAME=~"design_1_i/system_ila_1/U0/ila_lib"}]
INFO: [Labtools 27-1964] The ILA core 'hw_ila_4' trigger was armed at 2026-Feb-20 20:31:13
wait_on_hw_ila [get_hw_ilas -of_objects [get_hw_devices xc7z020_1] -filter {CELL_NAME=~"design_1_i/system_ila_1/U0/ila_lib"}]
display_hw_ila_data [upload_hw_ila_data [get_hw_ilas -of_objects [get_hw_devices xc7z020_1] -filter {CELL_NAME=~"design_1_i/system_ila_1/U0/ila_lib"}]]
INFO: [Labtools 27-1966] The ILA core 'hw_ila_4' triggered at 2026-Feb-20 20:31:13
INFO: [Labtools 27-3304] ILA Waveform data saved to file C:/Users/diepw50/CPRE-488-Labs/MP-1/hw/MP-1/MP-1.hw/backup/hw_ila_data_4.ila. Use Tcl command 'read_hw_ila_data' or Vivado File->Import->Import ILA Data menu item to import the previously saved data.
run_hw_ila [get_hw_ilas -of_objects [get_hw_devices xc7z020_1] -filter {CELL_NAME=~"design_1_i/system_ila_2/U0/ila_lib"}]
INFO: [Labtools 27-1964] The ILA core 'hw_ila_5' trigger was armed at 2026-Feb-20 20:31:20
open_bd_design {C:/Users/diepw50/CPRE-488-Labs/MP-1/hw/MP-1/MP-1.srcs/sources_1/bd/design_1/design_1.bd}
run_hw_ila [get_hw_ilas -of_objects [get_hw_devices xc7z020_1] -filter {CELL_NAME=~"design_1_i/system_ila_0/U0/ila_lib"}] -trigger_now
INFO: [Labtools 27-1964] The ILA core 'hw_ila_3' trigger was armed at 2026-Feb-20 20:32:03
wait_on_hw_ila [get_hw_ilas -of_objects [get_hw_devices xc7z020_1] -filter {CELL_NAME=~"design_1_i/system_ila_0/U0/ila_lib"}]
display_hw_ila_data [upload_hw_ila_data [get_hw_ilas -of_objects [get_hw_devices xc7z020_1] -filter {CELL_NAME=~"design_1_i/system_ila_0/U0/ila_lib"}]]
INFO: [Labtools 27-1966] The ILA core 'hw_ila_3' triggered at 2026-Feb-20 20:32:03
INFO: [Labtools 27-3304] ILA Waveform data saved to file C:/Users/diepw50/CPRE-488-Labs/MP-1/hw/MP-1/MP-1.hw/backup/hw_ila_data_3.ila. Use Tcl command 'read_hw_ila_data' or Vivado File->Import->Import ILA Data menu item to import the previously saved data.
run_hw_ila [get_hw_ilas -of_objects [get_hw_devices xc7z020_1] -filter {CELL_NAME=~"design_1_i/system_ila_0/U0/ila_lib"}]
INFO: [Labtools 27-1964] The ILA core 'hw_ila_3' trigger was armed at 2026-Feb-20 20:32:17
wait_on_hw_ila -timeout 0 [get_hw_ilas -of_objects [get_hw_devices xc7z020_1] -filter {CELL_NAME=~"design_1_i/system_ila_0/U0/ila_lib"}]
upload_hw_ila_data [get_hw_ilas -of_objects [get_hw_devices xc7z020_1] -filter {CELL_NAME=~"design_1_i/system_ila_0/U0/ila_lib"}]
INFO: [Labtools 27-1965] The ILA core 'hw_ila_3' trigger was stopped by user at 2026-Feb-20 20:32:22
WARNING: [Labtools 27-157] hw_ila [hw_ila_3] stopped. No data to upload.
run_hw_ila [get_hw_ilas -of_objects [get_hw_devices xc7z020_1] -filter {CELL_NAME=~"design_1_i/system_ila_0/U0/ila_lib"}] -trigger_now
INFO: [Labtools 27-1964] The ILA core 'hw_ila_3' trigger was armed at 2026-Feb-20 20:32:22
wait_on_hw_ila [get_hw_ilas -of_objects [get_hw_devices xc7z020_1] -filter {CELL_NAME=~"design_1_i/system_ila_0/U0/ila_lib"}]
display_hw_ila_data [upload_hw_ila_data [get_hw_ilas -of_objects [get_hw_devices xc7z020_1] -filter {CELL_NAME=~"design_1_i/system_ila_0/U0/ila_lib"}]]
INFO: [Labtools 27-1966] The ILA core 'hw_ila_3' triggered at 2026-Feb-20 20:32:22
INFO: [Labtools 27-3304] ILA Waveform data saved to file C:/Users/diepw50/CPRE-488-Labs/MP-1/hw/MP-1/MP-1.hw/backup/hw_ila_data_3.ila. Use Tcl command 'read_hw_ila_data' or Vivado File->Import->Import ILA Data menu item to import the previously saved data.
run_hw_ila [get_hw_ilas -of_objects [get_hw_devices xc7z020_1] -filter {CELL_NAME=~"design_1_i/system_ila_0/U0/ila_lib"}] -trigger_now
INFO: [Labtools 27-1964] The ILA core 'hw_ila_3' trigger was armed at 2026-Feb-20 20:32:51
wait_on_hw_ila [get_hw_ilas -of_objects [get_hw_devices xc7z020_1] -filter {CELL_NAME=~"design_1_i/system_ila_0/U0/ila_lib"}]
display_hw_ila_data [upload_hw_ila_data [get_hw_ilas -of_objects [get_hw_devices xc7z020_1] -filter {CELL_NAME=~"design_1_i/system_ila_0/U0/ila_lib"}]]
INFO: [Labtools 27-1966] The ILA core 'hw_ila_3' triggered at 2026-Feb-20 20:32:51
INFO: [Labtools 27-3304] ILA Waveform data saved to file C:/Users/diepw50/CPRE-488-Labs/MP-1/hw/MP-1/MP-1.hw/backup/hw_ila_data_3.ila. Use Tcl command 'read_hw_ila_data' or Vivado File->Import->Import ILA Data menu item to import the previously saved data.
save_wave_config {C:/Users/diepw50/CPRE-488-Labs/MP-1/hw/MP-1/MP-1.hw/hw_1/wave/hw_ila_data_3/hw_ila_data_3.wcfg}
save_wave_config {C:/Users/diepw50/CPRE-488-Labs/MP-1/hw/MP-1/MP-1.hw/hw_1/wave/hw_ila_data_2/hw_ila_data_2.wcfg}
save_wave_config {C:/Users/diepw50/CPRE-488-Labs/MP-1/hw/MP-1/MP-1.hw/hw_1/wave/hw_ila_data_5/hw_ila_data_5.wcfg}
save_wave_config {C:/Users/diepw50/CPRE-488-Labs/MP-1/hw/MP-1/MP-1.hw/hw_1/wave/hw_ila_data_1/hw_ila_data_1.wcfg}
save_wave_config {C:/Users/diepw50/CPRE-488-Labs/MP-1/hw/MP-1/MP-1.hw/hw_1/wave/hw_ila_data_4/hw_ila_data_4.wcfg}
exit
INFO: [Common 17-206] Exiting Vivado at Fri Feb 20 20:34:34 2026...
