#-----------------------------------------------------------
# Vivado v2020.1 (64-bit)
# SW Build 2902540 on Wed May 27 19:54:49 MDT 2020
# IP Build 2902112 on Wed May 27 22:43:36 MDT 2020
# Start of session at: Thu Feb 19 17:02:17 2026
# Process ID: 18636
# Current directory: C:/Users/diepw50/CPRE-488-Labs/MP-1/hw/MP-1
# Command line: vivado.exe -gui_launcher_event rodinguilauncherevent16688 C:\Users\diepw50\CPRE-488-Labs\MP-1\hw\MP-1\MP-1.xpr
# Log file: C:/Users/diepw50/CPRE-488-Labs/MP-1/hw/MP-1/vivado.log
# Journal file: C:/Users/diepw50/CPRE-488-Labs/MP-1/hw/MP-1\vivado.jou
#-----------------------------------------------------------
start_gui
open_project C:/Users/diepw50/CPRE-488-Labs/MP-1/hw/MP-1/MP-1.xpr
Scanning sources...
Finished scanning sources
INFO: [IP_Flow 19-234] Refreshing IP repositories
INFO: [IP_Flow 19-1700] Loaded user IP repository 'c:/Users/diepw50/CPRE-488-Labs/MP-1/hw/ip_repo/axi_ppm4_1.0'.
INFO: [IP_Flow 19-1700] Loaded user IP repository 'c:/Users/diepw50/CPRE-488-Labs/MP-1/hw/ip_repo/ppm3_1.0'.
INFO: [IP_Flow 19-1700] Loaded user IP repository 'c:/Users/diepw50/CPRE-488-Labs/MP-1/hw/ip_repo/ppm2_1.0'.
INFO: [IP_Flow 19-1700] Loaded user IP repository 'c:/Users/diepw50/CPRE-488-Labs/MP-1/hw/ip_repo/axi_ppm_1.0'.
INFO: [IP_Flow 19-2313] Loaded Vivado IP repository 'C:/Xilinx/Vivado/2020.1/data/ip'.
update_compile_order -fileset sources_1
file mkdir C:/Users/diepw50/CPRE-488-Labs/MP-1/hw/MP-1/MP-1.srcs/sim_1/new
set_property SOURCE_SET sources_1 [get_filesets sim_1]
close [ open C:/Users/diepw50/CPRE-488-Labs/MP-1/hw/MP-1/MP-1.srcs/sim_1/new/tb_ppm_4.vhd w ]
add_files -fileset sim_1 C:/Users/diepw50/CPRE-488-Labs/MP-1/hw/MP-1/MP-1.srcs/sim_1/new/tb_ppm_4.vhd
update_compile_order -fileset sim_1
set_property top tb_ppm_4 [get_filesets sim_1]
set_property top_lib xil_defaultlib [get_filesets sim_1]
update_compile_order -fileset sim_1
launch_simulation
Command: launch_simulation 
INFO: [Vivado 12-5698] Checking validity of IPs in the design for the 'XSim' simulator...
WARNING: [BD 41-176] The physical port 'S_AXI_GP2_rd_socket' specified in the portmap, is not found on the block! 
WARNING: [BD 41-176] The physical port 'S_AXI_GP2_wr_socket' specified in the portmap, is not found on the block! 
WARNING: [BD 41-176] The physical port 'S_AXI_GP3_rd_socket' specified in the portmap, is not found on the block! 
WARNING: [BD 41-176] The physical port 'S_AXI_GP3_wr_socket' specified in the portmap, is not found on the block! 
INFO: [Vivado 12-5682] Launching behavioral simulation in 'C:/Users/diepw50/CPRE-488-Labs/MP-1/hw/MP-1/MP-1.sim/sim_1/behav/xsim'
INFO: [Vivado 12-4795] Using compiled simulation libraries for IPs
INFO: [SIM-utils-51] Simulation object is 'sim_1'
INFO: [USF-XSim-7] Finding pre-compiled libraries...
INFO: [USF-XSim-11] File 'C:/Xilinx/Vivado/2020.1/data/xsim/xsim.ini' copied to run dir:'C:/Users/diepw50/CPRE-488-Labs/MP-1/hw/MP-1/MP-1.sim/sim_1/behav/xsim'
INFO: [SIM-utils-54] Inspecting design source files for 'tb_ppm_4' in fileset 'sim_1'...
INFO: [USF-XSim-97] Finding global include files...
INFO: [USF-XSim-98] Fetching design files from 'sim_1'...
INFO: [USF-XSim-2] XSim::Compile design
INFO: [USF-XSim-61] Executing 'COMPILE and ANALYZE' step in 'C:/Users/diepw50/CPRE-488-Labs/MP-1/hw/MP-1/MP-1.sim/sim_1/behav/xsim'
"xvlog --incr --relax -L axi_vip_v1_1_7 -L processing_system7_vip_v1_0_9 -L xilinx_vip -prj tb_ppm_4_vlog.prj"
"xvhdl --incr --relax -prj tb_ppm_4_vhdl.prj"
INFO: [VRFC 10-163] Analyzing VHDL file "C:/Users/diepw50/CPRE-488-Labs/MP-1/hw/MP-1/MP-1.srcs/sim_1/new/tb_ppm_4.vhd" into library xil_defaultlib
INFO: [VRFC 10-3107] analyzing entity 'tb_ppm_4'
INFO: [USF-XSim-69] 'compile' step finished in '2' seconds
INFO: [USF-XSim-3] XSim::Elaborate design
INFO: [USF-XSim-61] Executing 'ELABORATE' step in 'C:/Users/diepw50/CPRE-488-Labs/MP-1/hw/MP-1/MP-1.sim/sim_1/behav/xsim'
"xelab -wto ce588711bd754d688e9e0fc92b76c3a5 --incr --debug typical --relax --mt 2 -L xil_defaultlib -L xilinx_vip -L unisims_ver -L unimacro_ver -L secureip -L xpm --snapshot tb_ppm_4_behav xil_defaultlib.tb_ppm_4 xil_defaultlib.glbl -log elaborate.log"
Vivado Simulator 2020.1
Copyright 1986-1999, 2001-2020 Xilinx, Inc. All Rights Reserved.
Running: C:/Xilinx/Vivado/2020.1/bin/unwrapped/win64.o/xelab.exe -wto ce588711bd754d688e9e0fc92b76c3a5 --incr --debug typical --relax --mt 2 -L xil_defaultlib -L xilinx_vip -L unisims_ver -L unimacro_ver -L secureip -L xpm --snapshot tb_ppm_4_behav xil_defaultlib.tb_ppm_4 xil_defaultlib.glbl -log elaborate.log 
Using 2 slave threads.
Starting static elaboration
Pass Through NonSizing Optimizer
WARNING: [VRFC 10-4940] 'axi_ppm4_v1_0' remains a black box since it has no binding entity [C:/Users/diepw50/CPRE-488-Labs/MP-1/hw/MP-1/MP-1.srcs/sim_1/new/tb_ppm_4.vhd:103]
Completed static elaboration
Starting simulation data flow analysis
Completed simulation data flow analysis
Time Resolution for simulation is 1ps
Compiling package std.standard
Compiling package std.textio
Compiling package ieee.std_logic_1164
Compiling module xil_defaultlib.glbl
Compiling architecture behavioral of entity xil_defaultlib.tb_ppm_4
Built simulation snapshot tb_ppm_4_behav

****** Webtalk v2020.1 (64-bit)
  **** SW Build 2902540 on Wed May 27 19:54:49 MDT 2020
  **** IP Build 2902112 on Wed May 27 22:43:36 MDT 2020
    ** Copyright 1986-2020 Xilinx, Inc. All Rights Reserved.

source C:/Users/diepw50/CPRE-488-Labs/MP-1/hw/MP-1/MP-1.sim/sim_1/behav/xsim/xsim.dir/tb_ppm_4_behav/webtalk/xsim_webtalk.tcl -notrace
INFO: [Common 17-206] Exiting Webtalk at Thu Feb 19 17:34:35 2026...
INFO: [USF-XSim-69] 'elaborate' step finished in '1' seconds
INFO: [USF-XSim-4] XSim::Simulate design
INFO: [USF-XSim-61] Executing 'SIMULATE' step in 'C:/Users/diepw50/CPRE-488-Labs/MP-1/hw/MP-1/MP-1.sim/sim_1/behav/xsim'
INFO: [USF-XSim-98] *** Running xsim
   with args "tb_ppm_4_behav -key {Behavioral:sim_1:Functional:tb_ppm_4} -tclbatch {tb_ppm_4.tcl} -protoinst "protoinst_files/bd_f60c.protoinst" -protoinst "protoinst_files/design_1.protoinst" -log {simulate.log}"
INFO: [USF-XSim-8] Loading simulator feature
Vivado Simulator 2020.1
INFO: [Wavedata 42-565] Reading protoinst file protoinst_files/bd_f60c.protoinst
WARNING: [Wavedata 42-558] Couldn't load one or more protocol instances from protoinst file protoinst_files/bd_f60c.protoinst for the following reason(s):
There are no instances of module "bd_f60c" in the design.

INFO: [Wavedata 42-565] Reading protoinst file protoinst_files/design_1.protoinst
WARNING: [Wavedata 42-558] Couldn't load one or more protocol instances from protoinst file protoinst_files/design_1.protoinst for the following reason(s):
There are no instances of module "design_1" in the design.

Time resolution is 1 ps
source tb_ppm_4.tcl
# set curr_wave [current_wave_config]
# if { [string length $curr_wave] == 0 } {
#   if { [llength [get_objects]] > 0} {
#     add_wave /
#     set_property needs_save false [current_wave_config]
#   } else {
#      send_msg_id Add_Wave-1 WARNING "No top level signals found. Simulator will start without a wave window. If you want to open a wave window go to 'File->New Waveform Configuration' or type 'create_wave_config' in the TCL console."
#   }
# }
# run 1000ns
INFO: [USF-XSim-96] XSim completed. Design snapshot 'tb_ppm_4_behav' loaded.
INFO: [USF-XSim-97] XSim simulation ran for 1000ns
launch_simulation: Time (s): cpu = 00:00:04 ; elapsed = 00:00:08 . Memory (MB): peak = 1235.996 ; gain = 0.000
run 36 us
run 36 us
run all
INFO: [Common 17-41] Interrupt caught. Command should exit soon.
run: Time (s): cpu = 00:00:07 ; elapsed = 00:00:08 . Memory (MB): peak = 1235.996 ; gain = 0.000
INFO: [Common 17-344] 'run' was cancelled
open_bd_design {C:/Users/diepw50/CPRE-488-Labs/MP-1/hw/MP-1/MP-1.srcs/sources_1/bd/design_1/design_1.bd}
Adding component instance block -- xilinx.com:ip:processing_system7:5.5 - processing_system7_0
WARNING: [BD 41-176] The physical port 'S_AXI_GP2_rd_socket' specified in the portmap, is not found on the block! 
WARNING: [BD 41-176] The physical port 'S_AXI_GP2_wr_socket' specified in the portmap, is not found on the block! 
WARNING: [BD 41-176] The physical port 'S_AXI_GP3_rd_socket' specified in the portmap, is not found on the block! 
WARNING: [BD 41-176] The physical port 'S_AXI_GP3_wr_socket' specified in the portmap, is not found on the block! 
Adding component instance block -- xilinx.com:ip:axi_interconnect:2.1 - ps7_0_axi_periph
Adding component instance block -- xilinx.com:ip:axi_protocol_converter:2.1 - auto_pc
Adding component instance block -- xilinx.com:ip:proc_sys_reset:5.0 - rst_ps7_0_100M
Adding component instance block -- xilinx.com:ip:system_ila:1.1 - system_ila_0
Adding component instance block -- iastate.edu:user:ppm3:1.0 - ppm3_0
Successfully read diagram <design_1> from BD file <C:/Users/diepw50/CPRE-488-Labs/MP-1/hw/MP-1/MP-1.srcs/sources_1/bd/design_1/design_1.bd>
delete_bd_objs [get_bd_intf_nets ps7_0_axi_periph_M00_AXI] [get_bd_cells ppm3_0]
startgroup
create_bd_cell -type ip -vlnv iastate.edu:user:axi_ppm4:1.0 axi_ppm4_0
endgroup
apply_bd_automation -rule xilinx.com:bd_rule:axi4 -config { Clk_master {/processing_system7_0/FCLK_CLK0 (100 MHz)} Clk_slave {Auto} Clk_xbar {/processing_system7_0/FCLK_CLK0 (100 MHz)} Master {/processing_system7_0/M_AXI_GP0} Slave {/axi_ppm4_0/S00_AXI} ddr_seg {Auto} intc_ip {/ps7_0_axi_periph} master_apm {0}}  [get_bd_intf_pins axi_ppm4_0/S00_AXI]
Slave segment '/axi_ppm4_0/S00_AXI/S00_AXI_reg' is being assigned into address space '/processing_system7_0/Data' at <0x43C0_0000 [ 64K ]>.
close_sim
INFO: [Simtcl 6-16] Simulation closed
save_bd_design
Wrote  : <C:\Users\diepw50\CPRE-488-Labs\MP-1\hw\MP-1\MP-1.srcs\sources_1\bd\design_1\design_1.bd> 
Wrote  : <C:/Users/diepw50/CPRE-488-Labs/MP-1/hw/MP-1/MP-1.srcs/sources_1/bd/design_1/ui/bd_1f5defd0.ui> 
launch_simulation
Command: launch_simulation 
INFO: [Vivado 12-5698] Checking validity of IPs in the design for the 'XSim' simulator...
INFO: [Vivado 12-5682] Launching behavioral simulation in 'C:/Users/diepw50/CPRE-488-Labs/MP-1/hw/MP-1/MP-1.sim/sim_1/behav/xsim'
INFO: [Vivado 12-4795] Using compiled simulation libraries for IPs
INFO: [SIM-utils-51] Simulation object is 'sim_1'
INFO: [USF-XSim-7] Finding pre-compiled libraries...
INFO: [USF-XSim-11] File 'C:/Xilinx/Vivado/2020.1/data/xsim/xsim.ini' copied to run dir:'C:/Users/diepw50/CPRE-488-Labs/MP-1/hw/MP-1/MP-1.sim/sim_1/behav/xsim'
INFO: [SIM-utils-54] Inspecting design source files for 'tb_ppm_4' in fileset 'sim_1'...
WARNING: [SIM-utils-52] IP component XML file does not exist: 'c:/Users/diepw50/CPRE-488-Labs/MP-1/hw/MP-1/MP-1.srcs/sources_1/bd/design_1/ip/design_1_ppm3_0_2/design_1_ppm3_0_2.xml'
INFO: [USF-XSim-97] Finding global include files...
INFO: [USF-XSim-98] Fetching design files from 'sim_1'...
INFO: [USF-XSim-2] XSim::Compile design
INFO: [USF-XSim-61] Executing 'COMPILE and ANALYZE' step in 'C:/Users/diepw50/CPRE-488-Labs/MP-1/hw/MP-1/MP-1.sim/sim_1/behav/xsim'
"xvlog --incr --relax -L axi_vip_v1_1_7 -L processing_system7_vip_v1_0_9 -L xilinx_vip -prj tb_ppm_4_vlog.prj"
"xvhdl --incr --relax -prj tb_ppm_4_vhdl.prj"
INFO: [USF-XSim-69] 'compile' step finished in '1' seconds
INFO: [USF-XSim-3] XSim::Elaborate design
INFO: [USF-XSim-61] Executing 'ELABORATE' step in 'C:/Users/diepw50/CPRE-488-Labs/MP-1/hw/MP-1/MP-1.sim/sim_1/behav/xsim'
"xelab -wto ce588711bd754d688e9e0fc92b76c3a5 --incr --debug typical --relax --mt 2 -L xil_defaultlib -L xilinx_vip -L unisims_ver -L unimacro_ver -L secureip -L xpm --snapshot tb_ppm_4_behav xil_defaultlib.tb_ppm_4 xil_defaultlib.glbl -log elaborate.log"
Vivado Simulator 2020.1
Copyright 1986-1999, 2001-2020 Xilinx, Inc. All Rights Reserved.
Running: C:/Xilinx/Vivado/2020.1/bin/unwrapped/win64.o/xelab.exe -wto ce588711bd754d688e9e0fc92b76c3a5 --incr --debug typical --relax --mt 2 -L xil_defaultlib -L xilinx_vip -L unisims_ver -L unimacro_ver -L secureip -L xpm --snapshot tb_ppm_4_behav xil_defaultlib.tb_ppm_4 xil_defaultlib.glbl -log elaborate.log 
Using 2 slave threads.
Starting static elaboration
Pass Through NonSizing Optimizer
WARNING: [VRFC 10-4940] 'axi_ppm4_v1_0' remains a black box since it has no binding entity [C:/Users/diepw50/CPRE-488-Labs/MP-1/hw/MP-1/MP-1.srcs/sim_1/new/tb_ppm_4.vhd:103]
Completed static elaboration
INFO: [XSIM 43-4323] No Change in HDL. Linking previously generated obj files to create kernel
INFO: [USF-XSim-69] 'elaborate' step finished in '1' seconds
INFO: [USF-XSim-4] XSim::Simulate design
INFO: [USF-XSim-61] Executing 'SIMULATE' step in 'C:/Users/diepw50/CPRE-488-Labs/MP-1/hw/MP-1/MP-1.sim/sim_1/behav/xsim'
INFO: [USF-XSim-98] *** Running xsim
   with args "tb_ppm_4_behav -key {Behavioral:sim_1:Functional:tb_ppm_4} -tclbatch {tb_ppm_4.tcl} -protoinst "protoinst_files/bd_f60c.protoinst" -protoinst "protoinst_files/design_1.protoinst" -log {simulate.log}"
INFO: [USF-XSim-8] Loading simulator feature
Vivado Simulator 2020.1
INFO: [Wavedata 42-565] Reading protoinst file protoinst_files/bd_f60c.protoinst
WARNING: [Wavedata 42-558] Couldn't load one or more protocol instances from protoinst file protoinst_files/bd_f60c.protoinst for the following reason(s):
There are no instances of module "bd_f60c" in the design.

INFO: [Wavedata 42-565] Reading protoinst file protoinst_files/design_1.protoinst
WARNING: [Wavedata 42-558] Couldn't load one or more protocol instances from protoinst file protoinst_files/design_1.protoinst for the following reason(s):
There are no instances of module "design_1" in the design.

Time resolution is 1 ps
source tb_ppm_4.tcl
# set curr_wave [current_wave_config]
# if { [string length $curr_wave] == 0 } {
#   if { [llength [get_objects]] > 0} {
#     add_wave /
#     set_property needs_save false [current_wave_config]
#   } else {
#      send_msg_id Add_Wave-1 WARNING "No top level signals found. Simulator will start without a wave window. If you want to open a wave window go to 'File->New Waveform Configuration' or type 'create_wave_config' in the TCL console."
#   }
# }
# run 1000ns
INFO: [USF-XSim-96] XSim completed. Design snapshot 'tb_ppm_4_behav' loaded.
INFO: [USF-XSim-97] XSim simulation ran for 1000ns
launch_simulation: Time (s): cpu = 00:00:02 ; elapsed = 00:00:06 . Memory (MB): peak = 1235.996 ; gain = 0.000
open_bd_design {C:/Users/diepw50/CPRE-488-Labs/MP-1/hw/MP-1/MP-1.srcs/sources_1/bd/design_1/design_1.bd}
close_sim
INFO: [Simtcl 6-16] Simulation closed
launch_simulation
Command: launch_simulation 
INFO: [Vivado 12-5698] Checking validity of IPs in the design for the 'XSim' simulator...
INFO: [Vivado 12-5682] Launching behavioral simulation in 'C:/Users/diepw50/CPRE-488-Labs/MP-1/hw/MP-1/MP-1.sim/sim_1/behav/xsim'
INFO: [Vivado 12-4795] Using compiled simulation libraries for IPs
INFO: [SIM-utils-51] Simulation object is 'sim_1'
INFO: [USF-XSim-7] Finding pre-compiled libraries...
INFO: [USF-XSim-11] File 'C:/Xilinx/Vivado/2020.1/data/xsim/xsim.ini' copied to run dir:'C:/Users/diepw50/CPRE-488-Labs/MP-1/hw/MP-1/MP-1.sim/sim_1/behav/xsim'
INFO: [SIM-utils-54] Inspecting design source files for 'tb_ppm_4' in fileset 'sim_1'...
WARNING: [SIM-utils-52] IP component XML file does not exist: 'c:/Users/diepw50/CPRE-488-Labs/MP-1/hw/MP-1/MP-1.srcs/sources_1/bd/design_1/ip/design_1_ppm3_0_2/design_1_ppm3_0_2.xml'
INFO: [USF-XSim-97] Finding global include files...
INFO: [USF-XSim-98] Fetching design files from 'sim_1'...
INFO: [USF-XSim-2] XSim::Compile design
INFO: [USF-XSim-61] Executing 'COMPILE and ANALYZE' step in 'C:/Users/diepw50/CPRE-488-Labs/MP-1/hw/MP-1/MP-1.sim/sim_1/behav/xsim'
"xvlog --incr --relax -L axi_vip_v1_1_7 -L processing_system7_vip_v1_0_9 -L xilinx_vip -prj tb_ppm_4_vlog.prj"
"xvhdl --incr --relax -prj tb_ppm_4_vhdl.prj"
INFO: [USF-XSim-69] 'compile' step finished in '1' seconds
INFO: [USF-XSim-3] XSim::Elaborate design
INFO: [USF-XSim-61] Executing 'ELABORATE' step in 'C:/Users/diepw50/CPRE-488-Labs/MP-1/hw/MP-1/MP-1.sim/sim_1/behav/xsim'
"xelab -wto ce588711bd754d688e9e0fc92b76c3a5 --incr --debug typical --relax --mt 2 -L xil_defaultlib -L xilinx_vip -L unisims_ver -L unimacro_ver -L secureip -L xpm --snapshot tb_ppm_4_behav xil_defaultlib.tb_ppm_4 xil_defaultlib.glbl -log elaborate.log"
Vivado Simulator 2020.1
Copyright 1986-1999, 2001-2020 Xilinx, Inc. All Rights Reserved.
Running: C:/Xilinx/Vivado/2020.1/bin/unwrapped/win64.o/xelab.exe -wto ce588711bd754d688e9e0fc92b76c3a5 --incr --debug typical --relax --mt 2 -L xil_defaultlib -L xilinx_vip -L unisims_ver -L unimacro_ver -L secureip -L xpm --snapshot tb_ppm_4_behav xil_defaultlib.tb_ppm_4 xil_defaultlib.glbl -log elaborate.log 
Using 2 slave threads.
Starting static elaboration
Pass Through NonSizing Optimizer
WARNING: [VRFC 10-4940] 'axi_ppm4_v1_0' remains a black box since it has no binding entity [C:/Users/diepw50/CPRE-488-Labs/MP-1/hw/MP-1/MP-1.srcs/sim_1/new/tb_ppm_4.vhd:103]
Completed static elaboration
INFO: [XSIM 43-4323] No Change in HDL. Linking previously generated obj files to create kernel
INFO: [USF-XSim-69] 'elaborate' step finished in '1' seconds
INFO: [USF-XSim-4] XSim::Simulate design
INFO: [USF-XSim-61] Executing 'SIMULATE' step in 'C:/Users/diepw50/CPRE-488-Labs/MP-1/hw/MP-1/MP-1.sim/sim_1/behav/xsim'
INFO: [USF-XSim-98] *** Running xsim
   with args "tb_ppm_4_behav -key {Behavioral:sim_1:Functional:tb_ppm_4} -tclbatch {tb_ppm_4.tcl} -protoinst "protoinst_files/bd_f60c.protoinst" -protoinst "protoinst_files/design_1.protoinst" -log {simulate.log}"
INFO: [USF-XSim-8] Loading simulator feature
Vivado Simulator 2020.1
INFO: [Wavedata 42-565] Reading protoinst file protoinst_files/bd_f60c.protoinst
WARNING: [Wavedata 42-558] Couldn't load one or more protocol instances from protoinst file protoinst_files/bd_f60c.protoinst for the following reason(s):
There are no instances of module "bd_f60c" in the design.

INFO: [Wavedata 42-565] Reading protoinst file protoinst_files/design_1.protoinst
WARNING: [Wavedata 42-558] Couldn't load one or more protocol instances from protoinst file protoinst_files/design_1.protoinst for the following reason(s):
There are no instances of module "design_1" in the design.

Time resolution is 1 ps
source tb_ppm_4.tcl
# set curr_wave [current_wave_config]
# if { [string length $curr_wave] == 0 } {
#   if { [llength [get_objects]] > 0} {
#     add_wave /
#     set_property needs_save false [current_wave_config]
#   } else {
#      send_msg_id Add_Wave-1 WARNING "No top level signals found. Simulator will start without a wave window. If you want to open a wave window go to 'File->New Waveform Configuration' or type 'create_wave_config' in the TCL console."
#   }
# }
# run 1000ns
INFO: [USF-XSim-96] XSim completed. Design snapshot 'tb_ppm_4_behav' loaded.
INFO: [USF-XSim-97] XSim simulation ran for 1000ns
close_sim
INFO: [Simtcl 6-16] Simulation closed
close_project
create_project testbench C:/Users/diepw50/CPRE-488-Labs/MP-1/hw/testbench -part xc7z020clg484-1
INFO: [IP_Flow 19-234] Refreshing IP repositories
INFO: [IP_Flow 19-1704] No user IP repositories specified
INFO: [IP_Flow 19-2313] Loaded Vivado IP repository 'C:/Xilinx/Vivado/2020.1/data/ip'.
set_property board_part em.avnet.com:zed:part0:1.4 [current_project]
set_property target_language VHDL [current_project]
add_files {C:/Users/diepw50/CPRE-488-Labs/MP-1/hw/ip_repo/axi_ppm4_1.0/example_designs/bfm_design/axi_ppm4_v1_0_tb.sv C:/Users/diepw50/CPRE-488-Labs/MP-1/hw/ip_repo/axi_ppm4_1.0/hdl/axi_ppm4_v1_0_S00_AXI.vhd C:/Users/diepw50/CPRE-488-Labs/MP-1/hw/ip_repo/axi_ppm4_1.0/hdl/axi_ppm4_v1_0.vhd}
update_compile_order -fileset sources_1
update_compile_order -fileset sources_1
export_ip_user_files -of_objects  [get_files C:/Users/diepw50/CPRE-488-Labs/MP-1/hw/ip_repo/axi_ppm4_1.0/example_designs/bfm_design/axi_ppm4_v1_0_tb.sv] -no_script -reset -force -quiet
remove_files  C:/Users/diepw50/CPRE-488-Labs/MP-1/hw/ip_repo/axi_ppm4_1.0/example_designs/bfm_design/axi_ppm4_v1_0_tb.sv
launch_simulation
Command: launch_simulation 
INFO: [Vivado 12-5682] Launching behavioral simulation in 'C:/Users/diepw50/CPRE-488-Labs/MP-1/hw/testbench/testbench.sim/sim_1/behav/xsim'
INFO: [SIM-utils-51] Simulation object is 'sim_1'
INFO: [SIM-utils-54] Inspecting design source files for 'axi_ppm4_v1_0' in fileset 'sim_1'...
INFO: [USF-XSim-97] Finding global include files...
INFO: [USF-XSim-98] Fetching design files from 'sim_1'...
INFO: [USF-XSim-2] XSim::Compile design
INFO: [USF-XSim-61] Executing 'COMPILE and ANALYZE' step in 'C:/Users/diepw50/CPRE-488-Labs/MP-1/hw/testbench/testbench.sim/sim_1/behav/xsim'
"xvhdl --incr --relax -prj axi_ppm4_v1_0_vhdl.prj"
INFO: [VRFC 10-163] Analyzing VHDL file "C:/Users/diepw50/CPRE-488-Labs/MP-1/hw/ip_repo/axi_ppm4_1.0/hdl/axi_ppm4_v1_0_S00_AXI.vhd" into library xil_defaultlib
INFO: [VRFC 10-3107] analyzing entity 'axi_ppm4_v1_0_S00_AXI'
INFO: [VRFC 10-163] Analyzing VHDL file "C:/Users/diepw50/CPRE-488-Labs/MP-1/hw/ip_repo/axi_ppm4_1.0/hdl/axi_ppm4_v1_0.vhd" into library xil_defaultlib
INFO: [VRFC 10-3107] analyzing entity 'axi_ppm4_v1_0'
INFO: [USF-XSim-69] 'compile' step finished in '1' seconds
INFO: [USF-XSim-3] XSim::Elaborate design
INFO: [USF-XSim-61] Executing 'ELABORATE' step in 'C:/Users/diepw50/CPRE-488-Labs/MP-1/hw/testbench/testbench.sim/sim_1/behav/xsim'
"xelab -wto b82b2b5f271143dbb0a0bf41dce3d52c --incr --debug typical --relax --mt 2 -L xil_defaultlib -L secureip --snapshot axi_ppm4_v1_0_behav xil_defaultlib.axi_ppm4_v1_0 -log elaborate.log"
Vivado Simulator 2020.1
Copyright 1986-1999, 2001-2020 Xilinx, Inc. All Rights Reserved.
Running: C:/Xilinx/Vivado/2020.1/bin/unwrapped/win64.o/xelab.exe -wto b82b2b5f271143dbb0a0bf41dce3d52c --incr --debug typical --relax --mt 2 -L xil_defaultlib -L secureip --snapshot axi_ppm4_v1_0_behav xil_defaultlib.axi_ppm4_v1_0 -log elaborate.log 
Using 2 slave threads.
Starting static elaboration
Completed static elaboration
Starting simulation data flow analysis
Completed simulation data flow analysis
Time Resolution for simulation is 1ps
Compiling package std.standard
Compiling package std.textio
Compiling package ieee.std_logic_1164
Compiling package ieee.numeric_std
Compiling architecture arch_imp of entity xil_defaultlib.axi_ppm4_v1_0_S00_AXI [axi_ppm4_v1_0_s00_axi_default]
Compiling architecture arch_imp of entity xil_defaultlib.axi_ppm4_v1_0
Built simulation snapshot axi_ppm4_v1_0_behav

****** Webtalk v2020.1 (64-bit)
  **** SW Build 2902540 on Wed May 27 19:54:49 MDT 2020
  **** IP Build 2902112 on Wed May 27 22:43:36 MDT 2020
    ** Copyright 1986-2020 Xilinx, Inc. All Rights Reserved.

source C:/Users/diepw50/CPRE-488-Labs/MP-1/hw/testbench/testbench.sim/sim_1/behav/xsim/xsim.dir/axi_ppm4_v1_0_behav/webtalk/xsim_webtalk.tcl -notrace
INFO: [Common 17-206] Exiting Webtalk at Thu Feb 19 17:52:38 2026...
INFO: [USF-XSim-69] 'elaborate' step finished in '1' seconds
INFO: [USF-XSim-4] XSim::Simulate design
INFO: [USF-XSim-61] Executing 'SIMULATE' step in 'C:/Users/diepw50/CPRE-488-Labs/MP-1/hw/testbench/testbench.sim/sim_1/behav/xsim'
INFO: [USF-XSim-98] *** Running xsim
   with args "axi_ppm4_v1_0_behav -key {Behavioral:sim_1:Functional:axi_ppm4_v1_0} -tclbatch {axi_ppm4_v1_0.tcl} -log {simulate.log}"
INFO: [USF-XSim-8] Loading simulator feature
Vivado Simulator 2020.1
Time resolution is 1 ps
source axi_ppm4_v1_0.tcl
# set curr_wave [current_wave_config]
# if { [string length $curr_wave] == 0 } {
#   if { [llength [get_objects]] > 0} {
#     add_wave /
#     set_property needs_save false [current_wave_config]
#   } else {
#      send_msg_id Add_Wave-1 WARNING "No top level signals found. Simulator will start without a wave window. If you want to open a wave window go to 'File->New Waveform Configuration' or type 'create_wave_config' in the TCL console."
#   }
# }
# run 1000ns
INFO: [USF-XSim-96] XSim completed. Design snapshot 'axi_ppm4_v1_0_behav' loaded.
INFO: [USF-XSim-97] XSim simulation ran for 1000ns
run all
run 36 us
run all
set_property SOURCE_SET sources_1 [get_filesets sim_1]
add_files -fileset sim_1 -norecurse C:/Users/diepw50/CPRE-488-Labs/MP-1/hw/MP-1/MP-1.sim/sim_1/behav/xsim/xsim.dir/tb_ppm_4_behav/xsim.mem
close_sim
INFO: [Simtcl 6-16] Simulation closed
close_project
open_project C:/Users/diepw50/CPRE-488-Labs/MP-1/hw/MP-1/MP-1.xpr
Scanning sources...
Finished scanning sources
INFO: [IP_Flow 19-234] Refreshing IP repositories
INFO: [IP_Flow 19-1700] Loaded user IP repository 'c:/Users/diepw50/CPRE-488-Labs/MP-1/hw/ip_repo/axi_ppm4_1.0'.
INFO: [IP_Flow 19-1700] Loaded user IP repository 'c:/Users/diepw50/CPRE-488-Labs/MP-1/hw/ip_repo/ppm3_1.0'.
INFO: [IP_Flow 19-1700] Loaded user IP repository 'c:/Users/diepw50/CPRE-488-Labs/MP-1/hw/ip_repo/ppm2_1.0'.
INFO: [IP_Flow 19-1700] Loaded user IP repository 'c:/Users/diepw50/CPRE-488-Labs/MP-1/hw/ip_repo/axi_ppm_1.0'.
INFO: [IP_Flow 19-2313] Loaded Vivado IP repository 'C:/Xilinx/Vivado/2020.1/data/ip'.
WARNING: [BD 41-1661] One or more IPs have been locked in the design 'design_1.bd'. Please run report_ip_status for more details and recommendations on how to fix this issue.
List of locked IPs:
design_1_axi_ppm4_0_0

update_compile_order -fileset sources_1
close_project
open_project C:/Users/diepw50/CPRE-488-Labs/MP-1/hw/testbench/testbench.xpr
Scanning sources...
Finished scanning sources
WARNING: [filemgmt 56-3] Default IP Output Path : Could not find the directory 'C:/Users/diepw50/CPRE-488-Labs/MP-1/hw/testbench/testbench.srcs/sources_1'.
INFO: [IP_Flow 19-234] Refreshing IP repositories
INFO: [IP_Flow 19-1704] No user IP repositories specified
INFO: [IP_Flow 19-2313] Loaded Vivado IP repository 'C:/Xilinx/Vivado/2020.1/data/ip'.
update_compile_order -fileset sources_1
close_project
open_project C:/Users/diepw50/CPRE-488-Labs/MP-1/hw/MP-1/MP-1.xpr
Scanning sources...
Finished scanning sources
INFO: [IP_Flow 19-234] Refreshing IP repositories
INFO: [IP_Flow 19-1700] Loaded user IP repository 'c:/Users/diepw50/CPRE-488-Labs/MP-1/hw/ip_repo/axi_ppm4_1.0'.
INFO: [IP_Flow 19-1700] Loaded user IP repository 'c:/Users/diepw50/CPRE-488-Labs/MP-1/hw/ip_repo/ppm3_1.0'.
INFO: [IP_Flow 19-1700] Loaded user IP repository 'c:/Users/diepw50/CPRE-488-Labs/MP-1/hw/ip_repo/ppm2_1.0'.
INFO: [IP_Flow 19-1700] Loaded user IP repository 'c:/Users/diepw50/CPRE-488-Labs/MP-1/hw/ip_repo/axi_ppm_1.0'.
INFO: [IP_Flow 19-2313] Loaded Vivado IP repository 'C:/Xilinx/Vivado/2020.1/data/ip'.
WARNING: [BD 41-1661] One or more IPs have been locked in the design 'design_1.bd'. Please run report_ip_status for more details and recommendations on how to fix this issue.
List of locked IPs:
design_1_axi_ppm4_0_0

update_compile_order -fileset sources_1
close_project
open_project C:/Users/diepw50/CPRE-488-Labs/MP-1/hw/testbench/testbench.xpr
Scanning sources...
Finished scanning sources
WARNING: [filemgmt 56-3] Default IP Output Path : Could not find the directory 'C:/Users/diepw50/CPRE-488-Labs/MP-1/hw/testbench/testbench.srcs/sources_1'.
INFO: [IP_Flow 19-234] Refreshing IP repositories
INFO: [IP_Flow 19-1704] No user IP repositories specified
INFO: [IP_Flow 19-2313] Loaded Vivado IP repository 'C:/Xilinx/Vivado/2020.1/data/ip'.
update_compile_order -fileset sources_1
create_fileset -simset sim_2
set_property SOURCE_SET sources_1 [get_filesets sim_2]
add_files -fileset sim_2 C:/Users/diepw50/CPRE-488-Labs/MP-1/hw/MP-1/MP-1.srcs/sim_1/new/tb_ppm_4.vhd
current_fileset -simset [ get_filesets sim_2 ]
launch_simulation -simset [get_filesets sim_2 ]
Command: launch_simulation -simset sim_2
INFO: [Vivado 12-5682] Launching behavioral simulation in 'C:/Users/diepw50/CPRE-488-Labs/MP-1/hw/testbench/testbench.sim/sim_2/behav/xsim'
INFO: [SIM-utils-51] Simulation object is 'sim_2'
INFO: [SIM-utils-54] Inspecting design source files for 'tb_ppm_4' in fileset 'sim_2'...
INFO: [USF-XSim-97] Finding global include files...
INFO: [USF-XSim-98] Fetching design files from 'sim_2'...
INFO: [USF-XSim-2] XSim::Compile design
INFO: [USF-XSim-61] Executing 'COMPILE and ANALYZE' step in 'C:/Users/diepw50/CPRE-488-Labs/MP-1/hw/testbench/testbench.sim/sim_2/behav/xsim'
"xvhdl --incr --relax -prj tb_ppm_4_vhdl.prj"
INFO: [VRFC 10-163] Analyzing VHDL file "C:/Users/diepw50/CPRE-488-Labs/MP-1/hw/ip_repo/axi_ppm4_1.0/hdl/axi_ppm4_v1_0.vhd" into library xil_defaultlib
INFO: [VRFC 10-3107] analyzing entity 'axi_ppm4_v1_0'
INFO: [VRFC 10-163] Analyzing VHDL file "C:/Users/diepw50/CPRE-488-Labs/MP-1/hw/ip_repo/axi_ppm4_1.0/hdl/axi_ppm4_v1_0_S00_AXI.vhd" into library xil_defaultlib
INFO: [VRFC 10-3107] analyzing entity 'axi_ppm4_v1_0_S00_AXI'
INFO: [VRFC 10-163] Analyzing VHDL file "C:/Users/diepw50/CPRE-488-Labs/MP-1/hw/MP-1/MP-1.srcs/sim_1/new/tb_ppm_4.vhd" into library xil_defaultlib
INFO: [VRFC 10-3107] analyzing entity 'tb_ppm_4'
INFO: [USF-XSim-69] 'compile' step finished in '1' seconds
INFO: [USF-XSim-3] XSim::Elaborate design
INFO: [USF-XSim-61] Executing 'ELABORATE' step in 'C:/Users/diepw50/CPRE-488-Labs/MP-1/hw/testbench/testbench.sim/sim_2/behav/xsim'
"xelab -wto b82b2b5f271143dbb0a0bf41dce3d52c --incr --debug typical --relax --mt 2 -L xil_defaultlib -L secureip --snapshot tb_ppm_4_behav xil_defaultlib.tb_ppm_4 -log elaborate.log"
Vivado Simulator 2020.1
Copyright 1986-1999, 2001-2020 Xilinx, Inc. All Rights Reserved.
Running: C:/Xilinx/Vivado/2020.1/bin/unwrapped/win64.o/xelab.exe -wto b82b2b5f271143dbb0a0bf41dce3d52c --incr --debug typical --relax --mt 2 -L xil_defaultlib -L secureip --snapshot tb_ppm_4_behav xil_defaultlib.tb_ppm_4 -log elaborate.log 
Using 2 slave threads.
Starting static elaboration
Completed static elaboration
Starting simulation data flow analysis
Completed simulation data flow analysis
Time Resolution for simulation is 1ps
Compiling package std.standard
Compiling package std.textio
Compiling package ieee.std_logic_1164
Compiling package ieee.numeric_std
Compiling architecture arch_imp of entity xil_defaultlib.axi_ppm4_v1_0_S00_AXI [axi_ppm4_v1_0_s00_axi_default]
Compiling architecture arch_imp of entity xil_defaultlib.axi_ppm4_v1_0 [axi_ppm4_v1_0_default]
Compiling architecture behavioral of entity xil_defaultlib.tb_ppm_4
Built simulation snapshot tb_ppm_4_behav

****** Webtalk v2020.1 (64-bit)
  **** SW Build 2902540 on Wed May 27 19:54:49 MDT 2020
  **** IP Build 2902112 on Wed May 27 22:43:36 MDT 2020
    ** Copyright 1986-2020 Xilinx, Inc. All Rights Reserved.

source C:/Users/diepw50/CPRE-488-Labs/MP-1/hw/testbench/testbench.sim/sim_2/behav/xsim/xsim.dir/tb_ppm_4_behav/webtalk/xsim_webtalk.tcl -notrace
INFO: [Common 17-206] Exiting Webtalk at Thu Feb 19 17:58:42 2026...
INFO: [USF-XSim-69] 'elaborate' step finished in '1' seconds
INFO: [USF-XSim-4] XSim::Simulate design
INFO: [USF-XSim-61] Executing 'SIMULATE' step in 'C:/Users/diepw50/CPRE-488-Labs/MP-1/hw/testbench/testbench.sim/sim_2/behav/xsim'
INFO: [USF-XSim-98] *** Running xsim
   with args "tb_ppm_4_behav -key {Behavioral:sim_2:Functional:tb_ppm_4} -tclbatch {tb_ppm_4.tcl} -log {simulate.log}"
INFO: [USF-XSim-8] Loading simulator feature
Vivado Simulator 2020.1
Time resolution is 1 ps
source tb_ppm_4.tcl
# set curr_wave [current_wave_config]
# if { [string length $curr_wave] == 0 } {
#   if { [llength [get_objects]] > 0} {
#     add_wave /
#     set_property needs_save false [current_wave_config]
#   } else {
#      send_msg_id Add_Wave-1 WARNING "No top level signals found. Simulator will start without a wave window. If you want to open a wave window go to 'File->New Waveform Configuration' or type 'create_wave_config' in the TCL console."
#   }
# }
# run 1000ns
INFO: [USF-XSim-96] XSim completed. Design snapshot 'tb_ppm_4_behav' loaded.
INFO: [USF-XSim-97] XSim simulation ran for 1000ns
launch_simulation: Time (s): cpu = 00:00:01 ; elapsed = 00:00:05 . Memory (MB): peak = 1263.492 ; gain = 0.000
run 36 us
relaunch_sim
Command: launch_simulation -simset sim_2 -mode behavioral
INFO: [Vivado 12-5682] Launching behavioral simulation in 'C:/Users/diepw50/CPRE-488-Labs/MP-1/hw/testbench/testbench.sim/sim_2/behav/xsim'
INFO: [SIM-utils-51] Simulation object is 'sim_2'
INFO: [SIM-utils-54] Inspecting design source files for 'tb_ppm_4' in fileset 'sim_2'...
INFO: [USF-XSim-97] Finding global include files...
INFO: [USF-XSim-98] Fetching design files from 'sim_2'...
INFO: [USF-XSim-2] XSim::Compile design
INFO: [USF-XSim-61] Executing 'COMPILE and ANALYZE' step in 'C:/Users/diepw50/CPRE-488-Labs/MP-1/hw/testbench/testbench.sim/sim_2/behav/xsim'
"xvhdl --incr --relax -prj tb_ppm_4_vhdl.prj"
INFO: [USF-XSim-69] 'compile' step finished in '1' seconds
Command: launch_simulation -simset sim_2 -mode behavioral
INFO: [Vivado 12-5682] Launching behavioral simulation in 'C:/Users/diepw50/CPRE-488-Labs/MP-1/hw/testbench/testbench.sim/sim_2/behav/xsim'
INFO: [USF-XSim-3] XSim::Elaborate design
INFO: [USF-XSim-61] Executing 'ELABORATE' step in 'C:/Users/diepw50/CPRE-488-Labs/MP-1/hw/testbench/testbench.sim/sim_2/behav/xsim'
"xelab -wto b82b2b5f271143dbb0a0bf41dce3d52c --incr --debug typical --relax --mt 2 -L xil_defaultlib -L secureip --snapshot tb_ppm_4_behav xil_defaultlib.tb_ppm_4 -log elaborate.log"
Vivado Simulator 2020.1
Copyright 1986-1999, 2001-2020 Xilinx, Inc. All Rights Reserved.
Running: C:/Xilinx/Vivado/2020.1/bin/unwrapped/win64.o/xelab.exe -wto b82b2b5f271143dbb0a0bf41dce3d52c --incr --debug typical --relax --mt 2 -L xil_defaultlib -L secureip --snapshot tb_ppm_4_behav xil_defaultlib.tb_ppm_4 -log elaborate.log 
Using 2 slave threads.
Starting static elaboration
Completed static elaboration
INFO: [XSIM 43-4323] No Change in HDL. Linking previously generated obj files to create kernel
INFO: [USF-XSim-69] 'elaborate' step finished in '1' seconds
Vivado Simulator 2020.1
Time resolution is 1 ps
relaunch_sim: Time (s): cpu = 00:00:01 ; elapsed = 00:00:06 . Memory (MB): peak = 1263.492 ; gain = 0.000
run 36 us
save_wave_config {C:/Users/diepw50/CPRE-488-Labs/MP-1/hw/testbench/tb_ppm_4_behav.wcfg}
add_files -fileset sim_2 -norecurse C:/Users/diepw50/CPRE-488-Labs/MP-1/hw/testbench/tb_ppm_4_behav.wcfg
set_property xsim.view C:/Users/diepw50/CPRE-488-Labs/MP-1/hw/testbench/tb_ppm_4_behav.wcfg [get_filesets sim_2]
run 36 us
run 36 us
run 10 ms
run 1 ms
run 1 ms
relaunch_sim
Command: launch_simulation -simset sim_2 -mode behavioral
INFO: [Vivado 12-5682] Launching behavioral simulation in 'C:/Users/diepw50/CPRE-488-Labs/MP-1/hw/testbench/testbench.sim/sim_2/behav/xsim'
INFO: [SIM-utils-51] Simulation object is 'sim_2'
INFO: [SIM-utils-54] Inspecting design source files for 'tb_ppm_4' in fileset 'sim_2'...
INFO: [USF-XSim-97] Finding global include files...
INFO: [USF-XSim-98] Fetching design files from 'sim_2'...
INFO: [USF-XSim-2] XSim::Compile design
INFO: [USF-XSim-61] Executing 'COMPILE and ANALYZE' step in 'C:/Users/diepw50/CPRE-488-Labs/MP-1/hw/testbench/testbench.sim/sim_2/behav/xsim'
"xvhdl --incr --relax -prj tb_ppm_4_vhdl.prj"
INFO: [VRFC 10-163] Analyzing VHDL file "C:/Users/diepw50/CPRE-488-Labs/MP-1/hw/MP-1/MP-1.srcs/sim_1/new/tb_ppm_4.vhd" into library xil_defaultlib
INFO: [VRFC 10-3107] analyzing entity 'tb_ppm_4'
INFO: [USF-XSim-69] 'compile' step finished in '1' seconds
Command: launch_simulation -simset sim_2 -mode behavioral
INFO: [Vivado 12-5682] Launching behavioral simulation in 'C:/Users/diepw50/CPRE-488-Labs/MP-1/hw/testbench/testbench.sim/sim_2/behav/xsim'
INFO: [USF-XSim-3] XSim::Elaborate design
INFO: [USF-XSim-61] Executing 'ELABORATE' step in 'C:/Users/diepw50/CPRE-488-Labs/MP-1/hw/testbench/testbench.sim/sim_2/behav/xsim'
"xelab -wto b82b2b5f271143dbb0a0bf41dce3d52c --incr --debug typical --relax --mt 2 -L xil_defaultlib -L secureip --snapshot tb_ppm_4_behav xil_defaultlib.tb_ppm_4 -log elaborate.log"
Vivado Simulator 2020.1
Copyright 1986-1999, 2001-2020 Xilinx, Inc. All Rights Reserved.
Running: C:/Xilinx/Vivado/2020.1/bin/unwrapped/win64.o/xelab.exe -wto b82b2b5f271143dbb0a0bf41dce3d52c --incr --debug typical --relax --mt 2 -L xil_defaultlib -L secureip --snapshot tb_ppm_4_behav xil_defaultlib.tb_ppm_4 -log elaborate.log 
Using 2 slave threads.
Starting static elaboration
Completed static elaboration
Starting simulation data flow analysis
Completed simulation data flow analysis
Time Resolution for simulation is 1ps
Compiling package std.standard
Compiling package std.textio
Compiling package ieee.std_logic_1164
Compiling package ieee.numeric_std
Compiling architecture arch_imp of entity xil_defaultlib.axi_ppm4_v1_0_S00_AXI [axi_ppm4_v1_0_s00_axi_default]
Compiling architecture arch_imp of entity xil_defaultlib.axi_ppm4_v1_0 [axi_ppm4_v1_0_default]
Compiling architecture behavioral of entity xil_defaultlib.tb_ppm_4
Built simulation snapshot tb_ppm_4_behav
INFO: [USF-XSim-69] 'elaborate' step finished in '1' seconds
Vivado Simulator 2020.1
Time resolution is 1 ps
relaunch_sim: Time (s): cpu = 00:00:01 ; elapsed = 00:00:05 . Memory (MB): peak = 1263.492 ; gain = 0.000
run 1 ms
run 1 ms
run 1 ms
run 1 ms
relaunch_sim
Command: launch_simulation -simset sim_2 -mode behavioral
INFO: [Vivado 12-5682] Launching behavioral simulation in 'C:/Users/diepw50/CPRE-488-Labs/MP-1/hw/testbench/testbench.sim/sim_2/behav/xsim'
INFO: [SIM-utils-51] Simulation object is 'sim_2'
INFO: [SIM-utils-54] Inspecting design source files for 'tb_ppm_4' in fileset 'sim_2'...
INFO: [USF-XSim-97] Finding global include files...
INFO: [USF-XSim-98] Fetching design files from 'sim_2'...
INFO: [USF-XSim-2] XSim::Compile design
INFO: [USF-XSim-61] Executing 'COMPILE and ANALYZE' step in 'C:/Users/diepw50/CPRE-488-Labs/MP-1/hw/testbench/testbench.sim/sim_2/behav/xsim'
"xvhdl --incr --relax -prj tb_ppm_4_vhdl.prj"
INFO: [VRFC 10-163] Analyzing VHDL file "C:/Users/diepw50/CPRE-488-Labs/MP-1/hw/ip_repo/axi_ppm4_1.0/hdl/axi_ppm4_v1_0.vhd" into library xil_defaultlib
INFO: [VRFC 10-3107] analyzing entity 'axi_ppm4_v1_0'
INFO: [VRFC 10-163] Analyzing VHDL file "C:/Users/diepw50/CPRE-488-Labs/MP-1/hw/ip_repo/axi_ppm4_1.0/hdl/axi_ppm4_v1_0_S00_AXI.vhd" into library xil_defaultlib
INFO: [VRFC 10-3107] analyzing entity 'axi_ppm4_v1_0_S00_AXI'
INFO: [USF-XSim-69] 'compile' step finished in '1' seconds
Command: launch_simulation -simset sim_2 -mode behavioral
INFO: [Vivado 12-5682] Launching behavioral simulation in 'C:/Users/diepw50/CPRE-488-Labs/MP-1/hw/testbench/testbench.sim/sim_2/behav/xsim'
INFO: [USF-XSim-3] XSim::Elaborate design
INFO: [USF-XSim-61] Executing 'ELABORATE' step in 'C:/Users/diepw50/CPRE-488-Labs/MP-1/hw/testbench/testbench.sim/sim_2/behav/xsim'
"xelab -wto b82b2b5f271143dbb0a0bf41dce3d52c --incr --debug typical --relax --mt 2 -L xil_defaultlib -L secureip --snapshot tb_ppm_4_behav xil_defaultlib.tb_ppm_4 -log elaborate.log"
Vivado Simulator 2020.1
Copyright 1986-1999, 2001-2020 Xilinx, Inc. All Rights Reserved.
Running: C:/Xilinx/Vivado/2020.1/bin/unwrapped/win64.o/xelab.exe -wto b82b2b5f271143dbb0a0bf41dce3d52c --incr --debug typical --relax --mt 2 -L xil_defaultlib -L secureip --snapshot tb_ppm_4_behav xil_defaultlib.tb_ppm_4 -log elaborate.log 
Using 2 slave threads.
Starting static elaboration
Completed static elaboration
Starting simulation data flow analysis
Completed simulation data flow analysis
Time Resolution for simulation is 1ps
Compiling package std.standard
Compiling package std.textio
Compiling package ieee.std_logic_1164
Compiling package ieee.numeric_std
Compiling architecture arch_imp of entity xil_defaultlib.axi_ppm4_v1_0_S00_AXI [axi_ppm4_v1_0_s00_axi_default]
Compiling architecture arch_imp of entity xil_defaultlib.axi_ppm4_v1_0 [axi_ppm4_v1_0_default]
Compiling architecture behavioral of entity xil_defaultlib.tb_ppm_4
Built simulation snapshot tb_ppm_4_behav
INFO: [USF-XSim-69] 'elaborate' step finished in '1' seconds
Vivado Simulator 2020.1
Time resolution is 1 ps
relaunch_sim: Time (s): cpu = 00:00:01 ; elapsed = 00:00:05 . Memory (MB): peak = 1452.227 ; gain = 0.000
run 1 ms
close_sim
INFO: [Simtcl 6-16] Simulation closed
launch_simulation -simset [get_filesets sim_2 ]
Command: launch_simulation -simset sim_2
INFO: [Vivado 12-5682] Launching behavioral simulation in 'C:/Users/diepw50/CPRE-488-Labs/MP-1/hw/testbench/testbench.sim/sim_2/behav/xsim'
INFO: [SIM-utils-51] Simulation object is 'sim_2'
INFO: [SIM-utils-54] Inspecting design source files for 'tb_ppm_4' in fileset 'sim_2'...
INFO: [USF-XSim-97] Finding global include files...
INFO: [USF-XSim-98] Fetching design files from 'sim_2'...
INFO: [USF-XSim-2] XSim::Compile design
INFO: [USF-XSim-61] Executing 'COMPILE and ANALYZE' step in 'C:/Users/diepw50/CPRE-488-Labs/MP-1/hw/testbench/testbench.sim/sim_2/behav/xsim'
"xvhdl --incr --relax -prj tb_ppm_4_vhdl.prj"
INFO: [VRFC 10-163] Analyzing VHDL file "C:/Users/diepw50/CPRE-488-Labs/MP-1/hw/ip_repo/axi_ppm4_1.0/hdl/axi_ppm4_v1_0_S00_AXI.vhd" into library xil_defaultlib
INFO: [VRFC 10-3107] analyzing entity 'axi_ppm4_v1_0_S00_AXI'
INFO: [USF-XSim-69] 'compile' step finished in '1' seconds
INFO: [USF-XSim-3] XSim::Elaborate design
INFO: [USF-XSim-61] Executing 'ELABORATE' step in 'C:/Users/diepw50/CPRE-488-Labs/MP-1/hw/testbench/testbench.sim/sim_2/behav/xsim'
"xelab -wto b82b2b5f271143dbb0a0bf41dce3d52c --incr --debug typical --relax --mt 2 -L xil_defaultlib -L secureip --snapshot tb_ppm_4_behav xil_defaultlib.tb_ppm_4 -log elaborate.log"
Vivado Simulator 2020.1
Copyright 1986-1999, 2001-2020 Xilinx, Inc. All Rights Reserved.
Running: C:/Xilinx/Vivado/2020.1/bin/unwrapped/win64.o/xelab.exe -wto b82b2b5f271143dbb0a0bf41dce3d52c --incr --debug typical --relax --mt 2 -L xil_defaultlib -L secureip --snapshot tb_ppm_4_behav xil_defaultlib.tb_ppm_4 -log elaborate.log 
Using 2 slave threads.
Starting static elaboration
Completed static elaboration
Starting simulation data flow analysis
Completed simulation data flow analysis
Time Resolution for simulation is 1ps
Compiling package std.standard
Compiling package std.textio
Compiling package ieee.std_logic_1164
Compiling package ieee.numeric_std
Compiling architecture arch_imp of entity xil_defaultlib.axi_ppm4_v1_0_S00_AXI [axi_ppm4_v1_0_s00_axi_default]
Compiling architecture arch_imp of entity xil_defaultlib.axi_ppm4_v1_0 [axi_ppm4_v1_0_default]
Compiling architecture behavioral of entity xil_defaultlib.tb_ppm_4
Built simulation snapshot tb_ppm_4_behav
INFO: [USF-XSim-69] 'elaborate' step finished in '1' seconds
INFO: [USF-XSim-4] XSim::Simulate design
INFO: [USF-XSim-61] Executing 'SIMULATE' step in 'C:/Users/diepw50/CPRE-488-Labs/MP-1/hw/testbench/testbench.sim/sim_2/behav/xsim'
INFO: [USF-XSim-98] *** Running xsim
   with args "tb_ppm_4_behav -key {Behavioral:sim_2:Functional:tb_ppm_4} -tclbatch {tb_ppm_4.tcl} -view {C:/Users/diepw50/CPRE-488-Labs/MP-1/hw/testbench/tb_ppm_4_behav.wcfg} -log {simulate.log}"
INFO: [USF-XSim-8] Loading simulator feature
Vivado Simulator 2020.1
Time resolution is 1 ps
open_wave_config C:/Users/diepw50/CPRE-488-Labs/MP-1/hw/testbench/tb_ppm_4_behav.wcfg
source tb_ppm_4.tcl
# set curr_wave [current_wave_config]
# if { [string length $curr_wave] == 0 } {
#   if { [llength [get_objects]] > 0} {
#     add_wave /
#     set_property needs_save false [current_wave_config]
#   } else {
#      send_msg_id Add_Wave-1 WARNING "No top level signals found. Simulator will start without a wave window. If you want to open a wave window go to 'File->New Waveform Configuration' or type 'create_wave_config' in the TCL console."
#   }
# }
# run 1000ns
INFO: [USF-XSim-96] XSim completed. Design snapshot 'tb_ppm_4_behav' loaded.
INFO: [USF-XSim-97] XSim simulation ran for 1000ns
launch_simulation: Time (s): cpu = 00:00:02 ; elapsed = 00:00:05 . Memory (MB): peak = 1452.227 ; gain = 0.000
run 1 ms
run 1 ms
close_sim
INFO: [Simtcl 6-16] Simulation closed
launch_simulation -simset [get_filesets sim_2 ]
Command: launch_simulation -simset sim_2
INFO: [Vivado 12-5682] Launching behavioral simulation in 'C:/Users/diepw50/CPRE-488-Labs/MP-1/hw/testbench/testbench.sim/sim_2/behav/xsim'
INFO: [SIM-utils-51] Simulation object is 'sim_2'
INFO: [SIM-utils-54] Inspecting design source files for 'tb_ppm_4' in fileset 'sim_2'...
INFO: [USF-XSim-97] Finding global include files...
INFO: [USF-XSim-98] Fetching design files from 'sim_2'...
INFO: [USF-XSim-2] XSim::Compile design
INFO: [USF-XSim-61] Executing 'COMPILE and ANALYZE' step in 'C:/Users/diepw50/CPRE-488-Labs/MP-1/hw/testbench/testbench.sim/sim_2/behav/xsim'
"xvhdl --incr --relax -prj tb_ppm_4_vhdl.prj"
INFO: [VRFC 10-163] Analyzing VHDL file "C:/Users/diepw50/CPRE-488-Labs/MP-1/hw/ip_repo/axi_ppm4_1.0/hdl/axi_ppm4_v1_0_S00_AXI.vhd" into library xil_defaultlib
INFO: [VRFC 10-3107] analyzing entity 'axi_ppm4_v1_0_S00_AXI'
INFO: [USF-XSim-69] 'compile' step finished in '1' seconds
INFO: [USF-XSim-3] XSim::Elaborate design
INFO: [USF-XSim-61] Executing 'ELABORATE' step in 'C:/Users/diepw50/CPRE-488-Labs/MP-1/hw/testbench/testbench.sim/sim_2/behav/xsim'
"xelab -wto b82b2b5f271143dbb0a0bf41dce3d52c --incr --debug typical --relax --mt 2 -L xil_defaultlib -L secureip --snapshot tb_ppm_4_behav xil_defaultlib.tb_ppm_4 -log elaborate.log"
Vivado Simulator 2020.1
Copyright 1986-1999, 2001-2020 Xilinx, Inc. All Rights Reserved.
Running: C:/Xilinx/Vivado/2020.1/bin/unwrapped/win64.o/xelab.exe -wto b82b2b5f271143dbb0a0bf41dce3d52c --incr --debug typical --relax --mt 2 -L xil_defaultlib -L secureip --snapshot tb_ppm_4_behav xil_defaultlib.tb_ppm_4 -log elaborate.log 
Using 2 slave threads.
Starting static elaboration
Completed static elaboration
Starting simulation data flow analysis
Completed simulation data flow analysis
Time Resolution for simulation is 1ps
Compiling package std.standard
Compiling package std.textio
Compiling package ieee.std_logic_1164
Compiling package ieee.numeric_std
Compiling architecture arch_imp of entity xil_defaultlib.axi_ppm4_v1_0_S00_AXI [axi_ppm4_v1_0_s00_axi_default]
Compiling architecture arch_imp of entity xil_defaultlib.axi_ppm4_v1_0 [axi_ppm4_v1_0_default]
Compiling architecture behavioral of entity xil_defaultlib.tb_ppm_4
Built simulation snapshot tb_ppm_4_behav
INFO: [USF-XSim-69] 'elaborate' step finished in '1' seconds
INFO: [USF-XSim-4] XSim::Simulate design
INFO: [USF-XSim-61] Executing 'SIMULATE' step in 'C:/Users/diepw50/CPRE-488-Labs/MP-1/hw/testbench/testbench.sim/sim_2/behav/xsim'
INFO: [USF-XSim-98] *** Running xsim
   with args "tb_ppm_4_behav -key {Behavioral:sim_2:Functional:tb_ppm_4} -tclbatch {tb_ppm_4.tcl} -view {C:/Users/diepw50/CPRE-488-Labs/MP-1/hw/testbench/tb_ppm_4_behav.wcfg} -log {simulate.log}"
INFO: [USF-XSim-8] Loading simulator feature
Vivado Simulator 2020.1
Time resolution is 1 ps
open_wave_config C:/Users/diepw50/CPRE-488-Labs/MP-1/hw/testbench/tb_ppm_4_behav.wcfg
source tb_ppm_4.tcl
# set curr_wave [current_wave_config]
# if { [string length $curr_wave] == 0 } {
#   if { [llength [get_objects]] > 0} {
#     add_wave /
#     set_property needs_save false [current_wave_config]
#   } else {
#      send_msg_id Add_Wave-1 WARNING "No top level signals found. Simulator will start without a wave window. If you want to open a wave window go to 'File->New Waveform Configuration' or type 'create_wave_config' in the TCL console."
#   }
# }
# run 1000ns
INFO: [USF-XSim-96] XSim completed. Design snapshot 'tb_ppm_4_behav' loaded.
INFO: [USF-XSim-97] XSim simulation ran for 1000ns
launch_simulation: Time (s): cpu = 00:00:02 ; elapsed = 00:00:06 . Memory (MB): peak = 1452.227 ; gain = 0.000
launch_runs synth_1 -jobs 10
[Thu Feb 19 18:17:06 2026] Launched synth_1...
Run output will be captured here: C:/Users/diepw50/CPRE-488-Labs/MP-1/hw/testbench/testbench.runs/synth_1/runme.log
reset_run synth_1
WARNING: [Vivado 12-1017] Problems encountered:
1. Failed to delete one or more files in run directory C:/Users/diepw50/CPRE-488-Labs/MP-1/hw/testbench/testbench.runs/synth_1

close_sim
INFO: [Simtcl 6-16] Simulation closed
launch_simulation -simset [get_filesets sim_2 ]
Command: launch_simulation -simset sim_2
INFO: [Vivado 12-5682] Launching behavioral simulation in 'C:/Users/diepw50/CPRE-488-Labs/MP-1/hw/testbench/testbench.sim/sim_2/behav/xsim'
INFO: [SIM-utils-51] Simulation object is 'sim_2'
INFO: [SIM-utils-54] Inspecting design source files for 'tb_ppm_4' in fileset 'sim_2'...
INFO: [USF-XSim-97] Finding global include files...
INFO: [USF-XSim-98] Fetching design files from 'sim_2'...
INFO: [USF-XSim-2] XSim::Compile design
INFO: [USF-XSim-61] Executing 'COMPILE and ANALYZE' step in 'C:/Users/diepw50/CPRE-488-Labs/MP-1/hw/testbench/testbench.sim/sim_2/behav/xsim'
"xvhdl --incr --relax -prj tb_ppm_4_vhdl.prj"
INFO: [VRFC 10-163] Analyzing VHDL file "C:/Users/diepw50/CPRE-488-Labs/MP-1/hw/ip_repo/axi_ppm4_1.0/hdl/axi_ppm4_v1_0_S00_AXI.vhd" into library xil_defaultlib
INFO: [VRFC 10-3107] analyzing entity 'axi_ppm4_v1_0_S00_AXI'
INFO: [USF-XSim-69] 'compile' step finished in '1' seconds
INFO: [USF-XSim-3] XSim::Elaborate design
INFO: [USF-XSim-61] Executing 'ELABORATE' step in 'C:/Users/diepw50/CPRE-488-Labs/MP-1/hw/testbench/testbench.sim/sim_2/behav/xsim'
"xelab -wto b82b2b5f271143dbb0a0bf41dce3d52c --incr --debug typical --relax --mt 2 -L xil_defaultlib -L secureip --snapshot tb_ppm_4_behav xil_defaultlib.tb_ppm_4 -log elaborate.log"
Vivado Simulator 2020.1
Copyright 1986-1999, 2001-2020 Xilinx, Inc. All Rights Reserved.
Running: C:/Xilinx/Vivado/2020.1/bin/unwrapped/win64.o/xelab.exe -wto b82b2b5f271143dbb0a0bf41dce3d52c --incr --debug typical --relax --mt 2 -L xil_defaultlib -L secureip --snapshot tb_ppm_4_behav xil_defaultlib.tb_ppm_4 -log elaborate.log 
Using 2 slave threads.
Starting static elaboration
Completed static elaboration
Starting simulation data flow analysis
Completed simulation data flow analysis
Time Resolution for simulation is 1ps
Compiling package std.standard
Compiling package std.textio
Compiling package ieee.std_logic_1164
Compiling package ieee.numeric_std
Compiling architecture arch_imp of entity xil_defaultlib.axi_ppm4_v1_0_S00_AXI [axi_ppm4_v1_0_s00_axi_default]
Compiling architecture arch_imp of entity xil_defaultlib.axi_ppm4_v1_0 [axi_ppm4_v1_0_default]
Compiling architecture behavioral of entity xil_defaultlib.tb_ppm_4
Built simulation snapshot tb_ppm_4_behav
INFO: [USF-XSim-69] 'elaborate' step finished in '1' seconds
INFO: [USF-XSim-4] XSim::Simulate design
INFO: [USF-XSim-61] Executing 'SIMULATE' step in 'C:/Users/diepw50/CPRE-488-Labs/MP-1/hw/testbench/testbench.sim/sim_2/behav/xsim'
INFO: [USF-XSim-98] *** Running xsim
   with args "tb_ppm_4_behav -key {Behavioral:sim_2:Functional:tb_ppm_4} -tclbatch {tb_ppm_4.tcl} -view {C:/Users/diepw50/CPRE-488-Labs/MP-1/hw/testbench/tb_ppm_4_behav.wcfg} -log {simulate.log}"
INFO: [USF-XSim-8] Loading simulator feature
Vivado Simulator 2020.1
Time resolution is 1 ps
open_wave_config C:/Users/diepw50/CPRE-488-Labs/MP-1/hw/testbench/tb_ppm_4_behav.wcfg
source tb_ppm_4.tcl
# set curr_wave [current_wave_config]
# if { [string length $curr_wave] == 0 } {
#   if { [llength [get_objects]] > 0} {
#     add_wave /
#     set_property needs_save false [current_wave_config]
#   } else {
#      send_msg_id Add_Wave-1 WARNING "No top level signals found. Simulator will start without a wave window. If you want to open a wave window go to 'File->New Waveform Configuration' or type 'create_wave_config' in the TCL console."
#   }
# }
# run 1000ns
INFO: [USF-XSim-96] XSim completed. Design snapshot 'tb_ppm_4_behav' loaded.
INFO: [USF-XSim-97] XSim simulation ran for 1000ns
launch_simulation: Time (s): cpu = 00:00:01 ; elapsed = 00:00:05 . Memory (MB): peak = 1452.227 ; gain = 0.000
run 1 ms
run 1 ms
run 1 ms
run 1 ms
run 1 ms
run 1 ms
run 1 ms
run 1 ms
run 1 ms
run 1 ms
run 1 ms
run 1 ms
run 1 ms
run 1 ms
run 1 ms
run 1 ms
run 1 ms
run 1 ms
run 1 ms
run 1 ms
relaunch_sim
Command: launch_simulation -simset sim_2 -mode behavioral
INFO: [Vivado 12-5682] Launching behavioral simulation in 'C:/Users/diepw50/CPRE-488-Labs/MP-1/hw/testbench/testbench.sim/sim_2/behav/xsim'
INFO: [SIM-utils-51] Simulation object is 'sim_2'
INFO: [SIM-utils-54] Inspecting design source files for 'tb_ppm_4' in fileset 'sim_2'...
INFO: [USF-XSim-97] Finding global include files...
INFO: [USF-XSim-98] Fetching design files from 'sim_2'...
INFO: [USF-XSim-2] XSim::Compile design
INFO: [USF-XSim-61] Executing 'COMPILE and ANALYZE' step in 'C:/Users/diepw50/CPRE-488-Labs/MP-1/hw/testbench/testbench.sim/sim_2/behav/xsim'
"xvhdl --incr --relax -prj tb_ppm_4_vhdl.prj"
INFO: [USF-XSim-69] 'compile' step finished in '1' seconds
Command: launch_simulation -simset sim_2 -mode behavioral
INFO: [Vivado 12-5682] Launching behavioral simulation in 'C:/Users/diepw50/CPRE-488-Labs/MP-1/hw/testbench/testbench.sim/sim_2/behav/xsim'
INFO: [USF-XSim-3] XSim::Elaborate design
INFO: [USF-XSim-61] Executing 'ELABORATE' step in 'C:/Users/diepw50/CPRE-488-Labs/MP-1/hw/testbench/testbench.sim/sim_2/behav/xsim'
"xelab -wto b82b2b5f271143dbb0a0bf41dce3d52c --incr --debug typical --relax --mt 2 -L xil_defaultlib -L secureip --snapshot tb_ppm_4_behav xil_defaultlib.tb_ppm_4 -log elaborate.log"
Vivado Simulator 2020.1
Copyright 1986-1999, 2001-2020 Xilinx, Inc. All Rights Reserved.
Running: C:/Xilinx/Vivado/2020.1/bin/unwrapped/win64.o/xelab.exe -wto b82b2b5f271143dbb0a0bf41dce3d52c --incr --debug typical --relax --mt 2 -L xil_defaultlib -L secureip --snapshot tb_ppm_4_behav xil_defaultlib.tb_ppm_4 -log elaborate.log 
Using 2 slave threads.
Starting static elaboration
Completed static elaboration
INFO: [XSIM 43-4323] No Change in HDL. Linking previously generated obj files to create kernel
INFO: [USF-XSim-69] 'elaborate' step finished in '1' seconds
Vivado Simulator 2020.1
Time resolution is 1 ps
relaunch_sim: Time (s): cpu = 00:00:02 ; elapsed = 00:00:05 . Memory (MB): peak = 1452.227 ; gain = 0.000
run 1 ms
run 1 ms
run 1 ms
run 1 ms
run 1 ms
run 1 ms
run 1 ms
run 1 ms
run 1 ms
run 1 ms
close_sim
INFO: [Simtcl 6-16] Simulation closed
close_project
open_project C:/Users/diepw50/CPRE-488-Labs/MP-1/hw/MP-1/MP-1.xpr
Scanning sources...
Finished scanning sources
INFO: [IP_Flow 19-234] Refreshing IP repositories
INFO: [IP_Flow 19-1700] Loaded user IP repository 'c:/Users/diepw50/CPRE-488-Labs/MP-1/hw/ip_repo/axi_ppm4_1.0'.
INFO: [IP_Flow 19-1700] Loaded user IP repository 'c:/Users/diepw50/CPRE-488-Labs/MP-1/hw/ip_repo/ppm3_1.0'.
INFO: [IP_Flow 19-1700] Loaded user IP repository 'c:/Users/diepw50/CPRE-488-Labs/MP-1/hw/ip_repo/ppm2_1.0'.
INFO: [IP_Flow 19-1700] Loaded user IP repository 'c:/Users/diepw50/CPRE-488-Labs/MP-1/hw/ip_repo/axi_ppm_1.0'.
INFO: [IP_Flow 19-2313] Loaded Vivado IP repository 'C:/Xilinx/Vivado/2020.1/data/ip'.
WARNING: [BD 41-1661] One or more IPs have been locked in the design 'design_1.bd'. Please run report_ip_status for more details and recommendations on how to fix this issue.
List of locked IPs:
design_1_axi_ppm4_0_0

update_compile_order -fileset sources_1
close_project
open_project C:/Users/diepw50/CPRE-488-Labs/MP-1/hw/testbench/testbench.xpr
Scanning sources...
Finished scanning sources
WARNING: [filemgmt 56-3] Default IP Output Path : Could not find the directory 'C:/Users/diepw50/CPRE-488-Labs/MP-1/hw/testbench/testbench.srcs/sources_1'.
INFO: [IP_Flow 19-234] Refreshing IP repositories
INFO: [IP_Flow 19-1704] No user IP repositories specified
INFO: [IP_Flow 19-2313] Loaded Vivado IP repository 'C:/Xilinx/Vivado/2020.1/data/ip'.
update_compile_order -fileset sources_1
launch_simulation -simset [get_filesets sim_2 ]
Command: launch_simulation -simset sim_2
INFO: [Vivado 12-5682] Launching behavioral simulation in 'C:/Users/diepw50/CPRE-488-Labs/MP-1/hw/testbench/testbench.sim/sim_2/behav/xsim'
INFO: [SIM-utils-51] Simulation object is 'sim_2'
INFO: [SIM-utils-54] Inspecting design source files for 'tb_ppm_4' in fileset 'sim_2'...
INFO: [USF-XSim-97] Finding global include files...
INFO: [USF-XSim-98] Fetching design files from 'sim_2'...
INFO: [USF-XSim-2] XSim::Compile design
INFO: [USF-XSim-61] Executing 'COMPILE and ANALYZE' step in 'C:/Users/diepw50/CPRE-488-Labs/MP-1/hw/testbench/testbench.sim/sim_2/behav/xsim'
"xvhdl --incr --relax -prj tb_ppm_4_vhdl.prj"
INFO: [VRFC 10-163] Analyzing VHDL file "C:/Users/diepw50/CPRE-488-Labs/MP-1/hw/ip_repo/axi_ppm4_1.0/hdl/axi_ppm4_v1_0_S00_AXI.vhd" into library xil_defaultlib
INFO: [VRFC 10-3107] analyzing entity 'axi_ppm4_v1_0_S00_AXI'
INFO: [VRFC 10-163] Analyzing VHDL file "C:/Users/diepw50/CPRE-488-Labs/MP-1/hw/MP-1/MP-1.srcs/sim_1/new/tb_ppm_4.vhd" into library xil_defaultlib
INFO: [VRFC 10-3107] analyzing entity 'tb_ppm_4'
INFO: [USF-XSim-69] 'compile' step finished in '1' seconds
INFO: [USF-XSim-3] XSim::Elaborate design
INFO: [USF-XSim-61] Executing 'ELABORATE' step in 'C:/Users/diepw50/CPRE-488-Labs/MP-1/hw/testbench/testbench.sim/sim_2/behav/xsim'
"xelab -wto b82b2b5f271143dbb0a0bf41dce3d52c --incr --debug typical --relax --mt 2 -L xil_defaultlib -L secureip --snapshot tb_ppm_4_behav xil_defaultlib.tb_ppm_4 -log elaborate.log"
Vivado Simulator 2020.1
Copyright 1986-1999, 2001-2020 Xilinx, Inc. All Rights Reserved.
Running: C:/Xilinx/Vivado/2020.1/bin/unwrapped/win64.o/xelab.exe -wto b82b2b5f271143dbb0a0bf41dce3d52c --incr --debug typical --relax --mt 2 -L xil_defaultlib -L secureip --snapshot tb_ppm_4_behav xil_defaultlib.tb_ppm_4 -log elaborate.log 
Using 2 slave threads.
Starting static elaboration
Completed static elaboration
Starting simulation data flow analysis
Completed simulation data flow analysis
Time Resolution for simulation is 1ps
Compiling package std.standard
Compiling package std.textio
Compiling package ieee.std_logic_1164
Compiling package ieee.numeric_std
Compiling architecture arch_imp of entity xil_defaultlib.axi_ppm4_v1_0_S00_AXI [axi_ppm4_v1_0_s00_axi_default]
Compiling architecture arch_imp of entity xil_defaultlib.axi_ppm4_v1_0 [axi_ppm4_v1_0_default]
Compiling architecture behavioral of entity xil_defaultlib.tb_ppm_4
Built simulation snapshot tb_ppm_4_behav
INFO: [USF-XSim-69] 'elaborate' step finished in '1' seconds
INFO: [USF-XSim-4] XSim::Simulate design
INFO: [USF-XSim-61] Executing 'SIMULATE' step in 'C:/Users/diepw50/CPRE-488-Labs/MP-1/hw/testbench/testbench.sim/sim_2/behav/xsim'
INFO: [USF-XSim-98] *** Running xsim
   with args "tb_ppm_4_behav -key {Behavioral:sim_2:Functional:tb_ppm_4} -tclbatch {tb_ppm_4.tcl} -view {C:/Users/diepw50/CPRE-488-Labs/MP-1/hw/testbench/tb_ppm_4_behav.wcfg} -log {simulate.log}"
INFO: [USF-XSim-8] Loading simulator feature
Vivado Simulator 2020.1
Time resolution is 1 ps
open_wave_config C:/Users/diepw50/CPRE-488-Labs/MP-1/hw/testbench/tb_ppm_4_behav.wcfg
source tb_ppm_4.tcl
# set curr_wave [current_wave_config]
# if { [string length $curr_wave] == 0 } {
#   if { [llength [get_objects]] > 0} {
#     add_wave /
#     set_property needs_save false [current_wave_config]
#   } else {
#      send_msg_id Add_Wave-1 WARNING "No top level signals found. Simulator will start without a wave window. If you want to open a wave window go to 'File->New Waveform Configuration' or type 'create_wave_config' in the TCL console."
#   }
# }
# run 1000ns
INFO: [USF-XSim-96] XSim completed. Design snapshot 'tb_ppm_4_behav' loaded.
INFO: [USF-XSim-97] XSim simulation ran for 1000ns
launch_simulation: Time (s): cpu = 00:00:02 ; elapsed = 00:00:08 . Memory (MB): peak = 1452.227 ; gain = 0.000
run 1 ms
run 1 ms
run 1 ms
run 1 ms
run 1 ms
run 1 ms
run 1 ms
run 1 ms
run 1 ms
run 1 ms
run 1 ms
run 1 ms
run 1 ms
run 1 ms
run 1 ms
run 1 ms
run 1 ms
run 1 ms
run 1 ms
run 1 ms
run 1 ms
restart
INFO: [Simtcl 6-17] Simulation restarted
restart: Time (s): cpu = 00:00:03 ; elapsed = 00:00:05 . Memory (MB): peak = 1452.227 ; gain = 0.000
run all
run: Time (s): cpu = 00:00:08 ; elapsed = 00:00:08 . Memory (MB): peak = 1452.227 ; gain = 0.000
restart
INFO: [Simtcl 6-17] Simulation restarted
restart: Time (s): cpu = 00:00:03 ; elapsed = 00:00:05 . Memory (MB): peak = 1452.227 ; gain = 0.000
run 1 ms
run 1 ms
relaunch_sim
Command: launch_simulation -simset sim_2 -mode behavioral
INFO: [Vivado 12-5682] Launching behavioral simulation in 'C:/Users/diepw50/CPRE-488-Labs/MP-1/hw/testbench/testbench.sim/sim_2/behav/xsim'
INFO: [SIM-utils-51] Simulation object is 'sim_2'
INFO: [SIM-utils-54] Inspecting design source files for 'tb_ppm_4' in fileset 'sim_2'...
INFO: [USF-XSim-97] Finding global include files...
INFO: [USF-XSim-98] Fetching design files from 'sim_2'...
INFO: [USF-XSim-2] XSim::Compile design
INFO: [USF-XSim-61] Executing 'COMPILE and ANALYZE' step in 'C:/Users/diepw50/CPRE-488-Labs/MP-1/hw/testbench/testbench.sim/sim_2/behav/xsim'
"xvhdl --incr --relax -prj tb_ppm_4_vhdl.prj"
INFO: [USF-XSim-69] 'compile' step finished in '1' seconds
Command: launch_simulation -simset sim_2 -mode behavioral
INFO: [Vivado 12-5682] Launching behavioral simulation in 'C:/Users/diepw50/CPRE-488-Labs/MP-1/hw/testbench/testbench.sim/sim_2/behav/xsim'
INFO: [USF-XSim-3] XSim::Elaborate design
INFO: [USF-XSim-61] Executing 'ELABORATE' step in 'C:/Users/diepw50/CPRE-488-Labs/MP-1/hw/testbench/testbench.sim/sim_2/behav/xsim'
"xelab -wto b82b2b5f271143dbb0a0bf41dce3d52c --incr --debug typical --relax --mt 2 -L xil_defaultlib -L secureip --snapshot tb_ppm_4_behav xil_defaultlib.tb_ppm_4 -log elaborate.log"
Vivado Simulator 2020.1
Copyright 1986-1999, 2001-2020 Xilinx, Inc. All Rights Reserved.
Running: C:/Xilinx/Vivado/2020.1/bin/unwrapped/win64.o/xelab.exe -wto b82b2b5f271143dbb0a0bf41dce3d52c --incr --debug typical --relax --mt 2 -L xil_defaultlib -L secureip --snapshot tb_ppm_4_behav xil_defaultlib.tb_ppm_4 -log elaborate.log 
Using 2 slave threads.
Starting static elaboration
Completed static elaboration
INFO: [XSIM 43-4323] No Change in HDL. Linking previously generated obj files to create kernel
INFO: [USF-XSim-69] 'elaborate' step finished in '1' seconds
Vivado Simulator 2020.1
Time resolution is 1 ps
relaunch_sim: Time (s): cpu = 00:00:01 ; elapsed = 00:00:05 . Memory (MB): peak = 1452.227 ; gain = 0.000
run all
run 1 ms
run 1 ms
run 1 ms
run 1 ms
run 1 ms
run 1 ms
run 1 ms
close_sim
INFO: [Simtcl 6-16] Simulation closed
exit
INFO: [Common 17-206] Exiting Vivado at Thu Feb 19 18:45:17 2026...
