#-----------------------------------------------------------
# Vivado v2020.1 (64-bit)
# SW Build 2902540 on Wed May 27 19:54:49 MDT 2020
# IP Build 2902112 on Wed May 27 22:43:36 MDT 2020
# Start of session at: Tue Feb 17 16:13:22 2026
# Process ID: 15052
# Current directory: C:/Users/diepw50/CPRE-488-Labs/MP-1/hw/MP-1
# Command line: vivado.exe -gui_launcher_event rodinguilauncherevent15352 C:\Users\diepw50\CPRE-488-Labs\MP-1\hw\MP-1\MP-1.xpr
# Log file: C:/Users/diepw50/CPRE-488-Labs/MP-1/hw/MP-1/vivado.log
# Journal file: C:/Users/diepw50/CPRE-488-Labs/MP-1/hw/MP-1\vivado.jou
#-----------------------------------------------------------
start_gui
open_project C:/Users/diepw50/CPRE-488-Labs/MP-1/hw/MP-1/MP-1.xpr
Scanning sources...
Finished scanning sources
INFO: [IP_Flow 19-234] Refreshing IP repositories
INFO: [IP_Flow 19-1700] Loaded user IP repository 'c:/Users/diepw50/CPRE-488-Labs/MP-1/hw/ip_repo/ppm3_1.0'.
INFO: [IP_Flow 19-1700] Loaded user IP repository 'c:/Users/diepw50/CPRE-488-Labs/MP-1/hw/ip_repo/ppm2_1.0'.
INFO: [IP_Flow 19-1700] Loaded user IP repository 'c:/Users/diepw50/CPRE-488-Labs/MP-1/hw/ip_repo/axi_ppm_1.0'.
INFO: [IP_Flow 19-2313] Loaded Vivado IP repository 'C:/Xilinx/Vivado/2020.1/data/ip'.
launch_simulation
Command: launch_simulation 
INFO: [Vivado 12-5698] Checking validity of IPs in the design for the 'XSim' simulator...
WARNING: [BD 41-176] The physical port 'S_AXI_GP2_rd_socket' specified in the portmap, is not found on the block! 
WARNING: [BD 41-176] The physical port 'S_AXI_GP2_wr_socket' specified in the portmap, is not found on the block! 
WARNING: [BD 41-176] The physical port 'S_AXI_GP3_rd_socket' specified in the portmap, is not found on the block! 
WARNING: [BD 41-176] The physical port 'S_AXI_GP3_wr_socket' specified in the portmap, is not found on the block! 
INFO: [Vivado 12-5682] Launching behavioral simulation in 'C:/Users/diepw50/CPRE-488-Labs/MP-1/hw/MP-1/MP-1.sim/sim_1/behav/xsim'
INFO: [Vivado 12-4795] Using compiled simulation libraries for IPs
INFO: [SIM-utils-51] Simulation object is 'sim_1'
INFO: [USF-XSim-7] Finding pre-compiled libraries...
INFO: [USF-XSim-11] File 'C:/Xilinx/Vivado/2020.1/data/xsim/xsim.ini' copied to run dir:'C:/Users/diepw50/CPRE-488-Labs/MP-1/hw/MP-1/MP-1.sim/sim_1/behav/xsim'
INFO: [SIM-utils-54] Inspecting design source files for 'TB_PPM_Receiver' in fileset 'sim_1'...
INFO: [USF-XSim-97] Finding global include files...
INFO: [USF-XSim-98] Fetching design files from 'sim_1'...
INFO: [USF-XSim-2] XSim::Compile design
INFO: [USF-XSim-61] Executing 'COMPILE and ANALYZE' step in 'C:/Users/diepw50/CPRE-488-Labs/MP-1/hw/MP-1/MP-1.sim/sim_1/behav/xsim'
"xvlog --incr --relax -L axi_vip_v1_1_7 -L processing_system7_vip_v1_0_9 -L xilinx_vip -prj TB_PPM_Receiver_vlog.prj"
"xvhdl --incr --relax -prj TB_PPM_Receiver_vhdl.prj"
INFO: [VRFC 10-163] Analyzing VHDL file "C:/Users/diepw50/CPRE-488-Labs/MP-1/hw/MP-1/MP-1.srcs/sim_1/imports/Downloads/TB_Network_Detection.vhd" into library xil_defaultlib
INFO: [VRFC 10-3107] analyzing entity 'TB_PPM_Receiver'
INFO: [USF-XSim-69] 'compile' step finished in '1' seconds
INFO: [USF-XSim-3] XSim::Elaborate design
INFO: [USF-XSim-61] Executing 'ELABORATE' step in 'C:/Users/diepw50/CPRE-488-Labs/MP-1/hw/MP-1/MP-1.sim/sim_1/behav/xsim'
"xelab -wto ce588711bd754d688e9e0fc92b76c3a5 --incr --debug typical --relax --mt 2 -L xil_defaultlib -L xilinx_vip -L unisims_ver -L unimacro_ver -L secureip -L xpm --snapshot TB_PPM_Receiver_behav xil_defaultlib.TB_PPM_Receiver xil_defaultlib.glbl -log elaborate.log"
Vivado Simulator 2020.1
Copyright 1986-1999, 2001-2020 Xilinx, Inc. All Rights Reserved.
Running: C:/Xilinx/Vivado/2020.1/bin/unwrapped/win64.o/xelab.exe -wto ce588711bd754d688e9e0fc92b76c3a5 --incr --debug typical --relax --mt 2 -L xil_defaultlib -L xilinx_vip -L unisims_ver -L unimacro_ver -L secureip -L xpm --snapshot TB_PPM_Receiver_behav xil_defaultlib.TB_PPM_Receiver xil_defaultlib.glbl -log elaborate.log 
Using 2 slave threads.
Starting static elaboration
Pass Through NonSizing Optimizer
ERROR: [VRFC 10-3311] expression has 6 elements ; formal 's00_axi_awaddr' expects 32 [C:/Users/diepw50/CPRE-488-Labs/MP-1/hw/MP-1/MP-1.srcs/sim_1/imports/Downloads/TB_Network_Detection.vhd:321]
ERROR: [XSIM 43-3322] Static elaboration of top level Verilog design unit(s) in library work failed.
INFO: [USF-XSim-69] 'elaborate' step finished in '1' seconds
INFO: [USF-XSim-99] Step results log file:'C:/Users/diepw50/CPRE-488-Labs/MP-1/hw/MP-1/MP-1.sim/sim_1/behav/xsim/elaborate.log'
ERROR: [USF-XSim-62] 'elaborate' step failed with error(s). Please check the Tcl console output or 'C:/Users/diepw50/CPRE-488-Labs/MP-1/hw/MP-1/MP-1.sim/sim_1/behav/xsim/elaborate.log' file for more information.
ERROR: [Vivado 12-4473] Detected error while running simulation. Please correct the issue and retry this operation.
launch_simulation: Time (s): cpu = 00:00:02 ; elapsed = 00:00:06 . Memory (MB): peak = 1051.656 ; gain = 0.000
ERROR: [Common 17-39] 'launch_simulation' failed due to earlier errors.
update_compile_order -fileset sources_1
launch_simulation
Command: launch_simulation 
INFO: [Vivado 12-5698] Checking validity of IPs in the design for the 'XSim' simulator...
WARNING: [BD 41-176] The physical port 'S_AXI_GP2_rd_socket' specified in the portmap, is not found on the block! 
WARNING: [BD 41-176] The physical port 'S_AXI_GP2_wr_socket' specified in the portmap, is not found on the block! 
WARNING: [BD 41-176] The physical port 'S_AXI_GP3_rd_socket' specified in the portmap, is not found on the block! 
WARNING: [BD 41-176] The physical port 'S_AXI_GP3_wr_socket' specified in the portmap, is not found on the block! 
INFO: [Vivado 12-5682] Launching behavioral simulation in 'C:/Users/diepw50/CPRE-488-Labs/MP-1/hw/MP-1/MP-1.sim/sim_1/behav/xsim'
INFO: [Vivado 12-4795] Using compiled simulation libraries for IPs
INFO: [SIM-utils-51] Simulation object is 'sim_1'
INFO: [USF-XSim-7] Finding pre-compiled libraries...
INFO: [USF-XSim-11] File 'C:/Xilinx/Vivado/2020.1/data/xsim/xsim.ini' copied to run dir:'C:/Users/diepw50/CPRE-488-Labs/MP-1/hw/MP-1/MP-1.sim/sim_1/behav/xsim'
INFO: [SIM-utils-54] Inspecting design source files for 'TB_PPM_Receiver' in fileset 'sim_1'...
INFO: [USF-XSim-97] Finding global include files...
INFO: [USF-XSim-98] Fetching design files from 'sim_1'...
INFO: [USF-XSim-2] XSim::Compile design
INFO: [USF-XSim-61] Executing 'COMPILE and ANALYZE' step in 'C:/Users/diepw50/CPRE-488-Labs/MP-1/hw/MP-1/MP-1.sim/sim_1/behav/xsim'
"xvlog --incr --relax -L axi_vip_v1_1_7 -L processing_system7_vip_v1_0_9 -L xilinx_vip -prj TB_PPM_Receiver_vlog.prj"
"xvhdl --incr --relax -prj TB_PPM_Receiver_vhdl.prj"
INFO: [VRFC 10-163] Analyzing VHDL file "C:/Users/diepw50/CPRE-488-Labs/MP-1/hw/MP-1/MP-1.srcs/sim_1/imports/Downloads/TB_Network_Detection.vhd" into library xil_defaultlib
INFO: [VRFC 10-3107] analyzing entity 'TB_PPM_Receiver'
INFO: [USF-XSim-69] 'compile' step finished in '1' seconds
INFO: [USF-XSim-3] XSim::Elaborate design
INFO: [USF-XSim-61] Executing 'ELABORATE' step in 'C:/Users/diepw50/CPRE-488-Labs/MP-1/hw/MP-1/MP-1.sim/sim_1/behav/xsim'
"xelab -wto ce588711bd754d688e9e0fc92b76c3a5 --incr --debug typical --relax --mt 2 -L xil_defaultlib -L xilinx_vip -L unisims_ver -L unimacro_ver -L secureip -L xpm --snapshot TB_PPM_Receiver_behav xil_defaultlib.TB_PPM_Receiver xil_defaultlib.glbl -log elaborate.log"
Vivado Simulator 2020.1
Copyright 1986-1999, 2001-2020 Xilinx, Inc. All Rights Reserved.
Running: C:/Xilinx/Vivado/2020.1/bin/unwrapped/win64.o/xelab.exe -wto ce588711bd754d688e9e0fc92b76c3a5 --incr --debug typical --relax --mt 2 -L xil_defaultlib -L xilinx_vip -L unisims_ver -L unimacro_ver -L secureip -L xpm --snapshot TB_PPM_Receiver_behav xil_defaultlib.TB_PPM_Receiver xil_defaultlib.glbl -log elaborate.log 
Using 2 slave threads.
Starting static elaboration
Pass Through NonSizing Optimizer
ERROR: [VRFC 10-664] expression has 32 elements ; expected 6 [C:/Users/diepw50/CPRE-488-Labs/MP-1/hw/MP-1/MP-1.srcs/sim_1/imports/Downloads/TB_Network_Detection.vhd:41]
ERROR: [VRFC 10-664] expression has 32 elements ; expected 6 [C:/Users/diepw50/CPRE-488-Labs/MP-1/hw/MP-1/MP-1.srcs/sim_1/imports/Downloads/TB_Network_Detection.vhd:52]
ERROR: [XSIM 43-3322] Static elaboration of top level Verilog design unit(s) in library work failed.
INFO: [USF-XSim-69] 'elaborate' step finished in '1' seconds
INFO: [USF-XSim-99] Step results log file:'C:/Users/diepw50/CPRE-488-Labs/MP-1/hw/MP-1/MP-1.sim/sim_1/behav/xsim/elaborate.log'
ERROR: [USF-XSim-62] 'elaborate' step failed with error(s). Please check the Tcl console output or 'C:/Users/diepw50/CPRE-488-Labs/MP-1/hw/MP-1/MP-1.sim/sim_1/behav/xsim/elaborate.log' file for more information.
ERROR: [Vivado 12-4473] Detected error while running simulation. Please correct the issue and retry this operation.
ERROR: [Common 17-39] 'launch_simulation' failed due to earlier errors.
launch_simulation
Command: launch_simulation 
INFO: [Vivado 12-5698] Checking validity of IPs in the design for the 'XSim' simulator...
WARNING: [BD 41-176] The physical port 'S_AXI_GP2_rd_socket' specified in the portmap, is not found on the block! 
WARNING: [BD 41-176] The physical port 'S_AXI_GP2_wr_socket' specified in the portmap, is not found on the block! 
WARNING: [BD 41-176] The physical port 'S_AXI_GP3_rd_socket' specified in the portmap, is not found on the block! 
WARNING: [BD 41-176] The physical port 'S_AXI_GP3_wr_socket' specified in the portmap, is not found on the block! 
INFO: [Vivado 12-5682] Launching behavioral simulation in 'C:/Users/diepw50/CPRE-488-Labs/MP-1/hw/MP-1/MP-1.sim/sim_1/behav/xsim'
INFO: [Vivado 12-4795] Using compiled simulation libraries for IPs
INFO: [SIM-utils-51] Simulation object is 'sim_1'
INFO: [USF-XSim-7] Finding pre-compiled libraries...
INFO: [USF-XSim-11] File 'C:/Xilinx/Vivado/2020.1/data/xsim/xsim.ini' copied to run dir:'C:/Users/diepw50/CPRE-488-Labs/MP-1/hw/MP-1/MP-1.sim/sim_1/behav/xsim'
INFO: [SIM-utils-54] Inspecting design source files for 'TB_PPM_Receiver' in fileset 'sim_1'...
INFO: [USF-XSim-97] Finding global include files...
INFO: [USF-XSim-98] Fetching design files from 'sim_1'...
INFO: [USF-XSim-2] XSim::Compile design
INFO: [USF-XSim-61] Executing 'COMPILE and ANALYZE' step in 'C:/Users/diepw50/CPRE-488-Labs/MP-1/hw/MP-1/MP-1.sim/sim_1/behav/xsim'
"xvlog --incr --relax -L axi_vip_v1_1_7 -L processing_system7_vip_v1_0_9 -L xilinx_vip -prj TB_PPM_Receiver_vlog.prj"
"xvhdl --incr --relax -prj TB_PPM_Receiver_vhdl.prj"
INFO: [VRFC 10-163] Analyzing VHDL file "C:/Users/diepw50/CPRE-488-Labs/MP-1/hw/MP-1/MP-1.srcs/sim_1/imports/Downloads/TB_Network_Detection.vhd" into library xil_defaultlib
INFO: [VRFC 10-3107] analyzing entity 'TB_PPM_Receiver'
INFO: [USF-XSim-69] 'compile' step finished in '1' seconds
INFO: [USF-XSim-3] XSim::Elaborate design
INFO: [USF-XSim-61] Executing 'ELABORATE' step in 'C:/Users/diepw50/CPRE-488-Labs/MP-1/hw/MP-1/MP-1.sim/sim_1/behav/xsim'
"xelab -wto ce588711bd754d688e9e0fc92b76c3a5 --incr --debug typical --relax --mt 2 -L xil_defaultlib -L xilinx_vip -L unisims_ver -L unimacro_ver -L secureip -L xpm --snapshot TB_PPM_Receiver_behav xil_defaultlib.TB_PPM_Receiver xil_defaultlib.glbl -log elaborate.log"
Vivado Simulator 2020.1
Copyright 1986-1999, 2001-2020 Xilinx, Inc. All Rights Reserved.
Running: C:/Xilinx/Vivado/2020.1/bin/unwrapped/win64.o/xelab.exe -wto ce588711bd754d688e9e0fc92b76c3a5 --incr --debug typical --relax --mt 2 -L xil_defaultlib -L xilinx_vip -L unisims_ver -L unimacro_ver -L secureip -L xpm --snapshot TB_PPM_Receiver_behav xil_defaultlib.TB_PPM_Receiver xil_defaultlib.glbl -log elaborate.log 
Using 2 slave threads.
Starting static elaboration
Pass Through NonSizing Optimizer
Completed static elaboration
Starting simulation data flow analysis
Completed simulation data flow analysis
ERROR: [XSIM 43-3249] File C:/Users/diepw50/CPRE-488-Labs/MP-1/hw/MP-1/MP-1.srcs/sim_1/imports/Downloads/TB_Network_Detection.vhd, line 84. Unresolved signal "input_state" is multiply driven.
INFO: [USF-XSim-69] 'elaborate' step finished in '1' seconds
INFO: [USF-XSim-99] Step results log file:'C:/Users/diepw50/CPRE-488-Labs/MP-1/hw/MP-1/MP-1.sim/sim_1/behav/xsim/elaborate.log'
ERROR: [USF-XSim-62] 'elaborate' step failed with error(s). Please check the Tcl console output or 'C:/Users/diepw50/CPRE-488-Labs/MP-1/hw/MP-1/MP-1.sim/sim_1/behav/xsim/elaborate.log' file for more information.
ERROR: [Vivado 12-4473] Detected error while running simulation. Please correct the issue and retry this operation.
ERROR: [Common 17-39] 'launch_simulation' failed due to earlier errors.
exit
INFO: [Common 17-206] Exiting Vivado at Tue Feb 17 16:17:49 2026...
