#-----------------------------------------------------------
# Vivado v2020.1 (64-bit)
# SW Build 2902540 on Wed May 27 19:54:49 MDT 2020
# IP Build 2902112 on Wed May 27 22:43:36 MDT 2020
# Start of session at: Fri Feb 20 20:38:36 2026
# Process ID: 2172
# Current directory: C:/Users/diepw50/CPRE-488-Labs/MP-1/hw/MP-1
# Command line: vivado.exe -gui_launcher_event rodinguilauncherevent27392 C:\Users\diepw50\CPRE-488-Labs\MP-1\hw\MP-1\MP-1.xpr
# Log file: C:/Users/diepw50/CPRE-488-Labs/MP-1/hw/MP-1/vivado.log
# Journal file: C:/Users/diepw50/CPRE-488-Labs/MP-1/hw/MP-1\vivado.jou
#-----------------------------------------------------------
start_gui
open_project C:/Users/diepw50/CPRE-488-Labs/MP-1/hw/MP-1/MP-1.xpr
Scanning sources...
Finished scanning sources
INFO: [IP_Flow 19-234] Refreshing IP repositories
INFO: [IP_Flow 19-1700] Loaded user IP repository 'c:/Users/diepw50/CPRE-488-Labs/MP-1/hw/ip_repo/axi_ppm4_1.0'.
INFO: [IP_Flow 19-1700] Loaded user IP repository 'c:/Users/diepw50/CPRE-488-Labs/MP-1/hw/ip_repo/ppm3_1.0'.
INFO: [IP_Flow 19-1700] Loaded user IP repository 'c:/Users/diepw50/CPRE-488-Labs/MP-1/hw/ip_repo/ppm2_1.0'.
INFO: [IP_Flow 19-1700] Loaded user IP repository 'c:/Users/diepw50/CPRE-488-Labs/MP-1/hw/ip_repo/axi_ppm_1.0'.
INFO: [IP_Flow 19-2313] Loaded Vivado IP repository 'C:/Xilinx/Vivado/2020.1/data/ip'.
open_project: Time (s): cpu = 00:00:09 ; elapsed = 00:00:05 . Memory (MB): peak = 1014.602 ; gain = 0.000
open_bd_design {C:/Users/diepw50/CPRE-488-Labs/MP-1/hw/MP-1/MP-1.srcs/sources_1/bd/design_1/design_1.bd}
Adding component instance block -- xilinx.com:ip:processing_system7:5.5 - processing_system7_0
WARNING: [BD 41-176] The physical port 'S_AXI_GP2_rd_socket' specified in the portmap, is not found on the block! 
WARNING: [BD 41-176] The physical port 'S_AXI_GP2_wr_socket' specified in the portmap, is not found on the block! 
WARNING: [BD 41-176] The physical port 'S_AXI_GP3_rd_socket' specified in the portmap, is not found on the block! 
WARNING: [BD 41-176] The physical port 'S_AXI_GP3_wr_socket' specified in the portmap, is not found on the block! 
Adding component instance block -- xilinx.com:ip:axi_interconnect:2.1 - ps7_0_axi_periph
Adding component instance block -- xilinx.com:ip:axi_protocol_converter:2.1 - auto_pc
Adding component instance block -- xilinx.com:ip:proc_sys_reset:5.0 - rst_ps7_0_100M
Adding component instance block -- xilinx.com:ip:xlconstant:1.1 - constant_high
Adding component instance block -- xilinx.com:ip:xlconstant:1.1 - constant_low
Adding component instance block -- xilinx.com:ip:xlconstant:1.1 - xlconstant_0
Adding component instance block -- xilinx.com:ip:xlconstant:1.1 - xlconstant_1
Adding component instance block -- xilinx.com:ip:xlconstant:1.1 - xlconstant_2
Adding component instance block -- xilinx.com:ip:ila:6.2 - ila_0
INFO: [xilinx.com:ip:ila:6.2-6] /ila_0: Xilinx recommends using the System ILA IP in IP Integrator. The System ILA IP is functionally equivalent to an ILA and offers additional benefits in debugging interfaces both within IP Integrator and the Hardware Manager. Consult the Programming and Debug User Guide UG908 for further details.
Adding component instance block -- xilinx.com:ip:xlslice:1.0 - xlslice_0
Adding component instance block -- xilinx.com:ip:ila:6.2 - ila_1
INFO: [xilinx.com:ip:ila:6.2-6] /ila_1: Xilinx recommends using the System ILA IP in IP Integrator. The System ILA IP is functionally equivalent to an ILA and offers additional benefits in debugging interfaces both within IP Integrator and the Hardware Manager. Consult the Programming and Debug User Guide UG908 for further details.
Adding component instance block -- xilinx.com:ip:xlslice:1.0 - xlslice_1
Adding component instance block -- xilinx.com:ip:system_ila:1.1 - system_ila_0
Adding component instance block -- xilinx.com:ip:system_ila:1.1 - system_ila_1
Adding component instance block -- xilinx.com:ip:system_ila:1.1 - system_ila_2
Adding component instance block -- iastate.edu:user:axi_ppm4:1.0 - axi_ppm4_0
Successfully read diagram <design_1> from BD file <C:/Users/diepw50/CPRE-488-Labs/MP-1/hw/MP-1/MP-1.srcs/sources_1/bd/design_1/design_1.bd>
update_compile_order -fileset sources_1
delete_bd_objs [get_bd_nets s00_reg10_out] [get_bd_nets s00_reg12_out] [get_bd_nets s00_reg13_out] [get_bd_nets s00_reg0_out] [get_bd_nets s00_reg15_out] [get_bd_nets s00_reg11_out] [get_bd_nets s00_reg14_out] [get_bd_cells system_ila_0]
delete_bd_objs [get_bd_cells system_ila_1]
delete_bd_objs [get_bd_cells ila_0]
regenerate_bd_layout
delete_bd_objs [get_bd_cells ila_1]
delete_bd_objs [get_bd_cells system_ila_2]
regenerate_bd_layout
update_ip_catalog -rebuild -scan_changes
INFO: [IP_Flow 19-234] Refreshing IP repositories
INFO: [IP_Flow 19-1700] Loaded user IP repository 'c:/Users/diepw50/CPRE-488-Labs/MP-1/hw/ip_repo/axi_ppm4_1.0'.
INFO: [IP_Flow 19-1700] Loaded user IP repository 'c:/Users/diepw50/CPRE-488-Labs/MP-1/hw/ip_repo/ppm3_1.0'.
INFO: [IP_Flow 19-1700] Loaded user IP repository 'c:/Users/diepw50/CPRE-488-Labs/MP-1/hw/ip_repo/ppm2_1.0'.
INFO: [IP_Flow 19-1700] Loaded user IP repository 'c:/Users/diepw50/CPRE-488-Labs/MP-1/hw/ip_repo/axi_ppm_1.0'.
report_ip_status -name ip_status
upgrade_ip -vlnv iastate.edu:user:axi_ppm4:1.0 [get_ips  design_1_axi_ppm4_0_0] -log ip_upgrade.log
Upgrading 'C:/Users/diepw50/CPRE-488-Labs/MP-1/hw/MP-1/MP-1.srcs/sources_1/bd/design_1/design_1.bd'
INFO: [IP_Flow 19-3422] Upgraded design_1_axi_ppm4_0_0 (axi_ppm4_v1.0 1.0) from revision 32 to revision 33
Wrote  : <C:\Users\diepw50\CPRE-488-Labs\MP-1\hw\MP-1\MP-1.srcs\sources_1\bd\design_1\design_1.bd> 
Wrote  : <C:/Users/diepw50/CPRE-488-Labs/MP-1/hw/MP-1/MP-1.srcs/sources_1/bd/design_1/ui/bd_1f5defd0.ui> 
INFO: [Coretcl 2-1525] Wrote upgrade log to 'C:/Users/diepw50/CPRE-488-Labs/MP-1/hw/MP-1/ip_upgrade.log'.
export_ip_user_files -of_objects [get_ips design_1_axi_ppm4_0_0] -no_script -sync -force -quiet
generate_target all [get_files  C:/Users/diepw50/CPRE-488-Labs/MP-1/hw/MP-1/MP-1.srcs/sources_1/bd/design_1/design_1.bd]
WARNING: [BD 41-1781] Updates have been made to one or more nets/interface connections marked for debug.
Debug nets, which are already connected to any ILA IP core in the block-design, will be automatically available for debug in Hardware Manager.
For unconnected Debug nets, please open synthesized design and use 'Set Up Debug' wizard to insert, modify or delete Debug Cores. 
WARNING: [BD 41-1271] The connection to the pin: /ps7_0_axi_periph/M00_AXI_arvalid has been overridden by the user. This pin will not be connected as a part of the interface connection: ps7_0_axi_periph_M00_AXI 
WARNING: [BD 41-1271] The connection to the pin: /ps7_0_axi_periph/M00_AXI_bready has been overridden by the user. This pin will not be connected as a part of the interface connection: ps7_0_axi_periph_M00_AXI 
WARNING: [BD 41-1271] The connection to the pin: /ps7_0_axi_periph/M00_AXI_wvalid has been overridden by the user. This pin will not be connected as a part of the interface connection: ps7_0_axi_periph_M00_AXI 
WARNING: [BD 41-1271] The connection to the pin: /ps7_0_axi_periph/M00_AXI_rready has been overridden by the user. This pin will not be connected as a part of the interface connection: ps7_0_axi_periph_M00_AXI 
WARNING: [BD 41-1271] The connection to the pin: /ps7_0_axi_periph/M00_AXI_awaddr has been overridden by the user. This pin will not be connected as a part of the interface connection: ps7_0_axi_periph_M00_AXI 
WARNING: [BD 41-1271] The connection to the pin: /axi_ppm4_0/s00_axi_awready has been overridden by the user. This pin will not be connected as a part of the interface connection: ps7_0_axi_periph_M00_AXI 
WARNING: [BD 41-1271] The connection to the pin: /ps7_0_axi_periph/M00_AXI_awprot has been overridden by the user. This pin will not be connected as a part of the interface connection: ps7_0_axi_periph_M00_AXI 
WARNING: [BD 41-1271] The connection to the pin: /axi_ppm4_0/s00_axi_arready has been overridden by the user. This pin will not be connected as a part of the interface connection: ps7_0_axi_periph_M00_AXI 
WARNING: [BD 41-1271] The connection to the pin: /axi_ppm4_0/s00_axi_wready has been overridden by the user. This pin will not be connected as a part of the interface connection: ps7_0_axi_periph_M00_AXI 
WARNING: [BD 41-1271] The connection to the pin: /ps7_0_axi_periph/M00_AXI_awvalid has been overridden by the user. This pin will not be connected as a part of the interface connection: ps7_0_axi_periph_M00_AXI 
WARNING: [BD 41-1271] The connection to the pin: /ps7_0_axi_periph/M00_AXI_wdata has been overridden by the user. This pin will not be connected as a part of the interface connection: ps7_0_axi_periph_M00_AXI 
WARNING: [BD 41-1271] The connection to the pin: /ps7_0_axi_periph/M00_AXI_wstrb has been overridden by the user. This pin will not be connected as a part of the interface connection: ps7_0_axi_periph_M00_AXI 
WARNING: [BD 41-1271] The connection to the pin: /ps7_0_axi_periph/M00_AXI_arprot has been overridden by the user. This pin will not be connected as a part of the interface connection: ps7_0_axi_periph_M00_AXI 
WARNING: [BD 41-1271] The connection to the pin: /axi_ppm4_0/s00_axi_bresp has been overridden by the user. This pin will not be connected as a part of the interface connection: ps7_0_axi_periph_M00_AXI 
WARNING: [BD 41-1271] The connection to the pin: /axi_ppm4_0/s00_axi_bvalid has been overridden by the user. This pin will not be connected as a part of the interface connection: ps7_0_axi_periph_M00_AXI 
WARNING: [BD 41-1271] The connection to the pin: /ps7_0_axi_periph/M00_AXI_araddr has been overridden by the user. This pin will not be connected as a part of the interface connection: ps7_0_axi_periph_M00_AXI 
WARNING: [BD 41-1271] The connection to the pin: /axi_ppm4_0/s00_axi_rdata has been overridden by the user. This pin will not be connected as a part of the interface connection: ps7_0_axi_periph_M00_AXI 
WARNING: [BD 41-1271] The connection to the pin: /axi_ppm4_0/s00_axi_rresp has been overridden by the user. This pin will not be connected as a part of the interface connection: ps7_0_axi_periph_M00_AXI 
WARNING: [BD 41-1271] The connection to the pin: /axi_ppm4_0/s00_axi_rvalid has been overridden by the user. This pin will not be connected as a part of the interface connection: ps7_0_axi_periph_M00_AXI 
Wrote  : <C:\Users\diepw50\CPRE-488-Labs\MP-1\hw\MP-1\MP-1.srcs\sources_1\bd\design_1\design_1.bd> 
VHDL Output written to : C:/Users/diepw50/CPRE-488-Labs/MP-1/hw/MP-1/MP-1.srcs/sources_1/bd/design_1/synth/design_1.vhd
VHDL Output written to : C:/Users/diepw50/CPRE-488-Labs/MP-1/hw/MP-1/MP-1.srcs/sources_1/bd/design_1/sim/design_1.vhd
VHDL Output written to : C:/Users/diepw50/CPRE-488-Labs/MP-1/hw/MP-1/MP-1.srcs/sources_1/bd/design_1/hdl/design_1_wrapper.vhd
INFO: [BD 41-1029] Generation completed for the IP Integrator block axi_ppm4_0 .
WARNING: [IP_Flow 19-4994] Overwriting existing constraint file 'c:/Users/diepw50/CPRE-488-Labs/MP-1/hw/MP-1/MP-1.srcs/sources_1/bd/design_1/ip/design_1_auto_pc_0/design_1_auto_pc_0_ooc.xdc'
INFO: [BD 41-1029] Generation completed for the IP Integrator block ps7_0_axi_periph/s00_couplers/auto_pc .
Exporting to file C:/Users/diepw50/CPRE-488-Labs/MP-1/hw/MP-1/MP-1.srcs/sources_1/bd/design_1/hw_handoff/design_1.hwh
Generated Block Design Tcl file C:/Users/diepw50/CPRE-488-Labs/MP-1/hw/MP-1/MP-1.srcs/sources_1/bd/design_1/hw_handoff/design_1_bd.tcl
Generated Hardware Definition File C:/Users/diepw50/CPRE-488-Labs/MP-1/hw/MP-1/MP-1.srcs/sources_1/bd/design_1/synth/design_1.hwdef
catch { config_ip_cache -export [get_ips -all design_1_axi_ppm4_0_0] }
catch { config_ip_cache -export [get_ips -all design_1_auto_pc_0] }
INFO: [IP_Flow 19-4993] Using cached IP synthesis design for IP design_1_auto_pc_0, cache-ID = 56354ab39623b423; cache size = 132.322 MB.
export_ip_user_files -of_objects [get_files C:/Users/diepw50/CPRE-488-Labs/MP-1/hw/MP-1/MP-1.srcs/sources_1/bd/design_1/design_1.bd] -no_script -sync -force -quiet
create_ip_run [get_files -of_objects [get_fileset sources_1] C:/Users/diepw50/CPRE-488-Labs/MP-1/hw/MP-1/MP-1.srcs/sources_1/bd/design_1/design_1.bd]
launch_runs design_1_axi_ppm4_0_0_synth_1 -jobs 10
[Fri Feb 20 20:46:19 2026] Launched design_1_axi_ppm4_0_0_synth_1...
Run output will be captured here: C:/Users/diepw50/CPRE-488-Labs/MP-1/hw/MP-1/MP-1.runs/design_1_axi_ppm4_0_0_synth_1/runme.log
export_simulation -of_objects [get_files C:/Users/diepw50/CPRE-488-Labs/MP-1/hw/MP-1/MP-1.srcs/sources_1/bd/design_1/design_1.bd] -directory C:/Users/diepw50/CPRE-488-Labs/MP-1/hw/MP-1/MP-1.ip_user_files/sim_scripts -ip_user_files_dir C:/Users/diepw50/CPRE-488-Labs/MP-1/hw/MP-1/MP-1.ip_user_files -ipstatic_source_dir C:/Users/diepw50/CPRE-488-Labs/MP-1/hw/MP-1/MP-1.ip_user_files/ipstatic -lib_map_path [list {modelsim=C:/Users/diepw50/CPRE-488-Labs/MP-1/hw/MP-1/MP-1.cache/compile_simlib/modelsim} {questa=C:/Users/diepw50/CPRE-488-Labs/MP-1/hw/MP-1/MP-1.cache/compile_simlib/questa} {riviera=C:/Users/diepw50/CPRE-488-Labs/MP-1/hw/MP-1/MP-1.cache/compile_simlib/riviera} {activehdl=C:/Users/diepw50/CPRE-488-Labs/MP-1/hw/MP-1/MP-1.cache/compile_simlib/activehdl}] -use_ip_compiled_libs -force -quiet
startgroup
create_bd_cell -type ip -vlnv xilinx.com:ip:ila:6.2 ila_0
INFO: [xilinx.com:ip:ila:6.2-6] /ila_0: Xilinx recommends using the System ILA IP in IP Integrator. The System ILA IP is functionally equivalent to an ILA and offers additional benefits in debugging interfaces both within IP Integrator and the Hardware Manager. Consult the Programming and Debug User Guide UG908 for further details.
endgroup
delete_bd_objs [get_bd_cells ila_0]
regenerate_bd_layout
startgroup
create_bd_cell -type ip -vlnv xilinx.com:ip:ila:6.2 ila_0
INFO: [xilinx.com:ip:ila:6.2-6] /ila_0: Xilinx recommends using the System ILA IP in IP Integrator. The System ILA IP is functionally equivalent to an ILA and offers additional benefits in debugging interfaces both within IP Integrator and the Hardware Manager. Consult the Programming and Debug User Guide UG908 for further details.
endgroup
WARNING: [IP_Flow 19-4067] Ignoring invalid widget type specified checkbox.Providing a default widget
delete_bd_objs [get_bd_cells ila_0]
startgroup
connect_bd_net -net s00_reg0_out [get_bd_pins axi_ppm4_0/s00_reg0_out]
connect_bd_net -net s00_reg10_out [get_bd_pins axi_ppm4_0/s00_reg10_out]
connect_bd_net -net s00_reg11_out [get_bd_pins axi_ppm4_0/s00_reg11_out]
connect_bd_net -net s00_reg12_out [get_bd_pins axi_ppm4_0/s00_reg12_out]
connect_bd_net -net s00_reg13_out [get_bd_pins axi_ppm4_0/s00_reg13_out]
connect_bd_net -net s00_reg14_out [get_bd_pins axi_ppm4_0/s00_reg14_out]
connect_bd_net -net s00_reg15_out [get_bd_pins axi_ppm4_0/s00_reg15_out]
set_property HDL_ATTRIBUTE.DEBUG true [get_bd_nets {s00_reg0_out s00_reg10_out s00_reg11_out s00_reg12_out s00_reg13_out s00_reg14_out s00_reg15_out }]
true
endgroup
startgroup
apply_bd_automation -rule xilinx.com:bd_rule:debug -dict [list \
                                                          [get_bd_nets s00_reg0_out] {PROBE_TYPE "Data and Trigger" CLK_SRC "/processing_system7_0/FCLK_CLK0" SYSTEM_ILA "Auto" } \
                                                          [get_bd_nets s00_reg10_out] {PROBE_TYPE "Data and Trigger" CLK_SRC "/processing_system7_0/FCLK_CLK0" SYSTEM_ILA "Auto" } \
                                                          [get_bd_nets s00_reg11_out] {PROBE_TYPE "Data and Trigger" CLK_SRC "/processing_system7_0/FCLK_CLK0" SYSTEM_ILA "Auto" } \
                                                          [get_bd_nets s00_reg12_out] {PROBE_TYPE "Data and Trigger" CLK_SRC "/processing_system7_0/FCLK_CLK0" SYSTEM_ILA "Auto" } \
                                                          [get_bd_nets s00_reg13_out] {PROBE_TYPE "Data and Trigger" CLK_SRC "/processing_system7_0/FCLK_CLK0" SYSTEM_ILA "Auto" } \
                                                          [get_bd_nets s00_reg14_out] {PROBE_TYPE "Data and Trigger" CLK_SRC "/processing_system7_0/FCLK_CLK0" SYSTEM_ILA "Auto" } \
                                                          [get_bd_nets s00_reg15_out] {PROBE_TYPE "Data and Trigger" CLK_SRC "/processing_system7_0/FCLK_CLK0" SYSTEM_ILA "Auto" } \
                                                         ]
Debug Automation : Instantiating new System ILA block '/system_ila_0' with mode NATIVE, 0 slot interface pins and 7 probe pins. Also setting parameters on this block, corresponding to newly enabled interface pins and probe pins as specified via Debug Automation.
Debug Automation : Connecting source clock pin /processing_system7_0/FCLK_CLK0 to the following sink clock pins :
/system_ila_0/clk
Debug Automation : Connecting net /s00_reg0_out, to System ILA probe pin /system_ila_0/probe0 for debug.
Debug Automation : Connecting net /s00_reg10_out, to System ILA probe pin /system_ila_0/probe1 for debug.
Debug Automation : Connecting net /s00_reg11_out, to System ILA probe pin /system_ila_0/probe2 for debug.
Debug Automation : Connecting net /s00_reg12_out, to System ILA probe pin /system_ila_0/probe3 for debug.
Debug Automation : Connecting net /s00_reg13_out, to System ILA probe pin /system_ila_0/probe4 for debug.
Debug Automation : Connecting net /s00_reg14_out, to System ILA probe pin /system_ila_0/probe5 for debug.
Debug Automation : Connecting net /s00_reg15_out, to System ILA probe pin /system_ila_0/probe6 for debug.
endgroup
validate_bd_design
WARNING: [BD 41-1781] Updates have been made to one or more nets/interface connections marked for debug.
Debug nets, which are already connected to any ILA IP core in the block-design, will be automatically available for debug in Hardware Manager.
For unconnected Debug nets, please open synthesized design and use 'Set Up Debug' wizard to insert, modify or delete Debug Cores. 
WARNING: [BD 41-702] Propagation TCL tries to overwrite USER strength parameter C_ILA_CLK_FREQ(100000000) on '/ila_lib' with propagated value(1e+08). Command ignored
WARNING: [BD 41-1271] The connection to the pin: /ps7_0_axi_periph/M00_AXI_arvalid has been overridden by the user. This pin will not be connected as a part of the interface connection: ps7_0_axi_periph_M00_AXI 
WARNING: [BD 41-1271] The connection to the pin: /ps7_0_axi_periph/M00_AXI_bready has been overridden by the user. This pin will not be connected as a part of the interface connection: ps7_0_axi_periph_M00_AXI 
WARNING: [BD 41-1271] The connection to the pin: /ps7_0_axi_periph/M00_AXI_wvalid has been overridden by the user. This pin will not be connected as a part of the interface connection: ps7_0_axi_periph_M00_AXI 
WARNING: [BD 41-1271] The connection to the pin: /ps7_0_axi_periph/M00_AXI_rready has been overridden by the user. This pin will not be connected as a part of the interface connection: ps7_0_axi_periph_M00_AXI 
WARNING: [BD 41-1271] The connection to the pin: /ps7_0_axi_periph/M00_AXI_awaddr has been overridden by the user. This pin will not be connected as a part of the interface connection: ps7_0_axi_periph_M00_AXI 
WARNING: [BD 41-1271] The connection to the pin: /axi_ppm4_0/s00_axi_awready has been overridden by the user. This pin will not be connected as a part of the interface connection: ps7_0_axi_periph_M00_AXI 
WARNING: [BD 41-1271] The connection to the pin: /ps7_0_axi_periph/M00_AXI_awprot has been overridden by the user. This pin will not be connected as a part of the interface connection: ps7_0_axi_periph_M00_AXI 
WARNING: [BD 41-1271] The connection to the pin: /axi_ppm4_0/s00_axi_arready has been overridden by the user. This pin will not be connected as a part of the interface connection: ps7_0_axi_periph_M00_AXI 
WARNING: [BD 41-1271] The connection to the pin: /axi_ppm4_0/s00_axi_wready has been overridden by the user. This pin will not be connected as a part of the interface connection: ps7_0_axi_periph_M00_AXI 
WARNING: [BD 41-1271] The connection to the pin: /ps7_0_axi_periph/M00_AXI_awvalid has been overridden by the user. This pin will not be connected as a part of the interface connection: ps7_0_axi_periph_M00_AXI 
WARNING: [BD 41-1271] The connection to the pin: /ps7_0_axi_periph/M00_AXI_wdata has been overridden by the user. This pin will not be connected as a part of the interface connection: ps7_0_axi_periph_M00_AXI 
WARNING: [BD 41-1271] The connection to the pin: /ps7_0_axi_periph/M00_AXI_wstrb has been overridden by the user. This pin will not be connected as a part of the interface connection: ps7_0_axi_periph_M00_AXI 
WARNING: [BD 41-1271] The connection to the pin: /ps7_0_axi_periph/M00_AXI_arprot has been overridden by the user. This pin will not be connected as a part of the interface connection: ps7_0_axi_periph_M00_AXI 
WARNING: [BD 41-1271] The connection to the pin: /axi_ppm4_0/s00_axi_bresp has been overridden by the user. This pin will not be connected as a part of the interface connection: ps7_0_axi_periph_M00_AXI 
WARNING: [BD 41-1271] The connection to the pin: /axi_ppm4_0/s00_axi_bvalid has been overridden by the user. This pin will not be connected as a part of the interface connection: ps7_0_axi_periph_M00_AXI 
WARNING: [BD 41-1271] The connection to the pin: /ps7_0_axi_periph/M00_AXI_araddr has been overridden by the user. This pin will not be connected as a part of the interface connection: ps7_0_axi_periph_M00_AXI 
WARNING: [BD 41-1271] The connection to the pin: /axi_ppm4_0/s00_axi_rdata has been overridden by the user. This pin will not be connected as a part of the interface connection: ps7_0_axi_periph_M00_AXI 
WARNING: [BD 41-1271] The connection to the pin: /axi_ppm4_0/s00_axi_rresp has been overridden by the user. This pin will not be connected as a part of the interface connection: ps7_0_axi_periph_M00_AXI 
WARNING: [BD 41-1271] The connection to the pin: /axi_ppm4_0/s00_axi_rvalid has been overridden by the user. This pin will not be connected as a part of the interface connection: ps7_0_axi_periph_M00_AXI 
startgroup
set_property HDL_ATTRIBUTE.DEBUG false [get_bd_nets { M00_AXI_rvalid_1 ps7_0_axi_periph_M00_AXI_wvalid ps7_0_axi_periph_M00_AXI_arprot M00_AXI_arready_1 ps7_0_axi_periph_M00_AXI_arvalid M00_AXI_bvalid_1 ps7_0_axi_periph_M00_AXI_bready M00_AXI_rdata_1 M00_AXI_awready_1 M00_AXI_rresp_1 ps7_0_axi_periph_M00_AXI_araddr ps7_0_axi_periph_M00_AXI_awvalid ps7_0_axi_periph_M00_AXI_awprot M00_AXI_wready_1 M00_AXI_bresp_1 ps7_0_axi_periph_M00_AXI_wstrb ps7_0_axi_periph_M00_AXI_wdata ps7_0_axi_periph_M00_AXI_rready } ]
endgroup
startgroup
set_property HDL_ATTRIBUTE.DEBUG false [get_bd_nets { xlslice_0_Dout xlslice_1_Dout } ]
endgroup
startgroup
set_property HDL_ATTRIBUTE.DEBUG false [get_bd_nets { ppm_in_0_1 } ]
endgroup
save_bd_design
Wrote  : <C:\Users\diepw50\CPRE-488-Labs\MP-1\hw\MP-1\MP-1.srcs\sources_1\bd\design_1\design_1.bd> 
Wrote  : <C:/Users/diepw50/CPRE-488-Labs/MP-1/hw/MP-1/MP-1.srcs/sources_1/bd/design_1/ui/bd_1f5defd0.ui> 
reset_run synth_1
launch_runs impl_1 -to_step write_bitstream -jobs 10
WARNING: [BD 41-1781] Updates have been made to one or more nets/interface connections marked for debug.
Debug nets, which are already connected to any ILA IP core in the block-design, will be automatically available for debug in Hardware Manager.
For unconnected Debug nets, please open synthesized design and use 'Set Up Debug' wizard to insert, modify or delete Debug Cores. 
WARNING: [BD 41-702] Propagation TCL tries to overwrite USER strength parameter C_ILA_CLK_FREQ(100000000) on '/ila_lib' with propagated value(1e+08). Command ignored
WARNING: [BD 41-1271] The connection to the pin: /ps7_0_axi_periph/M00_AXI_arvalid has been overridden by the user. This pin will not be connected as a part of the interface connection: ps7_0_axi_periph_M00_AXI 
WARNING: [BD 41-1271] The connection to the pin: /ps7_0_axi_periph/M00_AXI_bready has been overridden by the user. This pin will not be connected as a part of the interface connection: ps7_0_axi_periph_M00_AXI 
WARNING: [BD 41-1271] The connection to the pin: /ps7_0_axi_periph/M00_AXI_wvalid has been overridden by the user. This pin will not be connected as a part of the interface connection: ps7_0_axi_periph_M00_AXI 
WARNING: [BD 41-1271] The connection to the pin: /ps7_0_axi_periph/M00_AXI_rready has been overridden by the user. This pin will not be connected as a part of the interface connection: ps7_0_axi_periph_M00_AXI 
WARNING: [BD 41-1271] The connection to the pin: /ps7_0_axi_periph/M00_AXI_awaddr has been overridden by the user. This pin will not be connected as a part of the interface connection: ps7_0_axi_periph_M00_AXI 
WARNING: [BD 41-1271] The connection to the pin: /axi_ppm4_0/s00_axi_awready has been overridden by the user. This pin will not be connected as a part of the interface connection: ps7_0_axi_periph_M00_AXI 
WARNING: [BD 41-1271] The connection to the pin: /ps7_0_axi_periph/M00_AXI_awprot has been overridden by the user. This pin will not be connected as a part of the interface connection: ps7_0_axi_periph_M00_AXI 
WARNING: [BD 41-1271] The connection to the pin: /axi_ppm4_0/s00_axi_arready has been overridden by the user. This pin will not be connected as a part of the interface connection: ps7_0_axi_periph_M00_AXI 
WARNING: [BD 41-1271] The connection to the pin: /axi_ppm4_0/s00_axi_wready has been overridden by the user. This pin will not be connected as a part of the interface connection: ps7_0_axi_periph_M00_AXI 
WARNING: [BD 41-1271] The connection to the pin: /ps7_0_axi_periph/M00_AXI_awvalid has been overridden by the user. This pin will not be connected as a part of the interface connection: ps7_0_axi_periph_M00_AXI 
WARNING: [BD 41-1271] The connection to the pin: /ps7_0_axi_periph/M00_AXI_wdata has been overridden by the user. This pin will not be connected as a part of the interface connection: ps7_0_axi_periph_M00_AXI 
WARNING: [BD 41-1271] The connection to the pin: /ps7_0_axi_periph/M00_AXI_wstrb has been overridden by the user. This pin will not be connected as a part of the interface connection: ps7_0_axi_periph_M00_AXI 
WARNING: [BD 41-1271] The connection to the pin: /ps7_0_axi_periph/M00_AXI_arprot has been overridden by the user. This pin will not be connected as a part of the interface connection: ps7_0_axi_periph_M00_AXI 
WARNING: [BD 41-1271] The connection to the pin: /axi_ppm4_0/s00_axi_bresp has been overridden by the user. This pin will not be connected as a part of the interface connection: ps7_0_axi_periph_M00_AXI 
WARNING: [BD 41-1271] The connection to the pin: /axi_ppm4_0/s00_axi_bvalid has been overridden by the user. This pin will not be connected as a part of the interface connection: ps7_0_axi_periph_M00_AXI 
WARNING: [BD 41-1271] The connection to the pin: /ps7_0_axi_periph/M00_AXI_araddr has been overridden by the user. This pin will not be connected as a part of the interface connection: ps7_0_axi_periph_M00_AXI 
WARNING: [BD 41-1271] The connection to the pin: /axi_ppm4_0/s00_axi_rdata has been overridden by the user. This pin will not be connected as a part of the interface connection: ps7_0_axi_periph_M00_AXI 
WARNING: [BD 41-1271] The connection to the pin: /axi_ppm4_0/s00_axi_rresp has been overridden by the user. This pin will not be connected as a part of the interface connection: ps7_0_axi_periph_M00_AXI 
WARNING: [BD 41-1271] The connection to the pin: /axi_ppm4_0/s00_axi_rvalid has been overridden by the user. This pin will not be connected as a part of the interface connection: ps7_0_axi_periph_M00_AXI 
Wrote  : <C:\Users\diepw50\CPRE-488-Labs\MP-1\hw\MP-1\MP-1.srcs\sources_1\bd\design_1\design_1.bd> 
VHDL Output written to : C:/Users/diepw50/CPRE-488-Labs/MP-1/hw/MP-1/MP-1.srcs/sources_1/bd/design_1/synth/design_1.vhd
VHDL Output written to : C:/Users/diepw50/CPRE-488-Labs/MP-1/hw/MP-1/MP-1.srcs/sources_1/bd/design_1/sim/design_1.vhd
VHDL Output written to : C:/Users/diepw50/CPRE-488-Labs/MP-1/hw/MP-1/MP-1.srcs/sources_1/bd/design_1/hdl/design_1_wrapper.vhd
Exporting to file c:/Users/diepw50/CPRE-488-Labs/MP-1/hw/MP-1/MP-1.srcs/sources_1/bd/design_1/ip/design_1_system_ila_0_0/bd_0/hw_handoff/design_1_system_ila_0_0.hwh
Generated Block Design Tcl file c:/Users/diepw50/CPRE-488-Labs/MP-1/hw/MP-1/MP-1.srcs/sources_1/bd/design_1/ip/design_1_system_ila_0_0/bd_0/hw_handoff/design_1_system_ila_0_0_bd.tcl
Generated Hardware Definition File c:/Users/diepw50/CPRE-488-Labs/MP-1/hw/MP-1/MP-1.srcs/sources_1/bd/design_1/ip/design_1_system_ila_0_0/bd_0/synth/design_1_system_ila_0_0.hwdef
INFO: [BD 41-1029] Generation completed for the IP Integrator block system_ila_0 .
WARNING: [IP_Flow 19-4994] Overwriting existing constraint file 'c:/Users/diepw50/CPRE-488-Labs/MP-1/hw/MP-1/MP-1.srcs/sources_1/bd/design_1/ip/design_1_auto_pc_0/design_1_auto_pc_0_ooc.xdc'
INFO: [BD 41-1029] Generation completed for the IP Integrator block ps7_0_axi_periph/s00_couplers/auto_pc .
Exporting to file C:/Users/diepw50/CPRE-488-Labs/MP-1/hw/MP-1/MP-1.srcs/sources_1/bd/design_1/hw_handoff/design_1.hwh
Generated Block Design Tcl file C:/Users/diepw50/CPRE-488-Labs/MP-1/hw/MP-1/MP-1.srcs/sources_1/bd/design_1/hw_handoff/design_1_bd.tcl
Generated Hardware Definition File C:/Users/diepw50/CPRE-488-Labs/MP-1/hw/MP-1/MP-1.srcs/sources_1/bd/design_1/synth/design_1.hwdef
INFO: [IP_Flow 19-4993] Using cached IP synthesis design for IP design_1_auto_pc_0, cache-ID = 56354ab39623b423; cache size = 132.844 MB.
[Fri Feb 20 20:49:46 2026] Launched design_1_system_ila_0_0_synth_1, synth_1...
Run output will be captured here:
design_1_system_ila_0_0_synth_1: C:/Users/diepw50/CPRE-488-Labs/MP-1/hw/MP-1/MP-1.runs/design_1_system_ila_0_0_synth_1/runme.log
synth_1: C:/Users/diepw50/CPRE-488-Labs/MP-1/hw/MP-1/MP-1.runs/synth_1/runme.log
[Fri Feb 20 20:49:46 2026] Launched impl_1...
Run output will be captured here: C:/Users/diepw50/CPRE-488-Labs/MP-1/hw/MP-1/MP-1.runs/impl_1/runme.log
launch_runs: Time (s): cpu = 00:00:03 ; elapsed = 00:00:05 . Memory (MB): peak = 1483.367 ; gain = 14.684
open_hw_manager
connect_hw_server -allow_non_jtag
INFO: [Labtools 27-2285] Connecting to hw_server url TCP:localhost:3121
INFO: [Labtools 27-3415] Connecting to cs_server url TCP:localhost:3042
INFO: [Labtools 27-3417] Launching cs_server...
INFO: [Labtools 27-2221] Launch Output:


****** Xilinx cs_server v2020.1.0
  **** Build date : May 13 2020-20:10:29
    ** Copyright 2017-2020 Xilinx, Inc. All Rights Reserved.



open_hw_target
INFO: [Labtoolstcl 44-466] Opening hw_target localhost:3121/xilinx_tcf/Digilent/210248B18A36
set_property PROGRAM.FILE {C:/Users/diepw50/CPRE-488-Labs/MP-1/hw/MP-1/MP-1.runs/impl_1/design_1_wrapper.bit} [get_hw_devices xc7z020_1]
set_property PROBES.FILE {C:/Users/diepw50/CPRE-488-Labs/MP-1/hw/MP-1/MP-1.runs/impl_1/design_1_wrapper.ltx} [get_hw_devices xc7z020_1]
set_property FULL_PROBES.FILE {C:/Users/diepw50/CPRE-488-Labs/MP-1/hw/MP-1/MP-1.runs/impl_1/design_1_wrapper.ltx} [get_hw_devices xc7z020_1]
current_hw_device [get_hw_devices xc7z020_1]
refresh_hw_device [lindex [get_hw_devices xc7z020_1] 0]
INFO: [Labtools 27-2302] Device xc7z020 (JTAG device index = 1) is programmed with a design that has 5 ILA core(s).
WARNING: [Labtools 27-1974] Mismatch between the design programmed into the device xc7z020_1 and the probes file(s) C:/Users/diepw50/CPRE-488-Labs/MP-1/hw/MP-1/MP-1.runs/impl_1/design_1_wrapper.ltx.
The device design has 5 ILA core(s) and 0 VIO core(s). 1 ILA core(s) and 0 VIO core(s) are matched in the probes file(s).
Resolution: 
1. Reprogram device with the correct programming file and associated probes file(s) OR
2. Goto device properties and associate the correct probes file(s) with the programming file already programmed in the device.
open_bd_design {C:/Users/diepw50/CPRE-488-Labs/MP-1/hw/MP-1/MP-1.srcs/sources_1/bd/design_1/design_1.bd}
set_property pfm_name {} [get_files -all {C:/Users/diepw50/CPRE-488-Labs/MP-1/hw/MP-1/MP-1.srcs/sources_1/bd/design_1/design_1.bd}]
write_hw_platform -fixed -include_bit -force -file C:/Users/diepw50/CPRE-488-Labs/MP-1/hw/MP-1/design_1_wrapper.xsa
INFO: [Vivado 12-4895] Creating Hardware Platform: C:/Users/diepw50/CPRE-488-Labs/MP-1/hw/MP-1/design_1_wrapper.xsa ...
INFO: [Hsi 55-2053] elapsed time for repository (C:/Xilinx/Vivado/2020.1/data\embeddedsw) loading 0 seconds
INFO: [Vivado 12-4896] Successfully created Hardware Platform: C:/Users/diepw50/CPRE-488-Labs/MP-1/hw/MP-1/design_1_wrapper.xsa
write_hw_platform: Time (s): cpu = 00:00:07 ; elapsed = 00:00:07 . Memory (MB): peak = 2926.039 ; gain = 75.691
close_hw_manager
open_hw_manager
connect_hw_server -allow_non_jtag
INFO: [Labtools 27-2285] Connecting to hw_server url TCP:localhost:3121
INFO: [Labtools 27-3415] Connecting to cs_server url TCP:localhost:3042
INFO: [Labtools 27-3414] Connected to existing cs_server.
open_hw_target
INFO: [Labtoolstcl 44-466] Opening hw_target localhost:3121/xilinx_tcf/Digilent/210248B18A36
set_property PROGRAM.FILE {C:/Users/diepw50/CPRE-488-Labs/MP-1/hw/MP-1/MP-1.runs/impl_1/design_1_wrapper.bit} [get_hw_devices xc7z020_1]
set_property PROBES.FILE {C:/Users/diepw50/CPRE-488-Labs/MP-1/hw/MP-1/MP-1.runs/impl_1/design_1_wrapper.ltx} [get_hw_devices xc7z020_1]
set_property FULL_PROBES.FILE {C:/Users/diepw50/CPRE-488-Labs/MP-1/hw/MP-1/MP-1.runs/impl_1/design_1_wrapper.ltx} [get_hw_devices xc7z020_1]
current_hw_device [get_hw_devices xc7z020_1]
refresh_hw_device [lindex [get_hw_devices xc7z020_1] 0]
INFO: [Labtools 27-2302] Device xc7z020 (JTAG device index = 1) is programmed with a design that has 1 ILA core(s).
display_hw_ila_data [ get_hw_ila_data hw_ila_data_1 -of_objects [get_hw_ilas -of_objects [get_hw_devices xc7z020_1] -filter {CELL_NAME=~"design_1_i/system_ila_0/U0/ila_lib"}]]
WARNING: Simulation object design_1_i/probe1 was not found in the design.
WARNING: Simulation object design_1_i/probe5 was not found in the design.
WARNING: Simulation object design_1_i/probe10 was not found in the design.
WARNING: Simulation object design_1_i/probe14 was not found in the design.
add_wave -into {hw_ila_data_1.wcfg} -radix hex { {design_1_i/system_ila_0/U0/probe0_1} {design_1_i/system_ila_0/U0/probe1_1} {design_1_i/system_ila_0/U0/probe2_1} {design_1_i/system_ila_0/U0/probe3_1} {design_1_i/system_ila_0/U0/probe4_1} {design_1_i/system_ila_0/U0/probe5_1} {design_1_i/system_ila_0/U0/probe6_1} }
set_property NAME.CUSTOM s00_reg0_out [get_hw_probes design_1_i/system_ila_0/U0/probe0_1] 
set_property NAME.CUSTOM s00_reg10_out [get_hw_probes design_1_i/system_ila_0/U0/probe1_1] 
set_property NAME.CUSTOM s00_reg11_out [get_hw_probes design_1_i/system_ila_0/U0/probe2_1] 
set_property NAME.CUSTOM s00_reg12_out [get_hw_probes design_1_i/system_ila_0/U0/probe3_1] 
set_property NAME.CUSTOM s00_reg13_out [get_hw_probes design_1_i/system_ila_0/U0/probe4_1] 
set_property NAME.CUSTOM s00_reg14_out [get_hw_probes design_1_i/system_ila_0/U0/probe5_1] 
set_property NAME.CUSTOM s00_reg15_out [get_hw_probes design_1_i/system_ila_0/U0/probe6_1] 
run_hw_ila [get_hw_ilas -of_objects [get_hw_devices xc7z020_1] -filter {CELL_NAME=~"design_1_i/system_ila_0/U0/ila_lib"}] -trigger_now
INFO: [Labtools 27-1964] The ILA core 'hw_ila_1' trigger was armed at 2026-Feb-20 20:59:04
wait_on_hw_ila [get_hw_ilas -of_objects [get_hw_devices xc7z020_1] -filter {CELL_NAME=~"design_1_i/system_ila_0/U0/ila_lib"}]
display_hw_ila_data [upload_hw_ila_data [get_hw_ilas -of_objects [get_hw_devices xc7z020_1] -filter {CELL_NAME=~"design_1_i/system_ila_0/U0/ila_lib"}]]
INFO: [Labtools 27-1966] The ILA core 'hw_ila_1' triggered at 2026-Feb-20 20:59:04
INFO: [Labtools 27-3304] ILA Waveform data saved to file C:/Users/diepw50/CPRE-488-Labs/MP-1/hw/MP-1/MP-1.hw/backup/hw_ila_data_1.ila. Use Tcl command 'read_hw_ila_data' or Vivado File->Import->Import ILA Data menu item to import the previously saved data.
open_bd_design {C:/Users/diepw50/CPRE-488-Labs/MP-1/hw/MP-1/MP-1.srcs/sources_1/bd/design_1/design_1.bd}
update_ip_catalog -rebuild -scan_changes
INFO: [IP_Flow 19-234] Refreshing IP repositories
INFO: [IP_Flow 19-1700] Loaded user IP repository 'c:/Users/diepw50/CPRE-488-Labs/MP-1/hw/ip_repo/axi_ppm4_1.0'.
INFO: [IP_Flow 19-1700] Loaded user IP repository 'c:/Users/diepw50/CPRE-488-Labs/MP-1/hw/ip_repo/ppm3_1.0'.
INFO: [IP_Flow 19-1700] Loaded user IP repository 'c:/Users/diepw50/CPRE-488-Labs/MP-1/hw/ip_repo/ppm2_1.0'.
INFO: [IP_Flow 19-1700] Loaded user IP repository 'c:/Users/diepw50/CPRE-488-Labs/MP-1/hw/ip_repo/axi_ppm_1.0'.
report_ip_status -name ip_status
upgrade_ip -vlnv iastate.edu:user:axi_ppm4:1.0 [get_ips  design_1_axi_ppm4_0_0] -log ip_upgrade.log
Upgrading 'C:/Users/diepw50/CPRE-488-Labs/MP-1/hw/MP-1/MP-1.srcs/sources_1/bd/design_1/design_1.bd'
WARNING: [Vivado 12-1017] Problems encountered:
1. Failed to delete one or more files in run directory C:/Users/diepw50/CPRE-488-Labs/MP-1/hw/MP-1/MP-1.runs/design_1_axi_ppm4_0_0_synth_1

INFO: [IP_Flow 19-3422] Upgraded design_1_axi_ppm4_0_0 (axi_ppm4_v1.0 1.0) from revision 33 to revision 34
Wrote  : <C:\Users\diepw50\CPRE-488-Labs\MP-1\hw\MP-1\MP-1.srcs\sources_1\bd\design_1\design_1.bd> 
Wrote  : <C:/Users/diepw50/CPRE-488-Labs/MP-1/hw/MP-1/MP-1.srcs/sources_1/bd/design_1/ui/bd_1f5defd0.ui> 
INFO: [Coretcl 2-1525] Wrote upgrade log to 'C:/Users/diepw50/CPRE-488-Labs/MP-1/hw/MP-1/ip_upgrade.log'.
export_ip_user_files -of_objects [get_ips design_1_axi_ppm4_0_0] -no_script -sync -force -quiet
generate_target all [get_files  C:/Users/diepw50/CPRE-488-Labs/MP-1/hw/MP-1/MP-1.srcs/sources_1/bd/design_1/design_1.bd]
WARNING: [BD 41-1781] Updates have been made to one or more nets/interface connections marked for debug.
Debug nets, which are already connected to any ILA IP core in the block-design, will be automatically available for debug in Hardware Manager.
For unconnected Debug nets, please open synthesized design and use 'Set Up Debug' wizard to insert, modify or delete Debug Cores. 
WARNING: [BD 41-702] Propagation TCL tries to overwrite USER strength parameter C_ILA_CLK_FREQ(100000000) on '/ila_lib' with propagated value(1e+08). Command ignored
WARNING: [BD 41-1271] The connection to the pin: /ps7_0_axi_periph/M00_AXI_arvalid has been overridden by the user. This pin will not be connected as a part of the interface connection: ps7_0_axi_periph_M00_AXI 
WARNING: [BD 41-1271] The connection to the pin: /ps7_0_axi_periph/M00_AXI_bready has been overridden by the user. This pin will not be connected as a part of the interface connection: ps7_0_axi_periph_M00_AXI 
WARNING: [BD 41-1271] The connection to the pin: /ps7_0_axi_periph/M00_AXI_wvalid has been overridden by the user. This pin will not be connected as a part of the interface connection: ps7_0_axi_periph_M00_AXI 
WARNING: [BD 41-1271] The connection to the pin: /ps7_0_axi_periph/M00_AXI_rready has been overridden by the user. This pin will not be connected as a part of the interface connection: ps7_0_axi_periph_M00_AXI 
WARNING: [BD 41-1271] The connection to the pin: /ps7_0_axi_periph/M00_AXI_awaddr has been overridden by the user. This pin will not be connected as a part of the interface connection: ps7_0_axi_periph_M00_AXI 
WARNING: [BD 41-1271] The connection to the pin: /axi_ppm4_0/s00_axi_awready has been overridden by the user. This pin will not be connected as a part of the interface connection: ps7_0_axi_periph_M00_AXI 
WARNING: [BD 41-1271] The connection to the pin: /ps7_0_axi_periph/M00_AXI_awprot has been overridden by the user. This pin will not be connected as a part of the interface connection: ps7_0_axi_periph_M00_AXI 
WARNING: [BD 41-1271] The connection to the pin: /axi_ppm4_0/s00_axi_arready has been overridden by the user. This pin will not be connected as a part of the interface connection: ps7_0_axi_periph_M00_AXI 
WARNING: [BD 41-1271] The connection to the pin: /axi_ppm4_0/s00_axi_wready has been overridden by the user. This pin will not be connected as a part of the interface connection: ps7_0_axi_periph_M00_AXI 
WARNING: [BD 41-1271] The connection to the pin: /ps7_0_axi_periph/M00_AXI_awvalid has been overridden by the user. This pin will not be connected as a part of the interface connection: ps7_0_axi_periph_M00_AXI 
WARNING: [BD 41-1271] The connection to the pin: /ps7_0_axi_periph/M00_AXI_wdata has been overridden by the user. This pin will not be connected as a part of the interface connection: ps7_0_axi_periph_M00_AXI 
WARNING: [BD 41-1271] The connection to the pin: /ps7_0_axi_periph/M00_AXI_wstrb has been overridden by the user. This pin will not be connected as a part of the interface connection: ps7_0_axi_periph_M00_AXI 
WARNING: [BD 41-1271] The connection to the pin: /ps7_0_axi_periph/M00_AXI_arprot has been overridden by the user. This pin will not be connected as a part of the interface connection: ps7_0_axi_periph_M00_AXI 
WARNING: [BD 41-1271] The connection to the pin: /axi_ppm4_0/s00_axi_bresp has been overridden by the user. This pin will not be connected as a part of the interface connection: ps7_0_axi_periph_M00_AXI 
WARNING: [BD 41-1271] The connection to the pin: /axi_ppm4_0/s00_axi_bvalid has been overridden by the user. This pin will not be connected as a part of the interface connection: ps7_0_axi_periph_M00_AXI 
WARNING: [BD 41-1271] The connection to the pin: /ps7_0_axi_periph/M00_AXI_araddr has been overridden by the user. This pin will not be connected as a part of the interface connection: ps7_0_axi_periph_M00_AXI 
WARNING: [BD 41-1271] The connection to the pin: /axi_ppm4_0/s00_axi_rdata has been overridden by the user. This pin will not be connected as a part of the interface connection: ps7_0_axi_periph_M00_AXI 
WARNING: [BD 41-1271] The connection to the pin: /axi_ppm4_0/s00_axi_rresp has been overridden by the user. This pin will not be connected as a part of the interface connection: ps7_0_axi_periph_M00_AXI 
WARNING: [BD 41-1271] The connection to the pin: /axi_ppm4_0/s00_axi_rvalid has been overridden by the user. This pin will not be connected as a part of the interface connection: ps7_0_axi_periph_M00_AXI 
Wrote  : <C:\Users\diepw50\CPRE-488-Labs\MP-1\hw\MP-1\MP-1.srcs\sources_1\bd\design_1\design_1.bd> 
VHDL Output written to : C:/Users/diepw50/CPRE-488-Labs/MP-1/hw/MP-1/MP-1.srcs/sources_1/bd/design_1/synth/design_1.vhd
VHDL Output written to : C:/Users/diepw50/CPRE-488-Labs/MP-1/hw/MP-1/MP-1.srcs/sources_1/bd/design_1/sim/design_1.vhd
VHDL Output written to : C:/Users/diepw50/CPRE-488-Labs/MP-1/hw/MP-1/MP-1.srcs/sources_1/bd/design_1/hdl/design_1_wrapper.vhd
INFO: [BD 41-1029] Generation completed for the IP Integrator block axi_ppm4_0 .
Exporting to file c:/Users/diepw50/CPRE-488-Labs/MP-1/hw/MP-1/MP-1.srcs/sources_1/bd/design_1/ip/design_1_system_ila_0_0/bd_0/hw_handoff/design_1_system_ila_0_0.hwh
Generated Block Design Tcl file c:/Users/diepw50/CPRE-488-Labs/MP-1/hw/MP-1/MP-1.srcs/sources_1/bd/design_1/ip/design_1_system_ila_0_0/bd_0/hw_handoff/design_1_system_ila_0_0_bd.tcl
Generated Hardware Definition File c:/Users/diepw50/CPRE-488-Labs/MP-1/hw/MP-1/MP-1.srcs/sources_1/bd/design_1/ip/design_1_system_ila_0_0/bd_0/synth/design_1_system_ila_0_0.hwdef
INFO: [BD 41-1029] Generation completed for the IP Integrator block system_ila_0 .
WARNING: [IP_Flow 19-4994] Overwriting existing constraint file 'c:/Users/diepw50/CPRE-488-Labs/MP-1/hw/MP-1/MP-1.srcs/sources_1/bd/design_1/ip/design_1_auto_pc_0/design_1_auto_pc_0_ooc.xdc'
INFO: [BD 41-1029] Generation completed for the IP Integrator block ps7_0_axi_periph/s00_couplers/auto_pc .
Exporting to file C:/Users/diepw50/CPRE-488-Labs/MP-1/hw/MP-1/MP-1.srcs/sources_1/bd/design_1/hw_handoff/design_1.hwh
Generated Block Design Tcl file C:/Users/diepw50/CPRE-488-Labs/MP-1/hw/MP-1/MP-1.srcs/sources_1/bd/design_1/hw_handoff/design_1_bd.tcl
Generated Hardware Definition File C:/Users/diepw50/CPRE-488-Labs/MP-1/hw/MP-1/MP-1.srcs/sources_1/bd/design_1/synth/design_1.hwdef
catch { config_ip_cache -export [get_ips -all design_1_axi_ppm4_0_0] }
catch { config_ip_cache -export [get_ips -all design_1_system_ila_0_0] }
INFO: [IP_Flow 19-4993] Using cached IP synthesis design for IP design_1_system_ila_0_0, cache-ID = 6fa2dac7689e5251; cache size = 141.267 MB.
catch { [ delete_ip_run [get_ips -all design_1_system_ila_0_0] ] }
WARNING: [Vivado 12-1017] Problems encountered:
1. Failed to delete one or more files in run directory C:/Users/diepw50/CPRE-488-Labs/MP-1/hw/MP-1/MP-1.runs/design_1_system_ila_0_0_synth_1

catch { config_ip_cache -export [get_ips -all design_1_auto_pc_0] }
INFO: [IP_Flow 19-4993] Using cached IP synthesis design for IP design_1_auto_pc_0, cache-ID = 56354ab39623b423; cache size = 141.267 MB.
export_ip_user_files -of_objects [get_files C:/Users/diepw50/CPRE-488-Labs/MP-1/hw/MP-1/MP-1.srcs/sources_1/bd/design_1/design_1.bd] -no_script -sync -force -quiet
create_ip_run [get_files -of_objects [get_fileset sources_1] C:/Users/diepw50/CPRE-488-Labs/MP-1/hw/MP-1/MP-1.srcs/sources_1/bd/design_1/design_1.bd]
launch_runs design_1_axi_ppm4_0_0_synth_1 -jobs 10
[Fri Feb 20 21:01:56 2026] Launched design_1_axi_ppm4_0_0_synth_1...
Run output will be captured here: C:/Users/diepw50/CPRE-488-Labs/MP-1/hw/MP-1/MP-1.runs/design_1_axi_ppm4_0_0_synth_1/runme.log
export_simulation -of_objects [get_files C:/Users/diepw50/CPRE-488-Labs/MP-1/hw/MP-1/MP-1.srcs/sources_1/bd/design_1/design_1.bd] -directory C:/Users/diepw50/CPRE-488-Labs/MP-1/hw/MP-1/MP-1.ip_user_files/sim_scripts -ip_user_files_dir C:/Users/diepw50/CPRE-488-Labs/MP-1/hw/MP-1/MP-1.ip_user_files -ipstatic_source_dir C:/Users/diepw50/CPRE-488-Labs/MP-1/hw/MP-1/MP-1.ip_user_files/ipstatic -lib_map_path [list {modelsim=C:/Users/diepw50/CPRE-488-Labs/MP-1/hw/MP-1/MP-1.cache/compile_simlib/modelsim} {questa=C:/Users/diepw50/CPRE-488-Labs/MP-1/hw/MP-1/MP-1.cache/compile_simlib/questa} {riviera=C:/Users/diepw50/CPRE-488-Labs/MP-1/hw/MP-1/MP-1.cache/compile_simlib/riviera} {activehdl=C:/Users/diepw50/CPRE-488-Labs/MP-1/hw/MP-1/MP-1.cache/compile_simlib/activehdl}] -use_ip_compiled_libs -force -quiet
reset_run synth_1
WARNING: [Vivado 12-1017] Problems encountered:
1. Failed to delete one or more files in run directory C:/Users/diepw50/CPRE-488-Labs/MP-1/hw/MP-1/MP-1.runs/synth_1

launch_runs impl_1 -to_step write_bitstream -jobs 10
[Fri Feb 20 21:02:45 2026] Launched synth_1...
Run output will be captured here: C:/Users/diepw50/CPRE-488-Labs/MP-1/hw/MP-1/MP-1.runs/synth_1/runme.log
[Fri Feb 20 21:02:45 2026] Launched impl_1...
Run output will be captured here: C:/Users/diepw50/CPRE-488-Labs/MP-1/hw/MP-1/MP-1.runs/impl_1/runme.log
set_property pfm_name {} [get_files -all {C:/Users/diepw50/CPRE-488-Labs/MP-1/hw/MP-1/MP-1.srcs/sources_1/bd/design_1/design_1.bd}]
write_hw_platform -fixed -include_bit -force -file C:/Users/diepw50/CPRE-488-Labs/MP-1/hw/MP-1/design_1_wrapper.xsa
INFO: [Vivado 12-4895] Creating Hardware Platform: C:/Users/diepw50/CPRE-488-Labs/MP-1/hw/MP-1/design_1_wrapper.xsa ...
INFO: [Vivado 12-4896] Successfully created Hardware Platform: C:/Users/diepw50/CPRE-488-Labs/MP-1/hw/MP-1/design_1_wrapper.xsa
write_hw_platform: Time (s): cpu = 00:00:07 ; elapsed = 00:00:07 . Memory (MB): peak = 3084.887 ; gain = 0.000
open_bd_design {C:/Users/diepw50/CPRE-488-Labs/MP-1/hw/MP-1/MP-1.srcs/sources_1/bd/design_1/design_1.bd}
update_ip_catalog -rebuild -scan_changes
INFO: [IP_Flow 19-234] Refreshing IP repositories
INFO: [IP_Flow 19-1700] Loaded user IP repository 'c:/Users/diepw50/CPRE-488-Labs/MP-1/hw/ip_repo/axi_ppm4_1.0'.
INFO: [IP_Flow 19-1700] Loaded user IP repository 'c:/Users/diepw50/CPRE-488-Labs/MP-1/hw/ip_repo/ppm3_1.0'.
INFO: [IP_Flow 19-1700] Loaded user IP repository 'c:/Users/diepw50/CPRE-488-Labs/MP-1/hw/ip_repo/ppm2_1.0'.
INFO: [IP_Flow 19-1700] Loaded user IP repository 'c:/Users/diepw50/CPRE-488-Labs/MP-1/hw/ip_repo/axi_ppm_1.0'.
report_ip_status -name ip_status
upgrade_ip -vlnv iastate.edu:user:axi_ppm4:1.0 [get_ips  design_1_axi_ppm4_0_0] -log ip_upgrade.log
Upgrading 'C:/Users/diepw50/CPRE-488-Labs/MP-1/hw/MP-1/MP-1.srcs/sources_1/bd/design_1/design_1.bd'
WARNING: [Vivado 12-1017] Problems encountered:
1. Failed to delete one or more files in run directory C:/Users/diepw50/CPRE-488-Labs/MP-1/hw/MP-1/MP-1.runs/design_1_axi_ppm4_0_0_synth_1

INFO: [IP_Flow 19-3422] Upgraded design_1_axi_ppm4_0_0 (axi_ppm4_v1.0 1.0) from revision 34 to revision 35
Wrote  : <C:\Users\diepw50\CPRE-488-Labs\MP-1\hw\MP-1\MP-1.srcs\sources_1\bd\design_1\design_1.bd> 
INFO: [Coretcl 2-1525] Wrote upgrade log to 'C:/Users/diepw50/CPRE-488-Labs/MP-1/hw/MP-1/ip_upgrade.log'.
export_ip_user_files -of_objects [get_ips design_1_axi_ppm4_0_0] -no_script -sync -force -quiet
generate_target all [get_files  C:/Users/diepw50/CPRE-488-Labs/MP-1/hw/MP-1/MP-1.srcs/sources_1/bd/design_1/design_1.bd]
WARNING: [BD 41-1781] Updates have been made to one or more nets/interface connections marked for debug.
Debug nets, which are already connected to any ILA IP core in the block-design, will be automatically available for debug in Hardware Manager.
For unconnected Debug nets, please open synthesized design and use 'Set Up Debug' wizard to insert, modify or delete Debug Cores. 
WARNING: [BD 41-702] Propagation TCL tries to overwrite USER strength parameter C_ILA_CLK_FREQ(100000000) on '/ila_lib' with propagated value(1e+08). Command ignored
WARNING: [BD 41-1271] The connection to the pin: /ps7_0_axi_periph/M00_AXI_arvalid has been overridden by the user. This pin will not be connected as a part of the interface connection: ps7_0_axi_periph_M00_AXI 
WARNING: [BD 41-1271] The connection to the pin: /ps7_0_axi_periph/M00_AXI_bready has been overridden by the user. This pin will not be connected as a part of the interface connection: ps7_0_axi_periph_M00_AXI 
WARNING: [BD 41-1271] The connection to the pin: /ps7_0_axi_periph/M00_AXI_wvalid has been overridden by the user. This pin will not be connected as a part of the interface connection: ps7_0_axi_periph_M00_AXI 
WARNING: [BD 41-1271] The connection to the pin: /ps7_0_axi_periph/M00_AXI_rready has been overridden by the user. This pin will not be connected as a part of the interface connection: ps7_0_axi_periph_M00_AXI 
WARNING: [BD 41-1271] The connection to the pin: /ps7_0_axi_periph/M00_AXI_awaddr has been overridden by the user. This pin will not be connected as a part of the interface connection: ps7_0_axi_periph_M00_AXI 
WARNING: [BD 41-1271] The connection to the pin: /axi_ppm4_0/s00_axi_awready has been overridden by the user. This pin will not be connected as a part of the interface connection: ps7_0_axi_periph_M00_AXI 
WARNING: [BD 41-1271] The connection to the pin: /ps7_0_axi_periph/M00_AXI_awprot has been overridden by the user. This pin will not be connected as a part of the interface connection: ps7_0_axi_periph_M00_AXI 
WARNING: [BD 41-1271] The connection to the pin: /axi_ppm4_0/s00_axi_arready has been overridden by the user. This pin will not be connected as a part of the interface connection: ps7_0_axi_periph_M00_AXI 
WARNING: [BD 41-1271] The connection to the pin: /axi_ppm4_0/s00_axi_wready has been overridden by the user. This pin will not be connected as a part of the interface connection: ps7_0_axi_periph_M00_AXI 
WARNING: [BD 41-1271] The connection to the pin: /ps7_0_axi_periph/M00_AXI_awvalid has been overridden by the user. This pin will not be connected as a part of the interface connection: ps7_0_axi_periph_M00_AXI 
WARNING: [BD 41-1271] The connection to the pin: /ps7_0_axi_periph/M00_AXI_wdata has been overridden by the user. This pin will not be connected as a part of the interface connection: ps7_0_axi_periph_M00_AXI 
WARNING: [BD 41-1271] The connection to the pin: /ps7_0_axi_periph/M00_AXI_wstrb has been overridden by the user. This pin will not be connected as a part of the interface connection: ps7_0_axi_periph_M00_AXI 
WARNING: [BD 41-1271] The connection to the pin: /ps7_0_axi_periph/M00_AXI_arprot has been overridden by the user. This pin will not be connected as a part of the interface connection: ps7_0_axi_periph_M00_AXI 
WARNING: [BD 41-1271] The connection to the pin: /axi_ppm4_0/s00_axi_bresp has been overridden by the user. This pin will not be connected as a part of the interface connection: ps7_0_axi_periph_M00_AXI 
WARNING: [BD 41-1271] The connection to the pin: /axi_ppm4_0/s00_axi_bvalid has been overridden by the user. This pin will not be connected as a part of the interface connection: ps7_0_axi_periph_M00_AXI 
WARNING: [BD 41-1271] The connection to the pin: /ps7_0_axi_periph/M00_AXI_araddr has been overridden by the user. This pin will not be connected as a part of the interface connection: ps7_0_axi_periph_M00_AXI 
WARNING: [BD 41-1271] The connection to the pin: /axi_ppm4_0/s00_axi_rdata has been overridden by the user. This pin will not be connected as a part of the interface connection: ps7_0_axi_periph_M00_AXI 
WARNING: [BD 41-1271] The connection to the pin: /axi_ppm4_0/s00_axi_rresp has been overridden by the user. This pin will not be connected as a part of the interface connection: ps7_0_axi_periph_M00_AXI 
WARNING: [BD 41-1271] The connection to the pin: /axi_ppm4_0/s00_axi_rvalid has been overridden by the user. This pin will not be connected as a part of the interface connection: ps7_0_axi_periph_M00_AXI 
Wrote  : <C:\Users\diepw50\CPRE-488-Labs\MP-1\hw\MP-1\MP-1.srcs\sources_1\bd\design_1\design_1.bd> 
VHDL Output written to : C:/Users/diepw50/CPRE-488-Labs/MP-1/hw/MP-1/MP-1.srcs/sources_1/bd/design_1/synth/design_1.vhd
VHDL Output written to : C:/Users/diepw50/CPRE-488-Labs/MP-1/hw/MP-1/MP-1.srcs/sources_1/bd/design_1/sim/design_1.vhd
VHDL Output written to : C:/Users/diepw50/CPRE-488-Labs/MP-1/hw/MP-1/MP-1.srcs/sources_1/bd/design_1/hdl/design_1_wrapper.vhd
INFO: [BD 41-1029] Generation completed for the IP Integrator block axi_ppm4_0 .
Exporting to file c:/Users/diepw50/CPRE-488-Labs/MP-1/hw/MP-1/MP-1.srcs/sources_1/bd/design_1/ip/design_1_system_ila_0_0/bd_0/hw_handoff/design_1_system_ila_0_0.hwh
Generated Block Design Tcl file c:/Users/diepw50/CPRE-488-Labs/MP-1/hw/MP-1/MP-1.srcs/sources_1/bd/design_1/ip/design_1_system_ila_0_0/bd_0/hw_handoff/design_1_system_ila_0_0_bd.tcl
Generated Hardware Definition File c:/Users/diepw50/CPRE-488-Labs/MP-1/hw/MP-1/MP-1.srcs/sources_1/bd/design_1/ip/design_1_system_ila_0_0/bd_0/synth/design_1_system_ila_0_0.hwdef
INFO: [BD 41-1029] Generation completed for the IP Integrator block system_ila_0 .
WARNING: [IP_Flow 19-4994] Overwriting existing constraint file 'c:/Users/diepw50/CPRE-488-Labs/MP-1/hw/MP-1/MP-1.srcs/sources_1/bd/design_1/ip/design_1_auto_pc_0/design_1_auto_pc_0_ooc.xdc'
INFO: [BD 41-1029] Generation completed for the IP Integrator block ps7_0_axi_periph/s00_couplers/auto_pc .
Exporting to file C:/Users/diepw50/CPRE-488-Labs/MP-1/hw/MP-1/MP-1.srcs/sources_1/bd/design_1/hw_handoff/design_1.hwh
Generated Block Design Tcl file C:/Users/diepw50/CPRE-488-Labs/MP-1/hw/MP-1/MP-1.srcs/sources_1/bd/design_1/hw_handoff/design_1_bd.tcl
Generated Hardware Definition File C:/Users/diepw50/CPRE-488-Labs/MP-1/hw/MP-1/MP-1.srcs/sources_1/bd/design_1/synth/design_1.hwdef
catch { config_ip_cache -export [get_ips -all design_1_axi_ppm4_0_0] }
catch { config_ip_cache -export [get_ips -all design_1_system_ila_0_0] }
INFO: [IP_Flow 19-4993] Using cached IP synthesis design for IP design_1_system_ila_0_0, cache-ID = 6fa2dac7689e5251; cache size = 141.789 MB.
catch { config_ip_cache -export [get_ips -all design_1_auto_pc_0] }
INFO: [IP_Flow 19-4993] Using cached IP synthesis design for IP design_1_auto_pc_0, cache-ID = 56354ab39623b423; cache size = 141.789 MB.
export_ip_user_files -of_objects [get_files C:/Users/diepw50/CPRE-488-Labs/MP-1/hw/MP-1/MP-1.srcs/sources_1/bd/design_1/design_1.bd] -no_script -sync -force -quiet
create_ip_run [get_files -of_objects [get_fileset sources_1] C:/Users/diepw50/CPRE-488-Labs/MP-1/hw/MP-1/MP-1.srcs/sources_1/bd/design_1/design_1.bd]
launch_runs design_1_axi_ppm4_0_0_synth_1 -jobs 10
[Fri Feb 20 21:19:46 2026] Launched design_1_axi_ppm4_0_0_synth_1...
Run output will be captured here: C:/Users/diepw50/CPRE-488-Labs/MP-1/hw/MP-1/MP-1.runs/design_1_axi_ppm4_0_0_synth_1/runme.log
export_simulation -of_objects [get_files C:/Users/diepw50/CPRE-488-Labs/MP-1/hw/MP-1/MP-1.srcs/sources_1/bd/design_1/design_1.bd] -directory C:/Users/diepw50/CPRE-488-Labs/MP-1/hw/MP-1/MP-1.ip_user_files/sim_scripts -ip_user_files_dir C:/Users/diepw50/CPRE-488-Labs/MP-1/hw/MP-1/MP-1.ip_user_files -ipstatic_source_dir C:/Users/diepw50/CPRE-488-Labs/MP-1/hw/MP-1/MP-1.ip_user_files/ipstatic -lib_map_path [list {modelsim=C:/Users/diepw50/CPRE-488-Labs/MP-1/hw/MP-1/MP-1.cache/compile_simlib/modelsim} {questa=C:/Users/diepw50/CPRE-488-Labs/MP-1/hw/MP-1/MP-1.cache/compile_simlib/questa} {riviera=C:/Users/diepw50/CPRE-488-Labs/MP-1/hw/MP-1/MP-1.cache/compile_simlib/riviera} {activehdl=C:/Users/diepw50/CPRE-488-Labs/MP-1/hw/MP-1/MP-1.cache/compile_simlib/activehdl}] -use_ip_compiled_libs -force -quiet
reset_run synth_1
WARNING: [Vivado 12-1017] Problems encountered:
1. Failed to delete one or more files in run directory C:/Users/diepw50/CPRE-488-Labs/MP-1/hw/MP-1/MP-1.runs/synth_1

launch_runs impl_1 -to_step write_bitstream -jobs 10
[Fri Feb 20 21:20:00 2026] Launched design_1_axi_ppm4_0_0_synth_1, synth_1...
Run output will be captured here:
design_1_axi_ppm4_0_0_synth_1: C:/Users/diepw50/CPRE-488-Labs/MP-1/hw/MP-1/MP-1.runs/design_1_axi_ppm4_0_0_synth_1/runme.log
synth_1: C:/Users/diepw50/CPRE-488-Labs/MP-1/hw/MP-1/MP-1.runs/synth_1/runme.log
[Fri Feb 20 21:20:00 2026] Launched impl_1...
Run output will be captured here: C:/Users/diepw50/CPRE-488-Labs/MP-1/hw/MP-1/MP-1.runs/impl_1/runme.log
set_property pfm_name {} [get_files -all {C:/Users/diepw50/CPRE-488-Labs/MP-1/hw/MP-1/MP-1.srcs/sources_1/bd/design_1/design_1.bd}]
write_hw_platform -fixed -include_bit -force -file C:/Users/diepw50/CPRE-488-Labs/MP-1/hw/MP-1/design_1_wrapper.xsa
INFO: [Vivado 12-4895] Creating Hardware Platform: C:/Users/diepw50/CPRE-488-Labs/MP-1/hw/MP-1/design_1_wrapper.xsa ...
INFO: [Vivado 12-4896] Successfully created Hardware Platform: C:/Users/diepw50/CPRE-488-Labs/MP-1/hw/MP-1/design_1_wrapper.xsa
write_hw_platform: Time (s): cpu = 00:00:07 ; elapsed = 00:00:07 . Memory (MB): peak = 3183.105 ; gain = 11.648
open_bd_design {C:/Users/diepw50/CPRE-488-Labs/MP-1/hw/MP-1/MP-1.srcs/sources_1/bd/design_1/design_1.bd}
open_bd_design {C:/Users/diepw50/CPRE-488-Labs/MP-1/hw/MP-1/MP-1.srcs/sources_1/bd/design_1/design_1.bd}
open_bd_design {C:/Users/diepw50/CPRE-488-Labs/MP-1/hw/MP-1/MP-1.srcs/sources_1/bd/design_1/design_1.bd}
update_ip_catalog -rebuild -scan_changes
INFO: [IP_Flow 19-234] Refreshing IP repositories
INFO: [IP_Flow 19-1700] Loaded user IP repository 'c:/Users/diepw50/CPRE-488-Labs/MP-1/hw/ip_repo/axi_ppm4_1.0'.
INFO: [IP_Flow 19-1700] Loaded user IP repository 'c:/Users/diepw50/CPRE-488-Labs/MP-1/hw/ip_repo/ppm3_1.0'.
INFO: [IP_Flow 19-1700] Loaded user IP repository 'c:/Users/diepw50/CPRE-488-Labs/MP-1/hw/ip_repo/ppm2_1.0'.
INFO: [IP_Flow 19-1700] Loaded user IP repository 'c:/Users/diepw50/CPRE-488-Labs/MP-1/hw/ip_repo/axi_ppm_1.0'.
report_ip_status -name ip_status
upgrade_ip -vlnv iastate.edu:user:axi_ppm4:1.0 [get_ips  design_1_axi_ppm4_0_0] -log ip_upgrade.log
Upgrading 'C:/Users/diepw50/CPRE-488-Labs/MP-1/hw/MP-1/MP-1.srcs/sources_1/bd/design_1/design_1.bd'
WARNING: [Vivado 12-1017] Problems encountered:
1. Failed to delete one or more files in run directory C:/Users/diepw50/CPRE-488-Labs/MP-1/hw/MP-1/MP-1.runs/design_1_axi_ppm4_0_0_synth_1

INFO: [IP_Flow 19-3422] Upgraded design_1_axi_ppm4_0_0 (axi_ppm4_v1.0 1.0) from revision 35 to revision 36
Wrote  : <C:\Users\diepw50\CPRE-488-Labs\MP-1\hw\MP-1\MP-1.srcs\sources_1\bd\design_1\design_1.bd> 
Wrote  : <C:/Users/diepw50/CPRE-488-Labs/MP-1/hw/MP-1/MP-1.srcs/sources_1/bd/design_1/ui/bd_1f5defd0.ui> 
INFO: [Coretcl 2-1525] Wrote upgrade log to 'C:/Users/diepw50/CPRE-488-Labs/MP-1/hw/MP-1/ip_upgrade.log'.
export_ip_user_files -of_objects [get_ips design_1_axi_ppm4_0_0] -no_script -sync -force -quiet
generate_target all [get_files  C:/Users/diepw50/CPRE-488-Labs/MP-1/hw/MP-1/MP-1.srcs/sources_1/bd/design_1/design_1.bd]
WARNING: [BD 41-1781] Updates have been made to one or more nets/interface connections marked for debug.
Debug nets, which are already connected to any ILA IP core in the block-design, will be automatically available for debug in Hardware Manager.
For unconnected Debug nets, please open synthesized design and use 'Set Up Debug' wizard to insert, modify or delete Debug Cores. 
WARNING: [BD 41-702] Propagation TCL tries to overwrite USER strength parameter C_ILA_CLK_FREQ(100000000) on '/ila_lib' with propagated value(1e+08). Command ignored
WARNING: [BD 41-1271] The connection to the pin: /ps7_0_axi_periph/M00_AXI_arvalid has been overridden by the user. This pin will not be connected as a part of the interface connection: ps7_0_axi_periph_M00_AXI 
WARNING: [BD 41-1271] The connection to the pin: /ps7_0_axi_periph/M00_AXI_bready has been overridden by the user. This pin will not be connected as a part of the interface connection: ps7_0_axi_periph_M00_AXI 
WARNING: [BD 41-1271] The connection to the pin: /ps7_0_axi_periph/M00_AXI_wvalid has been overridden by the user. This pin will not be connected as a part of the interface connection: ps7_0_axi_periph_M00_AXI 
WARNING: [BD 41-1271] The connection to the pin: /ps7_0_axi_periph/M00_AXI_rready has been overridden by the user. This pin will not be connected as a part of the interface connection: ps7_0_axi_periph_M00_AXI 
WARNING: [BD 41-1271] The connection to the pin: /ps7_0_axi_periph/M00_AXI_awaddr has been overridden by the user. This pin will not be connected as a part of the interface connection: ps7_0_axi_periph_M00_AXI 
WARNING: [BD 41-1271] The connection to the pin: /axi_ppm4_0/s00_axi_awready has been overridden by the user. This pin will not be connected as a part of the interface connection: ps7_0_axi_periph_M00_AXI 
WARNING: [BD 41-1271] The connection to the pin: /ps7_0_axi_periph/M00_AXI_awprot has been overridden by the user. This pin will not be connected as a part of the interface connection: ps7_0_axi_periph_M00_AXI 
WARNING: [BD 41-1271] The connection to the pin: /axi_ppm4_0/s00_axi_arready has been overridden by the user. This pin will not be connected as a part of the interface connection: ps7_0_axi_periph_M00_AXI 
WARNING: [BD 41-1271] The connection to the pin: /axi_ppm4_0/s00_axi_wready has been overridden by the user. This pin will not be connected as a part of the interface connection: ps7_0_axi_periph_M00_AXI 
WARNING: [BD 41-1271] The connection to the pin: /ps7_0_axi_periph/M00_AXI_awvalid has been overridden by the user. This pin will not be connected as a part of the interface connection: ps7_0_axi_periph_M00_AXI 
WARNING: [BD 41-1271] The connection to the pin: /ps7_0_axi_periph/M00_AXI_wdata has been overridden by the user. This pin will not be connected as a part of the interface connection: ps7_0_axi_periph_M00_AXI 
WARNING: [BD 41-1271] The connection to the pin: /ps7_0_axi_periph/M00_AXI_wstrb has been overridden by the user. This pin will not be connected as a part of the interface connection: ps7_0_axi_periph_M00_AXI 
WARNING: [BD 41-1271] The connection to the pin: /ps7_0_axi_periph/M00_AXI_arprot has been overridden by the user. This pin will not be connected as a part of the interface connection: ps7_0_axi_periph_M00_AXI 
WARNING: [BD 41-1271] The connection to the pin: /axi_ppm4_0/s00_axi_bresp has been overridden by the user. This pin will not be connected as a part of the interface connection: ps7_0_axi_periph_M00_AXI 
WARNING: [BD 41-1271] The connection to the pin: /axi_ppm4_0/s00_axi_bvalid has been overridden by the user. This pin will not be connected as a part of the interface connection: ps7_0_axi_periph_M00_AXI 
WARNING: [BD 41-1271] The connection to the pin: /ps7_0_axi_periph/M00_AXI_araddr has been overridden by the user. This pin will not be connected as a part of the interface connection: ps7_0_axi_periph_M00_AXI 
WARNING: [BD 41-1271] The connection to the pin: /axi_ppm4_0/s00_axi_rdata has been overridden by the user. This pin will not be connected as a part of the interface connection: ps7_0_axi_periph_M00_AXI 
WARNING: [BD 41-1271] The connection to the pin: /axi_ppm4_0/s00_axi_rresp has been overridden by the user. This pin will not be connected as a part of the interface connection: ps7_0_axi_periph_M00_AXI 
WARNING: [BD 41-1271] The connection to the pin: /axi_ppm4_0/s00_axi_rvalid has been overridden by the user. This pin will not be connected as a part of the interface connection: ps7_0_axi_periph_M00_AXI 
Wrote  : <C:\Users\diepw50\CPRE-488-Labs\MP-1\hw\MP-1\MP-1.srcs\sources_1\bd\design_1\design_1.bd> 
VHDL Output written to : C:/Users/diepw50/CPRE-488-Labs/MP-1/hw/MP-1/MP-1.srcs/sources_1/bd/design_1/synth/design_1.vhd
VHDL Output written to : C:/Users/diepw50/CPRE-488-Labs/MP-1/hw/MP-1/MP-1.srcs/sources_1/bd/design_1/sim/design_1.vhd
VHDL Output written to : C:/Users/diepw50/CPRE-488-Labs/MP-1/hw/MP-1/MP-1.srcs/sources_1/bd/design_1/hdl/design_1_wrapper.vhd
INFO: [BD 41-1029] Generation completed for the IP Integrator block axi_ppm4_0 .
Exporting to file c:/Users/diepw50/CPRE-488-Labs/MP-1/hw/MP-1/MP-1.srcs/sources_1/bd/design_1/ip/design_1_system_ila_0_0/bd_0/hw_handoff/design_1_system_ila_0_0.hwh
Generated Block Design Tcl file c:/Users/diepw50/CPRE-488-Labs/MP-1/hw/MP-1/MP-1.srcs/sources_1/bd/design_1/ip/design_1_system_ila_0_0/bd_0/hw_handoff/design_1_system_ila_0_0_bd.tcl
Generated Hardware Definition File c:/Users/diepw50/CPRE-488-Labs/MP-1/hw/MP-1/MP-1.srcs/sources_1/bd/design_1/ip/design_1_system_ila_0_0/bd_0/synth/design_1_system_ila_0_0.hwdef
INFO: [BD 41-1029] Generation completed for the IP Integrator block system_ila_0 .
WARNING: [IP_Flow 19-4994] Overwriting existing constraint file 'c:/Users/diepw50/CPRE-488-Labs/MP-1/hw/MP-1/MP-1.srcs/sources_1/bd/design_1/ip/design_1_auto_pc_0/design_1_auto_pc_0_ooc.xdc'
INFO: [BD 41-1029] Generation completed for the IP Integrator block ps7_0_axi_periph/s00_couplers/auto_pc .
Exporting to file C:/Users/diepw50/CPRE-488-Labs/MP-1/hw/MP-1/MP-1.srcs/sources_1/bd/design_1/hw_handoff/design_1.hwh
Generated Block Design Tcl file C:/Users/diepw50/CPRE-488-Labs/MP-1/hw/MP-1/MP-1.srcs/sources_1/bd/design_1/hw_handoff/design_1_bd.tcl
Generated Hardware Definition File C:/Users/diepw50/CPRE-488-Labs/MP-1/hw/MP-1/MP-1.srcs/sources_1/bd/design_1/synth/design_1.hwdef
catch { config_ip_cache -export [get_ips -all design_1_axi_ppm4_0_0] }
catch { config_ip_cache -export [get_ips -all design_1_system_ila_0_0] }
INFO: [IP_Flow 19-4993] Using cached IP synthesis design for IP design_1_system_ila_0_0, cache-ID = 6fa2dac7689e5251; cache size = 142.292 MB.
catch { config_ip_cache -export [get_ips -all design_1_auto_pc_0] }
INFO: [IP_Flow 19-4993] Using cached IP synthesis design for IP design_1_auto_pc_0, cache-ID = 56354ab39623b423; cache size = 142.292 MB.
export_ip_user_files -of_objects [get_files C:/Users/diepw50/CPRE-488-Labs/MP-1/hw/MP-1/MP-1.srcs/sources_1/bd/design_1/design_1.bd] -no_script -sync -force -quiet
create_ip_run [get_files -of_objects [get_fileset sources_1] C:/Users/diepw50/CPRE-488-Labs/MP-1/hw/MP-1/MP-1.srcs/sources_1/bd/design_1/design_1.bd]
launch_runs design_1_axi_ppm4_0_0_synth_1 -jobs 10
[Fri Feb 20 21:29:18 2026] Launched design_1_axi_ppm4_0_0_synth_1...
Run output will be captured here: C:/Users/diepw50/CPRE-488-Labs/MP-1/hw/MP-1/MP-1.runs/design_1_axi_ppm4_0_0_synth_1/runme.log
export_simulation -of_objects [get_files C:/Users/diepw50/CPRE-488-Labs/MP-1/hw/MP-1/MP-1.srcs/sources_1/bd/design_1/design_1.bd] -directory C:/Users/diepw50/CPRE-488-Labs/MP-1/hw/MP-1/MP-1.ip_user_files/sim_scripts -ip_user_files_dir C:/Users/diepw50/CPRE-488-Labs/MP-1/hw/MP-1/MP-1.ip_user_files -ipstatic_source_dir C:/Users/diepw50/CPRE-488-Labs/MP-1/hw/MP-1/MP-1.ip_user_files/ipstatic -lib_map_path [list {modelsim=C:/Users/diepw50/CPRE-488-Labs/MP-1/hw/MP-1/MP-1.cache/compile_simlib/modelsim} {questa=C:/Users/diepw50/CPRE-488-Labs/MP-1/hw/MP-1/MP-1.cache/compile_simlib/questa} {riviera=C:/Users/diepw50/CPRE-488-Labs/MP-1/hw/MP-1/MP-1.cache/compile_simlib/riviera} {activehdl=C:/Users/diepw50/CPRE-488-Labs/MP-1/hw/MP-1/MP-1.cache/compile_simlib/activehdl}] -use_ip_compiled_libs -force -quiet
reset_run synth_1
WARNING: [Vivado 12-1017] Problems encountered:
1. Failed to delete one or more files in run directory C:/Users/diepw50/CPRE-488-Labs/MP-1/hw/MP-1/MP-1.runs/synth_1

launch_runs impl_1 -to_step write_bitstream -jobs 10
[Fri Feb 20 21:29:35 2026] Launched design_1_axi_ppm4_0_0_synth_1, synth_1...
Run output will be captured here:
design_1_axi_ppm4_0_0_synth_1: C:/Users/diepw50/CPRE-488-Labs/MP-1/hw/MP-1/MP-1.runs/design_1_axi_ppm4_0_0_synth_1/runme.log
synth_1: C:/Users/diepw50/CPRE-488-Labs/MP-1/hw/MP-1/MP-1.runs/synth_1/runme.log
[Fri Feb 20 21:29:35 2026] Launched impl_1...
Run output will be captured here: C:/Users/diepw50/CPRE-488-Labs/MP-1/hw/MP-1/MP-1.runs/impl_1/runme.log
set_property location {1444 242} [get_bd_ports s00_ppm_out_0]
set_property location {1647 262} [get_bd_ports s00_ppm_out_0]
open_run impl_1
INFO: [Device 21-403] Loading part xc7z020clg484-1
Netlist sorting complete. Time (s): cpu = 00:00:00 ; elapsed = 00:00:00.057 . Memory (MB): peak = 3276.859 ; gain = 0.000
INFO: [Netlist 29-17] Analyzing 334 Unisim elements for replacement
INFO: [Netlist 29-28] Unisim Transformation completed in 0 CPU seconds
INFO: [Project 1-479] Netlist was created with Vivado 2020.1
INFO: [Project 1-570] Preparing netlist for logic optimization
INFO: [Timing 38-478] Restoring timing data from binary archive.
INFO: [Timing 38-479] Binary timing data restore complete.
INFO: [Project 1-856] Restoring constraints from binary archive.
INFO: [Project 1-853] Binary constraint restore complete.
Reading XDEF placement.
Reading placer database...
Reading XDEF routing.
Read XDEF File: Time (s): cpu = 00:00:00 ; elapsed = 00:00:00.314 . Memory (MB): peak = 3923.195 ; gain = 0.000
Restored from archive | CPU: 0.000000 secs | Memory: 0.000000 MB |
Finished XDEF File Restore: Time (s): cpu = 00:00:00 ; elapsed = 00:00:00.314 . Memory (MB): peak = 3923.195 ; gain = 0.000
Netlist sorting complete. Time (s): cpu = 00:00:00 ; elapsed = 00:00:00.001 . Memory (MB): peak = 3923.195 ; gain = 0.000
INFO: [Project 1-111] Unisim Transformation Summary:
  A total of 146 instances were transformed.
  CFGLUT5 => CFGLUT5 (SRL16E, SRLC32E): 140 instances
  RAM32M => RAM32M (RAMD32(x6), RAMS32(x2)): 6 instances

open_run: Time (s): cpu = 00:00:14 ; elapsed = 00:00:14 . Memory (MB): peak = 4050.973 ; gain = 845.828
WARNING: [Timing 38-436] There are set_bus_skew constraint(s) in this design. Please run report_bus_skew to ensure that bus skew requirements are met.
set_property pfm_name {} [get_files -all {C:/Users/diepw50/CPRE-488-Labs/MP-1/hw/MP-1/MP-1.srcs/sources_1/bd/design_1/design_1.bd}]
write_hw_platform -fixed -include_bit -force -file C:/Users/diepw50/CPRE-488-Labs/MP-1/hw/MP-1/design_1_wrapper.xsa
INFO: [Vivado 12-4895] Creating Hardware Platform: C:/Users/diepw50/CPRE-488-Labs/MP-1/hw/MP-1/design_1_wrapper.xsa ...
INFO: [Vivado 12-4896] Successfully created Hardware Platform: C:/Users/diepw50/CPRE-488-Labs/MP-1/hw/MP-1/design_1_wrapper.xsa
write_hw_platform: Time (s): cpu = 00:00:13 ; elapsed = 00:00:13 . Memory (MB): peak = 4235.262 ; gain = 177.781
open_bd_design {C:/Users/diepw50/CPRE-488-Labs/MP-1/hw/MP-1/MP-1.srcs/sources_1/bd/design_1/design_1.bd}
create_bd_design "design_2"
Wrote  : <C:\Users\diepw50\CPRE-488-Labs\MP-1\hw\MP-1\MP-1.srcs\sources_1\bd\design_2\design_2.bd> 
update_compile_order -fileset sources_1
current_bd_design [get_bd_designs design_1]
create_peripheral iastate.edu user axi_ppm5 1.0 -dir C:/Users/diepw50/CPRE-488-Labs/MP-1/hw/MP-1/../ip_repo
add_peripheral_interface S00_AXI -interface_mode slave -axi_type lite [ipx::find_open_core iastate.edu:user:axi_ppm5:1.0]
set_property VALUE 16 [ipx::get_bus_parameters WIZ_NUM_REG -of_objects [ipx::get_bus_interfaces S00_AXI -of_objects [ipx::find_open_core iastate.edu:user:axi_ppm5:1.0]]]
generate_peripheral -bfm_example_design -debug_hw_example_design [ipx::find_open_core iastate.edu:user:axi_ppm5:1.0]
write_peripheral [ipx::find_open_core iastate.edu:user:axi_ppm5:1.0]
set_property  ip_repo_paths  {C:/Users/diepw50/CPRE-488-Labs/MP-1/hw/MP-1/../ip_repo/axi_ppm5_1.0 C:/Users/diepw50/CPRE-488-Labs/MP-1/hw/ip_repo/axi_ppm4_1.0 C:/Users/diepw50/CPRE-488-Labs/MP-1/hw/ip_repo/ppm3_1.0 C:/Users/diepw50/CPRE-488-Labs/MP-1/hw/ip_repo/ppm2_1.0 C:/Users/diepw50/CPRE-488-Labs/MP-1/hw/ip_repo/axi_ppm_1.0} [current_project]
update_ip_catalog -rebuild
INFO: [IP_Flow 19-234] Refreshing IP repositories
INFO: [IP_Flow 19-1700] Loaded user IP repository 'c:/Users/diepw50/CPRE-488-Labs/MP-1/hw/ip_repo/axi_ppm5_1.0'.
INFO: [IP_Flow 19-1700] Loaded user IP repository 'c:/Users/diepw50/CPRE-488-Labs/MP-1/hw/ip_repo/axi_ppm4_1.0'.
INFO: [IP_Flow 19-1700] Loaded user IP repository 'c:/Users/diepw50/CPRE-488-Labs/MP-1/hw/ip_repo/ppm3_1.0'.
INFO: [IP_Flow 19-1700] Loaded user IP repository 'c:/Users/diepw50/CPRE-488-Labs/MP-1/hw/ip_repo/ppm2_1.0'.
INFO: [IP_Flow 19-1700] Loaded user IP repository 'c:/Users/diepw50/CPRE-488-Labs/MP-1/hw/ip_repo/axi_ppm_1.0'.
ipx::edit_ip_in_project -upgrade true -name edit_axi_ppm5_v1_0 -directory C:/Users/diepw50/CPRE-488-Labs/MP-1/hw/MP-1/../ip_repo c:/Users/diepw50/CPRE-488-Labs/MP-1/hw/ip_repo/axi_ppm5_1.0/component.xml
INFO: [IP_Flow 19-234] Refreshing IP repositories
INFO: [IP_Flow 19-1704] No user IP repositories specified
INFO: [IP_Flow 19-2313] Loaded Vivado IP repository 'C:/Xilinx/Vivado/2020.1/data/ip'.
INFO: [IP_Flow 19-234] Refreshing IP repositories
INFO: [IP_Flow 19-1700] Loaded user IP repository 'c:/Users/diepw50/CPRE-488-Labs/MP-1/hw/ip_repo/axi_ppm5_1.0'.
INFO: [IP_Flow 19-1700] Loaded user IP repository 'c:/Users/diepw50/CPRE-488-Labs/MP-1/hw/ip_repo/axi_ppm4_1.0'.
INFO: [IP_Flow 19-1700] Loaded user IP repository 'c:/Users/diepw50/CPRE-488-Labs/MP-1/hw/ip_repo/ppm3_1.0'.
INFO: [IP_Flow 19-1700] Loaded user IP repository 'c:/Users/diepw50/CPRE-488-Labs/MP-1/hw/ip_repo/ppm2_1.0'.
INFO: [IP_Flow 19-1700] Loaded user IP repository 'c:/Users/diepw50/CPRE-488-Labs/MP-1/hw/ip_repo/axi_ppm_1.0'.
INFO: [IP_Flow 19-795] Syncing license key meta-data
update_compile_order -fileset sources_1
create_fileset -simset sim_2
ipx::merge_project_changes files [ipx::current_core]
WARNING: [IP_Flow 19-5226] Project source file 'c:/Users/diepw50/CPRE-488-Labs/MP-1/hw/ip_repo/axi_ppm5_1.0/component.xml' ignored by IP packager.
ipx::merge_project_changes hdl_parameters [ipx::current_core]
WARNING: [IP_Flow 19-5226] Project source file 'c:/Users/diepw50/CPRE-488-Labs/MP-1/hw/ip_repo/axi_ppm5_1.0/component.xml' ignored by IP packager.
INFO: [IP_Flow 19-3166] Bus Interface 'S00_AXI': References existing memory map 'S00_AXI'.
set_property core_revision 2 [ipx::current_core]
ipx::update_source_project_archive -component [ipx::current_core]
ipx::create_xgui_files [ipx::current_core]
ipx::update_checksums [ipx::current_core]
ipx::save_core [ipx::current_core]
startgroup
current_project MP-1
current_bd_design [get_bd_designs design_2]
create_bd_cell -type ip -vlnv xilinx.com:ip:processing_system7:5.5 processing_system7_0
WARNING: [BD 41-176] The physical port 'S_AXI_GP2_rd_socket' specified in the portmap, is not found on the block! 
WARNING: [BD 41-176] The physical port 'S_AXI_GP2_wr_socket' specified in the portmap, is not found on the block! 
WARNING: [BD 41-176] The physical port 'S_AXI_GP3_rd_socket' specified in the portmap, is not found on the block! 
WARNING: [BD 41-176] The physical port 'S_AXI_GP3_wr_socket' specified in the portmap, is not found on the block! 
endgroup
apply_bd_automation -rule xilinx.com:bd_rule:processing_system7 -config {make_external "FIXED_IO, DDR" apply_board_preset "1" Master "Disable" Slave "Disable" }  [get_bd_cells processing_system7_0]
startgroup
create_bd_cell -type ip -vlnv xilinx.com:ip:axi_interconnect:2.1 axi_interconnect_0
endgroup
apply_bd_automation -rule xilinx.com:bd_rule:clkrst -config { Clk {/processing_system7_0/FCLK_CLK0 (100 MHz)} Freq {100} Ref_Clk0 {} Ref_Clk1 {} Ref_Clk2 {}}  [get_bd_pins axi_interconnect_0/ACLK]
INFO: [Ipptcl 7-1463] No Compatible Board Interface found. Board Tab not created in customize GUI
regenerate_bd_layout
startgroup
create_bd_cell -type ip -vlnv iastate.edu:user:axi_ppm5:1.0 axi_ppm5_0
endgroup
apply_bd_automation -rule xilinx.com:bd_rule:axi4 -config { Clk_master {Auto} Clk_slave {Auto} Clk_xbar {/processing_system7_0/FCLK_CLK0 (100 MHz)} Master {/processing_system7_0/M_AXI_GP0} Slave {/axi_ppm5_0/S00_AXI} ddr_seg {Auto} intc_ip {/axi_interconnect_0} master_apm {0}}  [get_bd_intf_pins axi_ppm5_0/S00_AXI]
Slave segment '/axi_ppm5_0/S00_AXI/S00_AXI_reg' is being assigned into address space '/processing_system7_0/Data' at <0x43C0_0000 [ 64K ]>.
current_bd_design [get_bd_designs design_1]
current_bd_design [get_bd_designs design_2]
save_bd_design
Wrote  : <C:\Users\diepw50\CPRE-488-Labs\MP-1\hw\MP-1\MP-1.srcs\sources_1\bd\design_2\design_2.bd> 
Wrote  : <C:/Users/diepw50/CPRE-488-Labs/MP-1/hw/MP-1/MP-1.srcs/sources_1/bd/design_2/ui/bd_1fdbff51.ui> 
validate_bd_design
ERROR: [BD 41-758] The following clock pins are not connected to a valid clock source: 
/axi_interconnect_0/M01_ACLK

ERROR: [Common 17-39] 'validate_bd_design' failed due to earlier errors.
current_bd_design [get_bd_designs design_1]
open_bd_design {C:/Users/diepw50/CPRE-488-Labs/MP-1/hw/MP-1/MP-1.srcs/sources_1/bd/design_1/design_1.bd}
ipx::edit_ip_in_project -upgrade true -name axi_ppm4_v1_0_project -directory C:/Users/diepw50/CPRE-488-Labs/MP-1/hw/MP-1/MP-1.tmp/axi_ppm4_v1_0_project c:/Users/diepw50/CPRE-488-Labs/MP-1/hw/ip_repo/axi_ppm4_1.0/component.xml
INFO: [IP_Flow 19-234] Refreshing IP repositories
INFO: [IP_Flow 19-1704] No user IP repositories specified
INFO: [IP_Flow 19-2313] Loaded Vivado IP repository 'C:/Xilinx/Vivado/2020.1/data/ip'.
INFO: [IP_Flow 19-234] Refreshing IP repositories
INFO: [IP_Flow 19-1700] Loaded user IP repository 'c:/Users/diepw50/CPRE-488-Labs/MP-1/hw/ip_repo/axi_ppm5_1.0'.
INFO: [IP_Flow 19-1700] Loaded user IP repository 'c:/Users/diepw50/CPRE-488-Labs/MP-1/hw/ip_repo/axi_ppm4_1.0'.
INFO: [IP_Flow 19-1700] Loaded user IP repository 'c:/Users/diepw50/CPRE-488-Labs/MP-1/hw/ip_repo/ppm3_1.0'.
INFO: [IP_Flow 19-1700] Loaded user IP repository 'c:/Users/diepw50/CPRE-488-Labs/MP-1/hw/ip_repo/ppm2_1.0'.
INFO: [IP_Flow 19-1700] Loaded user IP repository 'c:/Users/diepw50/CPRE-488-Labs/MP-1/hw/ip_repo/axi_ppm_1.0'.
INFO: [IP_Flow 19-795] Syncing license key meta-data
update_compile_order -fileset sources_1
current_project MP-1
current_bd_design [get_bd_designs design_2]
connect_bd_net [get_bd_pins axi_interconnect_0/M01_ACLK] [get_bd_pins processing_system7_0/FCLK_CLK0]
connect_bd_net [get_bd_pins axi_interconnect_0/M01_ARESETN] [get_bd_pins processing_system7_0/FCLK_RESET0_N]
save_bd_design
Wrote  : <C:\Users\diepw50\CPRE-488-Labs\MP-1\hw\MP-1\MP-1.srcs\sources_1\bd\design_2\design_2.bd> 
Wrote  : <C:/Users/diepw50/CPRE-488-Labs/MP-1/hw/MP-1/MP-1.srcs/sources_1/bd/design_2/ui/bd_1fdbff51.ui> 
validate_bd_design
WARNING: [BD 41-176] The physical port 'S_AXI_GP2_rd_socket' specified in the portmap, is not found on the block! 
WARNING: [BD 41-176] The physical port 'S_AXI_GP2_wr_socket' specified in the portmap, is not found on the block! 
WARNING: [BD 41-176] The physical port 'S_AXI_GP3_rd_socket' specified in the portmap, is not found on the block! 
WARNING: [BD 41-176] The physical port 'S_AXI_GP3_wr_socket' specified in the portmap, is not found on the block! 
CRITICAL WARNING: [BD 41-1347] Reset pin /axi_interconnect_0/M01_ARESETN (associated clock /axi_interconnect_0/M01_ACLK) is connected to asynchronous reset source /processing_system7_0/FCLK_RESET0_N.
This may prevent design from meeting timing. Instead it should be connected to reset source /rst_ps7_0_100M/peripheral_aresetn.
disconnect_bd_net /processing_system7_0_FCLK_CLK0 [get_bd_pins axi_interconnect_0/M01_ACLK]
current_bd_design [get_bd_designs design_1]
current_bd_design [get_bd_designs design_2]
disconnect_bd_net /processing_system7_0_FCLK_RESET0_N [get_bd_pins axi_interconnect_0/M01_ARESETN]
startgroup
set_property -dict [list CONFIG.NUM_MI {1}] [get_bd_cells axi_interconnect_0]
endgroup
save_bd_design
Wrote  : <C:\Users\diepw50\CPRE-488-Labs\MP-1\hw\MP-1\MP-1.srcs\sources_1\bd\design_2\design_2.bd> 
Wrote  : <C:/Users/diepw50/CPRE-488-Labs/MP-1/hw/MP-1/MP-1.srcs/sources_1/bd/design_2/ui/bd_1fdbff51.ui> 
set_property core_revision 3 [ipx::current_core]
ipx::update_source_project_archive -component [ipx::current_core]
ipx::create_xgui_files [ipx::current_core]
ipx::update_checksums [ipx::current_core]
ipx::save_core [ipx::current_core]
update_ip_catalog -rebuild -scan_changes
INFO: [IP_Flow 19-234] Refreshing IP repositories
INFO: [IP_Flow 19-1700] Loaded user IP repository 'c:/Users/diepw50/CPRE-488-Labs/MP-1/hw/ip_repo/axi_ppm5_1.0'.
INFO: [IP_Flow 19-1700] Loaded user IP repository 'c:/Users/diepw50/CPRE-488-Labs/MP-1/hw/ip_repo/axi_ppm4_1.0'.
INFO: [IP_Flow 19-1700] Loaded user IP repository 'c:/Users/diepw50/CPRE-488-Labs/MP-1/hw/ip_repo/ppm3_1.0'.
INFO: [IP_Flow 19-1700] Loaded user IP repository 'c:/Users/diepw50/CPRE-488-Labs/MP-1/hw/ip_repo/ppm2_1.0'.
INFO: [IP_Flow 19-1700] Loaded user IP repository 'c:/Users/diepw50/CPRE-488-Labs/MP-1/hw/ip_repo/axi_ppm_1.0'.
report_ip_status -name ip_status
upgrade_ip -vlnv iastate.edu:user:axi_ppm5:1.0 [get_ips  design_2_axi_ppm5_0_0] -log ip_upgrade.log
Upgrading 'C:/Users/diepw50/CPRE-488-Labs/MP-1/hw/MP-1/MP-1.srcs/sources_1/bd/design_2/design_2.bd'
INFO: [IP_Flow 19-3422] Upgraded design_2_axi_ppm5_0_0 (axi_ppm5_v1.0 1.0) from revision 1 to revision 3
WARNING: [IP_Flow 19-4698] Upgrade has added port 's00_ppm_in'
WARNING: [IP_Flow 19-4698] Upgrade has added port 's00_ppm_out'
WARNING: [IP_Flow 19-3298] Detected external port differences while upgrading 'design_2_axi_ppm5_0_0'. These changes may impact your design.
CRITICAL WARNING: [Coretcl 2-1279] The upgrade of 'design_2_axi_ppm5_0_0' has identified issues that may require user intervention. Please review the upgrade log 'c:/Users/diepw50/CPRE-488-Labs/MP-1/hw/MP-1/ip_upgrade.log', and verify that the upgraded IP is correctly configured.
Wrote  : <C:\Users\diepw50\CPRE-488-Labs\MP-1\hw\MP-1\MP-1.srcs\sources_1\bd\design_2\design_2.bd> 
Wrote  : <C:/Users/diepw50/CPRE-488-Labs/MP-1/hw/MP-1/MP-1.srcs/sources_1/bd/design_2/ui/bd_1fdbff51.ui> 
INFO: [Coretcl 2-1525] Wrote upgrade log to 'C:/Users/diepw50/CPRE-488-Labs/MP-1/hw/MP-1/ip_upgrade.log'.
export_ip_user_files -of_objects [get_ips design_2_axi_ppm5_0_0] -no_script -sync -force -quiet
generate_target all [get_files  C:/Users/diepw50/CPRE-488-Labs/MP-1/hw/MP-1/MP-1.srcs/sources_1/bd/design_2/design_2.bd]
CRITICAL WARNING: [BD 41-759] The input pins (listed below) are either not connected or do not have a source port, and they don't have a tie-off specified. These pins are tied-off to all 0's to avoid error in Implementation flow.
Please check your design and connect them as needed: 
/axi_ppm5_0/s00_ppm_in

Wrote  : <C:\Users\diepw50\CPRE-488-Labs\MP-1\hw\MP-1\MP-1.srcs\sources_1\bd\design_2\design_2.bd> 
VHDL Output written to : C:/Users/diepw50/CPRE-488-Labs/MP-1/hw/MP-1/MP-1.srcs/sources_1/bd/design_2/synth/design_2.vhd
VHDL Output written to : C:/Users/diepw50/CPRE-488-Labs/MP-1/hw/MP-1/MP-1.srcs/sources_1/bd/design_2/sim/design_2.vhd
VHDL Output written to : C:/Users/diepw50/CPRE-488-Labs/MP-1/hw/MP-1/MP-1.srcs/sources_1/bd/design_2/hdl/design_2_wrapper.vhd
WARNING: [IP_Flow 19-5611] Unable to find an associated reset port for the interface 'M_AXI_GP0'. A default connection has been created.
INFO: [BD 41-1029] Generation completed for the IP Integrator block processing_system7_0 .
INFO: [BD 41-1029] Generation completed for the IP Integrator block rst_ps7_0_100M .
INFO: [BD 41-1029] Generation completed for the IP Integrator block axi_ppm5_0 .
WARNING: [IP_Flow 19-4994] Overwriting existing constraint file 'c:/Users/diepw50/CPRE-488-Labs/MP-1/hw/MP-1/MP-1.srcs/sources_1/bd/design_2/ip/design_2_auto_pc_0/design_2_auto_pc_0_ooc.xdc'
INFO: [BD 41-1029] Generation completed for the IP Integrator block axi_interconnect_0/s00_couplers/auto_pc .
Exporting to file C:/Users/diepw50/CPRE-488-Labs/MP-1/hw/MP-1/MP-1.srcs/sources_1/bd/design_2/hw_handoff/design_2.hwh
Generated Block Design Tcl file C:/Users/diepw50/CPRE-488-Labs/MP-1/hw/MP-1/MP-1.srcs/sources_1/bd/design_2/hw_handoff/design_2_bd.tcl
Generated Hardware Definition File C:/Users/diepw50/CPRE-488-Labs/MP-1/hw/MP-1/MP-1.srcs/sources_1/bd/design_2/synth/design_2.hwdef
generate_target: Time (s): cpu = 00:00:09 ; elapsed = 00:00:10 . Memory (MB): peak = 4735.008 ; gain = 60.230
catch { config_ip_cache -export [get_ips -all design_2_processing_system7_0_0] }
catch { config_ip_cache -export [get_ips -all design_2_rst_ps7_0_100M_0] }
INFO: [IP_Flow 19-4993] Using cached IP synthesis design for IP design_2_rst_ps7_0_100M_0, cache-ID = 0cf70c78b339ff2e; cache size = 142.794 MB.
catch { config_ip_cache -export [get_ips -all design_2_axi_ppm5_0_0] }
catch { config_ip_cache -export [get_ips -all design_2_auto_pc_0] }
INFO: [IP_Flow 19-4993] Using cached IP synthesis design for IP design_2_auto_pc_0, cache-ID = 5d3c564c292cdb5e; cache size = 142.794 MB.
export_ip_user_files -of_objects [get_files C:/Users/diepw50/CPRE-488-Labs/MP-1/hw/MP-1/MP-1.srcs/sources_1/bd/design_2/design_2.bd] -no_script -sync -force -quiet
create_ip_run [get_files -of_objects [get_fileset sources_1] C:/Users/diepw50/CPRE-488-Labs/MP-1/hw/MP-1/MP-1.srcs/sources_1/bd/design_2/design_2.bd]
launch_runs design_2_processing_system7_0_0_synth_1 design_2_axi_ppm5_0_0_synth_1 -jobs 10
[Fri Feb 20 21:57:10 2026] Launched design_2_processing_system7_0_0_synth_1, design_2_axi_ppm5_0_0_synth_1...
Run output will be captured here:
design_2_processing_system7_0_0_synth_1: C:/Users/diepw50/CPRE-488-Labs/MP-1/hw/MP-1/MP-1.runs/design_2_processing_system7_0_0_synth_1/runme.log
design_2_axi_ppm5_0_0_synth_1: C:/Users/diepw50/CPRE-488-Labs/MP-1/hw/MP-1/MP-1.runs/design_2_axi_ppm5_0_0_synth_1/runme.log
export_simulation -of_objects [get_files C:/Users/diepw50/CPRE-488-Labs/MP-1/hw/MP-1/MP-1.srcs/sources_1/bd/design_2/design_2.bd] -directory C:/Users/diepw50/CPRE-488-Labs/MP-1/hw/MP-1/MP-1.ip_user_files/sim_scripts -ip_user_files_dir C:/Users/diepw50/CPRE-488-Labs/MP-1/hw/MP-1/MP-1.ip_user_files -ipstatic_source_dir C:/Users/diepw50/CPRE-488-Labs/MP-1/hw/MP-1/MP-1.ip_user_files/ipstatic -lib_map_path [list {modelsim=C:/Users/diepw50/CPRE-488-Labs/MP-1/hw/MP-1/MP-1.cache/compile_simlib/modelsim} {questa=C:/Users/diepw50/CPRE-488-Labs/MP-1/hw/MP-1/MP-1.cache/compile_simlib/questa} {riviera=C:/Users/diepw50/CPRE-488-Labs/MP-1/hw/MP-1/MP-1.cache/compile_simlib/riviera} {activehdl=C:/Users/diepw50/CPRE-488-Labs/MP-1/hw/MP-1/MP-1.cache/compile_simlib/activehdl}] -use_ip_compiled_libs -force -quiet
startgroup
make_bd_pins_external  [get_bd_pins axi_ppm5_0/s00_ppm_in]
endgroup
startgroup
make_bd_pins_external  [get_bd_pins axi_ppm5_0/s00_ppm_out]
endgroup
regenerate_bd_layout
delete_bd_objs [get_bd_nets s00_ppm_in_0_1]
delete_bd_objs [get_bd_ports s00_ppm_in_0]
startgroup
create_bd_cell -type ip -vlnv xilinx.com:ip:xlconstant:1.1 xlconstant_0
endgroup
set_property location {2 719 409} [get_bd_cells xlconstant_0]
connect_bd_net [get_bd_pins xlconstant_0/dout] [get_bd_pins axi_ppm5_0/s00_ppm_in]
save_bd_design
Wrote  : <C:\Users\diepw50\CPRE-488-Labs\MP-1\hw\MP-1\MP-1.srcs\sources_1\bd\design_2\design_2.bd> 
Wrote  : <C:/Users/diepw50/CPRE-488-Labs/MP-1/hw/MP-1/MP-1.srcs/sources_1/bd/design_2/ui/bd_1fdbff51.ui> 
set_property HDL_ATTRIBUTE.DEBUG true [get_bd_nets {axi_ppm5_0_s00_ppm_out }]
true
apply_bd_automation -rule xilinx.com:bd_rule:debug -dict [list \
                                                          [get_bd_nets axi_ppm5_0_s00_ppm_out] {PROBE_TYPE "Data and Trigger" CLK_SRC "/processing_system7_0/FCLK_CLK0" SYSTEM_ILA "Auto" } \
                                                         ]
Debug Automation : Instantiating new System ILA block '/system_ila_0' with mode NATIVE, 0 slot interface pins and 1 probe pins. Also setting parameters on this block, corresponding to newly enabled interface pins and probe pins as specified via Debug Automation.
Debug Automation : Connecting source clock pin /processing_system7_0/FCLK_CLK0 to the following sink clock pins :
/system_ila_0/clk
Debug Automation : Connecting net /axi_ppm5_0_s00_ppm_out, to System ILA probe pin /system_ila_0/probe0 for debug.
set_property location {4 1181 160} [get_bd_cells system_ila_0]
save_bd_design
Wrote  : <C:\Users\diepw50\CPRE-488-Labs\MP-1\hw\MP-1\MP-1.srcs\sources_1\bd\design_2\design_2.bd> 
Wrote  : <C:/Users/diepw50/CPRE-488-Labs/MP-1/hw/MP-1/MP-1.srcs/sources_1/bd/design_2/ui/bd_1fdbff51.ui> 
reset_run synth_1
WARNING: [Vivado 12-1017] Problems encountered:
1. Failed to delete one or more files in run directory C:/Users/diepw50/CPRE-488-Labs/MP-1/hw/MP-1/MP-1.runs/synth_1

launch_runs impl_1 -to_step write_bitstream -jobs 20
[Fri Feb 20 21:58:53 2026] Launched synth_1...
Run output will be captured here: C:/Users/diepw50/CPRE-488-Labs/MP-1/hw/MP-1/MP-1.runs/synth_1/runme.log
[Fri Feb 20 21:58:53 2026] Launched impl_1...
Run output will be captured here: C:/Users/diepw50/CPRE-488-Labs/MP-1/hw/MP-1/MP-1.runs/impl_1/runme.log
generate_target all [get_files  C:/Users/diepw50/CPRE-488-Labs/MP-1/hw/MP-1/MP-1.srcs/sources_1/bd/design_2/design_2.bd]
WARNING: [BD 41-1781] Updates have been made to one or more nets/interface connections marked for debug.
Debug nets, which are already connected to any ILA IP core in the block-design, will be automatically available for debug in Hardware Manager.
For unconnected Debug nets, please open synthesized design and use 'Set Up Debug' wizard to insert, modify or delete Debug Cores. 
Wrote  : <C:\Users\diepw50\CPRE-488-Labs\MP-1\hw\MP-1\MP-1.srcs\sources_1\bd\design_2\design_2.bd> 
VHDL Output written to : C:/Users/diepw50/CPRE-488-Labs/MP-1/hw/MP-1/MP-1.srcs/sources_1/bd/design_2/synth/design_2.vhd
VHDL Output written to : C:/Users/diepw50/CPRE-488-Labs/MP-1/hw/MP-1/MP-1.srcs/sources_1/bd/design_2/sim/design_2.vhd
VHDL Output written to : C:/Users/diepw50/CPRE-488-Labs/MP-1/hw/MP-1/MP-1.srcs/sources_1/bd/design_2/hdl/design_2_wrapper.vhd
INFO: [BD 41-1029] Generation completed for the IP Integrator block xlconstant_0 .
Exporting to file c:/Users/diepw50/CPRE-488-Labs/MP-1/hw/MP-1/MP-1.srcs/sources_1/bd/design_2/ip/design_2_system_ila_0_0/bd_0/hw_handoff/design_2_system_ila_0_0.hwh
Generated Block Design Tcl file c:/Users/diepw50/CPRE-488-Labs/MP-1/hw/MP-1/MP-1.srcs/sources_1/bd/design_2/ip/design_2_system_ila_0_0/bd_0/hw_handoff/design_2_system_ila_0_0_bd.tcl
Generated Hardware Definition File c:/Users/diepw50/CPRE-488-Labs/MP-1/hw/MP-1/MP-1.srcs/sources_1/bd/design_2/ip/design_2_system_ila_0_0/bd_0/synth/design_2_system_ila_0_0.hwdef
INFO: [BD 41-1029] Generation completed for the IP Integrator block system_ila_0 .
WARNING: [IP_Flow 19-4994] Overwriting existing constraint file 'c:/Users/diepw50/CPRE-488-Labs/MP-1/hw/MP-1/MP-1.srcs/sources_1/bd/design_2/ip/design_2_auto_pc_0/design_2_auto_pc_0_ooc.xdc'
INFO: [BD 41-1029] Generation completed for the IP Integrator block axi_interconnect_0/s00_couplers/auto_pc .
Exporting to file C:/Users/diepw50/CPRE-488-Labs/MP-1/hw/MP-1/MP-1.srcs/sources_1/bd/design_2/hw_handoff/design_2.hwh
Generated Block Design Tcl file C:/Users/diepw50/CPRE-488-Labs/MP-1/hw/MP-1/MP-1.srcs/sources_1/bd/design_2/hw_handoff/design_2_bd.tcl
Generated Hardware Definition File C:/Users/diepw50/CPRE-488-Labs/MP-1/hw/MP-1/MP-1.srcs/sources_1/bd/design_2/synth/design_2.hwdef
catch { config_ip_cache -export [get_ips -all design_2_system_ila_0_0] }
catch { config_ip_cache -export [get_ips -all design_2_auto_pc_0] }
INFO: [IP_Flow 19-4993] Using cached IP synthesis design for IP design_2_auto_pc_0, cache-ID = 5d3c564c292cdb5e; cache size = 143.981 MB.
export_ip_user_files -of_objects [get_files C:/Users/diepw50/CPRE-488-Labs/MP-1/hw/MP-1/MP-1.srcs/sources_1/bd/design_2/design_2.bd] -no_script -sync -force -quiet
create_ip_run [get_files -of_objects [get_fileset sources_1] C:/Users/diepw50/CPRE-488-Labs/MP-1/hw/MP-1/MP-1.srcs/sources_1/bd/design_2/design_2.bd]
launch_runs design_2_system_ila_0_0_synth_1 -jobs 20
[Fri Feb 20 22:00:52 2026] Launched design_2_system_ila_0_0_synth_1...
Run output will be captured here: C:/Users/diepw50/CPRE-488-Labs/MP-1/hw/MP-1/MP-1.runs/design_2_system_ila_0_0_synth_1/runme.log
export_simulation -of_objects [get_files C:/Users/diepw50/CPRE-488-Labs/MP-1/hw/MP-1/MP-1.srcs/sources_1/bd/design_2/design_2.bd] -directory C:/Users/diepw50/CPRE-488-Labs/MP-1/hw/MP-1/MP-1.ip_user_files/sim_scripts -ip_user_files_dir C:/Users/diepw50/CPRE-488-Labs/MP-1/hw/MP-1/MP-1.ip_user_files -ipstatic_source_dir C:/Users/diepw50/CPRE-488-Labs/MP-1/hw/MP-1/MP-1.ip_user_files/ipstatic -lib_map_path [list {modelsim=C:/Users/diepw50/CPRE-488-Labs/MP-1/hw/MP-1/MP-1.cache/compile_simlib/modelsim} {questa=C:/Users/diepw50/CPRE-488-Labs/MP-1/hw/MP-1/MP-1.cache/compile_simlib/questa} {riviera=C:/Users/diepw50/CPRE-488-Labs/MP-1/hw/MP-1/MP-1.cache/compile_simlib/riviera} {activehdl=C:/Users/diepw50/CPRE-488-Labs/MP-1/hw/MP-1/MP-1.cache/compile_simlib/activehdl}] -use_ip_compiled_libs -force -quiet
make_wrapper -files [get_files C:/Users/diepw50/CPRE-488-Labs/MP-1/hw/MP-1/MP-1.srcs/sources_1/bd/design_2/design_2.bd] -top
add_files -norecurse C:/Users/diepw50/CPRE-488-Labs/MP-1/hw/MP-1/MP-1.srcs/sources_1/bd/design_2/hdl/design_2_wrapper.vhd
update_compile_order -fileset sources_1
INFO: [Vivado 12-8217] Implementation run is out of date. Exported hardware information may be inconsistent with respect to the current state of the design. It is recommended that you re-run implementation and re-generate bitstream/PDI before doing hardware export.
INFO: [Vivado 12-8217] Implementation run is out of date. Exported hardware information may be inconsistent with respect to the current state of the design. It is recommended that you re-run implementation and re-generate bitstream/PDI before doing hardware export.
reset_run synth_1
WARNING: [Vivado 12-1017] Problems encountered:
1. Failed to delete one or more files in run directory C:/Users/diepw50/CPRE-488-Labs/MP-1/hw/MP-1/MP-1.runs/synth_1

launch_runs impl_1 -to_step write_bitstream -jobs 20
[Fri Feb 20 22:03:00 2026] Launched synth_1...
Run output will be captured here: C:/Users/diepw50/CPRE-488-Labs/MP-1/hw/MP-1/MP-1.runs/synth_1/runme.log
[Fri Feb 20 22:03:00 2026] Launched impl_1...
Run output will be captured here: C:/Users/diepw50/CPRE-488-Labs/MP-1/hw/MP-1/MP-1.runs/impl_1/runme.log
set_property pfm_name {} [get_files -all {C:/Users/diepw50/CPRE-488-Labs/MP-1/hw/MP-1/MP-1.srcs/sources_1/bd/design_1/design_1.bd}]
write_hw_platform -fixed -include_bit -force -file C:/Users/diepw50/CPRE-488-Labs/MP-1/hw/MP-1/design_1_wrapper.xsa
INFO: [Vivado 12-4895] Creating Hardware Platform: C:/Users/diepw50/CPRE-488-Labs/MP-1/hw/MP-1/design_1_wrapper.xsa ...
INFO: [Vivado 12-4896] Successfully created Hardware Platform: C:/Users/diepw50/CPRE-488-Labs/MP-1/hw/MP-1/design_1_wrapper.xsa
write_hw_platform: Time (s): cpu = 00:00:13 ; elapsed = 00:00:13 . Memory (MB): peak = 4960.160 ; gain = 203.797
set_property top design_2_wrapper [current_fileset]
update_compile_order -fileset sources_1
reset_run synth_1
WARNING: [Vivado 12-1017] Problems encountered:
1. Failed to delete one or more files in run directory C:/Users/diepw50/CPRE-488-Labs/MP-1/hw/MP-1/MP-1.runs/synth_1

launch_runs impl_1 -to_step write_bitstream -jobs 20
[Fri Feb 20 22:07:35 2026] Launched synth_1...
Run output will be captured here: C:/Users/diepw50/CPRE-488-Labs/MP-1/hw/MP-1/MP-1.runs/synth_1/runme.log
[Fri Feb 20 22:07:35 2026] Launched impl_1...
Run output will be captured here: C:/Users/diepw50/CPRE-488-Labs/MP-1/hw/MP-1/MP-1.runs/impl_1/runme.log
open_bd_design {C:/Users/diepw50/CPRE-488-Labs/MP-1/hw/MP-1/MP-1.srcs/sources_1/bd/design_2/design_2.bd}
set_property pfm_name {} [get_files -all {C:/Users/diepw50/CPRE-488-Labs/MP-1/hw/MP-1/MP-1.srcs/sources_1/bd/design_1/design_1.bd}]
write_hw_platform -fixed -include_bit -force -file C:/Users/diepw50/CPRE-488-Labs/MP-1/hw/MP-1/design_2_wrapper.xsa
INFO: [Vivado 12-4895] Creating Hardware Platform: C:/Users/diepw50/CPRE-488-Labs/MP-1/hw/MP-1/design_2_wrapper.xsa ...
INFO: [Vivado 12-4896] Successfully created Hardware Platform: C:/Users/diepw50/CPRE-488-Labs/MP-1/hw/MP-1/design_2_wrapper.xsa
write_hw_platform: Time (s): cpu = 00:00:12 ; elapsed = 00:00:13 . Memory (MB): peak = 5144.012 ; gain = 160.508
INFO: [Vivado 12-8231] Launching Vitis
INFO: [Vivado 12-417] Running vitis
INFO: [Vivado 12-8232] Vitis launch initiated. Please check console for any further messages.
