#-----------------------------------------------------------
# Vivado v2020.1 (64-bit)
# SW Build 2902540 on Wed May 27 19:54:49 MDT 2020
# IP Build 2902112 on Wed May 27 22:43:36 MDT 2020
# Start of session at: Fri Feb 20 23:13:09 2026
# Process ID: 12572
# Current directory: C:/Users/diepw50/CPRE-488-Labs/MP-1/hw/MP-1
# Command line: vivado.exe -gui_launcher_event rodinguilauncherevent3456 C:\Users\diepw50\CPRE-488-Labs\MP-1\hw\MP-1\MP-1.xpr
# Log file: C:/Users/diepw50/CPRE-488-Labs/MP-1/hw/MP-1/vivado.log
# Journal file: C:/Users/diepw50/CPRE-488-Labs/MP-1/hw/MP-1\vivado.jou
#-----------------------------------------------------------
start_gui
open_project C:/Users/diepw50/CPRE-488-Labs/MP-1/hw/MP-1/MP-1.xpr
update_compile_order -fileset sources_1
open_bd_design {C:/Users/diepw50/CPRE-488-Labs/MP-1/hw/MP-1/MP-1.srcs/sources_1/bd/design_2/design_2.bd}
reset_run synth_1
launch_runs impl_1 -to_step write_bitstream -jobs 20
wait_on_run impl_1
open_run impl_1
open_bd_design {C:/Users/diepw50/CPRE-488-Labs/MP-1/hw/MP-1/MP-1.srcs/sources_1/bd/design_2/design_2.bd}
open_bd_design {C:/Users/diepw50/CPRE-488-Labs/MP-1/hw/MP-1/MP-1.srcs/sources_1/bd/design_1/design_1.bd}
update_ip_catalog -rebuild -scan_changes
report_ip_status -name ip_status
# Disabling source management mode.  This is to allow the top design properties to be set without GUI intervention.
set_property source_mgmt_mode None [current_project]
set_property top design_1_wrapper [current_fileset]
# Re-enabling previously disabled source management mode.
set_property source_mgmt_mode All [current_project]
update_compile_order -fileset sources_1
upgrade_ip -vlnv iastate.edu:user:axi_ppm4:1.0 [get_ips  design_1_axi_ppm4_0_0] -log ip_upgrade.log
export_ip_user_files -of_objects [get_ips design_1_axi_ppm4_0_0] -no_script -sync -force -quiet
generate_target all [get_files  C:/Users/diepw50/CPRE-488-Labs/MP-1/hw/MP-1/MP-1.srcs/sources_1/bd/design_1/design_1.bd]
catch { config_ip_cache -export [get_ips -all design_1_axi_ppm4_0_0] }
catch { config_ip_cache -export [get_ips -all design_1_system_ila_0_0] }
catch { config_ip_cache -export [get_ips -all design_1_auto_pc_0] }
export_ip_user_files -of_objects [get_files C:/Users/diepw50/CPRE-488-Labs/MP-1/hw/MP-1/MP-1.srcs/sources_1/bd/design_1/design_1.bd] -no_script -sync -force -quiet
create_ip_run [get_files -of_objects [get_fileset sources_1] C:/Users/diepw50/CPRE-488-Labs/MP-1/hw/MP-1/MP-1.srcs/sources_1/bd/design_1/design_1.bd]
launch_runs design_1_axi_ppm4_0_0_synth_1 design_1_system_ila_0_0_synth_1 -jobs 20
wait_on_run design_1_axi_ppm4_0_0_synth_1
wait_on_run design_1_system_ila_0_0_synth_1
export_simulation -of_objects [get_files C:/Users/diepw50/CPRE-488-Labs/MP-1/hw/MP-1/MP-1.srcs/sources_1/bd/design_1/design_1.bd] -directory C:/Users/diepw50/CPRE-488-Labs/MP-1/hw/MP-1/MP-1.ip_user_files/sim_scripts -ip_user_files_dir C:/Users/diepw50/CPRE-488-Labs/MP-1/hw/MP-1/MP-1.ip_user_files -ipstatic_source_dir C:/Users/diepw50/CPRE-488-Labs/MP-1/hw/MP-1/MP-1.ip_user_files/ipstatic -lib_map_path [list {modelsim=C:/Users/diepw50/CPRE-488-Labs/MP-1/hw/MP-1/MP-1.cache/compile_simlib/modelsim} {questa=C:/Users/diepw50/CPRE-488-Labs/MP-1/hw/MP-1/MP-1.cache/compile_simlib/questa} {riviera=C:/Users/diepw50/CPRE-488-Labs/MP-1/hw/MP-1/MP-1.cache/compile_simlib/riviera} {activehdl=C:/Users/diepw50/CPRE-488-Labs/MP-1/hw/MP-1/MP-1.cache/compile_simlib/activehdl}] -use_ip_compiled_libs -force -quiet
reset_run synth_1
launch_runs impl_1 -to_step write_bitstream -jobs 20
wait_on_run impl_1
close_design
validate_bd_design -force
save_bd_design
set_property name s00_ppm_in_0 [get_bd_ports ppm_in_0]
save_bd_design
reset_run synth_1
reset_run design_1_system_ila_0_0_synth_1
launch_runs impl_1 -to_step write_bitstream -jobs 20
wait_on_run impl_1
set_property pfm_name {} [get_files -all {C:/Users/diepw50/CPRE-488-Labs/MP-1/hw/MP-1/MP-1.srcs/sources_1/bd/design_1/design_1.bd}]
write_hw_platform -fixed -include_bit -force -file C:/Users/diepw50/CPRE-488-Labs/MP-1/hw/MP-1/design_1_wrapper.xsa
open_hw_manager
connect_hw_server -allow_non_jtag
open_hw_target
set_property PROGRAM.FILE {C:/Users/diepw50/CPRE-488-Labs/MP-1/hw/MP-1/MP-1.runs/impl_1/design_1_wrapper.bit} [get_hw_devices xc7z020_1]
set_property PROBES.FILE {C:/Users/diepw50/CPRE-488-Labs/MP-1/hw/MP-1/MP-1.runs/impl_1/design_1_wrapper.ltx} [get_hw_devices xc7z020_1]
set_property FULL_PROBES.FILE {C:/Users/diepw50/CPRE-488-Labs/MP-1/hw/MP-1/MP-1.runs/impl_1/design_1_wrapper.ltx} [get_hw_devices xc7z020_1]
current_hw_device [get_hw_devices xc7z020_1]
refresh_hw_device [lindex [get_hw_devices xc7z020_1] 0]
display_hw_ila_data [ get_hw_ila_data hw_ila_data_1 -of_objects [get_hw_ilas -of_objects [get_hw_devices xc7z020_1] -filter {CELL_NAME=~"design_1_i/system_ila_0/U0/ila_lib"}]]
run_hw_ila [get_hw_ilas -of_objects [get_hw_devices xc7z020_1] -filter {CELL_NAME=~"design_1_i/system_ila_0/U0/ila_lib"}]
wait_on_hw_ila -timeout 0 [get_hw_ilas -of_objects [get_hw_devices xc7z020_1] -filter {CELL_NAME=~"design_1_i/system_ila_0/U0/ila_lib"}]
upload_hw_ila_data [get_hw_ilas -of_objects [get_hw_devices xc7z020_1] -filter {CELL_NAME=~"design_1_i/system_ila_0/U0/ila_lib"}]
run_hw_ila [get_hw_ilas -of_objects [get_hw_devices xc7z020_1] -filter {CELL_NAME=~"design_1_i/system_ila_0/U0/ila_lib"}] -trigger_now
wait_on_hw_ila [get_hw_ilas -of_objects [get_hw_devices xc7z020_1] -filter {CELL_NAME=~"design_1_i/system_ila_0/U0/ila_lib"}]
display_hw_ila_data [upload_hw_ila_data [get_hw_ilas -of_objects [get_hw_devices xc7z020_1] -filter {CELL_NAME=~"design_1_i/system_ila_0/U0/ila_lib"}]]
open_bd_design {C:/Users/diepw50/CPRE-488-Labs/MP-1/hw/MP-1/MP-1.srcs/sources_1/bd/design_1/design_1.bd}
startgroup
set_property -dict [list CONFIG.C_BRAM_CNT {25} CONFIG.C_PROBE6_WIDTH {32} CONFIG.C_PROBE5_WIDTH {32} CONFIG.C_PROBE4_WIDTH {32} CONFIG.C_PROBE3_WIDTH {32} CONFIG.C_PROBE2_WIDTH {32} CONFIG.C_PROBE1_WIDTH {32} CONFIG.C_PROBE0_WIDTH {32} CONFIG.C_DATA_DEPTH {4096} CONFIG.C_NUM_OF_PROBES {8} CONFIG.C_PROBE_WIDTH_PROPAGATION {MANUAL}] [get_bd_cells system_ila_0]
endgroup
connect_bd_net [get_bd_pins system_ila_0/probe7] [get_bd_pins axi_ppm4_0/s00_ppm_out]
save_bd_design
startgroup
set_property -dict [list CONFIG.C_BRAM_CNT {25.5} CONFIG.C_NUM_OF_PROBES {9}] [get_bd_cells system_ila_0]
endgroup
connect_bd_net [get_bd_ports s00_ppm_in_0] [get_bd_pins system_ila_0/probe8]
save_bd_design
reset_run synth_1
launch_runs impl_1 -to_step write_bitstream -jobs 20
wait_on_run impl_1
set_property pfm_name {} [get_files -all {C:/Users/diepw50/CPRE-488-Labs/MP-1/hw/MP-1/MP-1.srcs/sources_1/bd/design_1/design_1.bd}]
write_hw_platform -fixed -include_bit -force -file C:/Users/diepw50/CPRE-488-Labs/MP-1/hw/MP-1/design_1_wrapper.xsa
run_hw_ila [get_hw_ilas -of_objects [get_hw_devices xc7z020_1] -filter {CELL_NAME=~"design_1_i/system_ila_0/U0/ila_lib"}]
save_wave_config {C:/Users/diepw50/CPRE-488-Labs/MP-1/hw/MP-1/MP-1.hw/hw_1/wave/hw_ila_data_1/hw_ila_data_1.wcfg}
close_hw_manager
open_hw_manager
connect_hw_server -allow_non_jtag
open_hw_target
set_property PROGRAM.FILE {C:/Users/diepw50/CPRE-488-Labs/MP-1/hw/MP-1/MP-1.runs/impl_1/design_1_wrapper.bit} [get_hw_devices xc7z020_1]
set_property PROBES.FILE {C:/Users/diepw50/CPRE-488-Labs/MP-1/hw/MP-1/MP-1.runs/impl_1/design_1_wrapper.ltx} [get_hw_devices xc7z020_1]
set_property FULL_PROBES.FILE {C:/Users/diepw50/CPRE-488-Labs/MP-1/hw/MP-1/MP-1.runs/impl_1/design_1_wrapper.ltx} [get_hw_devices xc7z020_1]
current_hw_device [get_hw_devices xc7z020_1]
refresh_hw_device [lindex [get_hw_devices xc7z020_1] 0]
display_hw_ila_data [ get_hw_ila_data hw_ila_data_1 -of_objects [get_hw_ilas -of_objects [get_hw_devices xc7z020_1] -filter {CELL_NAME=~"design_1_i/system_ila_0/U0/ila_lib"}]]
add_wave -into {hw_ila_data_1.wcfg} -radix hex { {design_1_i/system_ila_0/U0/probe8_1} {design_1_i/system_ila_0/U0/probe7_1} }
set_property NAME.CUSTOM s00_ppm_in_0 [get_hw_probes design_1_i/system_ila_0/U0/probe8_1] 
set_property NAME.CUSTOM s00_ppm_out_0 [get_hw_probes design_1_i/system_ila_0/U0/probe7_1] 
wait_on_hw_ila -timeout 0 [get_hw_ilas -of_objects [get_hw_devices xc7z020_1] -filter {CELL_NAME=~"design_1_i/system_ila_0/U0/ila_lib"}]
upload_hw_ila_data [get_hw_ilas -of_objects [get_hw_devices xc7z020_1] -filter {CELL_NAME=~"design_1_i/system_ila_0/U0/ila_lib"}]
run_hw_ila [get_hw_ilas -of_objects [get_hw_devices xc7z020_1] -filter {CELL_NAME=~"design_1_i/system_ila_0/U0/ila_lib"}] -trigger_now
wait_on_hw_ila [get_hw_ilas -of_objects [get_hw_devices xc7z020_1] -filter {CELL_NAME=~"design_1_i/system_ila_0/U0/ila_lib"}]
display_hw_ila_data [upload_hw_ila_data [get_hw_ilas -of_objects [get_hw_devices xc7z020_1] -filter {CELL_NAME=~"design_1_i/system_ila_0/U0/ila_lib"}]]
run_hw_ila [get_hw_ilas -of_objects [get_hw_devices xc7z020_1] -filter {CELL_NAME=~"design_1_i/system_ila_0/U0/ila_lib"}] -trigger_now
wait_on_hw_ila [get_hw_ilas -of_objects [get_hw_devices xc7z020_1] -filter {CELL_NAME=~"design_1_i/system_ila_0/U0/ila_lib"}]
display_hw_ila_data [upload_hw_ila_data [get_hw_ilas -of_objects [get_hw_devices xc7z020_1] -filter {CELL_NAME=~"design_1_i/system_ila_0/U0/ila_lib"}]]
run_hw_ila [get_hw_ilas -of_objects [get_hw_devices xc7z020_1] -filter {CELL_NAME=~"design_1_i/system_ila_0/U0/ila_lib"}] -trigger_now
wait_on_hw_ila [get_hw_ilas -of_objects [get_hw_devices xc7z020_1] -filter {CELL_NAME=~"design_1_i/system_ila_0/U0/ila_lib"}]
display_hw_ila_data [upload_hw_ila_data [get_hw_ilas -of_objects [get_hw_devices xc7z020_1] -filter {CELL_NAME=~"design_1_i/system_ila_0/U0/ila_lib"}]]
run_hw_ila [get_hw_ilas -of_objects [get_hw_devices xc7z020_1] -filter {CELL_NAME=~"design_1_i/system_ila_0/U0/ila_lib"}] -trigger_now
wait_on_hw_ila [get_hw_ilas -of_objects [get_hw_devices xc7z020_1] -filter {CELL_NAME=~"design_1_i/system_ila_0/U0/ila_lib"}]
display_hw_ila_data [upload_hw_ila_data [get_hw_ilas -of_objects [get_hw_devices xc7z020_1] -filter {CELL_NAME=~"design_1_i/system_ila_0/U0/ila_lib"}]]
run_hw_ila [get_hw_ilas -of_objects [get_hw_devices xc7z020_1] -filter {CELL_NAME=~"design_1_i/system_ila_0/U0/ila_lib"}] -trigger_now
wait_on_hw_ila [get_hw_ilas -of_objects [get_hw_devices xc7z020_1] -filter {CELL_NAME=~"design_1_i/system_ila_0/U0/ila_lib"}]
display_hw_ila_data [upload_hw_ila_data [get_hw_ilas -of_objects [get_hw_devices xc7z020_1] -filter {CELL_NAME=~"design_1_i/system_ila_0/U0/ila_lib"}]]
run_hw_ila [get_hw_ilas -of_objects [get_hw_devices xc7z020_1] -filter {CELL_NAME=~"design_1_i/system_ila_0/U0/ila_lib"}] -trigger_now
wait_on_hw_ila [get_hw_ilas -of_objects [get_hw_devices xc7z020_1] -filter {CELL_NAME=~"design_1_i/system_ila_0/U0/ila_lib"}]
display_hw_ila_data [upload_hw_ila_data [get_hw_ilas -of_objects [get_hw_devices xc7z020_1] -filter {CELL_NAME=~"design_1_i/system_ila_0/U0/ila_lib"}]]
open_bd_design {C:/Users/diepw50/CPRE-488-Labs/MP-1/hw/MP-1/MP-1.srcs/sources_1/bd/design_1/design_1.bd}
run_hw_ila [get_hw_ilas -of_objects [get_hw_devices xc7z020_1] -filter {CELL_NAME=~"design_1_i/system_ila_0/U0/ila_lib"}]
open_bd_design {C:/Users/diepw50/CPRE-488-Labs/MP-1/hw/MP-1/MP-1.srcs/sources_1/bd/design_1/design_1.bd}
update_ip_catalog -rebuild -scan_changes
report_ip_status -name ip_status
upgrade_ip -vlnv iastate.edu:user:axi_ppm4:1.0 [get_ips  design_1_axi_ppm4_0_0] -log ip_upgrade.log
export_ip_user_files -of_objects [get_ips design_1_axi_ppm4_0_0] -no_script -sync -force -quiet
generate_target all [get_files  C:/Users/diepw50/CPRE-488-Labs/MP-1/hw/MP-1/MP-1.srcs/sources_1/bd/design_1/design_1.bd]
catch { config_ip_cache -export [get_ips -all design_1_axi_ppm4_0_0] }
catch { config_ip_cache -export [get_ips -all design_1_system_ila_0_0] }
catch { [ delete_ip_run [get_ips -all design_1_system_ila_0_0] ] }
catch { config_ip_cache -export [get_ips -all design_1_auto_pc_0] }
export_ip_user_files -of_objects [get_files C:/Users/diepw50/CPRE-488-Labs/MP-1/hw/MP-1/MP-1.srcs/sources_1/bd/design_1/design_1.bd] -no_script -sync -force -quiet
create_ip_run [get_files -of_objects [get_fileset sources_1] C:/Users/diepw50/CPRE-488-Labs/MP-1/hw/MP-1/MP-1.srcs/sources_1/bd/design_1/design_1.bd]
launch_runs design_1_axi_ppm4_0_0_synth_1 -jobs 20
wait_on_run design_1_axi_ppm4_0_0_synth_1
export_simulation -of_objects [get_files C:/Users/diepw50/CPRE-488-Labs/MP-1/hw/MP-1/MP-1.srcs/sources_1/bd/design_1/design_1.bd] -directory C:/Users/diepw50/CPRE-488-Labs/MP-1/hw/MP-1/MP-1.ip_user_files/sim_scripts -ip_user_files_dir C:/Users/diepw50/CPRE-488-Labs/MP-1/hw/MP-1/MP-1.ip_user_files -ipstatic_source_dir C:/Users/diepw50/CPRE-488-Labs/MP-1/hw/MP-1/MP-1.ip_user_files/ipstatic -lib_map_path [list {modelsim=C:/Users/diepw50/CPRE-488-Labs/MP-1/hw/MP-1/MP-1.cache/compile_simlib/modelsim} {questa=C:/Users/diepw50/CPRE-488-Labs/MP-1/hw/MP-1/MP-1.cache/compile_simlib/questa} {riviera=C:/Users/diepw50/CPRE-488-Labs/MP-1/hw/MP-1/MP-1.cache/compile_simlib/riviera} {activehdl=C:/Users/diepw50/CPRE-488-Labs/MP-1/hw/MP-1/MP-1.cache/compile_simlib/activehdl}] -use_ip_compiled_libs -force -quiet
reset_run synth_1
delete_bd_objs [get_bd_cells xlconstant_0]
delete_bd_objs [get_bd_cells xlconstant_2]
delete_bd_objs [get_bd_cells constant_high]
delete_bd_objs [get_bd_cells constant_low]
delete_bd_objs [get_bd_cells xlconstant_1]
set_property location {1639 334} [get_bd_intf_ports FIXED_IO]
set_property location {1635 11} [get_bd_intf_ports FIXED_IO]
set_property location {1642 -15} [get_bd_intf_ports FIXED_IO]
save_bd_design
launch_runs impl_1 -to_step write_bitstream -jobs 20
wait_on_run impl_1
set_property pfm_name {} [get_files -all {C:/Users/diepw50/CPRE-488-Labs/MP-1/hw/MP-1/MP-1.srcs/sources_1/bd/design_1/design_1.bd}]
write_hw_platform -fixed -include_bit -force -file C:/Users/diepw50/CPRE-488-Labs/MP-1/hw/MP-1/design_1_wrapper.xsa
update_ip_catalog -rebuild -scan_changes
report_ip_status -name ip_status
upgrade_ip -vlnv iastate.edu:user:axi_ppm5:1.0 [get_ips  design_2_axi_ppm5_0_0] -log ip_upgrade.log
export_ip_user_files -of_objects [get_ips design_2_axi_ppm5_0_0] -no_script -sync -force -quiet
generate_target all [get_files  C:/Users/diepw50/CPRE-488-Labs/MP-1/hw/MP-1/MP-1.srcs/sources_1/bd/design_2/design_2.bd]
catch { config_ip_cache -export [get_ips -all design_2_axi_ppm5_0_0] }
catch { config_ip_cache -export [get_ips -all design_2_system_ila_0_0] }
catch { config_ip_cache -export [get_ips -all design_2_auto_pc_0] }
export_ip_user_files -of_objects [get_files C:/Users/diepw50/CPRE-488-Labs/MP-1/hw/MP-1/MP-1.srcs/sources_1/bd/design_2/design_2.bd] -no_script -sync -force -quiet
create_ip_run [get_files -of_objects [get_fileset sources_1] C:/Users/diepw50/CPRE-488-Labs/MP-1/hw/MP-1/MP-1.srcs/sources_1/bd/design_2/design_2.bd]
launch_runs design_2_axi_ppm5_0_0_synth_1 design_2_system_ila_0_0_synth_1 -jobs 20
wait_on_run design_2_axi_ppm5_0_0_synth_1
wait_on_run design_2_system_ila_0_0_synth_1
export_simulation -of_objects [get_files C:/Users/diepw50/CPRE-488-Labs/MP-1/hw/MP-1/MP-1.srcs/sources_1/bd/design_2/design_2.bd] -directory C:/Users/diepw50/CPRE-488-Labs/MP-1/hw/MP-1/MP-1.ip_user_files/sim_scripts -ip_user_files_dir C:/Users/diepw50/CPRE-488-Labs/MP-1/hw/MP-1/MP-1.ip_user_files -ipstatic_source_dir C:/Users/diepw50/CPRE-488-Labs/MP-1/hw/MP-1/MP-1.ip_user_files/ipstatic -lib_map_path [list {modelsim=C:/Users/diepw50/CPRE-488-Labs/MP-1/hw/MP-1/MP-1.cache/compile_simlib/modelsim} {questa=C:/Users/diepw50/CPRE-488-Labs/MP-1/hw/MP-1/MP-1.cache/compile_simlib/questa} {riviera=C:/Users/diepw50/CPRE-488-Labs/MP-1/hw/MP-1/MP-1.cache/compile_simlib/riviera} {activehdl=C:/Users/diepw50/CPRE-488-Labs/MP-1/hw/MP-1/MP-1.cache/compile_simlib/activehdl}] -use_ip_compiled_libs -force -quiet
reset_run synth_1
launch_runs impl_1 -to_step write_bitstream -jobs 20
wait_on_run impl_1
current_bd_design [get_bd_designs design_1]
open_bd_design {C:/Users/diepw50/CPRE-488-Labs/MP-1/hw/MP-1/MP-1.srcs/sources_1/bd/design_1/design_1.bd}
update_ip_catalog -rebuild -scan_changes
report_ip_status -name ip_status
upgrade_ip -vlnv iastate.edu:user:axi_ppm4:1.0 [get_ips  design_1_axi_ppm4_0_0] -log ip_upgrade.log
export_ip_user_files -of_objects [get_ips design_1_axi_ppm4_0_0] -no_script -sync -force -quiet
generate_target all [get_files  C:/Users/diepw50/CPRE-488-Labs/MP-1/hw/MP-1/MP-1.srcs/sources_1/bd/design_1/design_1.bd]
catch { config_ip_cache -export [get_ips -all design_1_axi_ppm4_0_0] }
catch { config_ip_cache -export [get_ips -all design_1_system_ila_0_0] }
catch { config_ip_cache -export [get_ips -all design_1_auto_pc_0] }
export_ip_user_files -of_objects [get_files C:/Users/diepw50/CPRE-488-Labs/MP-1/hw/MP-1/MP-1.srcs/sources_1/bd/design_1/design_1.bd] -no_script -sync -force -quiet
create_ip_run [get_files -of_objects [get_fileset sources_1] C:/Users/diepw50/CPRE-488-Labs/MP-1/hw/MP-1/MP-1.srcs/sources_1/bd/design_1/design_1.bd]
launch_runs design_1_axi_ppm4_0_0_synth_1 -jobs 20
wait_on_run design_1_axi_ppm4_0_0_synth_1
export_simulation -of_objects [get_files C:/Users/diepw50/CPRE-488-Labs/MP-1/hw/MP-1/MP-1.srcs/sources_1/bd/design_1/design_1.bd] -directory C:/Users/diepw50/CPRE-488-Labs/MP-1/hw/MP-1/MP-1.ip_user_files/sim_scripts -ip_user_files_dir C:/Users/diepw50/CPRE-488-Labs/MP-1/hw/MP-1/MP-1.ip_user_files -ipstatic_source_dir C:/Users/diepw50/CPRE-488-Labs/MP-1/hw/MP-1/MP-1.ip_user_files/ipstatic -lib_map_path [list {modelsim=C:/Users/diepw50/CPRE-488-Labs/MP-1/hw/MP-1/MP-1.cache/compile_simlib/modelsim} {questa=C:/Users/diepw50/CPRE-488-Labs/MP-1/hw/MP-1/MP-1.cache/compile_simlib/questa} {riviera=C:/Users/diepw50/CPRE-488-Labs/MP-1/hw/MP-1/MP-1.cache/compile_simlib/riviera} {activehdl=C:/Users/diepw50/CPRE-488-Labs/MP-1/hw/MP-1/MP-1.cache/compile_simlib/activehdl}] -use_ip_compiled_libs -force -quiet
reset_run synth_1
launch_runs impl_1 -to_step write_bitstream -jobs 20
wait_on_run impl_1
set_property pfm_name {} [get_files -all {C:/Users/diepw50/CPRE-488-Labs/MP-1/hw/MP-1/MP-1.srcs/sources_1/bd/design_1/design_1.bd}]
write_hw_platform -fixed -include_bit -force -file C:/Users/diepw50/CPRE-488-Labs/MP-1/hw/MP-1/design_1_wrapper.xsa
update_ip_catalog -rebuild -scan_changes
report_ip_status -name ip_status
upgrade_ip -vlnv iastate.edu:user:axi_ppm4:1.0 [get_ips  design_1_axi_ppm4_0_0] -log ip_upgrade.log
export_ip_user_files -of_objects [get_ips design_1_axi_ppm4_0_0] -no_script -sync -force -quiet
generate_target all [get_files  C:/Users/diepw50/CPRE-488-Labs/MP-1/hw/MP-1/MP-1.srcs/sources_1/bd/design_1/design_1.bd]
catch { config_ip_cache -export [get_ips -all design_1_axi_ppm4_0_0] }
catch { config_ip_cache -export [get_ips -all design_1_system_ila_0_0] }
catch { config_ip_cache -export [get_ips -all design_1_auto_pc_0] }
export_ip_user_files -of_objects [get_files C:/Users/diepw50/CPRE-488-Labs/MP-1/hw/MP-1/MP-1.srcs/sources_1/bd/design_1/design_1.bd] -no_script -sync -force -quiet
create_ip_run [get_files -of_objects [get_fileset sources_1] C:/Users/diepw50/CPRE-488-Labs/MP-1/hw/MP-1/MP-1.srcs/sources_1/bd/design_1/design_1.bd]
launch_runs design_1_axi_ppm4_0_0_synth_1 -jobs 20
wait_on_run design_1_axi_ppm4_0_0_synth_1
export_simulation -of_objects [get_files C:/Users/diepw50/CPRE-488-Labs/MP-1/hw/MP-1/MP-1.srcs/sources_1/bd/design_1/design_1.bd] -directory C:/Users/diepw50/CPRE-488-Labs/MP-1/hw/MP-1/MP-1.ip_user_files/sim_scripts -ip_user_files_dir C:/Users/diepw50/CPRE-488-Labs/MP-1/hw/MP-1/MP-1.ip_user_files -ipstatic_source_dir C:/Users/diepw50/CPRE-488-Labs/MP-1/hw/MP-1/MP-1.ip_user_files/ipstatic -lib_map_path [list {modelsim=C:/Users/diepw50/CPRE-488-Labs/MP-1/hw/MP-1/MP-1.cache/compile_simlib/modelsim} {questa=C:/Users/diepw50/CPRE-488-Labs/MP-1/hw/MP-1/MP-1.cache/compile_simlib/questa} {riviera=C:/Users/diepw50/CPRE-488-Labs/MP-1/hw/MP-1/MP-1.cache/compile_simlib/riviera} {activehdl=C:/Users/diepw50/CPRE-488-Labs/MP-1/hw/MP-1/MP-1.cache/compile_simlib/activehdl}] -use_ip_compiled_libs -force -quiet
reset_run synth_1
launch_runs impl_1 -to_step write_bitstream -jobs 20
wait_on_run impl_1
update_compile_order -fileset sim_1
