Vivado Simulator 2020.1
Copyright 1986-1999, 2001-2020 Xilinx, Inc. All Rights Reserved.
Running: C:/Xilinx/Vivado/2020.1/bin/unwrapped/win64.o/xelab.exe -wto ce588711bd754d688e9e0fc92b76c3a5 --incr --debug typical --relax --mt 2 -L xil_defaultlib -L xilinx_vip -L unisims_ver -L unimacro_ver -L secureip -L xpm --snapshot TB_PPM_Receiver_behav xil_defaultlib.TB_PPM_Receiver xil_defaultlib.glbl -log elaborate.log 
Using 2 slave threads.
Starting static elaboration
Pass Through NonSizing Optimizer
Completed static elaboration
Starting simulation data flow analysis
Completed simulation data flow analysis
Time Resolution for simulation is 1ps
Compiling package std.standard
Compiling package std.textio
Compiling package ieee.std_logic_1164
Compiling package ieee.std_logic_arith
Compiling package ieee.std_logic_unsigned
Compiling package ieee.numeric_std
Compiling module xil_defaultlib.glbl
Compiling architecture arch_imp of entity xil_defaultlib.ppm3_v1_0_S00_AXI [ppm3_v1_0_s00_axi_default]
Compiling architecture arch_imp of entity xil_defaultlib.ppm3_v1_0 [ppm3_v1_0_default]
Compiling architecture rtl of entity xil_defaultlib.tb_ppm_receiver
Built simulation snapshot TB_PPM_Receiver_behav
