Nothing to build in platform 'design_2_wrapper_outputTest'

17:40:55 **** Incremental Build of configuration Debug for project outputTest ****
make all 
make --no-print-directory pre-build
a9-linaro-pre-build-step
' '
make --no-print-directory main-build
'Building file: ../src/helloworld.c'
'Invoking: ARM v7 gcc compiler'
arm-none-eabi-gcc -Wall -O2 -g3 -c -fmessage-length=0 -MT"src/helloworld.o" -mcpu=cortex-a9 -mfpu=vfpv3 -mfloat-abi=hard -IC:/Users/diepw50/CPRE-488-Labs/MP-1/sw/OutputTest/design_2_wrapper_outputTest/export/design_2_wrapper_outputTest/sw/design_2_wrapper_outputTest/domain_ps7_cortexa9_0/bspinclude/include -MMD -MP -MF"src/helloworld.d" -MT"src/helloworld.o" -o "src/helloworld.o" "../src/helloworld.c"
In file included from ../src/helloworld.c:54:
C:/Users/diepw50/CPRE-488-Labs/MP-1/sw/OutputTest/design_2_wrapper_outputTest/export/design_2_wrapper_outputTest/sw/design_2_wrapper_outputTest/domain_ps7_cortexa9_0/bspinclude/include/xtime_l.h:65:9: note: #pragma message: For the sleep routines, Global timer is being used
   65 | #pragma message ("For the sleep routines, Global timer is being used")
      |         ^~~~~~~
../src/helloworld.c: In function 'main':
../src/helloworld.c:446:13: warning: unused variable 'btnr_rise' [-Wunused-variable]
  446 |         int btnr_rise = (btnr == 1 && prev_btnr == 0);
      |             ^~~~~~~~~
../src/helloworld.c:445:13: warning: unused variable 'btnl_rise' [-Wunused-variable]
  445 |         int btnl_rise = (btnl == 1 && prev_btnl == 0);
      |             ^~~~~~~~~
'Finished building: ../src/helloworld.c'
' '
'Building target: outputTest.elf'
'Invoking: ARM v7 gcc linker'
arm-none-eabi-gcc -mcpu=cortex-a9 -mfpu=vfpv3 -mfloat-abi=hard -Wl,-build-id=none -specs=Xilinx.spec -Wl,-T -Wl,../src/lscript.ld -LC:/Users/diepw50/CPRE-488-Labs/MP-1/sw/OutputTest/design_2_wrapper_outputTest/export/design_2_wrapper_outputTest/sw/design_2_wrapper_outputTest/domain_ps7_cortexa9_0/bsplib/lib -o "outputTest.elf"  ./src/helloworld.o ./src/platform.o   -Wl,--start-group,-lxil,-lgcc,-lc,--end-group
'Finished building target: outputTest.elf'
' '
'Invoking: ARM v7 Print Size'
arm-none-eabi-size outputTest.elf  |tee "outputTest.elf.size"
   text	   data	    bss	    dec	    hex	filename
  26236	   1272	  29080	  56588	   dd0c	outputTest.elf
'Finished building: outputTest.elf.size'
' '
