17:52:18 INFO  : Launching XSCT server: xsct.bat -n  -interactive C:\Users\cihem\CPRE-488-Labs\Mp-0_New\Vitis1\temp_xsdb_launch_script.tcl
17:52:18 INFO  : Registering command handlers for Vitis TCF services
17:52:19 INFO  : XSCT server has started successfully.
17:52:19 INFO  : Successfully done setting XSCT server connection channel  
17:52:19 INFO  : plnx-install-location is set to ''
17:52:19 INFO  : Successfully done setting workspace for the tool. 
17:52:19 INFO  : Successfully done query RDI_DATADIR 
17:52:19 INFO  : Platform repository initialization has completed.
17:53:09 INFO  : Result from executing command 'getProjects': design_1_wrapper
17:53:09 INFO  : Result from executing command 'getPlatforms': 
17:53:09 INFO  : Platform 'design_1_wrapper' is added to custom repositories.
17:53:14 INFO  : Platform 'design_1_wrapper' is added to custom repositories.
17:54:02 INFO  : Connected to target on host '127.0.0.1' and port '3121'.
17:54:02 INFO  : 'targets -set -filter {jtag_cable_name =~ "Digilent Zed 210248B9DB51" && level==0 && jtag_device_ctx=="jsn-Zed-210248B9DB51-23727093-0"}' command is executed.
17:54:04 INFO  : FPGA configured successfully with bitstream "C:/Users/cihem/CPRE-488-Labs/Mp-0_New/Vitis1/design_1_wrapper/bitstream/design_1_wrapper.bit"
17:54:35 INFO  : Result from executing command 'getProjects': design_1_wrapper
17:54:35 INFO  : Result from executing command 'getPlatforms': design_1_wrapper|C:/Users/cihem/CPRE-488-Labs/Mp-0_New/Vitis1/design_1_wrapper/export/design_1_wrapper/design_1_wrapper.xpfm
17:54:35 INFO  : Checking for BSP changes to sync application flags for project 'PleaseWork'...
17:54:46 INFO  : Checking for BSP changes to sync application flags for project 'PleaseWork'...
17:55:10 INFO  : Connected to target on host '127.0.0.1' and port '3121'.
17:55:10 INFO  : Jtag cable 'Digilent Zed 210248B9DB51' is selected.
17:55:10 INFO  : 'jtag frequency' command is executed.
17:55:10 INFO  : Context for 'APU' is selected.
17:55:10 INFO  : System reset is completed.
17:55:13 INFO  : 'after 3000' command is executed.
17:55:13 INFO  : 'targets -set -filter {jtag_cable_name =~ "Digilent Zed 210248B9DB51" && level==0 && jtag_device_ctx=="jsn-Zed-210248B9DB51-23727093-0"}' command is executed.
17:55:15 INFO  : FPGA configured successfully with bitstream "C:/Users/cihem/CPRE-488-Labs/Mp-0_New/Vitis1/PleaseWork/_ide/bitstream/design_1_wrapper.bit"
17:55:15 INFO  : Context for 'APU' is selected.
17:55:15 INFO  : Hardware design and registers information is loaded from 'C:/Users/cihem/CPRE-488-Labs/Mp-0_New/Vitis1/design_1_wrapper/export/design_1_wrapper/hw/design_1_wrapper.xsa'.
17:55:15 INFO  : 'configparams force-mem-access 1' command is executed.
17:55:15 INFO  : Context for 'APU' is selected.
17:55:15 INFO  : Sourcing of 'C:/Users/cihem/CPRE-488-Labs/Mp-0_New/Vitis1/PleaseWork/_ide/psinit/ps7_init.tcl' is done.
17:55:16 INFO  : 'ps7_init' command is executed.
17:55:16 INFO  : 'ps7_post_config' command is executed.
17:55:16 INFO  : Context for processor 'ps7_cortexa9_0' is selected.
17:55:16 INFO  : The application 'C:/Users/cihem/CPRE-488-Labs/Mp-0_New/Vitis1/PleaseWork/Debug/PleaseWork.elf' is downloaded to processor 'ps7_cortexa9_0'.
17:55:16 INFO  : 'configparams force-mem-access 0' command is executed.
17:55:16 INFO  : ----------------XSDB Script----------------
connect -url tcp:127.0.0.1:3121
targets -set -nocase -filter {name =~"APU*"}
rst -system
after 3000
targets -set -filter {jtag_cable_name =~ "Digilent Zed 210248B9DB51" && level==0 && jtag_device_ctx=="jsn-Zed-210248B9DB51-23727093-0"}
fpga -file C:/Users/cihem/CPRE-488-Labs/Mp-0_New/Vitis1/PleaseWork/_ide/bitstream/design_1_wrapper.bit
targets -set -nocase -filter {name =~"APU*"}
loadhw -hw C:/Users/cihem/CPRE-488-Labs/Mp-0_New/Vitis1/design_1_wrapper/export/design_1_wrapper/hw/design_1_wrapper.xsa -mem-ranges [list {0x40000000 0xbfffffff}] -regs
configparams force-mem-access 1
targets -set -nocase -filter {name =~"APU*"}
source C:/Users/cihem/CPRE-488-Labs/Mp-0_New/Vitis1/PleaseWork/_ide/psinit/ps7_init.tcl
ps7_init
ps7_post_config
targets -set -nocase -filter {name =~ "*A9*#0"}
dow C:/Users/cihem/CPRE-488-Labs/Mp-0_New/Vitis1/PleaseWork/Debug/PleaseWork.elf
configparams force-mem-access 0
----------------End of Script----------------

17:55:16 INFO  : Context for processor 'ps7_cortexa9_0' is selected.
17:55:16 INFO  : 'con' command is executed.
17:55:16 INFO  : ----------------XSDB Script (After Launch)----------------
targets -set -nocase -filter {name =~ "*A9*#0"}
con
----------------End of Script----------------

17:55:16 INFO  : Launch script is exported to file 'C:\Users\cihem\CPRE-488-Labs\Mp-0_New\Vitis1\.sdk\launch_scripts\single_application_debug\debugger_pleasework-default.tcl'
18:00:29 INFO  : Successfully done sdx_reload_mss "C:/Users/cihem/CPRE-488-Labs/Mp-0_New/Vitis1/design_1_wrapper/zynq_fsbl/zynq_fsbl_bsp/system.mss"
18:00:30 INFO  : Successfully done sdx_reload_mss "C:/Users/cihem/CPRE-488-Labs/Mp-0_New/Vitis1/design_1_wrapper/ps7_cortexa9_0/domain_ps7_cortexa9_0/bsp/system.mss"
18:00:53 INFO  : Result from executing command 'getProjects': design_1_wrapper
18:00:53 INFO  : Result from executing command 'getPlatforms': design_1_wrapper|C:/Users/cihem/CPRE-488-Labs/Mp-0_New/Vitis1/design_1_wrapper/export/design_1_wrapper/design_1_wrapper.xpfm
18:02:26 INFO  : Disconnected from the channel tcfchan#1.
