12:36:52 INFO  : Registering command handlers for Vitis TCF services
12:36:52 INFO  : Launching XSCT server: xsct.bat -n  -interactive C:\Users\diepw50\CPRE-488-Labs\Mp-0_New\nes3\temp_xsdb_launch_script.tcl
12:36:54 INFO  : XSCT server has started successfully.
12:36:54 INFO  : Successfully done setting XSCT server connection channel  
12:36:55 INFO  : Platform repository initialization has completed.
12:36:57 INFO  : plnx-install-location is set to ''
12:36:57 INFO  : Successfully done setting workspace for the tool. 
12:36:57 INFO  : Successfully done query RDI_DATADIR 
12:38:16 INFO  : Result from executing command 'getProjects': design_1_wrapper
12:38:16 INFO  : Result from executing command 'getPlatforms': 
12:38:16 INFO  : Platform 'design_1_wrapper' is added to custom repositories.
12:38:21 INFO  : Platform 'design_1_wrapper' is added to custom repositories.
12:39:43 INFO  : Result from executing command 'getProjects': design_1_wrapper
12:39:43 INFO  : Result from executing command 'getPlatforms': design_1_wrapper|C:/Users/diepw50/CPRE-488-Labs/Mp-0_New/nes3/design_1_wrapper/export/design_1_wrapper/design_1_wrapper.xpfm
12:39:43 INFO  : Checking for BSP changes to sync application flags for project 'nes'...
12:42:28 INFO  : Checking for BSP changes to sync application flags for project 'nes'...
12:44:00 INFO  : Connected to target on host '127.0.0.1' and port '3121'.
12:44:01 INFO  : 'targets -set -filter {jtag_cable_name =~ "Digilent Zed 210248B18B1E" && level==0 && jtag_device_ctx=="jsn-Zed-210248B18B1E-23727093-0"}' command is executed.
12:44:03 INFO  : FPGA configured successfully with bitstream "C:/Users/diepw50/CPRE-488-Labs/Mp-0_New/nes3/nes/_ide/bitstream/design_1_wrapper.bit"
12:47:47 INFO  : Checking for BSP changes to sync application flags for project 'nes'...
12:50:31 INFO  : Checking for BSP changes to sync application flags for project 'nes'...
12:50:39 INFO  : Checking for BSP changes to sync application flags for project 'nes'...
12:52:07 INFO  : Checking for BSP changes to sync application flags for project 'nes'...
12:52:17 INFO  : Checking for BSP changes to sync application flags for project 'nes'...
12:52:35 INFO  : Checking for BSP changes to sync application flags for project 'nes'...
12:53:29 INFO  : Checking for BSP changes to sync application flags for project 'nes'...
12:55:37 INFO  : Checking for BSP changes to sync application flags for project 'nes'...
12:55:59 INFO  : Checking for BSP changes to sync application flags for project 'nes'...
12:56:34 INFO  : Checking for BSP changes to sync application flags for project 'nes'...
12:57:57 INFO  : Connected to target on host '127.0.0.1' and port '3121'.
12:57:57 INFO  : 'targets -set -filter {jtag_cable_name =~ "Digilent Zed 210248B18B1E" && level==0 && jtag_device_ctx=="jsn-Zed-210248B18B1E-23727093-0"}' command is executed.
12:58:00 INFO  : FPGA configured successfully with bitstream "C:/Users/diepw50/CPRE-488-Labs/Mp-0_New/nes3/nes/_ide/bitstream/design_1_wrapper.bit"
12:58:22 INFO  : Connected to target on host '127.0.0.1' and port '3121'.
12:58:22 INFO  : Jtag cable 'Digilent Zed 210248B18B1E' is selected.
12:58:22 INFO  : 'jtag frequency' command is executed.
12:58:22 INFO  : Context for 'APU' is selected.
12:58:22 INFO  : System reset is completed.
12:58:25 INFO  : 'after 3000' command is executed.
12:58:25 INFO  : 'targets -set -filter {jtag_cable_name =~ "Digilent Zed 210248B18B1E" && level==0 && jtag_device_ctx=="jsn-Zed-210248B18B1E-23727093-0"}' command is executed.
12:58:27 INFO  : FPGA configured successfully with bitstream "C:/Users/diepw50/CPRE-488-Labs/Mp-0_New/nes3/nes/_ide/bitstream/design_1_wrapper.bit"
12:58:27 INFO  : Context for 'APU' is selected.
12:58:27 INFO  : Hardware design and registers information is loaded from 'C:/Users/diepw50/CPRE-488-Labs/Mp-0_New/nes3/design_1_wrapper/export/design_1_wrapper/hw/design_1_wrapper.xsa'.
12:58:27 INFO  : 'configparams force-mem-access 1' command is executed.
12:58:27 INFO  : Context for 'APU' is selected.
12:58:27 INFO  : Sourcing of 'C:/Users/diepw50/CPRE-488-Labs/Mp-0_New/nes3/nes/_ide/psinit/ps7_init.tcl' is done.
12:58:28 INFO  : 'ps7_init' command is executed.
12:58:28 INFO  : 'ps7_post_config' command is executed.
12:58:28 INFO  : Context for processor 'ps7_cortexa9_0' is selected.
12:58:29 INFO  : The application 'C:/Users/diepw50/CPRE-488-Labs/Mp-0_New/nes3/nes/Debug/nes.elf' is downloaded to processor 'ps7_cortexa9_0'.
12:58:29 INFO  : 'configparams force-mem-access 0' command is executed.
12:58:29 INFO  : ----------------XSDB Script----------------
connect -url tcp:127.0.0.1:3121
targets -set -nocase -filter {name =~"APU*"}
rst -system
after 3000
targets -set -filter {jtag_cable_name =~ "Digilent Zed 210248B18B1E" && level==0 && jtag_device_ctx=="jsn-Zed-210248B18B1E-23727093-0"}
fpga -file C:/Users/diepw50/CPRE-488-Labs/Mp-0_New/nes3/nes/_ide/bitstream/design_1_wrapper.bit
targets -set -nocase -filter {name =~"APU*"}
loadhw -hw C:/Users/diepw50/CPRE-488-Labs/Mp-0_New/nes3/design_1_wrapper/export/design_1_wrapper/hw/design_1_wrapper.xsa -mem-ranges [list {0x40000000 0xbfffffff}] -regs
configparams force-mem-access 1
targets -set -nocase -filter {name =~"APU*"}
source C:/Users/diepw50/CPRE-488-Labs/Mp-0_New/nes3/nes/_ide/psinit/ps7_init.tcl
ps7_init
ps7_post_config
targets -set -nocase -filter {name =~ "*A9*#0"}
dow C:/Users/diepw50/CPRE-488-Labs/Mp-0_New/nes3/nes/Debug/nes.elf
configparams force-mem-access 0
----------------End of Script----------------

12:58:29 INFO  : Context for processor 'ps7_cortexa9_0' is selected.
12:58:29 INFO  : 'con' command is executed.
12:58:29 INFO  : ----------------XSDB Script (After Launch)----------------
targets -set -nocase -filter {name =~ "*A9*#0"}
con
----------------End of Script----------------

12:58:29 INFO  : Launch script is exported to file 'C:\Users\diepw50\CPRE-488-Labs\Mp-0_New\nes3\.sdk\launch_scripts\single_application_debug\debugger_nes-default.tcl'
12:59:09 INFO  : Disconnected from the channel tcfchan#3.
12:59:18 INFO  : Connected to target on host '127.0.0.1' and port '3121'.
12:59:19 INFO  : Jtag cable 'Digilent Zed 210248B18B1E' is selected.
12:59:19 INFO  : 'jtag frequency' command is executed.
12:59:19 INFO  : Context for 'APU' is selected.
12:59:19 INFO  : System reset is completed.
12:59:22 INFO  : 'after 3000' command is executed.
12:59:22 INFO  : 'targets -set -filter {jtag_cable_name =~ "Digilent Zed 210248B18B1E" && level==0 && jtag_device_ctx=="jsn-Zed-210248B18B1E-23727093-0"}' command is executed.
12:59:24 INFO  : FPGA configured successfully with bitstream "C:/Users/diepw50/CPRE-488-Labs/Mp-0_New/nes3/nes/_ide/bitstream/design_1_wrapper.bit"
12:59:24 INFO  : Context for 'APU' is selected.
12:59:24 INFO  : Hardware design and registers information is loaded from 'C:/Users/diepw50/CPRE-488-Labs/Mp-0_New/nes3/design_1_wrapper/export/design_1_wrapper/hw/design_1_wrapper.xsa'.
12:59:24 INFO  : 'configparams force-mem-access 1' command is executed.
12:59:24 INFO  : Context for 'APU' is selected.
12:59:24 INFO  : Sourcing of 'C:/Users/diepw50/CPRE-488-Labs/Mp-0_New/nes3/nes/_ide/psinit/ps7_init.tcl' is done.
12:59:24 INFO  : 'ps7_init' command is executed.
12:59:24 INFO  : 'ps7_post_config' command is executed.
12:59:24 INFO  : Context for processor 'ps7_cortexa9_0' is selected.
12:59:25 INFO  : The application 'C:/Users/diepw50/CPRE-488-Labs/Mp-0_New/nes3/nes/Debug/nes.elf' is downloaded to processor 'ps7_cortexa9_0'.
12:59:25 INFO  : 'configparams force-mem-access 0' command is executed.
12:59:25 INFO  : ----------------XSDB Script----------------
connect -url tcp:127.0.0.1:3121
targets -set -nocase -filter {name =~"APU*"}
rst -system
after 3000
targets -set -filter {jtag_cable_name =~ "Digilent Zed 210248B18B1E" && level==0 && jtag_device_ctx=="jsn-Zed-210248B18B1E-23727093-0"}
fpga -file C:/Users/diepw50/CPRE-488-Labs/Mp-0_New/nes3/nes/_ide/bitstream/design_1_wrapper.bit
targets -set -nocase -filter {name =~"APU*"}
loadhw -hw C:/Users/diepw50/CPRE-488-Labs/Mp-0_New/nes3/design_1_wrapper/export/design_1_wrapper/hw/design_1_wrapper.xsa -mem-ranges [list {0x40000000 0xbfffffff}] -regs
configparams force-mem-access 1
targets -set -nocase -filter {name =~"APU*"}
source C:/Users/diepw50/CPRE-488-Labs/Mp-0_New/nes3/nes/_ide/psinit/ps7_init.tcl
ps7_init
ps7_post_config
targets -set -nocase -filter {name =~ "*A9*#0"}
dow C:/Users/diepw50/CPRE-488-Labs/Mp-0_New/nes3/nes/Debug/nes.elf
configparams force-mem-access 0
----------------End of Script----------------

12:59:25 INFO  : Context for processor 'ps7_cortexa9_0' is selected.
12:59:25 INFO  : 'con' command is executed.
12:59:25 INFO  : ----------------XSDB Script (After Launch)----------------
targets -set -nocase -filter {name =~ "*A9*#0"}
con
----------------End of Script----------------

12:59:25 INFO  : Launch script is exported to file 'C:\Users\diepw50\CPRE-488-Labs\Mp-0_New\nes3\.sdk\launch_scripts\single_application_debug\debugger_nes-default.tcl'
13:01:19 INFO  : Disconnected from the channel tcfchan#4.
13:01:20 INFO  : Checking for BSP changes to sync application flags for project 'nes'...
13:01:26 INFO  : Connected to target on host '127.0.0.1' and port '3121'.
13:01:26 INFO  : Jtag cable 'Digilent Zed 210248B18B1E' is selected.
13:01:26 INFO  : 'jtag frequency' command is executed.
13:01:26 INFO  : Context for 'APU' is selected.
13:01:26 INFO  : System reset is completed.
13:01:29 INFO  : 'after 3000' command is executed.
13:01:29 INFO  : 'targets -set -filter {jtag_cable_name =~ "Digilent Zed 210248B18B1E" && level==0 && jtag_device_ctx=="jsn-Zed-210248B18B1E-23727093-0"}' command is executed.
13:01:32 INFO  : FPGA configured successfully with bitstream "C:/Users/diepw50/CPRE-488-Labs/Mp-0_New/nes3/nes/_ide/bitstream/design_1_wrapper.bit"
13:01:32 INFO  : Context for 'APU' is selected.
13:01:32 INFO  : Hardware design and registers information is loaded from 'C:/Users/diepw50/CPRE-488-Labs/Mp-0_New/nes3/design_1_wrapper/export/design_1_wrapper/hw/design_1_wrapper.xsa'.
13:01:32 INFO  : 'configparams force-mem-access 1' command is executed.
13:01:32 INFO  : Context for 'APU' is selected.
13:01:32 INFO  : Sourcing of 'C:/Users/diepw50/CPRE-488-Labs/Mp-0_New/nes3/nes/_ide/psinit/ps7_init.tcl' is done.
13:01:32 INFO  : 'ps7_init' command is executed.
13:01:32 INFO  : 'ps7_post_config' command is executed.
13:01:32 INFO  : Context for processor 'ps7_cortexa9_0' is selected.
13:01:33 INFO  : The application 'C:/Users/diepw50/CPRE-488-Labs/Mp-0_New/nes3/nes/Debug/nes.elf' is downloaded to processor 'ps7_cortexa9_0'.
13:01:33 INFO  : 'configparams force-mem-access 0' command is executed.
13:01:33 INFO  : ----------------XSDB Script----------------
connect -url tcp:127.0.0.1:3121
targets -set -nocase -filter {name =~"APU*"}
rst -system
after 3000
targets -set -filter {jtag_cable_name =~ "Digilent Zed 210248B18B1E" && level==0 && jtag_device_ctx=="jsn-Zed-210248B18B1E-23727093-0"}
fpga -file C:/Users/diepw50/CPRE-488-Labs/Mp-0_New/nes3/nes/_ide/bitstream/design_1_wrapper.bit
targets -set -nocase -filter {name =~"APU*"}
loadhw -hw C:/Users/diepw50/CPRE-488-Labs/Mp-0_New/nes3/design_1_wrapper/export/design_1_wrapper/hw/design_1_wrapper.xsa -mem-ranges [list {0x40000000 0xbfffffff}] -regs
configparams force-mem-access 1
targets -set -nocase -filter {name =~"APU*"}
source C:/Users/diepw50/CPRE-488-Labs/Mp-0_New/nes3/nes/_ide/psinit/ps7_init.tcl
ps7_init
ps7_post_config
targets -set -nocase -filter {name =~ "*A9*#0"}
dow C:/Users/diepw50/CPRE-488-Labs/Mp-0_New/nes3/nes/Debug/nes.elf
configparams force-mem-access 0
----------------End of Script----------------

13:01:33 INFO  : Context for processor 'ps7_cortexa9_0' is selected.
13:01:33 INFO  : 'con' command is executed.
13:01:33 INFO  : ----------------XSDB Script (After Launch)----------------
targets -set -nocase -filter {name =~ "*A9*#0"}
con
----------------End of Script----------------

13:01:33 INFO  : Launch script is exported to file 'C:\Users\diepw50\CPRE-488-Labs\Mp-0_New\nes3\.sdk\launch_scripts\single_application_debug\debugger_nes-default.tcl'
13:01:43 INFO  : Disconnected from the channel tcfchan#5.
13:05:50 INFO  : Checking for BSP changes to sync application flags for project 'nes'...
13:05:59 INFO  : Connected to target on host '127.0.0.1' and port '3121'.
13:05:59 INFO  : Jtag cable 'Digilent Zed 210248B18B1E' is selected.
13:05:59 INFO  : 'jtag frequency' command is executed.
13:05:59 INFO  : Context for 'APU' is selected.
13:05:59 INFO  : System reset is completed.
13:06:02 INFO  : 'after 3000' command is executed.
13:06:02 INFO  : 'targets -set -filter {jtag_cable_name =~ "Digilent Zed 210248B18B1E" && level==0 && jtag_device_ctx=="jsn-Zed-210248B18B1E-23727093-0"}' command is executed.
13:06:04 INFO  : FPGA configured successfully with bitstream "C:/Users/diepw50/CPRE-488-Labs/Mp-0_New/nes3/nes/_ide/bitstream/design_1_wrapper.bit"
13:06:04 INFO  : Context for 'APU' is selected.
13:06:04 INFO  : Hardware design and registers information is loaded from 'C:/Users/diepw50/CPRE-488-Labs/Mp-0_New/nes3/design_1_wrapper/export/design_1_wrapper/hw/design_1_wrapper.xsa'.
13:06:04 INFO  : 'configparams force-mem-access 1' command is executed.
13:06:04 INFO  : Context for 'APU' is selected.
13:06:04 INFO  : Sourcing of 'C:/Users/diepw50/CPRE-488-Labs/Mp-0_New/nes3/nes/_ide/psinit/ps7_init.tcl' is done.
13:06:05 INFO  : 'ps7_init' command is executed.
13:06:05 INFO  : 'ps7_post_config' command is executed.
13:06:05 INFO  : Context for processor 'ps7_cortexa9_0' is selected.
13:06:06 INFO  : The application 'C:/Users/diepw50/CPRE-488-Labs/Mp-0_New/nes3/nes/Debug/nes.elf' is downloaded to processor 'ps7_cortexa9_0'.
13:06:06 INFO  : 'configparams force-mem-access 0' command is executed.
13:06:06 INFO  : ----------------XSDB Script----------------
connect -url tcp:127.0.0.1:3121
targets -set -nocase -filter {name =~"APU*"}
rst -system
after 3000
targets -set -filter {jtag_cable_name =~ "Digilent Zed 210248B18B1E" && level==0 && jtag_device_ctx=="jsn-Zed-210248B18B1E-23727093-0"}
fpga -file C:/Users/diepw50/CPRE-488-Labs/Mp-0_New/nes3/nes/_ide/bitstream/design_1_wrapper.bit
targets -set -nocase -filter {name =~"APU*"}
loadhw -hw C:/Users/diepw50/CPRE-488-Labs/Mp-0_New/nes3/design_1_wrapper/export/design_1_wrapper/hw/design_1_wrapper.xsa -mem-ranges [list {0x40000000 0xbfffffff}] -regs
configparams force-mem-access 1
targets -set -nocase -filter {name =~"APU*"}
source C:/Users/diepw50/CPRE-488-Labs/Mp-0_New/nes3/nes/_ide/psinit/ps7_init.tcl
ps7_init
ps7_post_config
targets -set -nocase -filter {name =~ "*A9*#0"}
dow C:/Users/diepw50/CPRE-488-Labs/Mp-0_New/nes3/nes/Debug/nes.elf
configparams force-mem-access 0
----------------End of Script----------------

13:06:06 INFO  : Context for processor 'ps7_cortexa9_0' is selected.
13:06:06 INFO  : 'con' command is executed.
13:06:06 INFO  : ----------------XSDB Script (After Launch)----------------
targets -set -nocase -filter {name =~ "*A9*#0"}
con
----------------End of Script----------------

13:06:06 INFO  : Launch script is exported to file 'C:\Users\diepw50\CPRE-488-Labs\Mp-0_New\nes3\.sdk\launch_scripts\single_application_debug\debugger_nes-default.tcl'
13:06:33 INFO  : Disconnected from the channel tcfchan#6.
13:06:36 INFO  : Connected to target on host '127.0.0.1' and port '3121'.
13:06:36 INFO  : Jtag cable 'Digilent Zed 210248B18B1E' is selected.
13:06:36 INFO  : 'jtag frequency' command is executed.
13:06:36 INFO  : Context for 'APU' is selected.
13:06:36 INFO  : System reset is completed.
13:06:39 INFO  : 'after 3000' command is executed.
13:06:39 INFO  : 'targets -set -filter {jtag_cable_name =~ "Digilent Zed 210248B18B1E" && level==0 && jtag_device_ctx=="jsn-Zed-210248B18B1E-23727093-0"}' command is executed.
13:06:41 INFO  : FPGA configured successfully with bitstream "C:/Users/diepw50/CPRE-488-Labs/Mp-0_New/nes3/nes/_ide/bitstream/design_1_wrapper.bit"
13:06:41 INFO  : Context for 'APU' is selected.
13:06:41 INFO  : Hardware design and registers information is loaded from 'C:/Users/diepw50/CPRE-488-Labs/Mp-0_New/nes3/design_1_wrapper/export/design_1_wrapper/hw/design_1_wrapper.xsa'.
13:06:41 INFO  : 'configparams force-mem-access 1' command is executed.
13:06:41 INFO  : Context for 'APU' is selected.
13:06:41 INFO  : Sourcing of 'C:/Users/diepw50/CPRE-488-Labs/Mp-0_New/nes3/nes/_ide/psinit/ps7_init.tcl' is done.
13:06:42 INFO  : 'ps7_init' command is executed.
13:06:42 INFO  : 'ps7_post_config' command is executed.
13:06:42 INFO  : Context for processor 'ps7_cortexa9_0' is selected.
13:06:43 INFO  : The application 'C:/Users/diepw50/CPRE-488-Labs/Mp-0_New/nes3/nes/Debug/nes.elf' is downloaded to processor 'ps7_cortexa9_0'.
13:06:43 INFO  : 'configparams force-mem-access 0' command is executed.
13:06:43 INFO  : ----------------XSDB Script----------------
connect -url tcp:127.0.0.1:3121
targets -set -nocase -filter {name =~"APU*"}
rst -system
after 3000
targets -set -filter {jtag_cable_name =~ "Digilent Zed 210248B18B1E" && level==0 && jtag_device_ctx=="jsn-Zed-210248B18B1E-23727093-0"}
fpga -file C:/Users/diepw50/CPRE-488-Labs/Mp-0_New/nes3/nes/_ide/bitstream/design_1_wrapper.bit
targets -set -nocase -filter {name =~"APU*"}
loadhw -hw C:/Users/diepw50/CPRE-488-Labs/Mp-0_New/nes3/design_1_wrapper/export/design_1_wrapper/hw/design_1_wrapper.xsa -mem-ranges [list {0x40000000 0xbfffffff}] -regs
configparams force-mem-access 1
targets -set -nocase -filter {name =~"APU*"}
source C:/Users/diepw50/CPRE-488-Labs/Mp-0_New/nes3/nes/_ide/psinit/ps7_init.tcl
ps7_init
ps7_post_config
targets -set -nocase -filter {name =~ "*A9*#0"}
dow C:/Users/diepw50/CPRE-488-Labs/Mp-0_New/nes3/nes/Debug/nes.elf
configparams force-mem-access 0
----------------End of Script----------------

13:06:43 INFO  : Context for processor 'ps7_cortexa9_0' is selected.
13:06:43 INFO  : 'con' command is executed.
13:06:43 INFO  : ----------------XSDB Script (After Launch)----------------
targets -set -nocase -filter {name =~ "*A9*#0"}
con
----------------End of Script----------------

13:06:43 INFO  : Launch script is exported to file 'C:\Users\diepw50\CPRE-488-Labs\Mp-0_New\nes3\.sdk\launch_scripts\single_application_debug\debugger_nes-default.tcl'
13:07:03 INFO  : Disconnected from the channel tcfchan#7.
13:07:04 INFO  : Checking for BSP changes to sync application flags for project 'nes'...
13:07:07 INFO  : Connected to target on host '127.0.0.1' and port '3121'.
13:07:07 INFO  : Jtag cable 'Digilent Zed 210248B18B1E' is selected.
13:07:07 INFO  : 'jtag frequency' command is executed.
13:07:07 INFO  : Context for 'APU' is selected.
13:07:08 INFO  : System reset is completed.
13:07:11 INFO  : 'after 3000' command is executed.
13:07:11 INFO  : 'targets -set -filter {jtag_cable_name =~ "Digilent Zed 210248B18B1E" && level==0 && jtag_device_ctx=="jsn-Zed-210248B18B1E-23727093-0"}' command is executed.
13:07:13 INFO  : FPGA configured successfully with bitstream "C:/Users/diepw50/CPRE-488-Labs/Mp-0_New/nes3/nes/_ide/bitstream/design_1_wrapper.bit"
13:07:13 INFO  : Context for 'APU' is selected.
13:07:13 INFO  : Hardware design and registers information is loaded from 'C:/Users/diepw50/CPRE-488-Labs/Mp-0_New/nes3/design_1_wrapper/export/design_1_wrapper/hw/design_1_wrapper.xsa'.
13:07:13 INFO  : 'configparams force-mem-access 1' command is executed.
13:07:13 INFO  : Context for 'APU' is selected.
13:07:13 INFO  : Sourcing of 'C:/Users/diepw50/CPRE-488-Labs/Mp-0_New/nes3/nes/_ide/psinit/ps7_init.tcl' is done.
13:07:13 INFO  : 'ps7_init' command is executed.
13:07:13 INFO  : 'ps7_post_config' command is executed.
13:07:13 INFO  : Context for processor 'ps7_cortexa9_0' is selected.
13:07:14 INFO  : The application 'C:/Users/diepw50/CPRE-488-Labs/Mp-0_New/nes3/nes/Debug/nes.elf' is downloaded to processor 'ps7_cortexa9_0'.
13:07:14 INFO  : 'configparams force-mem-access 0' command is executed.
13:07:14 INFO  : ----------------XSDB Script----------------
connect -url tcp:127.0.0.1:3121
targets -set -nocase -filter {name =~"APU*"}
rst -system
after 3000
targets -set -filter {jtag_cable_name =~ "Digilent Zed 210248B18B1E" && level==0 && jtag_device_ctx=="jsn-Zed-210248B18B1E-23727093-0"}
fpga -file C:/Users/diepw50/CPRE-488-Labs/Mp-0_New/nes3/nes/_ide/bitstream/design_1_wrapper.bit
targets -set -nocase -filter {name =~"APU*"}
loadhw -hw C:/Users/diepw50/CPRE-488-Labs/Mp-0_New/nes3/design_1_wrapper/export/design_1_wrapper/hw/design_1_wrapper.xsa -mem-ranges [list {0x40000000 0xbfffffff}] -regs
configparams force-mem-access 1
targets -set -nocase -filter {name =~"APU*"}
source C:/Users/diepw50/CPRE-488-Labs/Mp-0_New/nes3/nes/_ide/psinit/ps7_init.tcl
ps7_init
ps7_post_config
targets -set -nocase -filter {name =~ "*A9*#0"}
dow C:/Users/diepw50/CPRE-488-Labs/Mp-0_New/nes3/nes/Debug/nes.elf
configparams force-mem-access 0
----------------End of Script----------------

13:07:14 INFO  : Context for processor 'ps7_cortexa9_0' is selected.
13:07:14 INFO  : 'con' command is executed.
13:07:14 INFO  : ----------------XSDB Script (After Launch)----------------
targets -set -nocase -filter {name =~ "*A9*#0"}
con
----------------End of Script----------------

13:07:14 INFO  : Launch script is exported to file 'C:\Users\diepw50\CPRE-488-Labs\Mp-0_New\nes3\.sdk\launch_scripts\single_application_debug\debugger_nes-default.tcl'
13:07:58 INFO  : Disconnected from the channel tcfchan#8.
13:07:59 INFO  : Checking for BSP changes to sync application flags for project 'nes'...
13:08:06 INFO  : Checking for BSP changes to sync application flags for project 'nes'...
13:08:20 INFO  : Checking for BSP changes to sync application flags for project 'nes'...
13:08:32 INFO  : Checking for BSP changes to sync application flags for project 'nes'...
13:08:40 INFO  : Connected to target on host '127.0.0.1' and port '3121'.
13:08:40 INFO  : Jtag cable 'Digilent Zed 210248B18B1E' is selected.
13:08:40 INFO  : 'jtag frequency' command is executed.
13:08:40 INFO  : Context for 'APU' is selected.
13:08:40 INFO  : System reset is completed.
13:08:43 INFO  : 'after 3000' command is executed.
13:08:43 INFO  : 'targets -set -filter {jtag_cable_name =~ "Digilent Zed 210248B18B1E" && level==0 && jtag_device_ctx=="jsn-Zed-210248B18B1E-23727093-0"}' command is executed.
13:08:45 INFO  : FPGA configured successfully with bitstream "C:/Users/diepw50/CPRE-488-Labs/Mp-0_New/nes3/nes/_ide/bitstream/design_1_wrapper.bit"
13:08:45 INFO  : Context for 'APU' is selected.
13:08:45 INFO  : Hardware design and registers information is loaded from 'C:/Users/diepw50/CPRE-488-Labs/Mp-0_New/nes3/design_1_wrapper/export/design_1_wrapper/hw/design_1_wrapper.xsa'.
13:08:45 INFO  : 'configparams force-mem-access 1' command is executed.
13:08:45 INFO  : Context for 'APU' is selected.
13:08:45 INFO  : Sourcing of 'C:/Users/diepw50/CPRE-488-Labs/Mp-0_New/nes3/nes/_ide/psinit/ps7_init.tcl' is done.
13:08:46 INFO  : 'ps7_init' command is executed.
13:08:46 INFO  : 'ps7_post_config' command is executed.
13:08:46 INFO  : Context for processor 'ps7_cortexa9_0' is selected.
13:08:47 INFO  : The application 'C:/Users/diepw50/CPRE-488-Labs/Mp-0_New/nes3/nes/Debug/nes.elf' is downloaded to processor 'ps7_cortexa9_0'.
13:08:47 INFO  : 'configparams force-mem-access 0' command is executed.
13:08:47 INFO  : ----------------XSDB Script----------------
connect -url tcp:127.0.0.1:3121
targets -set -nocase -filter {name =~"APU*"}
rst -system
after 3000
targets -set -filter {jtag_cable_name =~ "Digilent Zed 210248B18B1E" && level==0 && jtag_device_ctx=="jsn-Zed-210248B18B1E-23727093-0"}
fpga -file C:/Users/diepw50/CPRE-488-Labs/Mp-0_New/nes3/nes/_ide/bitstream/design_1_wrapper.bit
targets -set -nocase -filter {name =~"APU*"}
loadhw -hw C:/Users/diepw50/CPRE-488-Labs/Mp-0_New/nes3/design_1_wrapper/export/design_1_wrapper/hw/design_1_wrapper.xsa -mem-ranges [list {0x40000000 0xbfffffff}] -regs
configparams force-mem-access 1
targets -set -nocase -filter {name =~"APU*"}
source C:/Users/diepw50/CPRE-488-Labs/Mp-0_New/nes3/nes/_ide/psinit/ps7_init.tcl
ps7_init
ps7_post_config
targets -set -nocase -filter {name =~ "*A9*#0"}
dow C:/Users/diepw50/CPRE-488-Labs/Mp-0_New/nes3/nes/Debug/nes.elf
configparams force-mem-access 0
----------------End of Script----------------

13:08:47 INFO  : Context for processor 'ps7_cortexa9_0' is selected.
13:08:47 INFO  : 'con' command is executed.
13:08:47 INFO  : ----------------XSDB Script (After Launch)----------------
targets -set -nocase -filter {name =~ "*A9*#0"}
con
----------------End of Script----------------

13:08:47 INFO  : Launch script is exported to file 'C:\Users\diepw50\CPRE-488-Labs\Mp-0_New\nes3\.sdk\launch_scripts\single_application_debug\debugger_nes-default.tcl'
13:09:08 INFO  : Checking for BSP changes to sync application flags for project 'nes'...
13:09:11 INFO  : Disconnected from the channel tcfchan#9.
13:09:13 INFO  : Connected to target on host '127.0.0.1' and port '3121'.
13:09:14 INFO  : Jtag cable 'Digilent Zed 210248B18B1E' is selected.
13:09:14 INFO  : 'jtag frequency' command is executed.
13:09:14 INFO  : Context for 'APU' is selected.
13:09:14 INFO  : System reset is completed.
13:09:17 INFO  : 'after 3000' command is executed.
13:09:17 INFO  : 'targets -set -filter {jtag_cable_name =~ "Digilent Zed 210248B18B1E" && level==0 && jtag_device_ctx=="jsn-Zed-210248B18B1E-23727093-0"}' command is executed.
13:09:19 INFO  : FPGA configured successfully with bitstream "C:/Users/diepw50/CPRE-488-Labs/Mp-0_New/nes3/nes/_ide/bitstream/design_1_wrapper.bit"
13:09:19 INFO  : Context for 'APU' is selected.
13:09:19 INFO  : Hardware design and registers information is loaded from 'C:/Users/diepw50/CPRE-488-Labs/Mp-0_New/nes3/design_1_wrapper/export/design_1_wrapper/hw/design_1_wrapper.xsa'.
13:09:19 INFO  : 'configparams force-mem-access 1' command is executed.
13:09:19 INFO  : Context for 'APU' is selected.
13:09:19 INFO  : Sourcing of 'C:/Users/diepw50/CPRE-488-Labs/Mp-0_New/nes3/nes/_ide/psinit/ps7_init.tcl' is done.
13:09:19 INFO  : 'ps7_init' command is executed.
13:09:19 INFO  : 'ps7_post_config' command is executed.
13:09:19 INFO  : Context for processor 'ps7_cortexa9_0' is selected.
13:09:20 INFO  : The application 'C:/Users/diepw50/CPRE-488-Labs/Mp-0_New/nes3/nes/Debug/nes.elf' is downloaded to processor 'ps7_cortexa9_0'.
13:09:20 INFO  : 'configparams force-mem-access 0' command is executed.
13:09:20 INFO  : ----------------XSDB Script----------------
connect -url tcp:127.0.0.1:3121
targets -set -nocase -filter {name =~"APU*"}
rst -system
after 3000
targets -set -filter {jtag_cable_name =~ "Digilent Zed 210248B18B1E" && level==0 && jtag_device_ctx=="jsn-Zed-210248B18B1E-23727093-0"}
fpga -file C:/Users/diepw50/CPRE-488-Labs/Mp-0_New/nes3/nes/_ide/bitstream/design_1_wrapper.bit
targets -set -nocase -filter {name =~"APU*"}
loadhw -hw C:/Users/diepw50/CPRE-488-Labs/Mp-0_New/nes3/design_1_wrapper/export/design_1_wrapper/hw/design_1_wrapper.xsa -mem-ranges [list {0x40000000 0xbfffffff}] -regs
configparams force-mem-access 1
targets -set -nocase -filter {name =~"APU*"}
source C:/Users/diepw50/CPRE-488-Labs/Mp-0_New/nes3/nes/_ide/psinit/ps7_init.tcl
ps7_init
ps7_post_config
targets -set -nocase -filter {name =~ "*A9*#0"}
dow C:/Users/diepw50/CPRE-488-Labs/Mp-0_New/nes3/nes/Debug/nes.elf
configparams force-mem-access 0
----------------End of Script----------------

13:09:21 INFO  : Context for processor 'ps7_cortexa9_0' is selected.
13:09:21 INFO  : 'con' command is executed.
13:09:21 INFO  : ----------------XSDB Script (After Launch)----------------
targets -set -nocase -filter {name =~ "*A9*#0"}
con
----------------End of Script----------------

13:09:21 INFO  : Launch script is exported to file 'C:\Users\diepw50\CPRE-488-Labs\Mp-0_New\nes3\.sdk\launch_scripts\single_application_debug\debugger_nes-default.tcl'
13:09:46 INFO  : Checking for BSP changes to sync application flags for project 'nes'...
13:09:47 INFO  : Disconnected from the channel tcfchan#10.
13:09:49 INFO  : Connected to target on host '127.0.0.1' and port '3121'.
13:09:50 INFO  : Jtag cable 'Digilent Zed 210248B18B1E' is selected.
13:09:50 INFO  : 'jtag frequency' command is executed.
13:09:50 INFO  : Context for 'APU' is selected.
13:09:50 INFO  : System reset is completed.
13:09:53 INFO  : 'after 3000' command is executed.
13:09:53 INFO  : 'targets -set -filter {jtag_cable_name =~ "Digilent Zed 210248B18B1E" && level==0 && jtag_device_ctx=="jsn-Zed-210248B18B1E-23727093-0"}' command is executed.
13:09:55 INFO  : FPGA configured successfully with bitstream "C:/Users/diepw50/CPRE-488-Labs/Mp-0_New/nes3/nes/_ide/bitstream/design_1_wrapper.bit"
13:09:55 INFO  : Context for 'APU' is selected.
13:09:55 INFO  : Hardware design and registers information is loaded from 'C:/Users/diepw50/CPRE-488-Labs/Mp-0_New/nes3/design_1_wrapper/export/design_1_wrapper/hw/design_1_wrapper.xsa'.
13:09:55 INFO  : 'configparams force-mem-access 1' command is executed.
13:09:55 INFO  : Context for 'APU' is selected.
13:09:55 INFO  : Sourcing of 'C:/Users/diepw50/CPRE-488-Labs/Mp-0_New/nes3/nes/_ide/psinit/ps7_init.tcl' is done.
13:09:55 INFO  : 'ps7_init' command is executed.
13:09:55 INFO  : 'ps7_post_config' command is executed.
13:09:55 INFO  : Context for processor 'ps7_cortexa9_0' is selected.
13:09:56 INFO  : The application 'C:/Users/diepw50/CPRE-488-Labs/Mp-0_New/nes3/nes/Debug/nes.elf' is downloaded to processor 'ps7_cortexa9_0'.
13:09:56 INFO  : 'configparams force-mem-access 0' command is executed.
13:09:56 INFO  : ----------------XSDB Script----------------
connect -url tcp:127.0.0.1:3121
targets -set -nocase -filter {name =~"APU*"}
rst -system
after 3000
targets -set -filter {jtag_cable_name =~ "Digilent Zed 210248B18B1E" && level==0 && jtag_device_ctx=="jsn-Zed-210248B18B1E-23727093-0"}
fpga -file C:/Users/diepw50/CPRE-488-Labs/Mp-0_New/nes3/nes/_ide/bitstream/design_1_wrapper.bit
targets -set -nocase -filter {name =~"APU*"}
loadhw -hw C:/Users/diepw50/CPRE-488-Labs/Mp-0_New/nes3/design_1_wrapper/export/design_1_wrapper/hw/design_1_wrapper.xsa -mem-ranges [list {0x40000000 0xbfffffff}] -regs
configparams force-mem-access 1
targets -set -nocase -filter {name =~"APU*"}
source C:/Users/diepw50/CPRE-488-Labs/Mp-0_New/nes3/nes/_ide/psinit/ps7_init.tcl
ps7_init
ps7_post_config
targets -set -nocase -filter {name =~ "*A9*#0"}
dow C:/Users/diepw50/CPRE-488-Labs/Mp-0_New/nes3/nes/Debug/nes.elf
configparams force-mem-access 0
----------------End of Script----------------

13:09:57 INFO  : Context for processor 'ps7_cortexa9_0' is selected.
13:09:57 INFO  : 'con' command is executed.
13:09:57 INFO  : ----------------XSDB Script (After Launch)----------------
targets -set -nocase -filter {name =~ "*A9*#0"}
con
----------------End of Script----------------

13:09:57 INFO  : Launch script is exported to file 'C:\Users\diepw50\CPRE-488-Labs\Mp-0_New\nes3\.sdk\launch_scripts\single_application_debug\debugger_nes-default.tcl'
13:12:28 INFO  : Disconnected from the channel tcfchan#11.
13:12:32 INFO  : Connected to target on host '127.0.0.1' and port '3121'.
13:12:32 INFO  : Jtag cable 'Digilent Zed 210248B18B1E' is selected.
13:12:32 INFO  : 'jtag frequency' command is executed.
13:12:32 INFO  : Context for 'APU' is selected.
13:12:33 INFO  : System reset is completed.
13:12:36 INFO  : 'after 3000' command is executed.
13:12:36 INFO  : 'targets -set -filter {jtag_cable_name =~ "Digilent Zed 210248B18B1E" && level==0 && jtag_device_ctx=="jsn-Zed-210248B18B1E-23727093-0"}' command is executed.
13:12:38 INFO  : FPGA configured successfully with bitstream "C:/Users/diepw50/CPRE-488-Labs/Mp-0_New/nes3/nes/_ide/bitstream/design_1_wrapper.bit"
13:12:38 INFO  : Context for 'APU' is selected.
13:12:38 INFO  : Hardware design and registers information is loaded from 'C:/Users/diepw50/CPRE-488-Labs/Mp-0_New/nes3/design_1_wrapper/export/design_1_wrapper/hw/design_1_wrapper.xsa'.
13:12:38 INFO  : 'configparams force-mem-access 1' command is executed.
13:12:38 INFO  : Context for 'APU' is selected.
13:12:38 INFO  : Sourcing of 'C:/Users/diepw50/CPRE-488-Labs/Mp-0_New/nes3/nes/_ide/psinit/ps7_init.tcl' is done.
13:12:38 INFO  : 'ps7_init' command is executed.
13:12:38 INFO  : 'ps7_post_config' command is executed.
13:12:38 INFO  : Context for processor 'ps7_cortexa9_0' is selected.
13:12:39 INFO  : The application 'C:/Users/diepw50/CPRE-488-Labs/Mp-0_New/nes3/nes/Debug/nes.elf' is downloaded to processor 'ps7_cortexa9_0'.
13:12:39 INFO  : 'configparams force-mem-access 0' command is executed.
13:12:39 INFO  : ----------------XSDB Script----------------
connect -url tcp:127.0.0.1:3121
targets -set -nocase -filter {name =~"APU*"}
rst -system
after 3000
targets -set -filter {jtag_cable_name =~ "Digilent Zed 210248B18B1E" && level==0 && jtag_device_ctx=="jsn-Zed-210248B18B1E-23727093-0"}
fpga -file C:/Users/diepw50/CPRE-488-Labs/Mp-0_New/nes3/nes/_ide/bitstream/design_1_wrapper.bit
targets -set -nocase -filter {name =~"APU*"}
loadhw -hw C:/Users/diepw50/CPRE-488-Labs/Mp-0_New/nes3/design_1_wrapper/export/design_1_wrapper/hw/design_1_wrapper.xsa -mem-ranges [list {0x40000000 0xbfffffff}] -regs
configparams force-mem-access 1
targets -set -nocase -filter {name =~"APU*"}
source C:/Users/diepw50/CPRE-488-Labs/Mp-0_New/nes3/nes/_ide/psinit/ps7_init.tcl
ps7_init
ps7_post_config
targets -set -nocase -filter {name =~ "*A9*#0"}
dow C:/Users/diepw50/CPRE-488-Labs/Mp-0_New/nes3/nes/Debug/nes.elf
configparams force-mem-access 0
----------------End of Script----------------

13:12:39 INFO  : Context for processor 'ps7_cortexa9_0' is selected.
13:12:39 INFO  : 'con' command is executed.
13:12:39 INFO  : ----------------XSDB Script (After Launch)----------------
targets -set -nocase -filter {name =~ "*A9*#0"}
con
----------------End of Script----------------

13:12:39 INFO  : Launch script is exported to file 'C:\Users\diepw50\CPRE-488-Labs\Mp-0_New\nes3\.sdk\launch_scripts\single_application_debug\debugger_nes-default.tcl'
13:13:36 INFO  : Disconnected from the channel tcfchan#12.
13:13:51 INFO  : Checking for BSP changes to sync application flags for project 'nes'...
13:14:10 INFO  : Checking for BSP changes to sync application flags for project 'nes'...
13:14:46 INFO  : Checking for BSP changes to sync application flags for project 'nes'...
13:14:53 INFO  : Connected to target on host '127.0.0.1' and port '3121'.
13:14:53 INFO  : Jtag cable 'Digilent Zed 210248B18B1E' is selected.
13:14:53 INFO  : 'jtag frequency' command is executed.
13:14:53 INFO  : Context for 'APU' is selected.
13:14:53 INFO  : System reset is completed.
13:14:56 INFO  : 'after 3000' command is executed.
13:14:56 INFO  : 'targets -set -filter {jtag_cable_name =~ "Digilent Zed 210248B18B1E" && level==0 && jtag_device_ctx=="jsn-Zed-210248B18B1E-23727093-0"}' command is executed.
13:14:59 INFO  : FPGA configured successfully with bitstream "C:/Users/diepw50/CPRE-488-Labs/Mp-0_New/nes3/nes/_ide/bitstream/design_1_wrapper.bit"
13:14:59 INFO  : Context for 'APU' is selected.
13:14:59 INFO  : Hardware design and registers information is loaded from 'C:/Users/diepw50/CPRE-488-Labs/Mp-0_New/nes3/design_1_wrapper/export/design_1_wrapper/hw/design_1_wrapper.xsa'.
13:14:59 INFO  : 'configparams force-mem-access 1' command is executed.
13:14:59 INFO  : Context for 'APU' is selected.
13:14:59 INFO  : Sourcing of 'C:/Users/diepw50/CPRE-488-Labs/Mp-0_New/nes3/nes/_ide/psinit/ps7_init.tcl' is done.
13:14:59 INFO  : 'ps7_init' command is executed.
13:14:59 INFO  : 'ps7_post_config' command is executed.
13:14:59 INFO  : Context for processor 'ps7_cortexa9_0' is selected.
13:15:00 INFO  : The application 'C:/Users/diepw50/CPRE-488-Labs/Mp-0_New/nes3/nes/Debug/nes.elf' is downloaded to processor 'ps7_cortexa9_0'.
13:15:00 INFO  : 'configparams force-mem-access 0' command is executed.
13:15:00 INFO  : ----------------XSDB Script----------------
connect -url tcp:127.0.0.1:3121
targets -set -nocase -filter {name =~"APU*"}
rst -system
after 3000
targets -set -filter {jtag_cable_name =~ "Digilent Zed 210248B18B1E" && level==0 && jtag_device_ctx=="jsn-Zed-210248B18B1E-23727093-0"}
fpga -file C:/Users/diepw50/CPRE-488-Labs/Mp-0_New/nes3/nes/_ide/bitstream/design_1_wrapper.bit
targets -set -nocase -filter {name =~"APU*"}
loadhw -hw C:/Users/diepw50/CPRE-488-Labs/Mp-0_New/nes3/design_1_wrapper/export/design_1_wrapper/hw/design_1_wrapper.xsa -mem-ranges [list {0x40000000 0xbfffffff}] -regs
configparams force-mem-access 1
targets -set -nocase -filter {name =~"APU*"}
source C:/Users/diepw50/CPRE-488-Labs/Mp-0_New/nes3/nes/_ide/psinit/ps7_init.tcl
ps7_init
ps7_post_config
targets -set -nocase -filter {name =~ "*A9*#0"}
dow C:/Users/diepw50/CPRE-488-Labs/Mp-0_New/nes3/nes/Debug/nes.elf
configparams force-mem-access 0
----------------End of Script----------------

13:15:00 INFO  : Context for processor 'ps7_cortexa9_0' is selected.
13:15:00 INFO  : 'con' command is executed.
13:15:00 INFO  : ----------------XSDB Script (After Launch)----------------
targets -set -nocase -filter {name =~ "*A9*#0"}
con
----------------End of Script----------------

13:15:00 INFO  : Launch script is exported to file 'C:\Users\diepw50\CPRE-488-Labs\Mp-0_New\nes3\.sdk\launch_scripts\single_application_debug\debugger_nes-default.tcl'
13:15:50 INFO  : Disconnected from the channel tcfchan#13.
13:15:52 INFO  : Checking for BSP changes to sync application flags for project 'nes'...
13:15:58 INFO  : Connected to target on host '127.0.0.1' and port '3121'.
13:15:58 INFO  : Jtag cable 'Digilent Zed 210248B18B1E' is selected.
13:15:58 INFO  : 'jtag frequency' command is executed.
13:15:58 INFO  : Context for 'APU' is selected.
13:15:59 INFO  : System reset is completed.
13:16:02 INFO  : 'after 3000' command is executed.
13:16:02 INFO  : 'targets -set -filter {jtag_cable_name =~ "Digilent Zed 210248B18B1E" && level==0 && jtag_device_ctx=="jsn-Zed-210248B18B1E-23727093-0"}' command is executed.
13:16:04 INFO  : FPGA configured successfully with bitstream "C:/Users/diepw50/CPRE-488-Labs/Mp-0_New/nes3/nes/_ide/bitstream/design_1_wrapper.bit"
13:16:04 INFO  : Context for 'APU' is selected.
13:16:04 INFO  : Hardware design and registers information is loaded from 'C:/Users/diepw50/CPRE-488-Labs/Mp-0_New/nes3/design_1_wrapper/export/design_1_wrapper/hw/design_1_wrapper.xsa'.
13:16:04 INFO  : 'configparams force-mem-access 1' command is executed.
13:16:04 INFO  : Context for 'APU' is selected.
13:16:04 INFO  : Sourcing of 'C:/Users/diepw50/CPRE-488-Labs/Mp-0_New/nes3/nes/_ide/psinit/ps7_init.tcl' is done.
13:16:04 INFO  : 'ps7_init' command is executed.
13:16:04 INFO  : 'ps7_post_config' command is executed.
13:16:04 INFO  : Context for processor 'ps7_cortexa9_0' is selected.
13:16:05 INFO  : The application 'C:/Users/diepw50/CPRE-488-Labs/Mp-0_New/nes3/nes/Debug/nes.elf' is downloaded to processor 'ps7_cortexa9_0'.
13:16:05 INFO  : 'configparams force-mem-access 0' command is executed.
13:16:05 INFO  : ----------------XSDB Script----------------
connect -url tcp:127.0.0.1:3121
targets -set -nocase -filter {name =~"APU*"}
rst -system
after 3000
targets -set -filter {jtag_cable_name =~ "Digilent Zed 210248B18B1E" && level==0 && jtag_device_ctx=="jsn-Zed-210248B18B1E-23727093-0"}
fpga -file C:/Users/diepw50/CPRE-488-Labs/Mp-0_New/nes3/nes/_ide/bitstream/design_1_wrapper.bit
targets -set -nocase -filter {name =~"APU*"}
loadhw -hw C:/Users/diepw50/CPRE-488-Labs/Mp-0_New/nes3/design_1_wrapper/export/design_1_wrapper/hw/design_1_wrapper.xsa -mem-ranges [list {0x40000000 0xbfffffff}] -regs
configparams force-mem-access 1
targets -set -nocase -filter {name =~"APU*"}
source C:/Users/diepw50/CPRE-488-Labs/Mp-0_New/nes3/nes/_ide/psinit/ps7_init.tcl
ps7_init
ps7_post_config
targets -set -nocase -filter {name =~ "*A9*#0"}
dow C:/Users/diepw50/CPRE-488-Labs/Mp-0_New/nes3/nes/Debug/nes.elf
configparams force-mem-access 0
----------------End of Script----------------

13:16:05 INFO  : Context for processor 'ps7_cortexa9_0' is selected.
13:16:05 INFO  : 'con' command is executed.
13:16:05 INFO  : ----------------XSDB Script (After Launch)----------------
targets -set -nocase -filter {name =~ "*A9*#0"}
con
----------------End of Script----------------

13:16:05 INFO  : Launch script is exported to file 'C:\Users\diepw50\CPRE-488-Labs\Mp-0_New\nes3\.sdk\launch_scripts\single_application_debug\debugger_nes-default.tcl'
13:16:17 INFO  : Disconnected from the channel tcfchan#14.
13:17:27 INFO  : Checking for BSP changes to sync application flags for project 'nes'...
13:17:33 INFO  : Connected to target on host '127.0.0.1' and port '3121'.
13:17:33 INFO  : Jtag cable 'Digilent Zed 210248B18B1E' is selected.
13:17:33 INFO  : 'jtag frequency' command is executed.
13:17:33 INFO  : Context for 'APU' is selected.
13:17:33 INFO  : System reset is completed.
13:17:36 INFO  : 'after 3000' command is executed.
13:17:36 INFO  : 'targets -set -filter {jtag_cable_name =~ "Digilent Zed 210248B18B1E" && level==0 && jtag_device_ctx=="jsn-Zed-210248B18B1E-23727093-0"}' command is executed.
13:17:39 INFO  : FPGA configured successfully with bitstream "C:/Users/diepw50/CPRE-488-Labs/Mp-0_New/nes3/nes/_ide/bitstream/design_1_wrapper.bit"
13:17:39 INFO  : Context for 'APU' is selected.
13:17:39 INFO  : Hardware design and registers information is loaded from 'C:/Users/diepw50/CPRE-488-Labs/Mp-0_New/nes3/design_1_wrapper/export/design_1_wrapper/hw/design_1_wrapper.xsa'.
13:17:39 INFO  : 'configparams force-mem-access 1' command is executed.
13:17:39 INFO  : Context for 'APU' is selected.
13:17:39 INFO  : Sourcing of 'C:/Users/diepw50/CPRE-488-Labs/Mp-0_New/nes3/nes/_ide/psinit/ps7_init.tcl' is done.
13:17:39 INFO  : 'ps7_init' command is executed.
13:17:39 INFO  : 'ps7_post_config' command is executed.
13:17:39 INFO  : Context for processor 'ps7_cortexa9_0' is selected.
13:17:40 INFO  : The application 'C:/Users/diepw50/CPRE-488-Labs/Mp-0_New/nes3/nes/Debug/nes.elf' is downloaded to processor 'ps7_cortexa9_0'.
13:17:40 INFO  : 'configparams force-mem-access 0' command is executed.
13:17:40 INFO  : ----------------XSDB Script----------------
connect -url tcp:127.0.0.1:3121
targets -set -nocase -filter {name =~"APU*"}
rst -system
after 3000
targets -set -filter {jtag_cable_name =~ "Digilent Zed 210248B18B1E" && level==0 && jtag_device_ctx=="jsn-Zed-210248B18B1E-23727093-0"}
fpga -file C:/Users/diepw50/CPRE-488-Labs/Mp-0_New/nes3/nes/_ide/bitstream/design_1_wrapper.bit
targets -set -nocase -filter {name =~"APU*"}
loadhw -hw C:/Users/diepw50/CPRE-488-Labs/Mp-0_New/nes3/design_1_wrapper/export/design_1_wrapper/hw/design_1_wrapper.xsa -mem-ranges [list {0x40000000 0xbfffffff}] -regs
configparams force-mem-access 1
targets -set -nocase -filter {name =~"APU*"}
source C:/Users/diepw50/CPRE-488-Labs/Mp-0_New/nes3/nes/_ide/psinit/ps7_init.tcl
ps7_init
ps7_post_config
targets -set -nocase -filter {name =~ "*A9*#0"}
dow C:/Users/diepw50/CPRE-488-Labs/Mp-0_New/nes3/nes/Debug/nes.elf
configparams force-mem-access 0
----------------End of Script----------------

13:17:40 INFO  : Context for processor 'ps7_cortexa9_0' is selected.
13:17:40 INFO  : 'con' command is executed.
13:17:40 INFO  : ----------------XSDB Script (After Launch)----------------
targets -set -nocase -filter {name =~ "*A9*#0"}
con
----------------End of Script----------------

13:17:40 INFO  : Launch script is exported to file 'C:\Users\diepw50\CPRE-488-Labs\Mp-0_New\nes3\.sdk\launch_scripts\single_application_debug\debugger_nes-default.tcl'
13:18:01 INFO  : Checking for BSP changes to sync application flags for project 'nes'...
13:18:34 INFO  : Checking for BSP changes to sync application flags for project 'nes'...
13:18:35 INFO  : Disconnected from the channel tcfchan#15.
13:18:37 INFO  : Connected to target on host '127.0.0.1' and port '3121'.
13:18:38 INFO  : Jtag cable 'Digilent Zed 210248B18B1E' is selected.
13:18:38 INFO  : 'jtag frequency' command is executed.
13:18:38 INFO  : Context for 'APU' is selected.
13:18:38 INFO  : System reset is completed.
13:18:41 INFO  : 'after 3000' command is executed.
13:18:41 INFO  : 'targets -set -filter {jtag_cable_name =~ "Digilent Zed 210248B18B1E" && level==0 && jtag_device_ctx=="jsn-Zed-210248B18B1E-23727093-0"}' command is executed.
13:18:43 INFO  : FPGA configured successfully with bitstream "C:/Users/diepw50/CPRE-488-Labs/Mp-0_New/nes3/nes/_ide/bitstream/design_1_wrapper.bit"
13:18:43 INFO  : Context for 'APU' is selected.
13:18:43 INFO  : Hardware design and registers information is loaded from 'C:/Users/diepw50/CPRE-488-Labs/Mp-0_New/nes3/design_1_wrapper/export/design_1_wrapper/hw/design_1_wrapper.xsa'.
13:18:43 INFO  : 'configparams force-mem-access 1' command is executed.
13:18:43 INFO  : Context for 'APU' is selected.
13:18:43 INFO  : Sourcing of 'C:/Users/diepw50/CPRE-488-Labs/Mp-0_New/nes3/nes/_ide/psinit/ps7_init.tcl' is done.
13:18:43 INFO  : 'ps7_init' command is executed.
13:18:43 INFO  : 'ps7_post_config' command is executed.
13:18:43 INFO  : Context for processor 'ps7_cortexa9_0' is selected.
13:18:44 INFO  : The application 'C:/Users/diepw50/CPRE-488-Labs/Mp-0_New/nes3/nes/Debug/nes.elf' is downloaded to processor 'ps7_cortexa9_0'.
13:18:44 INFO  : 'configparams force-mem-access 0' command is executed.
13:18:44 INFO  : ----------------XSDB Script----------------
connect -url tcp:127.0.0.1:3121
targets -set -nocase -filter {name =~"APU*"}
rst -system
after 3000
targets -set -filter {jtag_cable_name =~ "Digilent Zed 210248B18B1E" && level==0 && jtag_device_ctx=="jsn-Zed-210248B18B1E-23727093-0"}
fpga -file C:/Users/diepw50/CPRE-488-Labs/Mp-0_New/nes3/nes/_ide/bitstream/design_1_wrapper.bit
targets -set -nocase -filter {name =~"APU*"}
loadhw -hw C:/Users/diepw50/CPRE-488-Labs/Mp-0_New/nes3/design_1_wrapper/export/design_1_wrapper/hw/design_1_wrapper.xsa -mem-ranges [list {0x40000000 0xbfffffff}] -regs
configparams force-mem-access 1
targets -set -nocase -filter {name =~"APU*"}
source C:/Users/diepw50/CPRE-488-Labs/Mp-0_New/nes3/nes/_ide/psinit/ps7_init.tcl
ps7_init
ps7_post_config
targets -set -nocase -filter {name =~ "*A9*#0"}
dow C:/Users/diepw50/CPRE-488-Labs/Mp-0_New/nes3/nes/Debug/nes.elf
configparams force-mem-access 0
----------------End of Script----------------

13:18:44 INFO  : Context for processor 'ps7_cortexa9_0' is selected.
13:18:44 INFO  : 'con' command is executed.
13:18:44 INFO  : ----------------XSDB Script (After Launch)----------------
targets -set -nocase -filter {name =~ "*A9*#0"}
con
----------------End of Script----------------

13:18:44 INFO  : Launch script is exported to file 'C:\Users\diepw50\CPRE-488-Labs\Mp-0_New\nes3\.sdk\launch_scripts\single_application_debug\debugger_nes-default.tcl'
13:24:31 INFO  : Disconnected from the channel tcfchan#16.
13:24:31 INFO  : Checking for BSP changes to sync application flags for project 'nes'...
13:24:40 INFO  : Connected to target on host '127.0.0.1' and port '3121'.
13:24:40 INFO  : Jtag cable 'Digilent Zed 210248B18B1E' is selected.
13:24:40 INFO  : 'jtag frequency' command is executed.
13:24:40 INFO  : Context for 'APU' is selected.
13:24:40 INFO  : System reset is completed.
13:24:43 INFO  : 'after 3000' command is executed.
13:24:43 INFO  : 'targets -set -filter {jtag_cable_name =~ "Digilent Zed 210248B18B1E" && level==0 && jtag_device_ctx=="jsn-Zed-210248B18B1E-23727093-0"}' command is executed.
13:24:45 INFO  : FPGA configured successfully with bitstream "C:/Users/diepw50/CPRE-488-Labs/Mp-0_New/nes3/nes/_ide/bitstream/design_1_wrapper.bit"
13:24:45 INFO  : Context for 'APU' is selected.
13:24:45 INFO  : Hardware design and registers information is loaded from 'C:/Users/diepw50/CPRE-488-Labs/Mp-0_New/nes3/design_1_wrapper/export/design_1_wrapper/hw/design_1_wrapper.xsa'.
13:24:45 INFO  : 'configparams force-mem-access 1' command is executed.
13:24:45 INFO  : Context for 'APU' is selected.
13:24:45 INFO  : Sourcing of 'C:/Users/diepw50/CPRE-488-Labs/Mp-0_New/nes3/nes/_ide/psinit/ps7_init.tcl' is done.
13:24:46 INFO  : 'ps7_init' command is executed.
13:24:46 INFO  : 'ps7_post_config' command is executed.
13:24:46 INFO  : Context for processor 'ps7_cortexa9_0' is selected.
13:24:47 INFO  : The application 'C:/Users/diepw50/CPRE-488-Labs/Mp-0_New/nes3/nes/Debug/nes.elf' is downloaded to processor 'ps7_cortexa9_0'.
13:24:47 INFO  : 'configparams force-mem-access 0' command is executed.
13:24:47 INFO  : ----------------XSDB Script----------------
connect -url tcp:127.0.0.1:3121
targets -set -nocase -filter {name =~"APU*"}
rst -system
after 3000
targets -set -filter {jtag_cable_name =~ "Digilent Zed 210248B18B1E" && level==0 && jtag_device_ctx=="jsn-Zed-210248B18B1E-23727093-0"}
fpga -file C:/Users/diepw50/CPRE-488-Labs/Mp-0_New/nes3/nes/_ide/bitstream/design_1_wrapper.bit
targets -set -nocase -filter {name =~"APU*"}
loadhw -hw C:/Users/diepw50/CPRE-488-Labs/Mp-0_New/nes3/design_1_wrapper/export/design_1_wrapper/hw/design_1_wrapper.xsa -mem-ranges [list {0x40000000 0xbfffffff}] -regs
configparams force-mem-access 1
targets -set -nocase -filter {name =~"APU*"}
source C:/Users/diepw50/CPRE-488-Labs/Mp-0_New/nes3/nes/_ide/psinit/ps7_init.tcl
ps7_init
ps7_post_config
targets -set -nocase -filter {name =~ "*A9*#0"}
dow C:/Users/diepw50/CPRE-488-Labs/Mp-0_New/nes3/nes/Debug/nes.elf
configparams force-mem-access 0
----------------End of Script----------------

13:24:47 INFO  : Context for processor 'ps7_cortexa9_0' is selected.
13:24:47 INFO  : 'con' command is executed.
13:24:47 INFO  : ----------------XSDB Script (After Launch)----------------
targets -set -nocase -filter {name =~ "*A9*#0"}
con
----------------End of Script----------------

13:24:47 INFO  : Launch script is exported to file 'C:\Users\diepw50\CPRE-488-Labs\Mp-0_New\nes3\.sdk\launch_scripts\single_application_debug\debugger_nes-default.tcl'
13:24:58 INFO  : Disconnected from the channel tcfchan#17.
13:39:32 INFO  : Checking for BSP changes to sync application flags for project 'nes'...
13:50:00 INFO  : Checking for BSP changes to sync application flags for project 'nes'...
13:50:06 INFO  : Connected to target on host '127.0.0.1' and port '3121'.
13:50:07 INFO  : Jtag cable 'Digilent Zed 210248B18B1E' is selected.
13:50:07 INFO  : 'jtag frequency' command is executed.
13:50:07 INFO  : Context for 'APU' is selected.
13:50:07 INFO  : System reset is completed.
13:50:10 INFO  : 'after 3000' command is executed.
13:50:10 INFO  : 'targets -set -filter {jtag_cable_name =~ "Digilent Zed 210248B18B1E" && level==0 && jtag_device_ctx=="jsn-Zed-210248B18B1E-23727093-0"}' command is executed.
13:50:12 INFO  : FPGA configured successfully with bitstream "C:/Users/diepw50/CPRE-488-Labs/Mp-0_New/nes3/nes/_ide/bitstream/design_1_wrapper.bit"
13:50:12 INFO  : Context for 'APU' is selected.
13:50:12 INFO  : Hardware design and registers information is loaded from 'C:/Users/diepw50/CPRE-488-Labs/Mp-0_New/nes3/design_1_wrapper/export/design_1_wrapper/hw/design_1_wrapper.xsa'.
13:50:12 INFO  : 'configparams force-mem-access 1' command is executed.
13:50:12 INFO  : Context for 'APU' is selected.
13:50:12 INFO  : Sourcing of 'C:/Users/diepw50/CPRE-488-Labs/Mp-0_New/nes3/nes/_ide/psinit/ps7_init.tcl' is done.
13:50:12 INFO  : 'ps7_init' command is executed.
13:50:12 INFO  : 'ps7_post_config' command is executed.
13:50:12 INFO  : Context for processor 'ps7_cortexa9_0' is selected.
13:50:13 INFO  : The application 'C:/Users/diepw50/CPRE-488-Labs/Mp-0_New/nes3/nes/Debug/nes.elf' is downloaded to processor 'ps7_cortexa9_0'.
13:50:14 INFO  : 'configparams force-mem-access 0' command is executed.
13:50:14 INFO  : ----------------XSDB Script----------------
connect -url tcp:127.0.0.1:3121
targets -set -nocase -filter {name =~"APU*"}
rst -system
after 3000
targets -set -filter {jtag_cable_name =~ "Digilent Zed 210248B18B1E" && level==0 && jtag_device_ctx=="jsn-Zed-210248B18B1E-23727093-0"}
fpga -file C:/Users/diepw50/CPRE-488-Labs/Mp-0_New/nes3/nes/_ide/bitstream/design_1_wrapper.bit
targets -set -nocase -filter {name =~"APU*"}
loadhw -hw C:/Users/diepw50/CPRE-488-Labs/Mp-0_New/nes3/design_1_wrapper/export/design_1_wrapper/hw/design_1_wrapper.xsa -mem-ranges [list {0x40000000 0xbfffffff}] -regs
configparams force-mem-access 1
targets -set -nocase -filter {name =~"APU*"}
source C:/Users/diepw50/CPRE-488-Labs/Mp-0_New/nes3/nes/_ide/psinit/ps7_init.tcl
ps7_init
ps7_post_config
targets -set -nocase -filter {name =~ "*A9*#0"}
dow C:/Users/diepw50/CPRE-488-Labs/Mp-0_New/nes3/nes/Debug/nes.elf
configparams force-mem-access 0
----------------End of Script----------------

13:50:14 INFO  : Context for processor 'ps7_cortexa9_0' is selected.
13:50:14 INFO  : 'con' command is executed.
13:50:14 INFO  : ----------------XSDB Script (After Launch)----------------
targets -set -nocase -filter {name =~ "*A9*#0"}
con
----------------End of Script----------------

13:50:14 INFO  : Launch script is exported to file 'C:\Users\diepw50\CPRE-488-Labs\Mp-0_New\nes3\.sdk\launch_scripts\single_application_debug\debugger_nes-default.tcl'
13:50:30 INFO  : Disconnected from the channel tcfchan#18.
13:50:31 INFO  : Checking for BSP changes to sync application flags for project 'nes'...
13:50:39 INFO  : Connected to target on host '127.0.0.1' and port '3121'.
13:50:40 INFO  : Jtag cable 'Digilent Zed 210248B18B1E' is selected.
13:50:40 INFO  : 'jtag frequency' command is executed.
13:50:40 INFO  : Context for 'APU' is selected.
13:50:40 INFO  : System reset is completed.
13:50:43 INFO  : 'after 3000' command is executed.
13:50:43 INFO  : 'targets -set -filter {jtag_cable_name =~ "Digilent Zed 210248B18B1E" && level==0 && jtag_device_ctx=="jsn-Zed-210248B18B1E-23727093-0"}' command is executed.
13:50:45 INFO  : FPGA configured successfully with bitstream "C:/Users/diepw50/CPRE-488-Labs/Mp-0_New/nes3/nes/_ide/bitstream/design_1_wrapper.bit"
13:50:45 INFO  : Context for 'APU' is selected.
13:50:45 INFO  : Hardware design and registers information is loaded from 'C:/Users/diepw50/CPRE-488-Labs/Mp-0_New/nes3/design_1_wrapper/export/design_1_wrapper/hw/design_1_wrapper.xsa'.
13:50:45 INFO  : 'configparams force-mem-access 1' command is executed.
13:50:45 INFO  : Context for 'APU' is selected.
13:50:45 INFO  : Sourcing of 'C:/Users/diepw50/CPRE-488-Labs/Mp-0_New/nes3/nes/_ide/psinit/ps7_init.tcl' is done.
13:50:45 INFO  : 'ps7_init' command is executed.
13:50:45 INFO  : 'ps7_post_config' command is executed.
13:50:45 INFO  : Context for processor 'ps7_cortexa9_0' is selected.
13:50:46 INFO  : The application 'C:/Users/diepw50/CPRE-488-Labs/Mp-0_New/nes3/nes/Debug/nes.elf' is downloaded to processor 'ps7_cortexa9_0'.
13:50:46 INFO  : 'configparams force-mem-access 0' command is executed.
13:50:46 INFO  : ----------------XSDB Script----------------
connect -url tcp:127.0.0.1:3121
targets -set -nocase -filter {name =~"APU*"}
rst -system
after 3000
targets -set -filter {jtag_cable_name =~ "Digilent Zed 210248B18B1E" && level==0 && jtag_device_ctx=="jsn-Zed-210248B18B1E-23727093-0"}
fpga -file C:/Users/diepw50/CPRE-488-Labs/Mp-0_New/nes3/nes/_ide/bitstream/design_1_wrapper.bit
targets -set -nocase -filter {name =~"APU*"}
loadhw -hw C:/Users/diepw50/CPRE-488-Labs/Mp-0_New/nes3/design_1_wrapper/export/design_1_wrapper/hw/design_1_wrapper.xsa -mem-ranges [list {0x40000000 0xbfffffff}] -regs
configparams force-mem-access 1
targets -set -nocase -filter {name =~"APU*"}
source C:/Users/diepw50/CPRE-488-Labs/Mp-0_New/nes3/nes/_ide/psinit/ps7_init.tcl
ps7_init
ps7_post_config
targets -set -nocase -filter {name =~ "*A9*#0"}
dow C:/Users/diepw50/CPRE-488-Labs/Mp-0_New/nes3/nes/Debug/nes.elf
configparams force-mem-access 0
----------------End of Script----------------

13:50:47 INFO  : Context for processor 'ps7_cortexa9_0' is selected.
13:50:47 INFO  : 'con' command is executed.
13:50:47 INFO  : ----------------XSDB Script (After Launch)----------------
targets -set -nocase -filter {name =~ "*A9*#0"}
con
----------------End of Script----------------

13:50:47 INFO  : Launch script is exported to file 'C:\Users\diepw50\CPRE-488-Labs\Mp-0_New\nes3\.sdk\launch_scripts\single_application_debug\debugger_nes-default.tcl'
13:51:53 INFO  : Disconnected from the channel tcfchan#19.
13:52:00 INFO  : Checking for BSP changes to sync application flags for project 'nes'...
13:52:02 INFO  : Connected to target on host '127.0.0.1' and port '3121'.
13:52:02 INFO  : Jtag cable 'Digilent Zed 210248B18B1E' is selected.
13:52:02 INFO  : 'jtag frequency' command is executed.
13:52:02 INFO  : Context for 'APU' is selected.
13:52:03 INFO  : System reset is completed.
13:52:06 INFO  : 'after 3000' command is executed.
13:52:06 INFO  : 'targets -set -filter {jtag_cable_name =~ "Digilent Zed 210248B18B1E" && level==0 && jtag_device_ctx=="jsn-Zed-210248B18B1E-23727093-0"}' command is executed.
13:52:08 INFO  : FPGA configured successfully with bitstream "C:/Users/diepw50/CPRE-488-Labs/Mp-0_New/nes3/nes/_ide/bitstream/design_1_wrapper.bit"
13:52:08 INFO  : Context for 'APU' is selected.
13:52:08 INFO  : Hardware design and registers information is loaded from 'C:/Users/diepw50/CPRE-488-Labs/Mp-0_New/nes3/design_1_wrapper/export/design_1_wrapper/hw/design_1_wrapper.xsa'.
13:52:08 INFO  : 'configparams force-mem-access 1' command is executed.
13:52:08 INFO  : Context for 'APU' is selected.
13:52:08 INFO  : Sourcing of 'C:/Users/diepw50/CPRE-488-Labs/Mp-0_New/nes3/nes/_ide/psinit/ps7_init.tcl' is done.
13:52:08 INFO  : 'ps7_init' command is executed.
13:52:08 INFO  : 'ps7_post_config' command is executed.
13:52:08 INFO  : Context for processor 'ps7_cortexa9_0' is selected.
13:52:09 INFO  : The application 'C:/Users/diepw50/CPRE-488-Labs/Mp-0_New/nes3/nes/Debug/nes.elf' is downloaded to processor 'ps7_cortexa9_0'.
13:52:09 INFO  : 'configparams force-mem-access 0' command is executed.
13:52:09 INFO  : ----------------XSDB Script----------------
connect -url tcp:127.0.0.1:3121
targets -set -nocase -filter {name =~"APU*"}
rst -system
after 3000
targets -set -filter {jtag_cable_name =~ "Digilent Zed 210248B18B1E" && level==0 && jtag_device_ctx=="jsn-Zed-210248B18B1E-23727093-0"}
fpga -file C:/Users/diepw50/CPRE-488-Labs/Mp-0_New/nes3/nes/_ide/bitstream/design_1_wrapper.bit
targets -set -nocase -filter {name =~"APU*"}
loadhw -hw C:/Users/diepw50/CPRE-488-Labs/Mp-0_New/nes3/design_1_wrapper/export/design_1_wrapper/hw/design_1_wrapper.xsa -mem-ranges [list {0x40000000 0xbfffffff}] -regs
configparams force-mem-access 1
targets -set -nocase -filter {name =~"APU*"}
source C:/Users/diepw50/CPRE-488-Labs/Mp-0_New/nes3/nes/_ide/psinit/ps7_init.tcl
ps7_init
ps7_post_config
targets -set -nocase -filter {name =~ "*A9*#0"}
dow C:/Users/diepw50/CPRE-488-Labs/Mp-0_New/nes3/nes/Debug/nes.elf
configparams force-mem-access 0
----------------End of Script----------------

13:52:09 INFO  : Context for processor 'ps7_cortexa9_0' is selected.
13:52:09 INFO  : 'con' command is executed.
13:52:09 INFO  : ----------------XSDB Script (After Launch)----------------
targets -set -nocase -filter {name =~ "*A9*#0"}
con
----------------End of Script----------------

13:52:09 INFO  : Launch script is exported to file 'C:\Users\diepw50\CPRE-488-Labs\Mp-0_New\nes3\.sdk\launch_scripts\single_application_debug\debugger_nes-default.tcl'
13:52:54 INFO  : Disconnected from the channel tcfchan#20.
13:52:57 INFO  : Checking for BSP changes to sync application flags for project 'nes'...
13:52:59 INFO  : Connected to target on host '127.0.0.1' and port '3121'.
13:53:00 INFO  : Jtag cable 'Digilent Zed 210248B18B1E' is selected.
13:53:00 INFO  : 'jtag frequency' command is executed.
13:53:00 INFO  : Context for 'APU' is selected.
13:53:00 INFO  : System reset is completed.
13:53:03 INFO  : 'after 3000' command is executed.
13:53:03 INFO  : 'targets -set -filter {jtag_cable_name =~ "Digilent Zed 210248B18B1E" && level==0 && jtag_device_ctx=="jsn-Zed-210248B18B1E-23727093-0"}' command is executed.
13:53:05 INFO  : FPGA configured successfully with bitstream "C:/Users/diepw50/CPRE-488-Labs/Mp-0_New/nes3/nes/_ide/bitstream/design_1_wrapper.bit"
13:53:05 INFO  : Context for 'APU' is selected.
13:53:05 INFO  : Hardware design and registers information is loaded from 'C:/Users/diepw50/CPRE-488-Labs/Mp-0_New/nes3/design_1_wrapper/export/design_1_wrapper/hw/design_1_wrapper.xsa'.
13:53:05 INFO  : 'configparams force-mem-access 1' command is executed.
13:53:05 INFO  : Context for 'APU' is selected.
13:53:05 INFO  : Sourcing of 'C:/Users/diepw50/CPRE-488-Labs/Mp-0_New/nes3/nes/_ide/psinit/ps7_init.tcl' is done.
13:53:05 INFO  : 'ps7_init' command is executed.
13:53:05 INFO  : 'ps7_post_config' command is executed.
13:53:05 INFO  : Context for processor 'ps7_cortexa9_0' is selected.
13:53:06 INFO  : The application 'C:/Users/diepw50/CPRE-488-Labs/Mp-0_New/nes3/nes/Debug/nes.elf' is downloaded to processor 'ps7_cortexa9_0'.
13:53:06 INFO  : 'configparams force-mem-access 0' command is executed.
13:53:06 INFO  : ----------------XSDB Script----------------
connect -url tcp:127.0.0.1:3121
targets -set -nocase -filter {name =~"APU*"}
rst -system
after 3000
targets -set -filter {jtag_cable_name =~ "Digilent Zed 210248B18B1E" && level==0 && jtag_device_ctx=="jsn-Zed-210248B18B1E-23727093-0"}
fpga -file C:/Users/diepw50/CPRE-488-Labs/Mp-0_New/nes3/nes/_ide/bitstream/design_1_wrapper.bit
targets -set -nocase -filter {name =~"APU*"}
loadhw -hw C:/Users/diepw50/CPRE-488-Labs/Mp-0_New/nes3/design_1_wrapper/export/design_1_wrapper/hw/design_1_wrapper.xsa -mem-ranges [list {0x40000000 0xbfffffff}] -regs
configparams force-mem-access 1
targets -set -nocase -filter {name =~"APU*"}
source C:/Users/diepw50/CPRE-488-Labs/Mp-0_New/nes3/nes/_ide/psinit/ps7_init.tcl
ps7_init
ps7_post_config
targets -set -nocase -filter {name =~ "*A9*#0"}
dow C:/Users/diepw50/CPRE-488-Labs/Mp-0_New/nes3/nes/Debug/nes.elf
configparams force-mem-access 0
----------------End of Script----------------

13:53:07 INFO  : Context for processor 'ps7_cortexa9_0' is selected.
13:53:07 INFO  : 'con' command is executed.
13:53:07 INFO  : ----------------XSDB Script (After Launch)----------------
targets -set -nocase -filter {name =~ "*A9*#0"}
con
----------------End of Script----------------

13:53:07 INFO  : Launch script is exported to file 'C:\Users\diepw50\CPRE-488-Labs\Mp-0_New\nes3\.sdk\launch_scripts\single_application_debug\debugger_nes-default.tcl'
13:53:22 INFO  : Disconnected from the channel tcfchan#21.
13:53:24 INFO  : Checking for BSP changes to sync application flags for project 'nes'...
13:54:13 INFO  : Connected to target on host '127.0.0.1' and port '3121'.
13:54:14 INFO  : Jtag cable 'Digilent Zed 210248B18B1E' is selected.
13:54:14 INFO  : 'jtag frequency' command is executed.
13:54:14 INFO  : Context for 'APU' is selected.
13:54:14 INFO  : System reset is completed.
13:54:17 INFO  : 'after 3000' command is executed.
13:54:17 INFO  : 'targets -set -filter {jtag_cable_name =~ "Digilent Zed 210248B18B1E" && level==0 && jtag_device_ctx=="jsn-Zed-210248B18B1E-23727093-0"}' command is executed.
13:54:19 INFO  : FPGA configured successfully with bitstream "C:/Users/diepw50/CPRE-488-Labs/Mp-0_New/nes3/nes/_ide/bitstream/design_1_wrapper.bit"
13:54:19 INFO  : Context for 'APU' is selected.
13:54:19 INFO  : Hardware design and registers information is loaded from 'C:/Users/diepw50/CPRE-488-Labs/Mp-0_New/nes3/design_1_wrapper/export/design_1_wrapper/hw/design_1_wrapper.xsa'.
13:54:19 INFO  : 'configparams force-mem-access 1' command is executed.
13:54:19 INFO  : Context for 'APU' is selected.
13:54:19 INFO  : Sourcing of 'C:/Users/diepw50/CPRE-488-Labs/Mp-0_New/nes3/nes/_ide/psinit/ps7_init.tcl' is done.
13:54:19 INFO  : 'ps7_init' command is executed.
13:54:19 INFO  : 'ps7_post_config' command is executed.
13:54:19 INFO  : Context for processor 'ps7_cortexa9_0' is selected.
13:54:21 INFO  : The application 'C:/Users/diepw50/CPRE-488-Labs/Mp-0_New/nes3/nes/Debug/nes.elf' is downloaded to processor 'ps7_cortexa9_0'.
13:54:21 INFO  : 'configparams force-mem-access 0' command is executed.
13:54:21 INFO  : ----------------XSDB Script----------------
connect -url tcp:127.0.0.1:3121
targets -set -nocase -filter {name =~"APU*"}
rst -system
after 3000
targets -set -filter {jtag_cable_name =~ "Digilent Zed 210248B18B1E" && level==0 && jtag_device_ctx=="jsn-Zed-210248B18B1E-23727093-0"}
fpga -file C:/Users/diepw50/CPRE-488-Labs/Mp-0_New/nes3/nes/_ide/bitstream/design_1_wrapper.bit
targets -set -nocase -filter {name =~"APU*"}
loadhw -hw C:/Users/diepw50/CPRE-488-Labs/Mp-0_New/nes3/design_1_wrapper/export/design_1_wrapper/hw/design_1_wrapper.xsa -mem-ranges [list {0x40000000 0xbfffffff}] -regs
configparams force-mem-access 1
targets -set -nocase -filter {name =~"APU*"}
source C:/Users/diepw50/CPRE-488-Labs/Mp-0_New/nes3/nes/_ide/psinit/ps7_init.tcl
ps7_init
ps7_post_config
targets -set -nocase -filter {name =~ "*A9*#0"}
dow C:/Users/diepw50/CPRE-488-Labs/Mp-0_New/nes3/nes/Debug/nes.elf
configparams force-mem-access 0
----------------End of Script----------------

13:54:21 INFO  : Context for processor 'ps7_cortexa9_0' is selected.
13:54:21 INFO  : 'con' command is executed.
13:54:21 INFO  : ----------------XSDB Script (After Launch)----------------
targets -set -nocase -filter {name =~ "*A9*#0"}
con
----------------End of Script----------------

13:54:21 INFO  : Launch script is exported to file 'C:\Users\diepw50\CPRE-488-Labs\Mp-0_New\nes3\.sdk\launch_scripts\single_application_debug\debugger_nes-default.tcl'
13:54:44 INFO  : Disconnected from the channel tcfchan#22.
13:55:09 INFO  : Checking for BSP changes to sync application flags for project 'nes'...
13:55:23 INFO  : Connected to target on host '127.0.0.1' and port '3121'.
13:55:23 INFO  : Jtag cable 'Digilent Zed 210248B18B1E' is selected.
13:55:23 INFO  : 'jtag frequency' command is executed.
13:55:23 INFO  : Context for 'APU' is selected.
13:55:23 INFO  : System reset is completed.
13:55:26 INFO  : 'after 3000' command is executed.
13:55:26 INFO  : 'targets -set -filter {jtag_cable_name =~ "Digilent Zed 210248B18B1E" && level==0 && jtag_device_ctx=="jsn-Zed-210248B18B1E-23727093-0"}' command is executed.
13:55:29 INFO  : FPGA configured successfully with bitstream "C:/Users/diepw50/CPRE-488-Labs/Mp-0_New/nes3/nes/_ide/bitstream/design_1_wrapper.bit"
13:55:29 INFO  : Context for 'APU' is selected.
13:55:29 INFO  : Hardware design and registers information is loaded from 'C:/Users/diepw50/CPRE-488-Labs/Mp-0_New/nes3/design_1_wrapper/export/design_1_wrapper/hw/design_1_wrapper.xsa'.
13:55:29 INFO  : 'configparams force-mem-access 1' command is executed.
13:55:29 INFO  : Context for 'APU' is selected.
13:55:29 INFO  : Sourcing of 'C:/Users/diepw50/CPRE-488-Labs/Mp-0_New/nes3/nes/_ide/psinit/ps7_init.tcl' is done.
13:55:29 INFO  : 'ps7_init' command is executed.
13:55:29 INFO  : 'ps7_post_config' command is executed.
13:55:29 INFO  : Context for processor 'ps7_cortexa9_0' is selected.
13:55:30 INFO  : The application 'C:/Users/diepw50/CPRE-488-Labs/Mp-0_New/nes3/nes/Debug/nes.elf' is downloaded to processor 'ps7_cortexa9_0'.
13:55:30 INFO  : 'configparams force-mem-access 0' command is executed.
13:55:30 INFO  : ----------------XSDB Script----------------
connect -url tcp:127.0.0.1:3121
targets -set -nocase -filter {name =~"APU*"}
rst -system
after 3000
targets -set -filter {jtag_cable_name =~ "Digilent Zed 210248B18B1E" && level==0 && jtag_device_ctx=="jsn-Zed-210248B18B1E-23727093-0"}
fpga -file C:/Users/diepw50/CPRE-488-Labs/Mp-0_New/nes3/nes/_ide/bitstream/design_1_wrapper.bit
targets -set -nocase -filter {name =~"APU*"}
loadhw -hw C:/Users/diepw50/CPRE-488-Labs/Mp-0_New/nes3/design_1_wrapper/export/design_1_wrapper/hw/design_1_wrapper.xsa -mem-ranges [list {0x40000000 0xbfffffff}] -regs
configparams force-mem-access 1
targets -set -nocase -filter {name =~"APU*"}
source C:/Users/diepw50/CPRE-488-Labs/Mp-0_New/nes3/nes/_ide/psinit/ps7_init.tcl
ps7_init
ps7_post_config
targets -set -nocase -filter {name =~ "*A9*#0"}
dow C:/Users/diepw50/CPRE-488-Labs/Mp-0_New/nes3/nes/Debug/nes.elf
configparams force-mem-access 0
----------------End of Script----------------

13:55:30 INFO  : Context for processor 'ps7_cortexa9_0' is selected.
13:55:30 INFO  : 'con' command is executed.
13:55:30 INFO  : ----------------XSDB Script (After Launch)----------------
targets -set -nocase -filter {name =~ "*A9*#0"}
con
----------------End of Script----------------

13:55:30 INFO  : Launch script is exported to file 'C:\Users\diepw50\CPRE-488-Labs\Mp-0_New\nes3\.sdk\launch_scripts\single_application_debug\debugger_nes-default.tcl'
13:55:47 INFO  : Disconnected from the channel tcfchan#23.
13:55:48 INFO  : Connected to target on host '127.0.0.1' and port '3121'.
13:55:48 INFO  : Jtag cable 'Digilent Zed 210248B18B1E' is selected.
13:55:48 INFO  : 'jtag frequency' command is executed.
13:55:48 INFO  : Context for 'APU' is selected.
13:55:48 INFO  : System reset is completed.
13:55:51 INFO  : 'after 3000' command is executed.
13:55:51 INFO  : 'targets -set -filter {jtag_cable_name =~ "Digilent Zed 210248B18B1E" && level==0 && jtag_device_ctx=="jsn-Zed-210248B18B1E-23727093-0"}' command is executed.
13:55:53 INFO  : FPGA configured successfully with bitstream "C:/Users/diepw50/CPRE-488-Labs/Mp-0_New/nes3/nes/_ide/bitstream/design_1_wrapper.bit"
13:55:53 INFO  : Context for 'APU' is selected.
13:55:53 INFO  : Hardware design and registers information is loaded from 'C:/Users/diepw50/CPRE-488-Labs/Mp-0_New/nes3/design_1_wrapper/export/design_1_wrapper/hw/design_1_wrapper.xsa'.
13:55:53 INFO  : 'configparams force-mem-access 1' command is executed.
13:55:53 INFO  : Context for 'APU' is selected.
13:55:53 INFO  : Sourcing of 'C:/Users/diepw50/CPRE-488-Labs/Mp-0_New/nes3/nes/_ide/psinit/ps7_init.tcl' is done.
13:55:53 INFO  : 'ps7_init' command is executed.
13:55:53 INFO  : 'ps7_post_config' command is executed.
13:55:53 INFO  : Context for processor 'ps7_cortexa9_0' is selected.
13:55:55 INFO  : The application 'C:/Users/diepw50/CPRE-488-Labs/Mp-0_New/nes3/nes/Debug/nes.elf' is downloaded to processor 'ps7_cortexa9_0'.
13:55:55 INFO  : 'configparams force-mem-access 0' command is executed.
13:55:55 INFO  : ----------------XSDB Script----------------
connect -url tcp:127.0.0.1:3121
targets -set -nocase -filter {name =~"APU*"}
rst -system
after 3000
targets -set -filter {jtag_cable_name =~ "Digilent Zed 210248B18B1E" && level==0 && jtag_device_ctx=="jsn-Zed-210248B18B1E-23727093-0"}
fpga -file C:/Users/diepw50/CPRE-488-Labs/Mp-0_New/nes3/nes/_ide/bitstream/design_1_wrapper.bit
targets -set -nocase -filter {name =~"APU*"}
loadhw -hw C:/Users/diepw50/CPRE-488-Labs/Mp-0_New/nes3/design_1_wrapper/export/design_1_wrapper/hw/design_1_wrapper.xsa -mem-ranges [list {0x40000000 0xbfffffff}] -regs
configparams force-mem-access 1
targets -set -nocase -filter {name =~"APU*"}
source C:/Users/diepw50/CPRE-488-Labs/Mp-0_New/nes3/nes/_ide/psinit/ps7_init.tcl
ps7_init
ps7_post_config
targets -set -nocase -filter {name =~ "*A9*#0"}
dow C:/Users/diepw50/CPRE-488-Labs/Mp-0_New/nes3/nes/Debug/nes.elf
configparams force-mem-access 0
----------------End of Script----------------

13:55:55 INFO  : Context for processor 'ps7_cortexa9_0' is selected.
13:55:55 INFO  : 'con' command is executed.
13:55:55 INFO  : ----------------XSDB Script (After Launch)----------------
targets -set -nocase -filter {name =~ "*A9*#0"}
con
----------------End of Script----------------

13:55:55 INFO  : Launch script is exported to file 'C:\Users\diepw50\CPRE-488-Labs\Mp-0_New\nes3\.sdk\launch_scripts\single_application_debug\debugger_nes-default.tcl'
13:56:14 INFO  : Disconnected from the channel tcfchan#24.
13:56:16 INFO  : Checking for BSP changes to sync application flags for project 'nes'...
13:56:19 INFO  : Connected to target on host '127.0.0.1' and port '3121'.
13:56:19 INFO  : Jtag cable 'Digilent Zed 210248B18B1E' is selected.
13:56:19 INFO  : 'jtag frequency' command is executed.
13:56:19 INFO  : Context for 'APU' is selected.
13:56:19 INFO  : System reset is completed.
13:56:22 INFO  : 'after 3000' command is executed.
13:56:22 INFO  : 'targets -set -filter {jtag_cable_name =~ "Digilent Zed 210248B18B1E" && level==0 && jtag_device_ctx=="jsn-Zed-210248B18B1E-23727093-0"}' command is executed.
13:56:25 INFO  : FPGA configured successfully with bitstream "C:/Users/diepw50/CPRE-488-Labs/Mp-0_New/nes3/nes/_ide/bitstream/design_1_wrapper.bit"
13:56:25 INFO  : Context for 'APU' is selected.
13:56:25 INFO  : Hardware design and registers information is loaded from 'C:/Users/diepw50/CPRE-488-Labs/Mp-0_New/nes3/design_1_wrapper/export/design_1_wrapper/hw/design_1_wrapper.xsa'.
13:56:25 INFO  : 'configparams force-mem-access 1' command is executed.
13:56:25 INFO  : Context for 'APU' is selected.
13:56:25 INFO  : Sourcing of 'C:/Users/diepw50/CPRE-488-Labs/Mp-0_New/nes3/nes/_ide/psinit/ps7_init.tcl' is done.
13:56:25 INFO  : 'ps7_init' command is executed.
13:56:25 INFO  : 'ps7_post_config' command is executed.
13:56:25 INFO  : Context for processor 'ps7_cortexa9_0' is selected.
13:56:26 INFO  : The application 'C:/Users/diepw50/CPRE-488-Labs/Mp-0_New/nes3/nes/Debug/nes.elf' is downloaded to processor 'ps7_cortexa9_0'.
13:56:26 INFO  : 'configparams force-mem-access 0' command is executed.
13:56:26 INFO  : ----------------XSDB Script----------------
connect -url tcp:127.0.0.1:3121
targets -set -nocase -filter {name =~"APU*"}
rst -system
after 3000
targets -set -filter {jtag_cable_name =~ "Digilent Zed 210248B18B1E" && level==0 && jtag_device_ctx=="jsn-Zed-210248B18B1E-23727093-0"}
fpga -file C:/Users/diepw50/CPRE-488-Labs/Mp-0_New/nes3/nes/_ide/bitstream/design_1_wrapper.bit
targets -set -nocase -filter {name =~"APU*"}
loadhw -hw C:/Users/diepw50/CPRE-488-Labs/Mp-0_New/nes3/design_1_wrapper/export/design_1_wrapper/hw/design_1_wrapper.xsa -mem-ranges [list {0x40000000 0xbfffffff}] -regs
configparams force-mem-access 1
targets -set -nocase -filter {name =~"APU*"}
source C:/Users/diepw50/CPRE-488-Labs/Mp-0_New/nes3/nes/_ide/psinit/ps7_init.tcl
ps7_init
ps7_post_config
targets -set -nocase -filter {name =~ "*A9*#0"}
dow C:/Users/diepw50/CPRE-488-Labs/Mp-0_New/nes3/nes/Debug/nes.elf
configparams force-mem-access 0
----------------End of Script----------------

13:56:26 INFO  : Context for processor 'ps7_cortexa9_0' is selected.
13:56:26 INFO  : 'con' command is executed.
13:56:26 INFO  : ----------------XSDB Script (After Launch)----------------
targets -set -nocase -filter {name =~ "*A9*#0"}
con
----------------End of Script----------------

13:56:26 INFO  : Launch script is exported to file 'C:\Users\diepw50\CPRE-488-Labs\Mp-0_New\nes3\.sdk\launch_scripts\single_application_debug\debugger_nes-default.tcl'
13:56:45 INFO  : Disconnected from the channel tcfchan#25.
13:56:46 INFO  : Connected to target on host '127.0.0.1' and port '3121'.
13:56:46 INFO  : Jtag cable 'Digilent Zed 210248B18B1E' is selected.
13:56:46 INFO  : 'jtag frequency' command is executed.
13:56:46 INFO  : Context for 'APU' is selected.
13:56:46 INFO  : System reset is completed.
13:56:49 INFO  : 'after 3000' command is executed.
13:56:49 INFO  : 'targets -set -filter {jtag_cable_name =~ "Digilent Zed 210248B18B1E" && level==0 && jtag_device_ctx=="jsn-Zed-210248B18B1E-23727093-0"}' command is executed.
13:56:51 INFO  : FPGA configured successfully with bitstream "C:/Users/diepw50/CPRE-488-Labs/Mp-0_New/nes3/nes/_ide/bitstream/design_1_wrapper.bit"
13:56:51 INFO  : Context for 'APU' is selected.
13:56:51 INFO  : Hardware design and registers information is loaded from 'C:/Users/diepw50/CPRE-488-Labs/Mp-0_New/nes3/design_1_wrapper/export/design_1_wrapper/hw/design_1_wrapper.xsa'.
13:56:51 INFO  : 'configparams force-mem-access 1' command is executed.
13:56:51 INFO  : Context for 'APU' is selected.
13:56:51 INFO  : Sourcing of 'C:/Users/diepw50/CPRE-488-Labs/Mp-0_New/nes3/nes/_ide/psinit/ps7_init.tcl' is done.
13:56:51 INFO  : 'ps7_init' command is executed.
13:56:51 INFO  : 'ps7_post_config' command is executed.
13:56:51 INFO  : Context for processor 'ps7_cortexa9_0' is selected.
13:56:53 INFO  : The application 'C:/Users/diepw50/CPRE-488-Labs/Mp-0_New/nes3/nes/Debug/nes.elf' is downloaded to processor 'ps7_cortexa9_0'.
13:56:53 INFO  : 'configparams force-mem-access 0' command is executed.
13:56:53 INFO  : ----------------XSDB Script----------------
connect -url tcp:127.0.0.1:3121
targets -set -nocase -filter {name =~"APU*"}
rst -system
after 3000
targets -set -filter {jtag_cable_name =~ "Digilent Zed 210248B18B1E" && level==0 && jtag_device_ctx=="jsn-Zed-210248B18B1E-23727093-0"}
fpga -file C:/Users/diepw50/CPRE-488-Labs/Mp-0_New/nes3/nes/_ide/bitstream/design_1_wrapper.bit
targets -set -nocase -filter {name =~"APU*"}
loadhw -hw C:/Users/diepw50/CPRE-488-Labs/Mp-0_New/nes3/design_1_wrapper/export/design_1_wrapper/hw/design_1_wrapper.xsa -mem-ranges [list {0x40000000 0xbfffffff}] -regs
configparams force-mem-access 1
targets -set -nocase -filter {name =~"APU*"}
source C:/Users/diepw50/CPRE-488-Labs/Mp-0_New/nes3/nes/_ide/psinit/ps7_init.tcl
ps7_init
ps7_post_config
targets -set -nocase -filter {name =~ "*A9*#0"}
dow C:/Users/diepw50/CPRE-488-Labs/Mp-0_New/nes3/nes/Debug/nes.elf
configparams force-mem-access 0
----------------End of Script----------------

13:56:53 INFO  : Context for processor 'ps7_cortexa9_0' is selected.
13:56:53 INFO  : 'con' command is executed.
13:56:53 INFO  : ----------------XSDB Script (After Launch)----------------
targets -set -nocase -filter {name =~ "*A9*#0"}
con
----------------End of Script----------------

13:56:53 INFO  : Launch script is exported to file 'C:\Users\diepw50\CPRE-488-Labs\Mp-0_New\nes3\.sdk\launch_scripts\single_application_debug\debugger_nes-default.tcl'
13:58:44 INFO  : Checking for BSP changes to sync application flags for project 'nes'...
13:58:47 INFO  : Disconnected from the channel tcfchan#26.
13:58:49 INFO  : Connected to target on host '127.0.0.1' and port '3121'.
13:58:50 INFO  : Jtag cable 'Digilent Zed 210248B18B1E' is selected.
13:58:50 INFO  : 'jtag frequency' command is executed.
13:58:50 INFO  : Context for 'APU' is selected.
13:58:50 INFO  : System reset is completed.
13:58:53 INFO  : 'after 3000' command is executed.
13:58:53 INFO  : 'targets -set -filter {jtag_cable_name =~ "Digilent Zed 210248B18B1E" && level==0 && jtag_device_ctx=="jsn-Zed-210248B18B1E-23727093-0"}' command is executed.
13:58:55 INFO  : FPGA configured successfully with bitstream "C:/Users/diepw50/CPRE-488-Labs/Mp-0_New/nes3/nes/_ide/bitstream/design_1_wrapper.bit"
13:58:55 INFO  : Context for 'APU' is selected.
13:58:55 INFO  : Hardware design and registers information is loaded from 'C:/Users/diepw50/CPRE-488-Labs/Mp-0_New/nes3/design_1_wrapper/export/design_1_wrapper/hw/design_1_wrapper.xsa'.
13:58:55 INFO  : 'configparams force-mem-access 1' command is executed.
13:58:55 INFO  : Context for 'APU' is selected.
13:58:55 INFO  : Sourcing of 'C:/Users/diepw50/CPRE-488-Labs/Mp-0_New/nes3/nes/_ide/psinit/ps7_init.tcl' is done.
13:58:55 INFO  : 'ps7_init' command is executed.
13:58:55 INFO  : 'ps7_post_config' command is executed.
13:58:55 INFO  : Context for processor 'ps7_cortexa9_0' is selected.
13:58:56 INFO  : The application 'C:/Users/diepw50/CPRE-488-Labs/Mp-0_New/nes3/nes/Debug/nes.elf' is downloaded to processor 'ps7_cortexa9_0'.
13:58:56 INFO  : 'configparams force-mem-access 0' command is executed.
13:58:56 INFO  : ----------------XSDB Script----------------
connect -url tcp:127.0.0.1:3121
targets -set -nocase -filter {name =~"APU*"}
rst -system
after 3000
targets -set -filter {jtag_cable_name =~ "Digilent Zed 210248B18B1E" && level==0 && jtag_device_ctx=="jsn-Zed-210248B18B1E-23727093-0"}
fpga -file C:/Users/diepw50/CPRE-488-Labs/Mp-0_New/nes3/nes/_ide/bitstream/design_1_wrapper.bit
targets -set -nocase -filter {name =~"APU*"}
loadhw -hw C:/Users/diepw50/CPRE-488-Labs/Mp-0_New/nes3/design_1_wrapper/export/design_1_wrapper/hw/design_1_wrapper.xsa -mem-ranges [list {0x40000000 0xbfffffff}] -regs
configparams force-mem-access 1
targets -set -nocase -filter {name =~"APU*"}
source C:/Users/diepw50/CPRE-488-Labs/Mp-0_New/nes3/nes/_ide/psinit/ps7_init.tcl
ps7_init
ps7_post_config
targets -set -nocase -filter {name =~ "*A9*#0"}
dow C:/Users/diepw50/CPRE-488-Labs/Mp-0_New/nes3/nes/Debug/nes.elf
configparams force-mem-access 0
----------------End of Script----------------

13:58:57 INFO  : Context for processor 'ps7_cortexa9_0' is selected.
13:58:57 INFO  : 'con' command is executed.
13:58:57 INFO  : ----------------XSDB Script (After Launch)----------------
targets -set -nocase -filter {name =~ "*A9*#0"}
con
----------------End of Script----------------

13:58:57 INFO  : Launch script is exported to file 'C:\Users\diepw50\CPRE-488-Labs\Mp-0_New\nes3\.sdk\launch_scripts\single_application_debug\debugger_nes-default.tcl'
13:59:48 INFO  : Disconnected from the channel tcfchan#27.
13:59:49 INFO  : Checking for BSP changes to sync application flags for project 'nes'...
13:59:52 INFO  : Connected to target on host '127.0.0.1' and port '3121'.
13:59:52 INFO  : Jtag cable 'Digilent Zed 210248B18B1E' is selected.
13:59:52 INFO  : 'jtag frequency' command is executed.
13:59:52 INFO  : Context for 'APU' is selected.
13:59:52 INFO  : System reset is completed.
13:59:55 INFO  : 'after 3000' command is executed.
13:59:55 INFO  : 'targets -set -filter {jtag_cable_name =~ "Digilent Zed 210248B18B1E" && level==0 && jtag_device_ctx=="jsn-Zed-210248B18B1E-23727093-0"}' command is executed.
13:59:57 INFO  : FPGA configured successfully with bitstream "C:/Users/diepw50/CPRE-488-Labs/Mp-0_New/nes3/nes/_ide/bitstream/design_1_wrapper.bit"
13:59:57 INFO  : Context for 'APU' is selected.
13:59:57 INFO  : Hardware design and registers information is loaded from 'C:/Users/diepw50/CPRE-488-Labs/Mp-0_New/nes3/design_1_wrapper/export/design_1_wrapper/hw/design_1_wrapper.xsa'.
13:59:57 INFO  : 'configparams force-mem-access 1' command is executed.
13:59:57 INFO  : Context for 'APU' is selected.
13:59:57 INFO  : Sourcing of 'C:/Users/diepw50/CPRE-488-Labs/Mp-0_New/nes3/nes/_ide/psinit/ps7_init.tcl' is done.
13:59:58 INFO  : 'ps7_init' command is executed.
13:59:58 INFO  : 'ps7_post_config' command is executed.
13:59:58 INFO  : Context for processor 'ps7_cortexa9_0' is selected.
13:59:59 INFO  : The application 'C:/Users/diepw50/CPRE-488-Labs/Mp-0_New/nes3/nes/Debug/nes.elf' is downloaded to processor 'ps7_cortexa9_0'.
13:59:59 INFO  : 'configparams force-mem-access 0' command is executed.
13:59:59 INFO  : ----------------XSDB Script----------------
connect -url tcp:127.0.0.1:3121
targets -set -nocase -filter {name =~"APU*"}
rst -system
after 3000
targets -set -filter {jtag_cable_name =~ "Digilent Zed 210248B18B1E" && level==0 && jtag_device_ctx=="jsn-Zed-210248B18B1E-23727093-0"}
fpga -file C:/Users/diepw50/CPRE-488-Labs/Mp-0_New/nes3/nes/_ide/bitstream/design_1_wrapper.bit
targets -set -nocase -filter {name =~"APU*"}
loadhw -hw C:/Users/diepw50/CPRE-488-Labs/Mp-0_New/nes3/design_1_wrapper/export/design_1_wrapper/hw/design_1_wrapper.xsa -mem-ranges [list {0x40000000 0xbfffffff}] -regs
configparams force-mem-access 1
targets -set -nocase -filter {name =~"APU*"}
source C:/Users/diepw50/CPRE-488-Labs/Mp-0_New/nes3/nes/_ide/psinit/ps7_init.tcl
ps7_init
ps7_post_config
targets -set -nocase -filter {name =~ "*A9*#0"}
dow C:/Users/diepw50/CPRE-488-Labs/Mp-0_New/nes3/nes/Debug/nes.elf
configparams force-mem-access 0
----------------End of Script----------------

13:59:59 INFO  : Context for processor 'ps7_cortexa9_0' is selected.
13:59:59 INFO  : 'con' command is executed.
13:59:59 INFO  : ----------------XSDB Script (After Launch)----------------
targets -set -nocase -filter {name =~ "*A9*#0"}
con
----------------End of Script----------------

13:59:59 INFO  : Launch script is exported to file 'C:\Users\diepw50\CPRE-488-Labs\Mp-0_New\nes3\.sdk\launch_scripts\single_application_debug\debugger_nes-default.tcl'
14:04:23 INFO  : Checking for BSP changes to sync application flags for project 'nes'...
14:04:28 INFO  : Disconnected from the channel tcfchan#28.
14:04:29 INFO  : Connected to target on host '127.0.0.1' and port '3121'.
14:04:29 INFO  : Jtag cable 'Digilent Zed 210248B18B1E' is selected.
14:04:29 INFO  : 'jtag frequency' command is executed.
14:04:29 INFO  : Context for 'APU' is selected.
14:04:29 INFO  : System reset is completed.
14:04:32 INFO  : 'after 3000' command is executed.
14:04:32 INFO  : 'targets -set -filter {jtag_cable_name =~ "Digilent Zed 210248B18B1E" && level==0 && jtag_device_ctx=="jsn-Zed-210248B18B1E-23727093-0"}' command is executed.
14:04:34 INFO  : FPGA configured successfully with bitstream "C:/Users/diepw50/CPRE-488-Labs/Mp-0_New/nes3/nes/_ide/bitstream/design_1_wrapper.bit"
14:04:34 INFO  : Context for 'APU' is selected.
14:04:34 INFO  : Hardware design and registers information is loaded from 'C:/Users/diepw50/CPRE-488-Labs/Mp-0_New/nes3/design_1_wrapper/export/design_1_wrapper/hw/design_1_wrapper.xsa'.
14:04:34 INFO  : 'configparams force-mem-access 1' command is executed.
14:04:34 INFO  : Context for 'APU' is selected.
14:04:34 INFO  : Sourcing of 'C:/Users/diepw50/CPRE-488-Labs/Mp-0_New/nes3/nes/_ide/psinit/ps7_init.tcl' is done.
14:04:34 INFO  : 'ps7_init' command is executed.
14:04:34 INFO  : 'ps7_post_config' command is executed.
14:04:34 INFO  : Context for processor 'ps7_cortexa9_0' is selected.
14:04:35 INFO  : The application 'C:/Users/diepw50/CPRE-488-Labs/Mp-0_New/nes3/nes/Debug/nes.elf' is downloaded to processor 'ps7_cortexa9_0'.
14:04:35 INFO  : 'configparams force-mem-access 0' command is executed.
14:04:35 INFO  : ----------------XSDB Script----------------
connect -url tcp:127.0.0.1:3121
targets -set -nocase -filter {name =~"APU*"}
rst -system
after 3000
targets -set -filter {jtag_cable_name =~ "Digilent Zed 210248B18B1E" && level==0 && jtag_device_ctx=="jsn-Zed-210248B18B1E-23727093-0"}
fpga -file C:/Users/diepw50/CPRE-488-Labs/Mp-0_New/nes3/nes/_ide/bitstream/design_1_wrapper.bit
targets -set -nocase -filter {name =~"APU*"}
loadhw -hw C:/Users/diepw50/CPRE-488-Labs/Mp-0_New/nes3/design_1_wrapper/export/design_1_wrapper/hw/design_1_wrapper.xsa -mem-ranges [list {0x40000000 0xbfffffff}] -regs
configparams force-mem-access 1
targets -set -nocase -filter {name =~"APU*"}
source C:/Users/diepw50/CPRE-488-Labs/Mp-0_New/nes3/nes/_ide/psinit/ps7_init.tcl
ps7_init
ps7_post_config
targets -set -nocase -filter {name =~ "*A9*#0"}
dow C:/Users/diepw50/CPRE-488-Labs/Mp-0_New/nes3/nes/Debug/nes.elf
configparams force-mem-access 0
----------------End of Script----------------

14:04:36 INFO  : Context for processor 'ps7_cortexa9_0' is selected.
14:04:36 INFO  : 'con' command is executed.
14:04:36 INFO  : ----------------XSDB Script (After Launch)----------------
targets -set -nocase -filter {name =~ "*A9*#0"}
con
----------------End of Script----------------

14:04:36 INFO  : Launch script is exported to file 'C:\Users\diepw50\CPRE-488-Labs\Mp-0_New\nes3\.sdk\launch_scripts\single_application_debug\debugger_nes-default.tcl'
14:05:00 INFO  : Disconnected from the channel tcfchan#29.
14:05:01 INFO  : Checking for BSP changes to sync application flags for project 'nes'...
14:05:03 INFO  : Connected to target on host '127.0.0.1' and port '3121'.
14:05:03 INFO  : Jtag cable 'Digilent Zed 210248B18B1E' is selected.
14:05:03 INFO  : 'jtag frequency' command is executed.
14:05:03 INFO  : Context for 'APU' is selected.
14:05:04 INFO  : System reset is completed.
14:05:07 INFO  : 'after 3000' command is executed.
14:05:07 INFO  : 'targets -set -filter {jtag_cable_name =~ "Digilent Zed 210248B18B1E" && level==0 && jtag_device_ctx=="jsn-Zed-210248B18B1E-23727093-0"}' command is executed.
14:05:09 INFO  : FPGA configured successfully with bitstream "C:/Users/diepw50/CPRE-488-Labs/Mp-0_New/nes3/nes/_ide/bitstream/design_1_wrapper.bit"
14:05:09 INFO  : Context for 'APU' is selected.
14:05:09 INFO  : Hardware design and registers information is loaded from 'C:/Users/diepw50/CPRE-488-Labs/Mp-0_New/nes3/design_1_wrapper/export/design_1_wrapper/hw/design_1_wrapper.xsa'.
14:05:09 INFO  : 'configparams force-mem-access 1' command is executed.
14:05:09 INFO  : Context for 'APU' is selected.
14:05:09 INFO  : Sourcing of 'C:/Users/diepw50/CPRE-488-Labs/Mp-0_New/nes3/nes/_ide/psinit/ps7_init.tcl' is done.
14:05:09 INFO  : 'ps7_init' command is executed.
14:05:09 INFO  : 'ps7_post_config' command is executed.
14:05:09 INFO  : Context for processor 'ps7_cortexa9_0' is selected.
14:05:10 INFO  : The application 'C:/Users/diepw50/CPRE-488-Labs/Mp-0_New/nes3/nes/Debug/nes.elf' is downloaded to processor 'ps7_cortexa9_0'.
14:05:10 INFO  : 'configparams force-mem-access 0' command is executed.
14:05:10 INFO  : ----------------XSDB Script----------------
connect -url tcp:127.0.0.1:3121
targets -set -nocase -filter {name =~"APU*"}
rst -system
after 3000
targets -set -filter {jtag_cable_name =~ "Digilent Zed 210248B18B1E" && level==0 && jtag_device_ctx=="jsn-Zed-210248B18B1E-23727093-0"}
fpga -file C:/Users/diepw50/CPRE-488-Labs/Mp-0_New/nes3/nes/_ide/bitstream/design_1_wrapper.bit
targets -set -nocase -filter {name =~"APU*"}
loadhw -hw C:/Users/diepw50/CPRE-488-Labs/Mp-0_New/nes3/design_1_wrapper/export/design_1_wrapper/hw/design_1_wrapper.xsa -mem-ranges [list {0x40000000 0xbfffffff}] -regs
configparams force-mem-access 1
targets -set -nocase -filter {name =~"APU*"}
source C:/Users/diepw50/CPRE-488-Labs/Mp-0_New/nes3/nes/_ide/psinit/ps7_init.tcl
ps7_init
ps7_post_config
targets -set -nocase -filter {name =~ "*A9*#0"}
dow C:/Users/diepw50/CPRE-488-Labs/Mp-0_New/nes3/nes/Debug/nes.elf
configparams force-mem-access 0
----------------End of Script----------------

14:05:10 INFO  : Context for processor 'ps7_cortexa9_0' is selected.
14:05:10 INFO  : 'con' command is executed.
14:05:10 INFO  : ----------------XSDB Script (After Launch)----------------
targets -set -nocase -filter {name =~ "*A9*#0"}
con
----------------End of Script----------------

14:05:10 INFO  : Launch script is exported to file 'C:\Users\diepw50\CPRE-488-Labs\Mp-0_New\nes3\.sdk\launch_scripts\single_application_debug\debugger_nes-default.tcl'
14:08:49 INFO  : Checking for BSP changes to sync application flags for project 'nes'...
14:08:54 INFO  : Disconnected from the channel tcfchan#30.
14:08:55 INFO  : Connected to target on host '127.0.0.1' and port '3121'.
14:08:55 INFO  : Jtag cable 'Digilent Zed 210248B18B1E' is selected.
14:08:55 INFO  : 'jtag frequency' command is executed.
14:08:55 INFO  : Context for 'APU' is selected.
14:08:55 INFO  : System reset is completed.
14:08:58 INFO  : 'after 3000' command is executed.
14:08:58 INFO  : 'targets -set -filter {jtag_cable_name =~ "Digilent Zed 210248B18B1E" && level==0 && jtag_device_ctx=="jsn-Zed-210248B18B1E-23727093-0"}' command is executed.
14:09:01 INFO  : FPGA configured successfully with bitstream "C:/Users/diepw50/CPRE-488-Labs/Mp-0_New/nes3/nes/_ide/bitstream/design_1_wrapper.bit"
14:09:01 INFO  : Context for 'APU' is selected.
14:09:01 INFO  : Hardware design and registers information is loaded from 'C:/Users/diepw50/CPRE-488-Labs/Mp-0_New/nes3/design_1_wrapper/export/design_1_wrapper/hw/design_1_wrapper.xsa'.
14:09:01 INFO  : 'configparams force-mem-access 1' command is executed.
14:09:01 INFO  : Context for 'APU' is selected.
14:09:01 INFO  : Sourcing of 'C:/Users/diepw50/CPRE-488-Labs/Mp-0_New/nes3/nes/_ide/psinit/ps7_init.tcl' is done.
14:09:01 INFO  : 'ps7_init' command is executed.
14:09:01 INFO  : 'ps7_post_config' command is executed.
14:09:01 INFO  : Context for processor 'ps7_cortexa9_0' is selected.
14:09:02 INFO  : The application 'C:/Users/diepw50/CPRE-488-Labs/Mp-0_New/nes3/nes/Debug/nes.elf' is downloaded to processor 'ps7_cortexa9_0'.
14:09:02 INFO  : 'configparams force-mem-access 0' command is executed.
14:09:02 INFO  : ----------------XSDB Script----------------
connect -url tcp:127.0.0.1:3121
targets -set -nocase -filter {name =~"APU*"}
rst -system
after 3000
targets -set -filter {jtag_cable_name =~ "Digilent Zed 210248B18B1E" && level==0 && jtag_device_ctx=="jsn-Zed-210248B18B1E-23727093-0"}
fpga -file C:/Users/diepw50/CPRE-488-Labs/Mp-0_New/nes3/nes/_ide/bitstream/design_1_wrapper.bit
targets -set -nocase -filter {name =~"APU*"}
loadhw -hw C:/Users/diepw50/CPRE-488-Labs/Mp-0_New/nes3/design_1_wrapper/export/design_1_wrapper/hw/design_1_wrapper.xsa -mem-ranges [list {0x40000000 0xbfffffff}] -regs
configparams force-mem-access 1
targets -set -nocase -filter {name =~"APU*"}
source C:/Users/diepw50/CPRE-488-Labs/Mp-0_New/nes3/nes/_ide/psinit/ps7_init.tcl
ps7_init
ps7_post_config
targets -set -nocase -filter {name =~ "*A9*#0"}
dow C:/Users/diepw50/CPRE-488-Labs/Mp-0_New/nes3/nes/Debug/nes.elf
configparams force-mem-access 0
----------------End of Script----------------

14:09:02 INFO  : Context for processor 'ps7_cortexa9_0' is selected.
14:09:02 INFO  : 'con' command is executed.
14:09:02 INFO  : ----------------XSDB Script (After Launch)----------------
targets -set -nocase -filter {name =~ "*A9*#0"}
con
----------------End of Script----------------

14:09:02 INFO  : Launch script is exported to file 'C:\Users\diepw50\CPRE-488-Labs\Mp-0_New\nes3\.sdk\launch_scripts\single_application_debug\debugger_nes-default.tcl'
14:17:33 INFO  : Disconnected from the channel tcfchan#31.
