16:05:30 **** Incremental Build of configuration Debug for project nes ****
make all 
make --no-print-directory pre-build
a9-linaro-pre-build-step
' '
make --no-print-directory main-build
'Building target: nes.elf'
'Invoking: ARM v7 gcc linker'
arm-none-eabi-gcc -mcpu=cortex-a9 -mfpu=vfpv3 -mfloat-abi=hard -Wl,-build-id=none -specs=Xilinx.spec -Wl,-T -Wl,../src/lscript.ld -LC:/Users/diepw50/CPRE-488-Labs/Mp-0_New/nes3/design_1_wrapper/export/design_1_wrapper/sw/design_1_wrapper/domain_ps7_cortexa9_0/bsplib/lib -o "nes.elf"  ./src/xilsd/ff.o ./src/xilsd/mmc.o ./src/xilsd/xilsd.o  ./src/NESCore/M6502.o ./src/NESCore/NESCore.o ./src/NESCore/NESCore_Mapper.o ./src/NESCore/NESCore_pAPU.o  ./src/NESCore_Callback.o ./src/bmp_misc.o ./src/nes_bootloader.o ./src/platform.o ./src/utils.o ./src/wav_misc.o   -Wl,--start-group,-lxil,-lgcc,-lc,--end-group
'Finished building target: nes.elf'
' '
'Invoking: ARM v7 Print Size'
arm-none-eabi-size nes.elf  |tee "nes.elf.size"
   text	   data	    bss	    dec	    hex	filename
 484819	   4676	5200864	5690359	 56d3f7	nes.elf
'Finished building: nes.elf.size'
' '

16:05:30 Build Finished (took 522ms)

