19:38:34 **** Build of configuration Debug for project VGATest2 ****
make all 
make --no-print-directory pre-build
a9-linaro-pre-build-step
' '
make --no-print-directory main-build
'Building file: ../src/platform.c'
'Invoking: ARM v7 gcc compiler'
arm-none-eabi-gcc -Wall -O0 -g3 -c -fmessage-length=0 -MT"src/platform.o" -mcpu=cortex-a9 -mfpu=vfpv3 -mfloat-abi=hard -IC:/Users/cihem/CPRE-488-Labs/MP-0/MP-0-vitis_VGA2/VGA2_design_1_wrapper/export/VGA2_design_1_wrapper/sw/VGA2_design_1_wrapper/domain_ps7_cortexa9_0/bspinclude/include -MMD -MP -MF"src/platform.d" -MT"src/platform.o" -o "src/platform.o" "../src/platform.c"
'Finished building: ../src/platform.c'
' '
'Building file: ../src/vga_test.c'
'Invoking: ARM v7 gcc compiler'
arm-none-eabi-gcc -Wall -O0 -g3 -c -fmessage-length=0 -MT"src/vga_test.o" -mcpu=cortex-a9 -mfpu=vfpv3 -mfloat-abi=hard -IC:/Users/cihem/CPRE-488-Labs/MP-0/MP-0-vitis_VGA2/VGA2_design_1_wrapper/export/VGA2_design_1_wrapper/sw/VGA2_design_1_wrapper/domain_ps7_cortexa9_0/bspinclude/include -MMD -MP -MF"src/vga_test.d" -MT"src/vga_test.o" -o "src/vga_test.o" "../src/vga_test.c"
'Finished building: ../src/vga_test.c'
' '
'Building target: VGATest2.elf'
'Invoking: ARM v7 gcc linker'
arm-none-eabi-gcc -mcpu=cortex-a9 -mfpu=vfpv3 -mfloat-abi=hard -Wl,-build-id=none -specs=Xilinx.spec -Wl,-T -Wl,../src/lscript.ld -LC:/Users/cihem/CPRE-488-Labs/MP-0/MP-0-vitis_VGA2/VGA2_design_1_wrapper/export/VGA2_design_1_wrapper/sw/VGA2_design_1_wrapper/domain_ps7_cortexa9_0/bsplib/lib -o "VGATest2.elf"  ./src/platform.o ./src/vga_test.o   -Wl,--start-group,-lxil,-lgcc,-lc,--end-group
'Finished building target: VGATest2.elf'
' '
'Invoking: ARM v7 Print Size'
arm-none-eabi-size VGATest2.elf  |tee "VGATest2.elf.size"
   text	   data	    bss	    dec	    hex	filename
  34408	   1152	 636984	 672544	  a4320	VGATest2.elf
'Finished building: VGATest2.elf.size'
' '

19:38:35 Build Finished (took 977ms)

