14:54:32 **** Incremental Build of configuration Debug for project PleaseWork ****
make all 
make --no-print-directory pre-build
a9-linaro-pre-build-step
' '
make --no-print-directory main-build
'Building file: ../src/vga_test.c'
'Invoking: ARM v7 gcc compiler'
arm-none-eabi-gcc -Wall -O0 -g3 -c -fmessage-length=0 -MT"src/vga_test.o" -mcpu=cortex-a9 -mfpu=vfpv3 -mfloat-abi=hard -IC:/Users/cihem/CPRE-488-Labs/Mp-0_New/Vitis1/design_1_wrapper/export/design_1_wrapper/sw/design_1_wrapper/domain_ps7_cortexa9_0/bspinclude/include -MMD -MP -MF"src/vga_test.d" -MT"src/vga_test.o" -o "src/vga_test.o" "../src/vga_test.c"
In file included from C:/Users/cihem/CPRE-488-Labs/Mp-0_New/Vitis1/design_1_wrapper/export/design_1_wrapper/sw/design_1_wrapper/domain_ps7_cortexa9_0/bspinclude/include/xaxivdma.h:293,
                 from ../src/vga_test.c:24:
../src/vga_test.c: In function 'main':
C:/Users/cihem/CPRE-488-Labs/Mp-0_New/Vitis1/design_1_wrapper/export/design_1_wrapper/sw/design_1_wrapper/domain_ps7_cortexa9_0/bspinclude/include/xaxivdma_hw.h:344:49: warning: passing argument 2 of 'Xil_Out32' makes integer from pointer without a cast [-Wint-conversion]
  344 |     XAxiVdma_Out32((BaseAddress) + (RegOffset), (Data))
      |                                                 ^~~~~~
      |                                                 |
      |                                                 u16 (*)[640] {aka short unsigned int (*)[640]}
../src/vga_test.c:76:5: note: in expansion of macro 'XAxiVdma_WriteReg'
   76 |     XAxiVdma_WriteReg(XPAR_AXI_VDMA_0_BASEADDR, XAXIVDMA_MM2S_ADDR_OFFSET + XAXIVDMA_START_ADDR_OFFSET, test_image);  // Read Channel: VDMA MM2S Frame buffer Start Addr 1
      |     ^~~~~~~~~~~~~~~~~
In file included from C:/Users/cihem/CPRE-488-Labs/Mp-0_New/Vitis1/design_1_wrapper/export/design_1_wrapper/sw/design_1_wrapper/domain_ps7_cortexa9_0/bspinclude/include/xvtc_hw.h:142,
                 from C:/Users/cihem/CPRE-488-Labs/Mp-0_New/Vitis1/design_1_wrapper/export/design_1_wrapper/sw/design_1_wrapper/domain_ps7_cortexa9_0/bspinclude/include/xvtc.h:290,
                 from ../src/vga_test.c:23:
C:/Users/cihem/CPRE-488-Labs/Mp-0_New/Vitis1/design_1_wrapper/export/design_1_wrapper/sw/design_1_wrapper/domain_ps7_cortexa9_0/bspinclude/include/xil_io.h:200:48: note: expected 'u32' {aka 'long unsigned int'} but argument is of type 'u16 (*)[640]' {aka 'short unsigned int (*)[640]'}
  200 | static INLINE void Xil_Out32(UINTPTR Addr, u32 Value)
      |                                            ~~~~^~~~~
../src/vga_test.c:72:15: warning: unused variable 'mm2s_cr' [-Wunused-variable]
   72 |     const u32 mm2s_cr = 0x00000003;
      |               ^~~~~~~
../src/vga_test.c:71:15: warning: unused variable 'start_addr' [-Wunused-variable]
   71 |     const u32 start_addr = test_image[0][0];
      |               ^~~~~~~~~~
../src/vga_test.c:70:15: warning: unused variable 'vsize_lines' [-Wunused-variable]
   70 |     const u32 vsize_lines = 480;
      |               ^~~~~~~~~~~
../src/vga_test.c:69:15: warning: unused variable 'hsize_bytes' [-Wunused-variable]
   69 |     const u32 hsize_bytes = 640 * 2;
      |               ^~~~~~~~~~~
../src/vga_test.c:68:15: warning: unused variable 'stride_bytes' [-Wunused-variable]
   68 |     const u32 stride_bytes = 640 * 2;
      |               ^~~~~~~~~~~~
'Finished building: ../src/vga_test.c'
' '
'Building target: PleaseWork.elf'
'Invoking: ARM v7 gcc linker'
arm-none-eabi-gcc -mcpu=cortex-a9 -mfpu=vfpv3 -mfloat-abi=hard -Wl,-build-id=none -specs=Xilinx.spec -Wl,-T -Wl,../src/lscript.ld -LC:/Users/cihem/CPRE-488-Labs/Mp-0_New/Vitis1/design_1_wrapper/export/design_1_wrapper/sw/design_1_wrapper/domain_ps7_cortexa9_0/bsplib/lib -o "PleaseWork.elf"  ./src/platform.o ./src/vga_test.o   -Wl,--start-group,-lxil,-lgcc,-lc,--end-group
'Finished building target: PleaseWork.elf'
' '
'Invoking: ARM v7 Print Size'
arm-none-eabi-size PleaseWork.elf  |tee "PleaseWork.elf.size"
   text	   data	    bss	    dec	    hex	filename
  34352	   1152	 636984	 672488	  a42e8	PleaseWork.elf
'Finished building: PleaseWork.elf.size'
' '

14:54:33 Build Finished (took 586ms)

