20:19:14 **** Incremental Build of configuration Debug for project NESEmulator ****
make all 
make --no-print-directory pre-build
a9-linaro-pre-build-step
' '
make --no-print-directory main-build
'Building file: ../src/nes_bootloader.c'
'Invoking: ARM v7 gcc compiler'
arm-none-eabi-gcc -Wall -O0 -g3 -IC:/Users/cihem/CPRE-488-Labs/Mp-0_New/Nes/design_1_wrapper/export/design_1_wrapper/sw/design_1_wrapper/domain_ps7_cortexa9_0/bspinclude/include -I"C:\Users\cihem\CPRE-488-Labs\Mp-0_New\Nes\NESEmulator\src\xilsd" -I"C:\Users\cihem\CPRE-488-Labs\Mp-0_New\Nes\NESEmulator\src" -I"C:\Users\cihem\CPRE-488-Labs\Mp-0_New\Nes\NESEmulator\src\NESCore" -c -fmessage-length=0 -MT"src/nes_bootloader.o" -mcpu=cortex-a9 -mfpu=vfpv3 -mfloat-abi=hard -IC:/Users/cihem/CPRE-488-Labs/Mp-0_New/Nes/design_1_wrapper/export/design_1_wrapper/sw/design_1_wrapper/domain_ps7_cortexa9_0/bspinclude/include -MMD -MP -MF"src/nes_bootloader.d" -MT"src/nes_bootloader.o" -o "src/nes_bootloader.o" "../src/nes_bootloader.c"
../src/nes_bootloader.c: In function 'nes_load':
../src/nes_bootloader.c:56:25: warning: pointer targets in passing argument 2 of 'nes_strncpy' differ in signedness [-Wpointer-sign]
   56 |  nes_strncpy(nes_fname, "zelda.nes", 10);
      |                         ^~~~~~~~~~~
      |                         |
      |                         char *
In file included from ../src/nes_bootloader.h:29,
                 from ../src/nes_bootloader.c:19:
../src/utils.h:24:10: note: expected 'uint8_t *' {aka 'unsigned char *'} but argument is of type 'char *'
   24 | uint8_t *nes_strncpy(uint8_t *dest, uint8_t *src, uint8_t n);
      |          ^~~~~~~~~~~
../src/nes_bootloader.c:66:27: warning: pointer targets in passing argument 1 of 'NESCore_LoadROM' differ in signedness [-Wpointer-sign]
   66 |  result = NESCore_LoadROM(nes_fname);
      |                           ^~~~~~~~~
      |                           |
      |                           uint8_t * {aka unsigned char *}
In file included from ../src/nes_bootloader.c:20:
C:\Users\cihem\CPRE-488-Labs\Mp-0_New\Nes\NESEmulator\src\NESCore/NESCore.h:298:33: note: expected 'const char *' but argument is of type 'uint8_t *' {aka 'unsigned char *'}
  298 | int NESCore_LoadROM(const char *fileName);
      |                     ~~~~~~~~~~~~^~~~~~~~
../src/nes_bootloader.c: In function 'xil_init':
../src/nes_bootloader.c:121:10: warning: unused variable 'Status' [-Wunused-variable]
  121 |  XStatus Status = XST_SUCCESS;
      |          ^~~~~~
'Finished building: ../src/nes_bootloader.c'
' '
'Building target: NESEmulator.elf'
'Invoking: ARM v7 gcc linker'
arm-none-eabi-gcc -mcpu=cortex-a9 -mfpu=vfpv3 -mfloat-abi=hard -Wl,-build-id=none -specs=Xilinx.spec -Wl,-T -Wl,../src/lscript.ld -LC:/Users/cihem/CPRE-488-Labs/Mp-0_New/Nes/design_1_wrapper/export/design_1_wrapper/sw/design_1_wrapper/domain_ps7_cortexa9_0/bsplib/lib -o "NESEmulator.elf"  ./src/xilsd/ff.o ./src/xilsd/mmc.o ./src/xilsd/xilsd.o  ./src/NESCore/M6502.o ./src/NESCore/NESCore.o ./src/NESCore/NESCore_Mapper.o ./src/NESCore/NESCore_pAPU.o  ./src/NESCore_Callback.o ./src/bmp_misc.o ./src/nes_bootloader.o ./src/utils.o ./src/wav_misc.o   -Wl,--start-group,-lxil,-lgcc,-lc,--end-group
'Finished building target: NESEmulator.elf'
' '
'Invoking: ARM v7 Print Size'
arm-none-eabi-size NESEmulator.elf  |tee "NESEmulator.elf.size"
   text	   data	    bss	    dec	    hex	filename
 480635	   4676	5069744	5555055	 54c36f	NESEmulator.elf
'Finished building: NESEmulator.elf.size'
' '

20:19:15 Build Finished (took 795ms)

