Nothing to build in platform 'VGA_design_1_wrapper'

13:56:14 **** Incremental Build of configuration Debug for project VGA-Shit-test1 ****
make all 
make --no-print-directory pre-build
a9-linaro-pre-build-step
' '
make --no-print-directory main-build
'Building file: ../src/vga_test.c'
'Invoking: ARM v7 gcc compiler'
arm-none-eabi-gcc -Wall -O0 -g3 -c -fmessage-length=0 -MT"src/vga_test.o" -mcpu=cortex-a9 -mfpu=vfpv3 -mfloat-abi=hard -IC:/Users/cihem/CPRE-488-Labs/MP-0/MP-0-vitis_VGA/VGA_design_1_wrapper/export/VGA_design_1_wrapper/sw/VGA_design_1_wrapper/domain_ps7_cortexa9_0/bspinclude/include -MMD -MP -MF"src/vga_test.d" -MT"src/vga_test.o" -o "src/vga_test.o" "../src/vga_test.c"
'Finished building: ../src/vga_test.c'
' '
'Building target: VGA-Shit-test1.elf'
'Invoking: ARM v7 gcc linker'
arm-none-eabi-gcc -mcpu=cortex-a9 -mfpu=vfpv3 -mfloat-abi=hard -Wl,-build-id=none -specs=Xilinx.spec -Wl,-T -Wl,../src/lscript.ld -LC:/Users/cihem/CPRE-488-Labs/MP-0/MP-0-vitis_VGA/VGA_design_1_wrapper/export/VGA_design_1_wrapper/sw/VGA_design_1_wrapper/domain_ps7_cortexa9_0/bsplib/lib -o "VGA-Shit-test1.elf"  ./src/platform.o ./src/vga_test.o   -Wl,--start-group,-lxil,-lgcc,-lc,--end-group
'Finished building target: VGA-Shit-test1.elf'
' '
'Invoking: ARM v7 Print Size'
arm-none-eabi-size VGA-Shit-test1.elf  |tee "VGA-Shit-test1.elf.size"
   text	   data	    bss	    dec	    hex	filename
  34408	   1152	 636984	 672544	  a4320	VGA-Shit-test1.elf
'Finished building: VGA-Shit-test1.elf.size'
' '
