18:46:27 **** Incremental Build of configuration Debug for project nes ****
make all 
make --no-print-directory pre-build
a9-linaro-pre-build-step
' '
make --no-print-directory main-build
'Building file: ../src/nes_bootloader.c'
'Invoking: ARM v7 gcc compiler'
arm-none-eabi-gcc -Wall -O0 -g3 -IC:/Users/cihem/CPRE-488-Labs/Mp-0_New/nes2/design_1_wrapper/export/design_1_wrapper/sw/design_1_wrapper/domain_ps7_cortexa9_0/bspinclude/include -I"C:\Users\cihem\CPRE-488-Labs\Mp-0_New\nes2\nes\src\xilsd" -I"C:\Users\cihem\CPRE-488-Labs\Mp-0_New\nes2\nes\src" -I"C:\Users\cihem\CPRE-488-Labs\Mp-0_New\nes2\nes\src\NESCore" -c -fmessage-length=0 -MT"src/nes_bootloader.o" -mcpu=cortex-a9 -mfpu=vfpv3 -mfloat-abi=hard -MMD -MP -MF"src/nes_bootloader.d" -MT"src/nes_bootloader.o" -o "src/nes_bootloader.o" "../src/nes_bootloader.c"
../src/nes_bootloader.c: In function 'nes_load':
../src/nes_bootloader.c:158:27: warning: pointer targets in passing argument 1 of 'NESCore_LoadROM' differ in signedness [-Wpointer-sign]
  158 |  result = NESCore_LoadROM(nes_fname);
      |                           ^~~~~~~~~
      |                           |
      |                           uint8_t * {aka unsigned char *}
In file included from ../src/nes_bootloader.c:20:
C:\Users\cihem\CPRE-488-Labs\Mp-0_New\nes2\nes\src\NESCore/NESCore.h:298:33: note: expected 'const char *' but argument is of type 'uint8_t *' {aka 'unsigned char *'}
  298 | int NESCore_LoadROM(const char *fileName);
      |                     ~~~~~~~~~~~~^~~~~~~~
../src/nes_bootloader.c: In function 'xil_init':
../src/nes_bootloader.c:213:10: warning: unused variable 'Status' [-Wunused-variable]
  213 |  XStatus Status = XST_SUCCESS;
      |          ^~~~~~
'Finished building: ../src/nes_bootloader.c'
' '
'Building target: nes.elf'
'Invoking: ARM v7 gcc linker'
arm-none-eabi-gcc -mcpu=cortex-a9 -mfpu=vfpv3 -mfloat-abi=hard -Wl,-build-id=none -specs=Xilinx.spec -Wl,-T -Wl,../src/lscript.ld -LC:/Users/cihem/CPRE-488-Labs/Mp-0_New/nes2/design_1_wrapper/export/design_1_wrapper/sw/design_1_wrapper/domain_ps7_cortexa9_0/bsplib/lib -o "nes.elf"  ./src/xilsd/ff.o ./src/xilsd/mmc.o ./src/xilsd/xilsd.o  ./src/NESCore/M6502.o ./src/NESCore/NESCore.o ./src/NESCore/NESCore_Mapper.o ./src/NESCore/NESCore_pAPU.o  ./src/NESCore_Callback.o ./src/bmp_misc.o ./src/nes_bootloader.o ./src/platform.o ./src/utils.o ./src/wav_misc.o   -Wl,--start-group,-lxil,-lgcc,-lc,--end-group
'Finished building target: nes.elf'
' '
'Invoking: ARM v7 Print Size'
arm-none-eabi-size nes.elf  |tee "nes.elf.size"
   text	   data	    bss	    dec	    hex	filename
 482163	   4676	5069744	5556583	 54c967	nes.elf
'Finished building: nes.elf.size'
' '

18:46:28 Build Finished (took 855ms)

