17:11:38 INFO  : Launching XSCT server: xsct.bat -n  -interactive C:\Users\cihem\CPRE-488-Labs\MP-2\sw\temp_xsdb_launch_script.tcl
17:11:38 INFO  : Registering command handlers for Vitis TCF services
17:11:39 INFO  : Platform repository initialization has completed.
17:11:40 INFO  : XSCT server has started successfully.
17:11:40 INFO  : plnx-install-location is set to ''
17:11:40 INFO  : Successfully done setting XSCT server connection channel  
17:11:40 INFO  : Successfully done query RDI_DATADIR 
17:11:40 INFO  : Successfully done setting workspace for the tool. 
17:13:26 INFO  : Result from executing command 'getProjects': TPG
17:13:26 INFO  : Result from executing command 'getPlatforms': 
17:20:56 INFO  : Result from executing command 'getProjects': TPG
17:20:56 INFO  : Result from executing command 'getPlatforms': TPG|C:/Users/cihem/CPRE-488-Labs/MP-2/sw/TPG/export/TPG/TPG.xpfm
17:20:56 INFO  : Checking for BSP changes to sync application flags for project 'MP2-TPG'...
17:22:41 INFO  : Checking for BSP changes to sync application flags for project 'MP2-TPG'...
17:23:14 INFO  : Connected to target on host '127.0.0.1' and port '3121'.
17:23:14 INFO  : 'targets -set -filter {jtag_cable_name =~ "Digilent Zed 210248525658" && level==0 && jtag_device_ctx=="jsn-Zed-210248525658-23727093-0"}' command is executed.
17:23:16 INFO  : FPGA configured successfully with bitstream "C:/Users/cihem/CPRE-488-Labs/MP-2/sw/TPG/bitstream/system_wrapper.bit"
17:23:46 INFO  : Connected to target on host '127.0.0.1' and port '3121'.
17:23:46 INFO  : Jtag cable 'Digilent Zed 210248525658' is selected.
17:23:46 INFO  : 'jtag frequency' command is executed.
17:23:46 INFO  : Context for 'APU' is selected.
17:23:46 INFO  : System reset is completed.
17:23:49 INFO  : 'after 3000' command is executed.
17:23:49 INFO  : 'targets -set -filter {jtag_cable_name =~ "Digilent Zed 210248525658" && level==0 && jtag_device_ctx=="jsn-Zed-210248525658-23727093-0"}' command is executed.
17:23:52 INFO  : FPGA configured successfully with bitstream "C:/Users/cihem/CPRE-488-Labs/MP-2/sw/MP2-TPG/_ide/bitstream/system_wrapper.bit"
17:23:52 INFO  : Context for 'APU' is selected.
17:23:52 INFO  : Hardware design and registers information is loaded from 'C:/Users/cihem/CPRE-488-Labs/MP-2/sw/TPG/export/TPG/hw/system_wrapper.xsa'.
17:23:52 INFO  : 'configparams force-mem-access 1' command is executed.
17:23:52 INFO  : Context for 'APU' is selected.
17:23:52 INFO  : Sourcing of 'C:/Users/cihem/CPRE-488-Labs/MP-2/sw/MP2-TPG/_ide/psinit/ps7_init.tcl' is done.
17:23:52 INFO  : 'ps7_init' command is executed.
17:23:52 INFO  : 'ps7_post_config' command is executed.
17:23:52 INFO  : 'configparams force-mem-access 0' command is executed.
17:23:52 INFO  : ----------------XSDB Script----------------
connect -url tcp:127.0.0.1:3121
targets -set -nocase -filter {name =~"APU*"}
rst -system
after 3000
targets -set -filter {jtag_cable_name =~ "Digilent Zed 210248525658" && level==0 && jtag_device_ctx=="jsn-Zed-210248525658-23727093-0"}
fpga -file C:/Users/cihem/CPRE-488-Labs/MP-2/sw/MP2-TPG/_ide/bitstream/system_wrapper.bit
targets -set -nocase -filter {name =~"APU*"}
loadhw -hw C:/Users/cihem/CPRE-488-Labs/MP-2/sw/TPG/export/TPG/hw/system_wrapper.xsa -mem-ranges [list {0x40000000 0xbfffffff}] -regs
configparams force-mem-access 1
targets -set -nocase -filter {name =~"APU*"}
source C:/Users/cihem/CPRE-488-Labs/MP-2/sw/MP2-TPG/_ide/psinit/ps7_init.tcl
ps7_init
ps7_post_config
configparams force-mem-access 0
----------------End of Script----------------

17:23:52 INFO  : Launch script is exported to file 'C:\Users\cihem\CPRE-488-Labs\MP-2\sw\.sdk\launch_scripts\single_application_debug\debugger_mp2-tpg-default.tcl'
17:27:11 INFO  : Checking for BSP changes to sync application flags for project 'MP2-TPG'...
17:27:18 INFO  : Checking for BSP changes to sync application flags for project 'MP2-TPG'...
17:27:55 INFO  : Disconnected from the channel tcfchan#5.
17:28:04 INFO  : Connected to target on host '127.0.0.1' and port '3121'.
17:28:04 INFO  : Jtag cable 'Digilent Zed 210248525658' is selected.
17:28:04 INFO  : 'jtag frequency' command is executed.
17:28:04 INFO  : Context for 'APU' is selected.
17:28:04 INFO  : System reset is completed.
17:28:07 INFO  : 'after 3000' command is executed.
17:28:07 INFO  : 'targets -set -filter {jtag_cable_name =~ "Digilent Zed 210248525658" && level==0 && jtag_device_ctx=="jsn-Zed-210248525658-23727093-0"}' command is executed.
17:28:10 INFO  : FPGA configured successfully with bitstream "C:/Users/cihem/CPRE-488-Labs/MP-2/sw/MP2-TPG/_ide/bitstream/system_wrapper.bit"
17:28:10 INFO  : Context for 'APU' is selected.
17:28:10 INFO  : Hardware design and registers information is loaded from 'C:/Users/cihem/CPRE-488-Labs/MP-2/sw/TPG/export/TPG/hw/system_wrapper.xsa'.
17:28:10 INFO  : 'configparams force-mem-access 1' command is executed.
17:28:10 INFO  : Context for 'APU' is selected.
17:28:10 INFO  : Sourcing of 'C:/Users/cihem/CPRE-488-Labs/MP-2/sw/MP2-TPG/_ide/psinit/ps7_init.tcl' is done.
17:28:10 INFO  : 'ps7_init' command is executed.
17:28:10 INFO  : 'ps7_post_config' command is executed.
17:28:10 INFO  : Context for processor 'ps7_cortexa9_0' is selected.
17:28:11 INFO  : The application 'C:/Users/cihem/CPRE-488-Labs/MP-2/sw/MP2-TPG/Debug/MP2-TPG.elf' is downloaded to processor 'ps7_cortexa9_0'.
17:28:11 INFO  : 'configparams force-mem-access 0' command is executed.
17:28:11 INFO  : ----------------XSDB Script----------------
connect -url tcp:127.0.0.1:3121
targets -set -nocase -filter {name =~"APU*"}
rst -system
after 3000
targets -set -filter {jtag_cable_name =~ "Digilent Zed 210248525658" && level==0 && jtag_device_ctx=="jsn-Zed-210248525658-23727093-0"}
fpga -file C:/Users/cihem/CPRE-488-Labs/MP-2/sw/MP2-TPG/_ide/bitstream/system_wrapper.bit
targets -set -nocase -filter {name =~"APU*"}
loadhw -hw C:/Users/cihem/CPRE-488-Labs/MP-2/sw/TPG/export/TPG/hw/system_wrapper.xsa -mem-ranges [list {0x40000000 0xbfffffff}] -regs
configparams force-mem-access 1
targets -set -nocase -filter {name =~"APU*"}
source C:/Users/cihem/CPRE-488-Labs/MP-2/sw/MP2-TPG/_ide/psinit/ps7_init.tcl
ps7_init
ps7_post_config
targets -set -nocase -filter {name =~ "*A9*#0"}
dow C:/Users/cihem/CPRE-488-Labs/MP-2/sw/MP2-TPG/Debug/MP2-TPG.elf
configparams force-mem-access 0
----------------End of Script----------------

17:28:11 INFO  : Context for processor 'ps7_cortexa9_0' is selected.
17:28:11 INFO  : 'con' command is executed.
17:28:11 INFO  : ----------------XSDB Script (After Launch)----------------
targets -set -nocase -filter {name =~ "*A9*#0"}
con
----------------End of Script----------------

17:28:11 INFO  : Launch script is exported to file 'C:\Users\cihem\CPRE-488-Labs\MP-2\sw\.sdk\launch_scripts\single_application_debug\debugger_mp2-tpg-default.tcl'
17:31:35 INFO  : Disconnected from the channel tcfchan#7.
17:31:36 INFO  : Connected to target on host '127.0.0.1' and port '3121'.
17:31:36 INFO  : Jtag cable 'Digilent Zed 210248525658' is selected.
17:31:36 INFO  : 'jtag frequency' command is executed.
17:31:39 INFO  : Context for 'APU' is selected.
17:31:39 INFO  : System reset is completed.
17:31:42 INFO  : 'after 3000' command is executed.
17:31:42 INFO  : 'targets -set -filter {jtag_cable_name =~ "Digilent Zed 210248525658" && level==0 && jtag_device_ctx=="jsn-Zed-210248525658-23727093-0"}' command is executed.
17:31:44 INFO  : FPGA configured successfully with bitstream "C:/Users/cihem/CPRE-488-Labs/MP-2/sw/MP2-TPG/_ide/bitstream/system_wrapper.bit"
17:31:44 INFO  : Context for 'APU' is selected.
17:31:44 INFO  : Hardware design and registers information is loaded from 'C:/Users/cihem/CPRE-488-Labs/MP-2/sw/TPG/export/TPG/hw/system_wrapper.xsa'.
17:31:44 INFO  : 'configparams force-mem-access 1' command is executed.
17:31:44 INFO  : Context for 'APU' is selected.
17:31:44 INFO  : Sourcing of 'C:/Users/cihem/CPRE-488-Labs/MP-2/sw/MP2-TPG/_ide/psinit/ps7_init.tcl' is done.
17:31:44 INFO  : 'ps7_init' command is executed.
17:31:44 INFO  : 'ps7_post_config' command is executed.
17:31:44 INFO  : Context for processor 'ps7_cortexa9_0' is selected.
17:31:45 INFO  : The application 'C:/Users/cihem/CPRE-488-Labs/MP-2/sw/MP2-TPG/Debug/MP2-TPG.elf' is downloaded to processor 'ps7_cortexa9_0'.
17:31:45 INFO  : 'configparams force-mem-access 0' command is executed.
17:31:45 INFO  : ----------------XSDB Script----------------
connect -url tcp:127.0.0.1:3121
targets -set -nocase -filter {name =~"APU*"}
rst -system
after 3000
targets -set -filter {jtag_cable_name =~ "Digilent Zed 210248525658" && level==0 && jtag_device_ctx=="jsn-Zed-210248525658-23727093-0"}
fpga -file C:/Users/cihem/CPRE-488-Labs/MP-2/sw/MP2-TPG/_ide/bitstream/system_wrapper.bit
targets -set -nocase -filter {name =~"APU*"}
loadhw -hw C:/Users/cihem/CPRE-488-Labs/MP-2/sw/TPG/export/TPG/hw/system_wrapper.xsa -mem-ranges [list {0x40000000 0xbfffffff}] -regs
configparams force-mem-access 1
targets -set -nocase -filter {name =~"APU*"}
source C:/Users/cihem/CPRE-488-Labs/MP-2/sw/MP2-TPG/_ide/psinit/ps7_init.tcl
ps7_init
ps7_post_config
targets -set -nocase -filter {name =~ "*A9*#0"}
dow C:/Users/cihem/CPRE-488-Labs/MP-2/sw/MP2-TPG/Debug/MP2-TPG.elf
configparams force-mem-access 0
----------------End of Script----------------

17:31:45 INFO  : Context for processor 'ps7_cortexa9_0' is selected.
17:31:46 INFO  : 'con' command is executed.
17:31:46 INFO  : ----------------XSDB Script (After Launch)----------------
targets -set -nocase -filter {name =~ "*A9*#0"}
con
----------------End of Script----------------

17:31:46 INFO  : Launch script is exported to file 'C:\Users\cihem\CPRE-488-Labs\MP-2\sw\.sdk\launch_scripts\single_application_debug\debugger_mp2-tpg-default.tcl'
17:33:44 INFO  : Disconnected from the channel tcfchan#8.
17:33:46 INFO  : Connected to target on host '127.0.0.1' and port '3121'.
17:33:47 INFO  : Jtag cable 'Digilent Zed 210248525658' is selected.
17:33:47 INFO  : 'jtag frequency' command is executed.
17:33:47 INFO  : Context for 'APU' is selected.
17:33:47 INFO  : System reset is completed.
17:33:50 INFO  : 'after 3000' command is executed.
17:33:50 INFO  : 'targets -set -filter {jtag_cable_name =~ "Digilent Zed 210248525658" && level==0 && jtag_device_ctx=="jsn-Zed-210248525658-23727093-0"}' command is executed.
17:33:52 INFO  : FPGA configured successfully with bitstream "C:/Users/cihem/CPRE-488-Labs/MP-2/sw/MP2-TPG/_ide/bitstream/system_wrapper.bit"
17:33:52 INFO  : Context for 'APU' is selected.
17:33:52 INFO  : Hardware design and registers information is loaded from 'C:/Users/cihem/CPRE-488-Labs/MP-2/sw/TPG/export/TPG/hw/system_wrapper.xsa'.
17:33:52 INFO  : 'configparams force-mem-access 1' command is executed.
17:33:52 INFO  : Context for 'APU' is selected.
17:33:52 INFO  : Sourcing of 'C:/Users/cihem/CPRE-488-Labs/MP-2/sw/MP2-TPG/_ide/psinit/ps7_init.tcl' is done.
17:33:52 INFO  : 'ps7_init' command is executed.
17:33:52 INFO  : 'ps7_post_config' command is executed.
17:33:52 INFO  : Context for processor 'ps7_cortexa9_0' is selected.
17:33:53 INFO  : The application 'C:/Users/cihem/CPRE-488-Labs/MP-2/sw/MP2-TPG/Debug/MP2-TPG.elf' is downloaded to processor 'ps7_cortexa9_0'.
17:33:53 INFO  : 'configparams force-mem-access 0' command is executed.
17:33:53 INFO  : ----------------XSDB Script----------------
connect -url tcp:127.0.0.1:3121
targets -set -nocase -filter {name =~"APU*"}
rst -system
after 3000
targets -set -filter {jtag_cable_name =~ "Digilent Zed 210248525658" && level==0 && jtag_device_ctx=="jsn-Zed-210248525658-23727093-0"}
fpga -file C:/Users/cihem/CPRE-488-Labs/MP-2/sw/MP2-TPG/_ide/bitstream/system_wrapper.bit
targets -set -nocase -filter {name =~"APU*"}
loadhw -hw C:/Users/cihem/CPRE-488-Labs/MP-2/sw/TPG/export/TPG/hw/system_wrapper.xsa -mem-ranges [list {0x40000000 0xbfffffff}] -regs
configparams force-mem-access 1
targets -set -nocase -filter {name =~"APU*"}
source C:/Users/cihem/CPRE-488-Labs/MP-2/sw/MP2-TPG/_ide/psinit/ps7_init.tcl
ps7_init
ps7_post_config
targets -set -nocase -filter {name =~ "*A9*#0"}
dow C:/Users/cihem/CPRE-488-Labs/MP-2/sw/MP2-TPG/Debug/MP2-TPG.elf
configparams force-mem-access 0
----------------End of Script----------------

17:33:53 INFO  : Context for processor 'ps7_cortexa9_0' is selected.
17:33:53 INFO  : 'con' command is executed.
17:33:53 INFO  : ----------------XSDB Script (After Launch)----------------
targets -set -nocase -filter {name =~ "*A9*#0"}
con
----------------End of Script----------------

17:33:53 INFO  : Launch script is exported to file 'C:\Users\cihem\CPRE-488-Labs\MP-2\sw\.sdk\launch_scripts\single_application_debug\debugger_mp2-tpg-default.tcl'
17:35:58 INFO  : Checking for BSP changes to sync application flags for project 'MP2-TPG'...
17:36:02 INFO  : Disconnected from the channel tcfchan#9.
17:36:03 INFO  : Connected to target on host '127.0.0.1' and port '3121'.
17:36:03 INFO  : Jtag cable 'Digilent Zed 210248525658' is selected.
17:36:03 INFO  : 'jtag frequency' command is executed.
17:36:03 INFO  : Context for 'APU' is selected.
17:36:03 INFO  : System reset is completed.
17:36:06 INFO  : 'after 3000' command is executed.
17:36:06 INFO  : 'targets -set -filter {jtag_cable_name =~ "Digilent Zed 210248525658" && level==0 && jtag_device_ctx=="jsn-Zed-210248525658-23727093-0"}' command is executed.
17:36:08 INFO  : FPGA configured successfully with bitstream "C:/Users/cihem/CPRE-488-Labs/MP-2/sw/MP2-TPG/_ide/bitstream/system_wrapper.bit"
17:36:08 INFO  : Context for 'APU' is selected.
17:36:08 INFO  : Hardware design and registers information is loaded from 'C:/Users/cihem/CPRE-488-Labs/MP-2/sw/TPG/export/TPG/hw/system_wrapper.xsa'.
17:36:08 INFO  : 'configparams force-mem-access 1' command is executed.
17:36:08 INFO  : Context for 'APU' is selected.
17:36:08 INFO  : Sourcing of 'C:/Users/cihem/CPRE-488-Labs/MP-2/sw/MP2-TPG/_ide/psinit/ps7_init.tcl' is done.
17:36:08 INFO  : 'ps7_init' command is executed.
17:36:09 INFO  : 'ps7_post_config' command is executed.
17:36:09 INFO  : Context for processor 'ps7_cortexa9_0' is selected.
17:36:10 INFO  : The application 'C:/Users/cihem/CPRE-488-Labs/MP-2/sw/MP2-TPG/Debug/MP2-TPG.elf' is downloaded to processor 'ps7_cortexa9_0'.
17:36:10 INFO  : 'configparams force-mem-access 0' command is executed.
17:36:10 INFO  : ----------------XSDB Script----------------
connect -url tcp:127.0.0.1:3121
targets -set -nocase -filter {name =~"APU*"}
rst -system
after 3000
targets -set -filter {jtag_cable_name =~ "Digilent Zed 210248525658" && level==0 && jtag_device_ctx=="jsn-Zed-210248525658-23727093-0"}
fpga -file C:/Users/cihem/CPRE-488-Labs/MP-2/sw/MP2-TPG/_ide/bitstream/system_wrapper.bit
targets -set -nocase -filter {name =~"APU*"}
loadhw -hw C:/Users/cihem/CPRE-488-Labs/MP-2/sw/TPG/export/TPG/hw/system_wrapper.xsa -mem-ranges [list {0x40000000 0xbfffffff}] -regs
configparams force-mem-access 1
targets -set -nocase -filter {name =~"APU*"}
source C:/Users/cihem/CPRE-488-Labs/MP-2/sw/MP2-TPG/_ide/psinit/ps7_init.tcl
ps7_init
ps7_post_config
targets -set -nocase -filter {name =~ "*A9*#0"}
dow C:/Users/cihem/CPRE-488-Labs/MP-2/sw/MP2-TPG/Debug/MP2-TPG.elf
configparams force-mem-access 0
----------------End of Script----------------

17:36:10 INFO  : Context for processor 'ps7_cortexa9_0' is selected.
17:36:10 INFO  : 'con' command is executed.
17:36:10 INFO  : ----------------XSDB Script (After Launch)----------------
targets -set -nocase -filter {name =~ "*A9*#0"}
con
----------------End of Script----------------

17:36:10 INFO  : Launch script is exported to file 'C:\Users\cihem\CPRE-488-Labs\MP-2\sw\.sdk\launch_scripts\single_application_debug\debugger_mp2-tpg-default.tcl'
17:37:27 INFO  : Disconnected from the channel tcfchan#10.
17:37:33 INFO  : Connected to target on host '127.0.0.1' and port '3121'.
17:37:34 INFO  : Jtag cable 'Digilent Zed 210248525658' is selected.
17:37:34 INFO  : 'jtag frequency' command is executed.
17:37:34 INFO  : Context for 'APU' is selected.
17:37:34 INFO  : System reset is completed.
17:37:37 INFO  : 'after 3000' command is executed.
17:37:37 INFO  : 'targets -set -filter {jtag_cable_name =~ "Digilent Zed 210248525658" && level==0 && jtag_device_ctx=="jsn-Zed-210248525658-23727093-0"}' command is executed.
17:37:39 INFO  : FPGA configured successfully with bitstream "C:/Users/cihem/CPRE-488-Labs/MP-2/sw/MP2-TPG/_ide/bitstream/system_wrapper.bit"
17:37:39 INFO  : Context for 'APU' is selected.
17:37:39 INFO  : Hardware design and registers information is loaded from 'C:/Users/cihem/CPRE-488-Labs/MP-2/sw/TPG/export/TPG/hw/system_wrapper.xsa'.
17:37:39 INFO  : 'configparams force-mem-access 1' command is executed.
17:37:39 INFO  : Context for 'APU' is selected.
17:37:39 INFO  : Sourcing of 'C:/Users/cihem/CPRE-488-Labs/MP-2/sw/MP2-TPG/_ide/psinit/ps7_init.tcl' is done.
17:37:39 INFO  : 'ps7_init' command is executed.
17:37:39 INFO  : 'ps7_post_config' command is executed.
17:37:39 INFO  : Context for processor 'ps7_cortexa9_0' is selected.
17:37:40 INFO  : The application 'C:/Users/cihem/CPRE-488-Labs/MP-2/sw/MP2-TPG/Debug/MP2-TPG.elf' is downloaded to processor 'ps7_cortexa9_0'.
17:37:40 INFO  : 'configparams force-mem-access 0' command is executed.
17:37:40 INFO  : ----------------XSDB Script----------------
connect -url tcp:127.0.0.1:3121
targets -set -nocase -filter {name =~"APU*"}
rst -system
after 3000
targets -set -filter {jtag_cable_name =~ "Digilent Zed 210248525658" && level==0 && jtag_device_ctx=="jsn-Zed-210248525658-23727093-0"}
fpga -file C:/Users/cihem/CPRE-488-Labs/MP-2/sw/MP2-TPG/_ide/bitstream/system_wrapper.bit
targets -set -nocase -filter {name =~"APU*"}
loadhw -hw C:/Users/cihem/CPRE-488-Labs/MP-2/sw/TPG/export/TPG/hw/system_wrapper.xsa -mem-ranges [list {0x40000000 0xbfffffff}] -regs
configparams force-mem-access 1
targets -set -nocase -filter {name =~"APU*"}
source C:/Users/cihem/CPRE-488-Labs/MP-2/sw/MP2-TPG/_ide/psinit/ps7_init.tcl
ps7_init
ps7_post_config
targets -set -nocase -filter {name =~ "*A9*#0"}
dow C:/Users/cihem/CPRE-488-Labs/MP-2/sw/MP2-TPG/Debug/MP2-TPG.elf
configparams force-mem-access 0
----------------End of Script----------------

17:37:41 INFO  : Context for processor 'ps7_cortexa9_0' is selected.
17:37:41 INFO  : 'con' command is executed.
17:37:41 INFO  : ----------------XSDB Script (After Launch)----------------
targets -set -nocase -filter {name =~ "*A9*#0"}
con
----------------End of Script----------------

17:37:41 INFO  : Launch script is exported to file 'C:\Users\cihem\CPRE-488-Labs\MP-2\sw\.sdk\launch_scripts\single_application_debug\debugger_mp2-tpg-default.tcl'
17:40:33 INFO  : Disconnected from the channel tcfchan#11.
17:40:34 INFO  : Checking for BSP changes to sync application flags for project 'MP2-TPG'...
17:40:37 INFO  : Connected to target on host '127.0.0.1' and port '3121'.
17:40:38 INFO  : Jtag cable 'Digilent Zed 210248525658' is selected.
17:40:38 INFO  : 'jtag frequency' command is executed.
17:40:38 INFO  : Context for 'APU' is selected.
17:40:38 INFO  : System reset is completed.
17:40:41 INFO  : 'after 3000' command is executed.
17:40:41 INFO  : 'targets -set -filter {jtag_cable_name =~ "Digilent Zed 210248525658" && level==0 && jtag_device_ctx=="jsn-Zed-210248525658-23727093-0"}' command is executed.
17:40:43 INFO  : FPGA configured successfully with bitstream "C:/Users/cihem/CPRE-488-Labs/MP-2/sw/MP2-TPG/_ide/bitstream/system_wrapper.bit"
17:40:43 INFO  : Context for 'APU' is selected.
17:40:43 INFO  : Hardware design and registers information is loaded from 'C:/Users/cihem/CPRE-488-Labs/MP-2/sw/TPG/export/TPG/hw/system_wrapper.xsa'.
17:40:43 INFO  : 'configparams force-mem-access 1' command is executed.
17:40:43 INFO  : Context for 'APU' is selected.
17:40:43 INFO  : Sourcing of 'C:/Users/cihem/CPRE-488-Labs/MP-2/sw/MP2-TPG/_ide/psinit/ps7_init.tcl' is done.
17:40:43 INFO  : 'ps7_init' command is executed.
17:40:43 INFO  : 'ps7_post_config' command is executed.
17:40:43 INFO  : Context for processor 'ps7_cortexa9_0' is selected.
17:40:44 INFO  : The application 'C:/Users/cihem/CPRE-488-Labs/MP-2/sw/MP2-TPG/Debug/MP2-TPG.elf' is downloaded to processor 'ps7_cortexa9_0'.
17:40:44 INFO  : 'configparams force-mem-access 0' command is executed.
17:40:44 INFO  : ----------------XSDB Script----------------
connect -url tcp:127.0.0.1:3121
targets -set -nocase -filter {name =~"APU*"}
rst -system
after 3000
targets -set -filter {jtag_cable_name =~ "Digilent Zed 210248525658" && level==0 && jtag_device_ctx=="jsn-Zed-210248525658-23727093-0"}
fpga -file C:/Users/cihem/CPRE-488-Labs/MP-2/sw/MP2-TPG/_ide/bitstream/system_wrapper.bit
targets -set -nocase -filter {name =~"APU*"}
loadhw -hw C:/Users/cihem/CPRE-488-Labs/MP-2/sw/TPG/export/TPG/hw/system_wrapper.xsa -mem-ranges [list {0x40000000 0xbfffffff}] -regs
configparams force-mem-access 1
targets -set -nocase -filter {name =~"APU*"}
source C:/Users/cihem/CPRE-488-Labs/MP-2/sw/MP2-TPG/_ide/psinit/ps7_init.tcl
ps7_init
ps7_post_config
targets -set -nocase -filter {name =~ "*A9*#0"}
dow C:/Users/cihem/CPRE-488-Labs/MP-2/sw/MP2-TPG/Debug/MP2-TPG.elf
configparams force-mem-access 0
----------------End of Script----------------

17:40:44 INFO  : Context for processor 'ps7_cortexa9_0' is selected.
17:40:44 INFO  : 'con' command is executed.
17:40:44 INFO  : ----------------XSDB Script (After Launch)----------------
targets -set -nocase -filter {name =~ "*A9*#0"}
con
----------------End of Script----------------

17:40:44 INFO  : Launch script is exported to file 'C:\Users\cihem\CPRE-488-Labs\MP-2\sw\.sdk\launch_scripts\single_application_debug\debugger_mp2-tpg-default.tcl'
17:41:16 INFO  : Disconnected from the channel tcfchan#12.
17:41:16 INFO  : Connected to target on host '127.0.0.1' and port '3121'.
17:41:17 INFO  : Jtag cable 'Digilent Zed 210248525658' is selected.
17:41:17 INFO  : 'jtag frequency' command is executed.
17:41:17 INFO  : Context for 'APU' is selected.
17:41:17 INFO  : System reset is completed.
17:41:20 INFO  : 'after 3000' command is executed.
17:41:20 INFO  : 'targets -set -filter {jtag_cable_name =~ "Digilent Zed 210248525658" && level==0 && jtag_device_ctx=="jsn-Zed-210248525658-23727093-0"}' command is executed.
17:41:22 INFO  : FPGA configured successfully with bitstream "C:/Users/cihem/CPRE-488-Labs/MP-2/sw/MP2-TPG/_ide/bitstream/system_wrapper.bit"
17:41:22 INFO  : Context for 'APU' is selected.
17:41:22 INFO  : Hardware design and registers information is loaded from 'C:/Users/cihem/CPRE-488-Labs/MP-2/sw/TPG/export/TPG/hw/system_wrapper.xsa'.
17:41:22 INFO  : 'configparams force-mem-access 1' command is executed.
17:41:22 INFO  : Context for 'APU' is selected.
17:41:22 INFO  : Sourcing of 'C:/Users/cihem/CPRE-488-Labs/MP-2/sw/MP2-TPG/_ide/psinit/ps7_init.tcl' is done.
17:41:22 INFO  : 'ps7_init' command is executed.
17:41:22 INFO  : 'ps7_post_config' command is executed.
17:41:22 INFO  : Context for processor 'ps7_cortexa9_0' is selected.
17:41:23 INFO  : The application 'C:/Users/cihem/CPRE-488-Labs/MP-2/sw/MP2-TPG/Debug/MP2-TPG.elf' is downloaded to processor 'ps7_cortexa9_0'.
17:41:23 INFO  : 'configparams force-mem-access 0' command is executed.
17:41:23 INFO  : ----------------XSDB Script----------------
connect -url tcp:127.0.0.1:3121
targets -set -nocase -filter {name =~"APU*"}
rst -system
after 3000
targets -set -filter {jtag_cable_name =~ "Digilent Zed 210248525658" && level==0 && jtag_device_ctx=="jsn-Zed-210248525658-23727093-0"}
fpga -file C:/Users/cihem/CPRE-488-Labs/MP-2/sw/MP2-TPG/_ide/bitstream/system_wrapper.bit
targets -set -nocase -filter {name =~"APU*"}
loadhw -hw C:/Users/cihem/CPRE-488-Labs/MP-2/sw/TPG/export/TPG/hw/system_wrapper.xsa -mem-ranges [list {0x40000000 0xbfffffff}] -regs
configparams force-mem-access 1
targets -set -nocase -filter {name =~"APU*"}
source C:/Users/cihem/CPRE-488-Labs/MP-2/sw/MP2-TPG/_ide/psinit/ps7_init.tcl
ps7_init
ps7_post_config
targets -set -nocase -filter {name =~ "*A9*#0"}
dow C:/Users/cihem/CPRE-488-Labs/MP-2/sw/MP2-TPG/Debug/MP2-TPG.elf
configparams force-mem-access 0
----------------End of Script----------------

17:41:23 INFO  : Context for processor 'ps7_cortexa9_0' is selected.
17:41:23 INFO  : 'con' command is executed.
17:41:23 INFO  : ----------------XSDB Script (After Launch)----------------
targets -set -nocase -filter {name =~ "*A9*#0"}
con
----------------End of Script----------------

17:41:23 INFO  : Launch script is exported to file 'C:\Users\cihem\CPRE-488-Labs\MP-2\sw\.sdk\launch_scripts\single_application_debug\debugger_mp2-tpg-default.tcl'
17:42:47 INFO  : Checking for BSP changes to sync application flags for project 'MP2-TPG'...
17:42:51 INFO  : Disconnected from the channel tcfchan#13.
17:42:52 INFO  : Connected to target on host '127.0.0.1' and port '3121'.
17:42:52 INFO  : Jtag cable 'Digilent Zed 210248525658' is selected.
17:42:52 INFO  : 'jtag frequency' command is executed.
17:42:52 INFO  : Context for 'APU' is selected.
17:42:52 INFO  : System reset is completed.
17:42:55 INFO  : 'after 3000' command is executed.
17:42:55 INFO  : 'targets -set -filter {jtag_cable_name =~ "Digilent Zed 210248525658" && level==0 && jtag_device_ctx=="jsn-Zed-210248525658-23727093-0"}' command is executed.
17:42:57 INFO  : FPGA configured successfully with bitstream "C:/Users/cihem/CPRE-488-Labs/MP-2/sw/MP2-TPG/_ide/bitstream/system_wrapper.bit"
17:42:57 INFO  : Context for 'APU' is selected.
17:42:57 INFO  : Hardware design and registers information is loaded from 'C:/Users/cihem/CPRE-488-Labs/MP-2/sw/TPG/export/TPG/hw/system_wrapper.xsa'.
17:42:57 INFO  : 'configparams force-mem-access 1' command is executed.
17:42:57 INFO  : Context for 'APU' is selected.
17:42:57 INFO  : Sourcing of 'C:/Users/cihem/CPRE-488-Labs/MP-2/sw/MP2-TPG/_ide/psinit/ps7_init.tcl' is done.
17:42:58 INFO  : 'ps7_init' command is executed.
17:42:58 INFO  : 'ps7_post_config' command is executed.
17:42:58 INFO  : Context for processor 'ps7_cortexa9_0' is selected.
17:42:59 INFO  : The application 'C:/Users/cihem/CPRE-488-Labs/MP-2/sw/MP2-TPG/Debug/MP2-TPG.elf' is downloaded to processor 'ps7_cortexa9_0'.
17:42:59 INFO  : 'configparams force-mem-access 0' command is executed.
17:42:59 INFO  : ----------------XSDB Script----------------
connect -url tcp:127.0.0.1:3121
targets -set -nocase -filter {name =~"APU*"}
rst -system
after 3000
targets -set -filter {jtag_cable_name =~ "Digilent Zed 210248525658" && level==0 && jtag_device_ctx=="jsn-Zed-210248525658-23727093-0"}
fpga -file C:/Users/cihem/CPRE-488-Labs/MP-2/sw/MP2-TPG/_ide/bitstream/system_wrapper.bit
targets -set -nocase -filter {name =~"APU*"}
loadhw -hw C:/Users/cihem/CPRE-488-Labs/MP-2/sw/TPG/export/TPG/hw/system_wrapper.xsa -mem-ranges [list {0x40000000 0xbfffffff}] -regs
configparams force-mem-access 1
targets -set -nocase -filter {name =~"APU*"}
source C:/Users/cihem/CPRE-488-Labs/MP-2/sw/MP2-TPG/_ide/psinit/ps7_init.tcl
ps7_init
ps7_post_config
targets -set -nocase -filter {name =~ "*A9*#0"}
dow C:/Users/cihem/CPRE-488-Labs/MP-2/sw/MP2-TPG/Debug/MP2-TPG.elf
configparams force-mem-access 0
----------------End of Script----------------

17:42:59 INFO  : Context for processor 'ps7_cortexa9_0' is selected.
17:42:59 INFO  : 'con' command is executed.
17:42:59 INFO  : ----------------XSDB Script (After Launch)----------------
targets -set -nocase -filter {name =~ "*A9*#0"}
con
----------------End of Script----------------

17:42:59 INFO  : Launch script is exported to file 'C:\Users\cihem\CPRE-488-Labs\MP-2\sw\.sdk\launch_scripts\single_application_debug\debugger_mp2-tpg-default.tcl'
17:43:34 INFO  : Disconnected from the channel tcfchan#14.
17:43:35 INFO  : Connected to target on host '127.0.0.1' and port '3121'.
17:43:35 INFO  : Jtag cable 'Digilent Zed 210248525658' is selected.
17:43:35 INFO  : 'jtag frequency' command is executed.
17:43:35 INFO  : Context for 'APU' is selected.
17:43:35 INFO  : System reset is completed.
17:43:38 INFO  : 'after 3000' command is executed.
17:43:38 INFO  : 'targets -set -filter {jtag_cable_name =~ "Digilent Zed 210248525658" && level==0 && jtag_device_ctx=="jsn-Zed-210248525658-23727093-0"}' command is executed.
17:43:40 INFO  : FPGA configured successfully with bitstream "C:/Users/cihem/CPRE-488-Labs/MP-2/sw/MP2-TPG/_ide/bitstream/system_wrapper.bit"
17:43:40 INFO  : Context for 'APU' is selected.
17:43:40 INFO  : Hardware design and registers information is loaded from 'C:/Users/cihem/CPRE-488-Labs/MP-2/sw/TPG/export/TPG/hw/system_wrapper.xsa'.
17:43:40 INFO  : 'configparams force-mem-access 1' command is executed.
17:43:40 INFO  : Context for 'APU' is selected.
17:43:40 INFO  : Sourcing of 'C:/Users/cihem/CPRE-488-Labs/MP-2/sw/MP2-TPG/_ide/psinit/ps7_init.tcl' is done.
17:43:41 INFO  : 'ps7_init' command is executed.
17:43:41 INFO  : 'ps7_post_config' command is executed.
17:43:41 INFO  : Context for processor 'ps7_cortexa9_0' is selected.
17:43:42 INFO  : The application 'C:/Users/cihem/CPRE-488-Labs/MP-2/sw/MP2-TPG/Debug/MP2-TPG.elf' is downloaded to processor 'ps7_cortexa9_0'.
17:43:42 INFO  : 'configparams force-mem-access 0' command is executed.
17:43:42 INFO  : ----------------XSDB Script----------------
connect -url tcp:127.0.0.1:3121
targets -set -nocase -filter {name =~"APU*"}
rst -system
after 3000
targets -set -filter {jtag_cable_name =~ "Digilent Zed 210248525658" && level==0 && jtag_device_ctx=="jsn-Zed-210248525658-23727093-0"}
fpga -file C:/Users/cihem/CPRE-488-Labs/MP-2/sw/MP2-TPG/_ide/bitstream/system_wrapper.bit
targets -set -nocase -filter {name =~"APU*"}
loadhw -hw C:/Users/cihem/CPRE-488-Labs/MP-2/sw/TPG/export/TPG/hw/system_wrapper.xsa -mem-ranges [list {0x40000000 0xbfffffff}] -regs
configparams force-mem-access 1
targets -set -nocase -filter {name =~"APU*"}
source C:/Users/cihem/CPRE-488-Labs/MP-2/sw/MP2-TPG/_ide/psinit/ps7_init.tcl
ps7_init
ps7_post_config
targets -set -nocase -filter {name =~ "*A9*#0"}
dow C:/Users/cihem/CPRE-488-Labs/MP-2/sw/MP2-TPG/Debug/MP2-TPG.elf
configparams force-mem-access 0
----------------End of Script----------------

17:43:42 INFO  : Context for processor 'ps7_cortexa9_0' is selected.
17:43:42 INFO  : 'con' command is executed.
17:43:42 INFO  : ----------------XSDB Script (After Launch)----------------
targets -set -nocase -filter {name =~ "*A9*#0"}
con
----------------End of Script----------------

17:43:42 INFO  : Launch script is exported to file 'C:\Users\cihem\CPRE-488-Labs\MP-2\sw\.sdk\launch_scripts\single_application_debug\debugger_mp2-tpg-default.tcl'
17:47:14 INFO  : Checking for BSP changes to sync application flags for project 'MP2-TPG'...
17:47:20 INFO  : Disconnected from the channel tcfchan#15.
17:47:21 INFO  : Connected to target on host '127.0.0.1' and port '3121'.
17:47:21 INFO  : Jtag cable 'Digilent Zed 210248525658' is selected.
17:47:21 INFO  : 'jtag frequency' command is executed.
17:47:21 INFO  : Context for 'APU' is selected.
17:47:21 INFO  : System reset is completed.
17:47:24 INFO  : 'after 3000' command is executed.
17:47:24 INFO  : 'targets -set -filter {jtag_cable_name =~ "Digilent Zed 210248525658" && level==0 && jtag_device_ctx=="jsn-Zed-210248525658-23727093-0"}' command is executed.
17:47:26 INFO  : FPGA configured successfully with bitstream "C:/Users/cihem/CPRE-488-Labs/MP-2/sw/MP2-TPG/_ide/bitstream/system_wrapper.bit"
17:47:26 INFO  : Context for 'APU' is selected.
17:47:26 INFO  : Hardware design and registers information is loaded from 'C:/Users/cihem/CPRE-488-Labs/MP-2/sw/TPG/export/TPG/hw/system_wrapper.xsa'.
17:47:26 INFO  : 'configparams force-mem-access 1' command is executed.
17:47:26 INFO  : Context for 'APU' is selected.
17:47:26 INFO  : Sourcing of 'C:/Users/cihem/CPRE-488-Labs/MP-2/sw/MP2-TPG/_ide/psinit/ps7_init.tcl' is done.
17:47:27 INFO  : 'ps7_init' command is executed.
17:47:27 INFO  : 'ps7_post_config' command is executed.
17:47:27 INFO  : Context for processor 'ps7_cortexa9_0' is selected.
17:47:28 INFO  : The application 'C:/Users/cihem/CPRE-488-Labs/MP-2/sw/MP2-TPG/Debug/MP2-TPG.elf' is downloaded to processor 'ps7_cortexa9_0'.
17:47:28 INFO  : 'configparams force-mem-access 0' command is executed.
17:47:28 INFO  : ----------------XSDB Script----------------
connect -url tcp:127.0.0.1:3121
targets -set -nocase -filter {name =~"APU*"}
rst -system
after 3000
targets -set -filter {jtag_cable_name =~ "Digilent Zed 210248525658" && level==0 && jtag_device_ctx=="jsn-Zed-210248525658-23727093-0"}
fpga -file C:/Users/cihem/CPRE-488-Labs/MP-2/sw/MP2-TPG/_ide/bitstream/system_wrapper.bit
targets -set -nocase -filter {name =~"APU*"}
loadhw -hw C:/Users/cihem/CPRE-488-Labs/MP-2/sw/TPG/export/TPG/hw/system_wrapper.xsa -mem-ranges [list {0x40000000 0xbfffffff}] -regs
configparams force-mem-access 1
targets -set -nocase -filter {name =~"APU*"}
source C:/Users/cihem/CPRE-488-Labs/MP-2/sw/MP2-TPG/_ide/psinit/ps7_init.tcl
ps7_init
ps7_post_config
targets -set -nocase -filter {name =~ "*A9*#0"}
dow C:/Users/cihem/CPRE-488-Labs/MP-2/sw/MP2-TPG/Debug/MP2-TPG.elf
configparams force-mem-access 0
----------------End of Script----------------

17:47:28 INFO  : Context for processor 'ps7_cortexa9_0' is selected.
17:47:28 INFO  : 'con' command is executed.
17:47:28 INFO  : ----------------XSDB Script (After Launch)----------------
targets -set -nocase -filter {name =~ "*A9*#0"}
con
----------------End of Script----------------

17:47:28 INFO  : Launch script is exported to file 'C:\Users\cihem\CPRE-488-Labs\MP-2\sw\.sdk\launch_scripts\single_application_debug\debugger_mp2-tpg-default.tcl'
17:47:38 INFO  : Disconnected from the channel tcfchan#16.
17:47:39 INFO  : Connected to target on host '127.0.0.1' and port '3121'.
17:47:39 INFO  : Jtag cable 'Digilent Zed 210248525658' is selected.
17:47:39 INFO  : 'jtag frequency' command is executed.
17:47:39 INFO  : Context for 'APU' is selected.
17:47:39 INFO  : System reset is completed.
17:47:42 INFO  : 'after 3000' command is executed.
17:47:42 INFO  : 'targets -set -filter {jtag_cable_name =~ "Digilent Zed 210248525658" && level==0 && jtag_device_ctx=="jsn-Zed-210248525658-23727093-0"}' command is executed.
17:47:44 INFO  : FPGA configured successfully with bitstream "C:/Users/cihem/CPRE-488-Labs/MP-2/sw/MP2-TPG/_ide/bitstream/system_wrapper.bit"
17:47:44 INFO  : Context for 'APU' is selected.
17:47:44 INFO  : Hardware design and registers information is loaded from 'C:/Users/cihem/CPRE-488-Labs/MP-2/sw/TPG/export/TPG/hw/system_wrapper.xsa'.
17:47:44 INFO  : 'configparams force-mem-access 1' command is executed.
17:47:44 INFO  : Context for 'APU' is selected.
17:47:44 INFO  : Sourcing of 'C:/Users/cihem/CPRE-488-Labs/MP-2/sw/MP2-TPG/_ide/psinit/ps7_init.tcl' is done.
17:47:44 INFO  : 'ps7_init' command is executed.
17:47:44 INFO  : 'ps7_post_config' command is executed.
17:47:44 INFO  : Context for processor 'ps7_cortexa9_0' is selected.
17:47:45 INFO  : The application 'C:/Users/cihem/CPRE-488-Labs/MP-2/sw/MP2-TPG/Debug/MP2-TPG.elf' is downloaded to processor 'ps7_cortexa9_0'.
17:47:46 INFO  : 'configparams force-mem-access 0' command is executed.
17:47:46 INFO  : ----------------XSDB Script----------------
connect -url tcp:127.0.0.1:3121
targets -set -nocase -filter {name =~"APU*"}
rst -system
after 3000
targets -set -filter {jtag_cable_name =~ "Digilent Zed 210248525658" && level==0 && jtag_device_ctx=="jsn-Zed-210248525658-23727093-0"}
fpga -file C:/Users/cihem/CPRE-488-Labs/MP-2/sw/MP2-TPG/_ide/bitstream/system_wrapper.bit
targets -set -nocase -filter {name =~"APU*"}
loadhw -hw C:/Users/cihem/CPRE-488-Labs/MP-2/sw/TPG/export/TPG/hw/system_wrapper.xsa -mem-ranges [list {0x40000000 0xbfffffff}] -regs
configparams force-mem-access 1
targets -set -nocase -filter {name =~"APU*"}
source C:/Users/cihem/CPRE-488-Labs/MP-2/sw/MP2-TPG/_ide/psinit/ps7_init.tcl
ps7_init
ps7_post_config
targets -set -nocase -filter {name =~ "*A9*#0"}
dow C:/Users/cihem/CPRE-488-Labs/MP-2/sw/MP2-TPG/Debug/MP2-TPG.elf
configparams force-mem-access 0
----------------End of Script----------------

17:47:46 INFO  : Context for processor 'ps7_cortexa9_0' is selected.
17:47:46 INFO  : 'con' command is executed.
17:47:46 INFO  : ----------------XSDB Script (After Launch)----------------
targets -set -nocase -filter {name =~ "*A9*#0"}
con
----------------End of Script----------------

17:47:46 INFO  : Launch script is exported to file 'C:\Users\cihem\CPRE-488-Labs\MP-2\sw\.sdk\launch_scripts\single_application_debug\debugger_mp2-tpg-default.tcl'
17:55:09 INFO  : Checking for BSP changes to sync application flags for project 'MP2-TPG'...
17:55:14 INFO  : Disconnected from the channel tcfchan#17.
17:55:15 INFO  : Connected to target on host '127.0.0.1' and port '3121'.
17:55:16 INFO  : Jtag cable 'Digilent Zed 210248525658' is selected.
17:55:16 INFO  : 'jtag frequency' command is executed.
17:55:16 INFO  : Context for 'APU' is selected.
17:55:16 INFO  : System reset is completed.
17:55:19 INFO  : 'after 3000' command is executed.
17:55:19 INFO  : 'targets -set -filter {jtag_cable_name =~ "Digilent Zed 210248525658" && level==0 && jtag_device_ctx=="jsn-Zed-210248525658-23727093-0"}' command is executed.
17:55:21 INFO  : FPGA configured successfully with bitstream "C:/Users/cihem/CPRE-488-Labs/MP-2/sw/MP2-TPG/_ide/bitstream/system_wrapper.bit"
17:55:21 INFO  : Context for 'APU' is selected.
17:55:21 INFO  : Hardware design and registers information is loaded from 'C:/Users/cihem/CPRE-488-Labs/MP-2/sw/TPG/export/TPG/hw/system_wrapper.xsa'.
17:55:21 INFO  : 'configparams force-mem-access 1' command is executed.
17:55:21 INFO  : Context for 'APU' is selected.
17:55:21 INFO  : Sourcing of 'C:/Users/cihem/CPRE-488-Labs/MP-2/sw/MP2-TPG/_ide/psinit/ps7_init.tcl' is done.
17:55:21 INFO  : 'ps7_init' command is executed.
17:55:21 INFO  : 'ps7_post_config' command is executed.
17:55:21 INFO  : Context for processor 'ps7_cortexa9_0' is selected.
17:55:22 INFO  : The application 'C:/Users/cihem/CPRE-488-Labs/MP-2/sw/MP2-TPG/Debug/MP2-TPG.elf' is downloaded to processor 'ps7_cortexa9_0'.
17:55:22 INFO  : 'configparams force-mem-access 0' command is executed.
17:55:22 INFO  : ----------------XSDB Script----------------
connect -url tcp:127.0.0.1:3121
targets -set -nocase -filter {name =~"APU*"}
rst -system
after 3000
targets -set -filter {jtag_cable_name =~ "Digilent Zed 210248525658" && level==0 && jtag_device_ctx=="jsn-Zed-210248525658-23727093-0"}
fpga -file C:/Users/cihem/CPRE-488-Labs/MP-2/sw/MP2-TPG/_ide/bitstream/system_wrapper.bit
targets -set -nocase -filter {name =~"APU*"}
loadhw -hw C:/Users/cihem/CPRE-488-Labs/MP-2/sw/TPG/export/TPG/hw/system_wrapper.xsa -mem-ranges [list {0x40000000 0xbfffffff}] -regs
configparams force-mem-access 1
targets -set -nocase -filter {name =~"APU*"}
source C:/Users/cihem/CPRE-488-Labs/MP-2/sw/MP2-TPG/_ide/psinit/ps7_init.tcl
ps7_init
ps7_post_config
targets -set -nocase -filter {name =~ "*A9*#0"}
dow C:/Users/cihem/CPRE-488-Labs/MP-2/sw/MP2-TPG/Debug/MP2-TPG.elf
configparams force-mem-access 0
----------------End of Script----------------

17:55:22 INFO  : Context for processor 'ps7_cortexa9_0' is selected.
17:55:22 INFO  : 'con' command is executed.
17:55:22 INFO  : ----------------XSDB Script (After Launch)----------------
targets -set -nocase -filter {name =~ "*A9*#0"}
con
----------------End of Script----------------

17:55:22 INFO  : Launch script is exported to file 'C:\Users\cihem\CPRE-488-Labs\MP-2\sw\.sdk\launch_scripts\single_application_debug\debugger_mp2-tpg-default.tcl'
17:55:54 INFO  : Disconnected from the channel tcfchan#18.
17:55:55 INFO  : Connected to target on host '127.0.0.1' and port '3121'.
17:55:55 INFO  : Jtag cable 'Digilent Zed 210248525658' is selected.
17:55:55 INFO  : 'jtag frequency' command is executed.
17:55:55 INFO  : Context for 'APU' is selected.
17:55:55 INFO  : System reset is completed.
17:55:58 INFO  : 'after 3000' command is executed.
17:55:58 INFO  : 'targets -set -filter {jtag_cable_name =~ "Digilent Zed 210248525658" && level==0 && jtag_device_ctx=="jsn-Zed-210248525658-23727093-0"}' command is executed.
17:56:00 INFO  : FPGA configured successfully with bitstream "C:/Users/cihem/CPRE-488-Labs/MP-2/sw/MP2-TPG/_ide/bitstream/system_wrapper.bit"
17:56:00 INFO  : Context for 'APU' is selected.
17:56:01 INFO  : Hardware design and registers information is loaded from 'C:/Users/cihem/CPRE-488-Labs/MP-2/sw/TPG/export/TPG/hw/system_wrapper.xsa'.
17:56:01 INFO  : 'configparams force-mem-access 1' command is executed.
17:56:01 INFO  : Context for 'APU' is selected.
17:56:01 INFO  : Sourcing of 'C:/Users/cihem/CPRE-488-Labs/MP-2/sw/MP2-TPG/_ide/psinit/ps7_init.tcl' is done.
17:56:01 INFO  : 'ps7_init' command is executed.
17:56:01 INFO  : 'ps7_post_config' command is executed.
17:56:01 INFO  : Context for processor 'ps7_cortexa9_0' is selected.
17:56:02 INFO  : The application 'C:/Users/cihem/CPRE-488-Labs/MP-2/sw/MP2-TPG/Debug/MP2-TPG.elf' is downloaded to processor 'ps7_cortexa9_0'.
17:56:02 INFO  : 'configparams force-mem-access 0' command is executed.
17:56:02 INFO  : ----------------XSDB Script----------------
connect -url tcp:127.0.0.1:3121
targets -set -nocase -filter {name =~"APU*"}
rst -system
after 3000
targets -set -filter {jtag_cable_name =~ "Digilent Zed 210248525658" && level==0 && jtag_device_ctx=="jsn-Zed-210248525658-23727093-0"}
fpga -file C:/Users/cihem/CPRE-488-Labs/MP-2/sw/MP2-TPG/_ide/bitstream/system_wrapper.bit
targets -set -nocase -filter {name =~"APU*"}
loadhw -hw C:/Users/cihem/CPRE-488-Labs/MP-2/sw/TPG/export/TPG/hw/system_wrapper.xsa -mem-ranges [list {0x40000000 0xbfffffff}] -regs
configparams force-mem-access 1
targets -set -nocase -filter {name =~"APU*"}
source C:/Users/cihem/CPRE-488-Labs/MP-2/sw/MP2-TPG/_ide/psinit/ps7_init.tcl
ps7_init
ps7_post_config
targets -set -nocase -filter {name =~ "*A9*#0"}
dow C:/Users/cihem/CPRE-488-Labs/MP-2/sw/MP2-TPG/Debug/MP2-TPG.elf
configparams force-mem-access 0
----------------End of Script----------------

17:56:02 INFO  : Context for processor 'ps7_cortexa9_0' is selected.
17:56:02 INFO  : 'con' command is executed.
17:56:02 INFO  : ----------------XSDB Script (After Launch)----------------
targets -set -nocase -filter {name =~ "*A9*#0"}
con
----------------End of Script----------------

17:56:02 INFO  : Launch script is exported to file 'C:\Users\cihem\CPRE-488-Labs\MP-2\sw\.sdk\launch_scripts\single_application_debug\debugger_mp2-tpg-default.tcl'
17:58:45 INFO  : Disconnected from the channel tcfchan#19.
17:58:51 INFO  : Checking for BSP changes to sync application flags for project 'MP2-TPG'...
17:58:54 INFO  : Connected to target on host '127.0.0.1' and port '3121'.
17:58:54 INFO  : Jtag cable 'Digilent Zed 210248525658' is selected.
17:58:54 INFO  : 'jtag frequency' command is executed.
17:58:54 INFO  : Context for 'APU' is selected.
17:58:54 INFO  : System reset is completed.
17:58:58 INFO  : 'after 3000' command is executed.
17:58:58 INFO  : 'targets -set -filter {jtag_cable_name =~ "Digilent Zed 210248525658" && level==0 && jtag_device_ctx=="jsn-Zed-210248525658-23727093-0"}' command is executed.
17:59:00 INFO  : FPGA configured successfully with bitstream "C:/Users/cihem/CPRE-488-Labs/MP-2/sw/MP2-TPG/_ide/bitstream/system_wrapper.bit"
17:59:00 INFO  : Context for 'APU' is selected.
17:59:00 INFO  : Hardware design and registers information is loaded from 'C:/Users/cihem/CPRE-488-Labs/MP-2/sw/TPG/export/TPG/hw/system_wrapper.xsa'.
17:59:00 INFO  : 'configparams force-mem-access 1' command is executed.
17:59:00 INFO  : Context for 'APU' is selected.
17:59:00 INFO  : Sourcing of 'C:/Users/cihem/CPRE-488-Labs/MP-2/sw/MP2-TPG/_ide/psinit/ps7_init.tcl' is done.
17:59:00 INFO  : 'ps7_init' command is executed.
17:59:00 INFO  : 'ps7_post_config' command is executed.
17:59:00 INFO  : Context for processor 'ps7_cortexa9_0' is selected.
17:59:01 INFO  : The application 'C:/Users/cihem/CPRE-488-Labs/MP-2/sw/MP2-TPG/Debug/MP2-TPG.elf' is downloaded to processor 'ps7_cortexa9_0'.
17:59:01 INFO  : 'configparams force-mem-access 0' command is executed.
17:59:01 INFO  : ----------------XSDB Script----------------
connect -url tcp:127.0.0.1:3121
targets -set -nocase -filter {name =~"APU*"}
rst -system
after 3000
targets -set -filter {jtag_cable_name =~ "Digilent Zed 210248525658" && level==0 && jtag_device_ctx=="jsn-Zed-210248525658-23727093-0"}
fpga -file C:/Users/cihem/CPRE-488-Labs/MP-2/sw/MP2-TPG/_ide/bitstream/system_wrapper.bit
targets -set -nocase -filter {name =~"APU*"}
loadhw -hw C:/Users/cihem/CPRE-488-Labs/MP-2/sw/TPG/export/TPG/hw/system_wrapper.xsa -mem-ranges [list {0x40000000 0xbfffffff}] -regs
configparams force-mem-access 1
targets -set -nocase -filter {name =~"APU*"}
source C:/Users/cihem/CPRE-488-Labs/MP-2/sw/MP2-TPG/_ide/psinit/ps7_init.tcl
ps7_init
ps7_post_config
targets -set -nocase -filter {name =~ "*A9*#0"}
dow C:/Users/cihem/CPRE-488-Labs/MP-2/sw/MP2-TPG/Debug/MP2-TPG.elf
configparams force-mem-access 0
----------------End of Script----------------

17:59:01 INFO  : Context for processor 'ps7_cortexa9_0' is selected.
17:59:01 INFO  : 'con' command is executed.
17:59:01 INFO  : ----------------XSDB Script (After Launch)----------------
targets -set -nocase -filter {name =~ "*A9*#0"}
con
----------------End of Script----------------

17:59:01 INFO  : Launch script is exported to file 'C:\Users\cihem\CPRE-488-Labs\MP-2\sw\.sdk\launch_scripts\single_application_debug\debugger_mp2-tpg-default.tcl'
17:59:40 INFO  : Disconnected from the channel tcfchan#20.
17:59:41 INFO  : Connected to target on host '127.0.0.1' and port '3121'.
17:59:41 INFO  : Jtag cable 'Digilent Zed 210248525658' is selected.
17:59:41 INFO  : 'jtag frequency' command is executed.
17:59:41 INFO  : Context for 'APU' is selected.
17:59:41 INFO  : System reset is completed.
17:59:44 INFO  : 'after 3000' command is executed.
17:59:44 INFO  : 'targets -set -filter {jtag_cable_name =~ "Digilent Zed 210248525658" && level==0 && jtag_device_ctx=="jsn-Zed-210248525658-23727093-0"}' command is executed.
17:59:46 INFO  : FPGA configured successfully with bitstream "C:/Users/cihem/CPRE-488-Labs/MP-2/sw/MP2-TPG/_ide/bitstream/system_wrapper.bit"
17:59:46 INFO  : Context for 'APU' is selected.
17:59:46 INFO  : Hardware design and registers information is loaded from 'C:/Users/cihem/CPRE-488-Labs/MP-2/sw/TPG/export/TPG/hw/system_wrapper.xsa'.
17:59:46 INFO  : 'configparams force-mem-access 1' command is executed.
17:59:46 INFO  : Context for 'APU' is selected.
17:59:46 INFO  : Sourcing of 'C:/Users/cihem/CPRE-488-Labs/MP-2/sw/MP2-TPG/_ide/psinit/ps7_init.tcl' is done.
17:59:46 INFO  : 'ps7_init' command is executed.
17:59:46 INFO  : 'ps7_post_config' command is executed.
17:59:46 INFO  : Context for processor 'ps7_cortexa9_0' is selected.
17:59:48 INFO  : The application 'C:/Users/cihem/CPRE-488-Labs/MP-2/sw/MP2-TPG/Debug/MP2-TPG.elf' is downloaded to processor 'ps7_cortexa9_0'.
17:59:48 INFO  : 'configparams force-mem-access 0' command is executed.
17:59:48 INFO  : ----------------XSDB Script----------------
connect -url tcp:127.0.0.1:3121
targets -set -nocase -filter {name =~"APU*"}
rst -system
after 3000
targets -set -filter {jtag_cable_name =~ "Digilent Zed 210248525658" && level==0 && jtag_device_ctx=="jsn-Zed-210248525658-23727093-0"}
fpga -file C:/Users/cihem/CPRE-488-Labs/MP-2/sw/MP2-TPG/_ide/bitstream/system_wrapper.bit
targets -set -nocase -filter {name =~"APU*"}
loadhw -hw C:/Users/cihem/CPRE-488-Labs/MP-2/sw/TPG/export/TPG/hw/system_wrapper.xsa -mem-ranges [list {0x40000000 0xbfffffff}] -regs
configparams force-mem-access 1
targets -set -nocase -filter {name =~"APU*"}
source C:/Users/cihem/CPRE-488-Labs/MP-2/sw/MP2-TPG/_ide/psinit/ps7_init.tcl
ps7_init
ps7_post_config
targets -set -nocase -filter {name =~ "*A9*#0"}
dow C:/Users/cihem/CPRE-488-Labs/MP-2/sw/MP2-TPG/Debug/MP2-TPG.elf
configparams force-mem-access 0
----------------End of Script----------------

17:59:48 INFO  : Context for processor 'ps7_cortexa9_0' is selected.
17:59:48 INFO  : 'con' command is executed.
17:59:48 INFO  : ----------------XSDB Script (After Launch)----------------
targets -set -nocase -filter {name =~ "*A9*#0"}
con
----------------End of Script----------------

17:59:48 INFO  : Launch script is exported to file 'C:\Users\cihem\CPRE-488-Labs\MP-2\sw\.sdk\launch_scripts\single_application_debug\debugger_mp2-tpg-default.tcl'
18:00:28 INFO  : Checking for BSP changes to sync application flags for project 'MP2-TPG'...
18:00:34 INFO  : Disconnected from the channel tcfchan#21.
18:00:35 INFO  : Connected to target on host '127.0.0.1' and port '3121'.
18:00:35 INFO  : Jtag cable 'Digilent Zed 210248525658' is selected.
18:00:35 INFO  : 'jtag frequency' command is executed.
18:00:35 INFO  : Context for 'APU' is selected.
18:00:35 INFO  : System reset is completed.
18:00:38 INFO  : 'after 3000' command is executed.
18:00:38 INFO  : 'targets -set -filter {jtag_cable_name =~ "Digilent Zed 210248525658" && level==0 && jtag_device_ctx=="jsn-Zed-210248525658-23727093-0"}' command is executed.
18:00:41 INFO  : FPGA configured successfully with bitstream "C:/Users/cihem/CPRE-488-Labs/MP-2/sw/MP2-TPG/_ide/bitstream/system_wrapper.bit"
18:00:41 INFO  : Context for 'APU' is selected.
18:00:41 INFO  : Hardware design and registers information is loaded from 'C:/Users/cihem/CPRE-488-Labs/MP-2/sw/TPG/export/TPG/hw/system_wrapper.xsa'.
18:00:41 INFO  : 'configparams force-mem-access 1' command is executed.
18:00:41 INFO  : Context for 'APU' is selected.
18:00:41 INFO  : Sourcing of 'C:/Users/cihem/CPRE-488-Labs/MP-2/sw/MP2-TPG/_ide/psinit/ps7_init.tcl' is done.
18:00:41 INFO  : 'ps7_init' command is executed.
18:00:41 INFO  : 'ps7_post_config' command is executed.
18:00:41 INFO  : Context for processor 'ps7_cortexa9_0' is selected.
18:00:42 INFO  : The application 'C:/Users/cihem/CPRE-488-Labs/MP-2/sw/MP2-TPG/Debug/MP2-TPG.elf' is downloaded to processor 'ps7_cortexa9_0'.
18:00:42 INFO  : 'configparams force-mem-access 0' command is executed.
18:00:42 INFO  : ----------------XSDB Script----------------
connect -url tcp:127.0.0.1:3121
targets -set -nocase -filter {name =~"APU*"}
rst -system
after 3000
targets -set -filter {jtag_cable_name =~ "Digilent Zed 210248525658" && level==0 && jtag_device_ctx=="jsn-Zed-210248525658-23727093-0"}
fpga -file C:/Users/cihem/CPRE-488-Labs/MP-2/sw/MP2-TPG/_ide/bitstream/system_wrapper.bit
targets -set -nocase -filter {name =~"APU*"}
loadhw -hw C:/Users/cihem/CPRE-488-Labs/MP-2/sw/TPG/export/TPG/hw/system_wrapper.xsa -mem-ranges [list {0x40000000 0xbfffffff}] -regs
configparams force-mem-access 1
targets -set -nocase -filter {name =~"APU*"}
source C:/Users/cihem/CPRE-488-Labs/MP-2/sw/MP2-TPG/_ide/psinit/ps7_init.tcl
ps7_init
ps7_post_config
targets -set -nocase -filter {name =~ "*A9*#0"}
dow C:/Users/cihem/CPRE-488-Labs/MP-2/sw/MP2-TPG/Debug/MP2-TPG.elf
configparams force-mem-access 0
----------------End of Script----------------

18:00:42 INFO  : Context for processor 'ps7_cortexa9_0' is selected.
18:00:42 INFO  : 'con' command is executed.
18:00:42 INFO  : ----------------XSDB Script (After Launch)----------------
targets -set -nocase -filter {name =~ "*A9*#0"}
con
----------------End of Script----------------

18:00:42 INFO  : Launch script is exported to file 'C:\Users\cihem\CPRE-488-Labs\MP-2\sw\.sdk\launch_scripts\single_application_debug\debugger_mp2-tpg-default.tcl'
18:00:52 INFO  : Disconnected from the channel tcfchan#22.
18:00:54 INFO  : Connected to target on host '127.0.0.1' and port '3121'.
18:00:54 INFO  : Jtag cable 'Digilent Zed 210248525658' is selected.
18:00:54 INFO  : 'jtag frequency' command is executed.
18:00:56 INFO  : Context for 'APU' is selected.
18:00:56 INFO  : System reset is completed.
18:00:59 INFO  : 'after 3000' command is executed.
18:00:59 INFO  : 'targets -set -filter {jtag_cable_name =~ "Digilent Zed 210248525658" && level==0 && jtag_device_ctx=="jsn-Zed-210248525658-23727093-0"}' command is executed.
18:01:01 INFO  : FPGA configured successfully with bitstream "C:/Users/cihem/CPRE-488-Labs/MP-2/sw/MP2-TPG/_ide/bitstream/system_wrapper.bit"
18:01:01 INFO  : Context for 'APU' is selected.
18:01:01 INFO  : Hardware design and registers information is loaded from 'C:/Users/cihem/CPRE-488-Labs/MP-2/sw/TPG/export/TPG/hw/system_wrapper.xsa'.
18:01:01 INFO  : 'configparams force-mem-access 1' command is executed.
18:01:01 INFO  : Context for 'APU' is selected.
18:01:01 INFO  : Sourcing of 'C:/Users/cihem/CPRE-488-Labs/MP-2/sw/MP2-TPG/_ide/psinit/ps7_init.tcl' is done.
18:01:01 INFO  : 'ps7_init' command is executed.
18:01:01 INFO  : 'ps7_post_config' command is executed.
18:01:01 INFO  : Context for processor 'ps7_cortexa9_0' is selected.
18:01:02 INFO  : The application 'C:/Users/cihem/CPRE-488-Labs/MP-2/sw/MP2-TPG/Debug/MP2-TPG.elf' is downloaded to processor 'ps7_cortexa9_0'.
18:01:03 INFO  : 'configparams force-mem-access 0' command is executed.
18:01:03 INFO  : ----------------XSDB Script----------------
connect -url tcp:127.0.0.1:3121
targets -set -nocase -filter {name =~"APU*"}
rst -system
after 3000
targets -set -filter {jtag_cable_name =~ "Digilent Zed 210248525658" && level==0 && jtag_device_ctx=="jsn-Zed-210248525658-23727093-0"}
fpga -file C:/Users/cihem/CPRE-488-Labs/MP-2/sw/MP2-TPG/_ide/bitstream/system_wrapper.bit
targets -set -nocase -filter {name =~"APU*"}
loadhw -hw C:/Users/cihem/CPRE-488-Labs/MP-2/sw/TPG/export/TPG/hw/system_wrapper.xsa -mem-ranges [list {0x40000000 0xbfffffff}] -regs
configparams force-mem-access 1
targets -set -nocase -filter {name =~"APU*"}
source C:/Users/cihem/CPRE-488-Labs/MP-2/sw/MP2-TPG/_ide/psinit/ps7_init.tcl
ps7_init
ps7_post_config
targets -set -nocase -filter {name =~ "*A9*#0"}
dow C:/Users/cihem/CPRE-488-Labs/MP-2/sw/MP2-TPG/Debug/MP2-TPG.elf
configparams force-mem-access 0
----------------End of Script----------------

18:01:03 INFO  : Context for processor 'ps7_cortexa9_0' is selected.
18:01:03 INFO  : 'con' command is executed.
18:01:03 INFO  : ----------------XSDB Script (After Launch)----------------
targets -set -nocase -filter {name =~ "*A9*#0"}
con
----------------End of Script----------------

18:01:03 INFO  : Launch script is exported to file 'C:\Users\cihem\CPRE-488-Labs\MP-2\sw\.sdk\launch_scripts\single_application_debug\debugger_mp2-tpg-default.tcl'
18:02:54 INFO  : Disconnected from the channel tcfchan#23.
18:02:55 INFO  : Checking for BSP changes to sync application flags for project 'MP2-TPG'...
18:02:59 INFO  : Connected to target on host '127.0.0.1' and port '3121'.
18:03:00 INFO  : Jtag cable 'Digilent Zed 210248525658' is selected.
18:03:00 INFO  : 'jtag frequency' command is executed.
18:03:00 INFO  : Context for 'APU' is selected.
18:03:00 INFO  : System reset is completed.
18:03:03 INFO  : 'after 3000' command is executed.
18:03:03 INFO  : 'targets -set -filter {jtag_cable_name =~ "Digilent Zed 210248525658" && level==0 && jtag_device_ctx=="jsn-Zed-210248525658-23727093-0"}' command is executed.
18:03:05 INFO  : FPGA configured successfully with bitstream "C:/Users/cihem/CPRE-488-Labs/MP-2/sw/MP2-TPG/_ide/bitstream/system_wrapper.bit"
18:03:05 INFO  : Context for 'APU' is selected.
18:03:05 INFO  : Hardware design and registers information is loaded from 'C:/Users/cihem/CPRE-488-Labs/MP-2/sw/TPG/export/TPG/hw/system_wrapper.xsa'.
18:03:05 INFO  : 'configparams force-mem-access 1' command is executed.
18:03:05 INFO  : Context for 'APU' is selected.
18:03:05 INFO  : Sourcing of 'C:/Users/cihem/CPRE-488-Labs/MP-2/sw/MP2-TPG/_ide/psinit/ps7_init.tcl' is done.
18:03:05 INFO  : 'ps7_init' command is executed.
18:03:05 INFO  : 'ps7_post_config' command is executed.
18:03:05 INFO  : Context for processor 'ps7_cortexa9_0' is selected.
18:03:06 INFO  : The application 'C:/Users/cihem/CPRE-488-Labs/MP-2/sw/MP2-TPG/Debug/MP2-TPG.elf' is downloaded to processor 'ps7_cortexa9_0'.
18:03:06 INFO  : 'configparams force-mem-access 0' command is executed.
18:03:06 INFO  : ----------------XSDB Script----------------
connect -url tcp:127.0.0.1:3121
targets -set -nocase -filter {name =~"APU*"}
rst -system
after 3000
targets -set -filter {jtag_cable_name =~ "Digilent Zed 210248525658" && level==0 && jtag_device_ctx=="jsn-Zed-210248525658-23727093-0"}
fpga -file C:/Users/cihem/CPRE-488-Labs/MP-2/sw/MP2-TPG/_ide/bitstream/system_wrapper.bit
targets -set -nocase -filter {name =~"APU*"}
loadhw -hw C:/Users/cihem/CPRE-488-Labs/MP-2/sw/TPG/export/TPG/hw/system_wrapper.xsa -mem-ranges [list {0x40000000 0xbfffffff}] -regs
configparams force-mem-access 1
targets -set -nocase -filter {name =~"APU*"}
source C:/Users/cihem/CPRE-488-Labs/MP-2/sw/MP2-TPG/_ide/psinit/ps7_init.tcl
ps7_init
ps7_post_config
targets -set -nocase -filter {name =~ "*A9*#0"}
dow C:/Users/cihem/CPRE-488-Labs/MP-2/sw/MP2-TPG/Debug/MP2-TPG.elf
configparams force-mem-access 0
----------------End of Script----------------

18:03:06 INFO  : Context for processor 'ps7_cortexa9_0' is selected.
18:03:06 INFO  : 'con' command is executed.
18:03:06 INFO  : ----------------XSDB Script (After Launch)----------------
targets -set -nocase -filter {name =~ "*A9*#0"}
con
----------------End of Script----------------

18:03:06 INFO  : Launch script is exported to file 'C:\Users\cihem\CPRE-488-Labs\MP-2\sw\.sdk\launch_scripts\single_application_debug\debugger_mp2-tpg-default.tcl'
18:03:18 INFO  : Disconnected from the channel tcfchan#24.
18:03:19 INFO  : Connected to target on host '127.0.0.1' and port '3121'.
18:03:19 INFO  : Jtag cable 'Digilent Zed 210248525658' is selected.
18:03:19 INFO  : 'jtag frequency' command is executed.
18:03:19 INFO  : Context for 'APU' is selected.
18:03:19 INFO  : System reset is completed.
18:03:22 INFO  : 'after 3000' command is executed.
18:03:22 INFO  : 'targets -set -filter {jtag_cable_name =~ "Digilent Zed 210248525658" && level==0 && jtag_device_ctx=="jsn-Zed-210248525658-23727093-0"}' command is executed.
18:03:24 INFO  : FPGA configured successfully with bitstream "C:/Users/cihem/CPRE-488-Labs/MP-2/sw/MP2-TPG/_ide/bitstream/system_wrapper.bit"
18:03:24 INFO  : Context for 'APU' is selected.
18:03:24 INFO  : Hardware design and registers information is loaded from 'C:/Users/cihem/CPRE-488-Labs/MP-2/sw/TPG/export/TPG/hw/system_wrapper.xsa'.
18:03:24 INFO  : 'configparams force-mem-access 1' command is executed.
18:03:24 INFO  : Context for 'APU' is selected.
18:03:24 INFO  : Sourcing of 'C:/Users/cihem/CPRE-488-Labs/MP-2/sw/MP2-TPG/_ide/psinit/ps7_init.tcl' is done.
18:03:25 INFO  : 'ps7_init' command is executed.
18:03:25 INFO  : 'ps7_post_config' command is executed.
18:03:25 INFO  : Context for processor 'ps7_cortexa9_0' is selected.
18:03:26 INFO  : The application 'C:/Users/cihem/CPRE-488-Labs/MP-2/sw/MP2-TPG/Debug/MP2-TPG.elf' is downloaded to processor 'ps7_cortexa9_0'.
18:03:26 INFO  : 'configparams force-mem-access 0' command is executed.
18:03:26 INFO  : ----------------XSDB Script----------------
connect -url tcp:127.0.0.1:3121
targets -set -nocase -filter {name =~"APU*"}
rst -system
after 3000
targets -set -filter {jtag_cable_name =~ "Digilent Zed 210248525658" && level==0 && jtag_device_ctx=="jsn-Zed-210248525658-23727093-0"}
fpga -file C:/Users/cihem/CPRE-488-Labs/MP-2/sw/MP2-TPG/_ide/bitstream/system_wrapper.bit
targets -set -nocase -filter {name =~"APU*"}
loadhw -hw C:/Users/cihem/CPRE-488-Labs/MP-2/sw/TPG/export/TPG/hw/system_wrapper.xsa -mem-ranges [list {0x40000000 0xbfffffff}] -regs
configparams force-mem-access 1
targets -set -nocase -filter {name =~"APU*"}
source C:/Users/cihem/CPRE-488-Labs/MP-2/sw/MP2-TPG/_ide/psinit/ps7_init.tcl
ps7_init
ps7_post_config
targets -set -nocase -filter {name =~ "*A9*#0"}
dow C:/Users/cihem/CPRE-488-Labs/MP-2/sw/MP2-TPG/Debug/MP2-TPG.elf
configparams force-mem-access 0
----------------End of Script----------------

18:03:26 INFO  : Context for processor 'ps7_cortexa9_0' is selected.
18:03:26 INFO  : 'con' command is executed.
18:03:26 INFO  : ----------------XSDB Script (After Launch)----------------
targets -set -nocase -filter {name =~ "*A9*#0"}
con
----------------End of Script----------------

18:03:26 INFO  : Launch script is exported to file 'C:\Users\cihem\CPRE-488-Labs\MP-2\sw\.sdk\launch_scripts\single_application_debug\debugger_mp2-tpg-default.tcl'
18:04:46 INFO  : Disconnected from the channel tcfchan#25.
18:04:47 INFO  : Connected to target on host '127.0.0.1' and port '3121'.
18:04:47 INFO  : Jtag cable 'Digilent Zed 210248525658' is selected.
18:04:47 INFO  : 'jtag frequency' command is executed.
18:04:47 INFO  : Context for 'APU' is selected.
18:04:47 INFO  : System reset is completed.
18:04:50 INFO  : 'after 3000' command is executed.
18:04:50 INFO  : 'targets -set -filter {jtag_cable_name =~ "Digilent Zed 210248525658" && level==0 && jtag_device_ctx=="jsn-Zed-210248525658-23727093-0"}' command is executed.
18:04:53 INFO  : FPGA configured successfully with bitstream "C:/Users/cihem/CPRE-488-Labs/MP-2/sw/MP2-TPG/_ide/bitstream/system_wrapper.bit"
18:04:53 INFO  : Context for 'APU' is selected.
18:04:53 INFO  : Hardware design and registers information is loaded from 'C:/Users/cihem/CPRE-488-Labs/MP-2/sw/TPG/export/TPG/hw/system_wrapper.xsa'.
18:04:53 INFO  : 'configparams force-mem-access 1' command is executed.
18:04:53 INFO  : Context for 'APU' is selected.
18:04:53 INFO  : Sourcing of 'C:/Users/cihem/CPRE-488-Labs/MP-2/sw/MP2-TPG/_ide/psinit/ps7_init.tcl' is done.
18:04:53 INFO  : 'ps7_init' command is executed.
18:04:53 INFO  : 'ps7_post_config' command is executed.
18:04:53 INFO  : Context for processor 'ps7_cortexa9_0' is selected.
18:04:54 INFO  : The application 'C:/Users/cihem/CPRE-488-Labs/MP-2/sw/MP2-TPG/Debug/MP2-TPG.elf' is downloaded to processor 'ps7_cortexa9_0'.
18:04:54 INFO  : 'configparams force-mem-access 0' command is executed.
18:04:54 INFO  : ----------------XSDB Script----------------
connect -url tcp:127.0.0.1:3121
targets -set -nocase -filter {name =~"APU*"}
rst -system
after 3000
targets -set -filter {jtag_cable_name =~ "Digilent Zed 210248525658" && level==0 && jtag_device_ctx=="jsn-Zed-210248525658-23727093-0"}
fpga -file C:/Users/cihem/CPRE-488-Labs/MP-2/sw/MP2-TPG/_ide/bitstream/system_wrapper.bit
targets -set -nocase -filter {name =~"APU*"}
loadhw -hw C:/Users/cihem/CPRE-488-Labs/MP-2/sw/TPG/export/TPG/hw/system_wrapper.xsa -mem-ranges [list {0x40000000 0xbfffffff}] -regs
configparams force-mem-access 1
targets -set -nocase -filter {name =~"APU*"}
source C:/Users/cihem/CPRE-488-Labs/MP-2/sw/MP2-TPG/_ide/psinit/ps7_init.tcl
ps7_init
ps7_post_config
targets -set -nocase -filter {name =~ "*A9*#0"}
dow C:/Users/cihem/CPRE-488-Labs/MP-2/sw/MP2-TPG/Debug/MP2-TPG.elf
configparams force-mem-access 0
----------------End of Script----------------

18:04:54 INFO  : Context for processor 'ps7_cortexa9_0' is selected.
18:04:54 INFO  : 'con' command is executed.
18:04:54 INFO  : ----------------XSDB Script (After Launch)----------------
targets -set -nocase -filter {name =~ "*A9*#0"}
con
----------------End of Script----------------

18:04:54 INFO  : Launch script is exported to file 'C:\Users\cihem\CPRE-488-Labs\MP-2\sw\.sdk\launch_scripts\single_application_debug\debugger_mp2-tpg-default.tcl'
18:05:01 INFO  : Disconnected from the channel tcfchan#26.
18:05:02 INFO  : Connected to target on host '127.0.0.1' and port '3121'.
18:05:02 INFO  : Jtag cable 'Digilent Zed 210248525658' is selected.
18:05:02 INFO  : 'jtag frequency' command is executed.
18:05:02 INFO  : Context for 'APU' is selected.
18:05:02 INFO  : System reset is completed.
18:05:05 INFO  : 'after 3000' command is executed.
18:05:05 INFO  : 'targets -set -filter {jtag_cable_name =~ "Digilent Zed 210248525658" && level==0 && jtag_device_ctx=="jsn-Zed-210248525658-23727093-0"}' command is executed.
18:05:08 INFO  : FPGA configured successfully with bitstream "C:/Users/cihem/CPRE-488-Labs/MP-2/sw/MP2-TPG/_ide/bitstream/system_wrapper.bit"
18:05:08 INFO  : Context for 'APU' is selected.
18:05:08 INFO  : Hardware design and registers information is loaded from 'C:/Users/cihem/CPRE-488-Labs/MP-2/sw/TPG/export/TPG/hw/system_wrapper.xsa'.
18:05:08 INFO  : 'configparams force-mem-access 1' command is executed.
18:05:08 INFO  : Context for 'APU' is selected.
18:05:08 INFO  : Sourcing of 'C:/Users/cihem/CPRE-488-Labs/MP-2/sw/MP2-TPG/_ide/psinit/ps7_init.tcl' is done.
18:05:08 INFO  : 'ps7_init' command is executed.
18:05:08 INFO  : 'ps7_post_config' command is executed.
18:05:08 INFO  : Context for processor 'ps7_cortexa9_0' is selected.
18:05:09 INFO  : The application 'C:/Users/cihem/CPRE-488-Labs/MP-2/sw/MP2-TPG/Debug/MP2-TPG.elf' is downloaded to processor 'ps7_cortexa9_0'.
18:05:09 INFO  : 'configparams force-mem-access 0' command is executed.
18:05:09 INFO  : ----------------XSDB Script----------------
connect -url tcp:127.0.0.1:3121
targets -set -nocase -filter {name =~"APU*"}
rst -system
after 3000
targets -set -filter {jtag_cable_name =~ "Digilent Zed 210248525658" && level==0 && jtag_device_ctx=="jsn-Zed-210248525658-23727093-0"}
fpga -file C:/Users/cihem/CPRE-488-Labs/MP-2/sw/MP2-TPG/_ide/bitstream/system_wrapper.bit
targets -set -nocase -filter {name =~"APU*"}
loadhw -hw C:/Users/cihem/CPRE-488-Labs/MP-2/sw/TPG/export/TPG/hw/system_wrapper.xsa -mem-ranges [list {0x40000000 0xbfffffff}] -regs
configparams force-mem-access 1
targets -set -nocase -filter {name =~"APU*"}
source C:/Users/cihem/CPRE-488-Labs/MP-2/sw/MP2-TPG/_ide/psinit/ps7_init.tcl
ps7_init
ps7_post_config
targets -set -nocase -filter {name =~ "*A9*#0"}
dow C:/Users/cihem/CPRE-488-Labs/MP-2/sw/MP2-TPG/Debug/MP2-TPG.elf
configparams force-mem-access 0
----------------End of Script----------------

18:05:09 INFO  : Context for processor 'ps7_cortexa9_0' is selected.
18:05:09 INFO  : 'con' command is executed.
18:05:09 INFO  : ----------------XSDB Script (After Launch)----------------
targets -set -nocase -filter {name =~ "*A9*#0"}
con
----------------End of Script----------------

18:05:09 INFO  : Launch script is exported to file 'C:\Users\cihem\CPRE-488-Labs\MP-2\sw\.sdk\launch_scripts\single_application_debug\debugger_mp2-tpg-default.tcl'
18:32:35 INFO  : Disconnected from the channel tcfchan#27.
18:32:41 INFO  : Connected to target on host '127.0.0.1' and port '3121'.
18:32:41 INFO  : 'targets -set -filter {jtag_cable_name =~ "Digilent Zed 210248525658" && level==0 && jtag_device_ctx=="jsn-Zed-210248525658-23727093-0"}' command is executed.
18:32:43 INFO  : FPGA configured successfully with bitstream "C:/Users/cihem/CPRE-488-Labs/MP-2/sw/TPG/bitstream/system_wrapper.bit"
18:40:02 INFO  : Checking for BSP changes to sync application flags for project 'MP2-TPG'...
18:40:10 INFO  : Connected to target on host '127.0.0.1' and port '3121'.
18:40:10 INFO  : Jtag cable 'Digilent Zed 210248525658' is selected.
18:40:10 INFO  : 'jtag frequency' command is executed.
18:40:10 INFO  : Context for 'APU' is selected.
18:40:10 INFO  : System reset is completed.
18:40:13 INFO  : 'after 3000' command is executed.
18:40:13 INFO  : 'targets -set -filter {jtag_cable_name =~ "Digilent Zed 210248525658" && level==0 && jtag_device_ctx=="jsn-Zed-210248525658-23727093-0"}' command is executed.
18:40:16 INFO  : FPGA configured successfully with bitstream "C:/Users/cihem/CPRE-488-Labs/MP-2/sw/MP2-TPG/_ide/bitstream/system_wrapper.bit"
18:40:16 INFO  : Context for 'APU' is selected.
18:40:16 INFO  : Hardware design and registers information is loaded from 'C:/Users/cihem/CPRE-488-Labs/MP-2/sw/TPG/export/TPG/hw/system_wrapper.xsa'.
18:40:16 INFO  : 'configparams force-mem-access 1' command is executed.
18:40:16 INFO  : Context for 'APU' is selected.
18:40:16 INFO  : Sourcing of 'C:/Users/cihem/CPRE-488-Labs/MP-2/sw/MP2-TPG/_ide/psinit/ps7_init.tcl' is done.
18:40:16 INFO  : 'ps7_init' command is executed.
18:40:16 INFO  : 'ps7_post_config' command is executed.
18:40:16 INFO  : Context for processor 'ps7_cortexa9_0' is selected.
18:40:17 INFO  : The application 'C:/Users/cihem/CPRE-488-Labs/MP-2/sw/MP2-TPG/Debug/MP2-TPG.elf' is downloaded to processor 'ps7_cortexa9_0'.
18:40:17 INFO  : 'configparams force-mem-access 0' command is executed.
18:40:17 INFO  : ----------------XSDB Script----------------
connect -url tcp:127.0.0.1:3121
targets -set -nocase -filter {name =~"APU*"}
rst -system
after 3000
targets -set -filter {jtag_cable_name =~ "Digilent Zed 210248525658" && level==0 && jtag_device_ctx=="jsn-Zed-210248525658-23727093-0"}
fpga -file C:/Users/cihem/CPRE-488-Labs/MP-2/sw/MP2-TPG/_ide/bitstream/system_wrapper.bit
targets -set -nocase -filter {name =~"APU*"}
loadhw -hw C:/Users/cihem/CPRE-488-Labs/MP-2/sw/TPG/export/TPG/hw/system_wrapper.xsa -mem-ranges [list {0x40000000 0xbfffffff}] -regs
configparams force-mem-access 1
targets -set -nocase -filter {name =~"APU*"}
source C:/Users/cihem/CPRE-488-Labs/MP-2/sw/MP2-TPG/_ide/psinit/ps7_init.tcl
ps7_init
ps7_post_config
targets -set -nocase -filter {name =~ "*A9*#0"}
dow C:/Users/cihem/CPRE-488-Labs/MP-2/sw/MP2-TPG/Debug/MP2-TPG.elf
configparams force-mem-access 0
----------------End of Script----------------

18:40:17 INFO  : Context for processor 'ps7_cortexa9_0' is selected.
18:40:17 INFO  : 'con' command is executed.
18:40:17 INFO  : ----------------XSDB Script (After Launch)----------------
targets -set -nocase -filter {name =~ "*A9*#0"}
con
----------------End of Script----------------

18:40:17 INFO  : Launch script is exported to file 'C:\Users\cihem\CPRE-488-Labs\MP-2\sw\.sdk\launch_scripts\single_application_debug\debugger_mp2-tpg-default.tcl'
18:40:35 INFO  : Disconnected from the channel tcfchan#28.
18:40:36 INFO  : Connected to target on host '127.0.0.1' and port '3121'.
18:40:36 INFO  : Jtag cable 'Digilent Zed 210248525658' is selected.
18:40:36 INFO  : 'jtag frequency' command is executed.
18:40:36 INFO  : Context for 'APU' is selected.
18:40:37 INFO  : System reset is completed.
18:40:40 INFO  : 'after 3000' command is executed.
18:40:40 INFO  : 'targets -set -filter {jtag_cable_name =~ "Digilent Zed 210248525658" && level==0 && jtag_device_ctx=="jsn-Zed-210248525658-23727093-0"}' command is executed.
18:40:42 INFO  : FPGA configured successfully with bitstream "C:/Users/cihem/CPRE-488-Labs/MP-2/sw/MP2-TPG/_ide/bitstream/system_wrapper.bit"
18:40:42 INFO  : Context for 'APU' is selected.
18:40:42 INFO  : Hardware design and registers information is loaded from 'C:/Users/cihem/CPRE-488-Labs/MP-2/sw/TPG/export/TPG/hw/system_wrapper.xsa'.
18:40:42 INFO  : 'configparams force-mem-access 1' command is executed.
18:40:42 INFO  : Context for 'APU' is selected.
18:40:42 INFO  : Sourcing of 'C:/Users/cihem/CPRE-488-Labs/MP-2/sw/MP2-TPG/_ide/psinit/ps7_init.tcl' is done.
18:40:42 INFO  : 'ps7_init' command is executed.
18:40:42 INFO  : 'ps7_post_config' command is executed.
18:40:42 INFO  : Context for processor 'ps7_cortexa9_0' is selected.
18:40:43 INFO  : The application 'C:/Users/cihem/CPRE-488-Labs/MP-2/sw/MP2-TPG/Debug/MP2-TPG.elf' is downloaded to processor 'ps7_cortexa9_0'.
18:40:43 INFO  : 'configparams force-mem-access 0' command is executed.
18:40:43 INFO  : ----------------XSDB Script----------------
connect -url tcp:127.0.0.1:3121
targets -set -nocase -filter {name =~"APU*"}
rst -system
after 3000
targets -set -filter {jtag_cable_name =~ "Digilent Zed 210248525658" && level==0 && jtag_device_ctx=="jsn-Zed-210248525658-23727093-0"}
fpga -file C:/Users/cihem/CPRE-488-Labs/MP-2/sw/MP2-TPG/_ide/bitstream/system_wrapper.bit
targets -set -nocase -filter {name =~"APU*"}
loadhw -hw C:/Users/cihem/CPRE-488-Labs/MP-2/sw/TPG/export/TPG/hw/system_wrapper.xsa -mem-ranges [list {0x40000000 0xbfffffff}] -regs
configparams force-mem-access 1
targets -set -nocase -filter {name =~"APU*"}
source C:/Users/cihem/CPRE-488-Labs/MP-2/sw/MP2-TPG/_ide/psinit/ps7_init.tcl
ps7_init
ps7_post_config
targets -set -nocase -filter {name =~ "*A9*#0"}
dow C:/Users/cihem/CPRE-488-Labs/MP-2/sw/MP2-TPG/Debug/MP2-TPG.elf
configparams force-mem-access 0
----------------End of Script----------------

18:40:43 INFO  : Context for processor 'ps7_cortexa9_0' is selected.
18:40:43 INFO  : 'con' command is executed.
18:40:43 INFO  : ----------------XSDB Script (After Launch)----------------
targets -set -nocase -filter {name =~ "*A9*#0"}
con
----------------End of Script----------------

18:40:43 INFO  : Launch script is exported to file 'C:\Users\cihem\CPRE-488-Labs\MP-2\sw\.sdk\launch_scripts\single_application_debug\debugger_mp2-tpg-default.tcl'
18:45:28 INFO  : Disconnected from the channel tcfchan#29.
18:45:34 INFO  : Checking for BSP changes to sync application flags for project 'MP2-TPG'...
18:45:46 INFO  : Connected to target on host '127.0.0.1' and port '3121'.
18:45:46 INFO  : Jtag cable 'Digilent Zed 210248525658' is selected.
18:45:46 INFO  : 'jtag frequency' command is executed.
18:45:46 INFO  : Context for 'APU' is selected.
18:45:46 INFO  : System reset is completed.
18:45:49 INFO  : 'after 3000' command is executed.
18:45:49 INFO  : 'targets -set -filter {jtag_cable_name =~ "Digilent Zed 210248525658" && level==0 && jtag_device_ctx=="jsn-Zed-210248525658-23727093-0"}' command is executed.
18:45:52 INFO  : FPGA configured successfully with bitstream "C:/Users/cihem/CPRE-488-Labs/MP-2/sw/MP2-TPG/_ide/bitstream/system_wrapper.bit"
18:45:52 INFO  : Context for 'APU' is selected.
18:45:52 INFO  : Hardware design and registers information is loaded from 'C:/Users/cihem/CPRE-488-Labs/MP-2/sw/TPG/export/TPG/hw/system_wrapper.xsa'.
18:45:52 INFO  : 'configparams force-mem-access 1' command is executed.
18:45:52 INFO  : Context for 'APU' is selected.
18:45:52 INFO  : Sourcing of 'C:/Users/cihem/CPRE-488-Labs/MP-2/sw/MP2-TPG/_ide/psinit/ps7_init.tcl' is done.
18:45:52 INFO  : 'ps7_init' command is executed.
18:45:52 INFO  : 'ps7_post_config' command is executed.
18:45:52 INFO  : Context for processor 'ps7_cortexa9_0' is selected.
18:45:53 INFO  : The application 'C:/Users/cihem/CPRE-488-Labs/MP-2/sw/MP2-TPG/Debug/MP2-TPG.elf' is downloaded to processor 'ps7_cortexa9_0'.
18:45:53 INFO  : 'configparams force-mem-access 0' command is executed.
18:45:53 INFO  : ----------------XSDB Script----------------
connect -url tcp:127.0.0.1:3121
targets -set -nocase -filter {name =~"APU*"}
rst -system
after 3000
targets -set -filter {jtag_cable_name =~ "Digilent Zed 210248525658" && level==0 && jtag_device_ctx=="jsn-Zed-210248525658-23727093-0"}
fpga -file C:/Users/cihem/CPRE-488-Labs/MP-2/sw/MP2-TPG/_ide/bitstream/system_wrapper.bit
targets -set -nocase -filter {name =~"APU*"}
loadhw -hw C:/Users/cihem/CPRE-488-Labs/MP-2/sw/TPG/export/TPG/hw/system_wrapper.xsa -mem-ranges [list {0x40000000 0xbfffffff}] -regs
configparams force-mem-access 1
targets -set -nocase -filter {name =~"APU*"}
source C:/Users/cihem/CPRE-488-Labs/MP-2/sw/MP2-TPG/_ide/psinit/ps7_init.tcl
ps7_init
ps7_post_config
targets -set -nocase -filter {name =~ "*A9*#0"}
dow C:/Users/cihem/CPRE-488-Labs/MP-2/sw/MP2-TPG/Debug/MP2-TPG.elf
configparams force-mem-access 0
----------------End of Script----------------

18:45:53 INFO  : Context for processor 'ps7_cortexa9_0' is selected.
18:45:53 INFO  : 'con' command is executed.
18:45:53 INFO  : ----------------XSDB Script (After Launch)----------------
targets -set -nocase -filter {name =~ "*A9*#0"}
con
----------------End of Script----------------

18:45:53 INFO  : Launch script is exported to file 'C:\Users\cihem\CPRE-488-Labs\MP-2\sw\.sdk\launch_scripts\single_application_debug\debugger_mp2-tpg-default.tcl'
18:46:10 INFO  : Disconnected from the channel tcfchan#31.
18:46:11 INFO  : Connected to target on host '127.0.0.1' and port '3121'.
18:46:11 INFO  : Jtag cable 'Digilent Zed 210248525658' is selected.
18:46:11 INFO  : 'jtag frequency' command is executed.
18:46:11 INFO  : Context for 'APU' is selected.
18:46:11 INFO  : System reset is completed.
18:46:14 INFO  : 'after 3000' command is executed.
18:46:14 INFO  : 'targets -set -filter {jtag_cable_name =~ "Digilent Zed 210248525658" && level==0 && jtag_device_ctx=="jsn-Zed-210248525658-23727093-0"}' command is executed.
18:46:16 INFO  : FPGA configured successfully with bitstream "C:/Users/cihem/CPRE-488-Labs/MP-2/sw/MP2-TPG/_ide/bitstream/system_wrapper.bit"
18:46:16 INFO  : Context for 'APU' is selected.
18:46:16 INFO  : Hardware design and registers information is loaded from 'C:/Users/cihem/CPRE-488-Labs/MP-2/sw/TPG/export/TPG/hw/system_wrapper.xsa'.
18:46:16 INFO  : 'configparams force-mem-access 1' command is executed.
18:46:16 INFO  : Context for 'APU' is selected.
18:46:16 INFO  : Sourcing of 'C:/Users/cihem/CPRE-488-Labs/MP-2/sw/MP2-TPG/_ide/psinit/ps7_init.tcl' is done.
18:46:16 INFO  : 'ps7_init' command is executed.
18:46:16 INFO  : 'ps7_post_config' command is executed.
18:46:16 INFO  : Context for processor 'ps7_cortexa9_0' is selected.
18:46:17 INFO  : The application 'C:/Users/cihem/CPRE-488-Labs/MP-2/sw/MP2-TPG/Debug/MP2-TPG.elf' is downloaded to processor 'ps7_cortexa9_0'.
18:46:17 INFO  : 'configparams force-mem-access 0' command is executed.
18:46:17 INFO  : ----------------XSDB Script----------------
connect -url tcp:127.0.0.1:3121
targets -set -nocase -filter {name =~"APU*"}
rst -system
after 3000
targets -set -filter {jtag_cable_name =~ "Digilent Zed 210248525658" && level==0 && jtag_device_ctx=="jsn-Zed-210248525658-23727093-0"}
fpga -file C:/Users/cihem/CPRE-488-Labs/MP-2/sw/MP2-TPG/_ide/bitstream/system_wrapper.bit
targets -set -nocase -filter {name =~"APU*"}
loadhw -hw C:/Users/cihem/CPRE-488-Labs/MP-2/sw/TPG/export/TPG/hw/system_wrapper.xsa -mem-ranges [list {0x40000000 0xbfffffff}] -regs
configparams force-mem-access 1
targets -set -nocase -filter {name =~"APU*"}
source C:/Users/cihem/CPRE-488-Labs/MP-2/sw/MP2-TPG/_ide/psinit/ps7_init.tcl
ps7_init
ps7_post_config
targets -set -nocase -filter {name =~ "*A9*#0"}
dow C:/Users/cihem/CPRE-488-Labs/MP-2/sw/MP2-TPG/Debug/MP2-TPG.elf
configparams force-mem-access 0
----------------End of Script----------------

18:46:17 INFO  : Context for processor 'ps7_cortexa9_0' is selected.
18:46:17 INFO  : 'con' command is executed.
18:46:17 INFO  : ----------------XSDB Script (After Launch)----------------
targets -set -nocase -filter {name =~ "*A9*#0"}
con
----------------End of Script----------------

18:46:17 INFO  : Launch script is exported to file 'C:\Users\cihem\CPRE-488-Labs\MP-2\sw\.sdk\launch_scripts\single_application_debug\debugger_mp2-tpg-default.tcl'
18:47:05 INFO  : Checking for BSP changes to sync application flags for project 'MP2-TPG'...
18:47:16 INFO  : Disconnected from the channel tcfchan#32.
18:47:17 INFO  : Connected to target on host '127.0.0.1' and port '3121'.
18:47:17 INFO  : Jtag cable 'Digilent Zed 210248525658' is selected.
18:47:17 INFO  : 'jtag frequency' command is executed.
18:47:17 INFO  : Context for 'APU' is selected.
18:47:17 INFO  : System reset is completed.
18:47:20 INFO  : 'after 3000' command is executed.
18:47:20 INFO  : 'targets -set -filter {jtag_cable_name =~ "Digilent Zed 210248525658" && level==0 && jtag_device_ctx=="jsn-Zed-210248525658-23727093-0"}' command is executed.
18:47:22 INFO  : FPGA configured successfully with bitstream "C:/Users/cihem/CPRE-488-Labs/MP-2/sw/MP2-TPG/_ide/bitstream/system_wrapper.bit"
18:47:22 INFO  : Context for 'APU' is selected.
18:47:22 INFO  : Hardware design and registers information is loaded from 'C:/Users/cihem/CPRE-488-Labs/MP-2/sw/TPG/export/TPG/hw/system_wrapper.xsa'.
18:47:22 INFO  : 'configparams force-mem-access 1' command is executed.
18:47:22 INFO  : Context for 'APU' is selected.
18:47:22 INFO  : Sourcing of 'C:/Users/cihem/CPRE-488-Labs/MP-2/sw/MP2-TPG/_ide/psinit/ps7_init.tcl' is done.
18:47:22 INFO  : 'ps7_init' command is executed.
18:47:22 INFO  : 'ps7_post_config' command is executed.
18:47:22 INFO  : Context for processor 'ps7_cortexa9_0' is selected.
18:47:23 INFO  : The application 'C:/Users/cihem/CPRE-488-Labs/MP-2/sw/MP2-TPG/Debug/MP2-TPG.elf' is downloaded to processor 'ps7_cortexa9_0'.
18:47:23 INFO  : 'configparams force-mem-access 0' command is executed.
18:47:23 INFO  : ----------------XSDB Script----------------
connect -url tcp:127.0.0.1:3121
targets -set -nocase -filter {name =~"APU*"}
rst -system
after 3000
targets -set -filter {jtag_cable_name =~ "Digilent Zed 210248525658" && level==0 && jtag_device_ctx=="jsn-Zed-210248525658-23727093-0"}
fpga -file C:/Users/cihem/CPRE-488-Labs/MP-2/sw/MP2-TPG/_ide/bitstream/system_wrapper.bit
targets -set -nocase -filter {name =~"APU*"}
loadhw -hw C:/Users/cihem/CPRE-488-Labs/MP-2/sw/TPG/export/TPG/hw/system_wrapper.xsa -mem-ranges [list {0x40000000 0xbfffffff}] -regs
configparams force-mem-access 1
targets -set -nocase -filter {name =~"APU*"}
source C:/Users/cihem/CPRE-488-Labs/MP-2/sw/MP2-TPG/_ide/psinit/ps7_init.tcl
ps7_init
ps7_post_config
targets -set -nocase -filter {name =~ "*A9*#0"}
dow C:/Users/cihem/CPRE-488-Labs/MP-2/sw/MP2-TPG/Debug/MP2-TPG.elf
configparams force-mem-access 0
----------------End of Script----------------

18:47:24 INFO  : Context for processor 'ps7_cortexa9_0' is selected.
18:47:24 INFO  : 'con' command is executed.
18:47:24 INFO  : ----------------XSDB Script (After Launch)----------------
targets -set -nocase -filter {name =~ "*A9*#0"}
con
----------------End of Script----------------

18:47:24 INFO  : Launch script is exported to file 'C:\Users\cihem\CPRE-488-Labs\MP-2\sw\.sdk\launch_scripts\single_application_debug\debugger_mp2-tpg-default.tcl'
18:47:37 INFO  : Disconnected from the channel tcfchan#34.
18:47:38 INFO  : Connected to target on host '127.0.0.1' and port '3121'.
18:47:38 INFO  : Jtag cable 'Digilent Zed 210248525658' is selected.
18:47:38 INFO  : 'jtag frequency' command is executed.
18:47:38 INFO  : Context for 'APU' is selected.
18:47:38 INFO  : System reset is completed.
18:47:41 INFO  : 'after 3000' command is executed.
18:47:41 INFO  : 'targets -set -filter {jtag_cable_name =~ "Digilent Zed 210248525658" && level==0 && jtag_device_ctx=="jsn-Zed-210248525658-23727093-0"}' command is executed.
18:47:44 INFO  : FPGA configured successfully with bitstream "C:/Users/cihem/CPRE-488-Labs/MP-2/sw/MP2-TPG/_ide/bitstream/system_wrapper.bit"
18:47:44 INFO  : Context for 'APU' is selected.
18:47:44 INFO  : Hardware design and registers information is loaded from 'C:/Users/cihem/CPRE-488-Labs/MP-2/sw/TPG/export/TPG/hw/system_wrapper.xsa'.
18:47:44 INFO  : 'configparams force-mem-access 1' command is executed.
18:47:44 INFO  : Context for 'APU' is selected.
18:47:44 INFO  : Sourcing of 'C:/Users/cihem/CPRE-488-Labs/MP-2/sw/MP2-TPG/_ide/psinit/ps7_init.tcl' is done.
18:47:44 INFO  : 'ps7_init' command is executed.
18:47:44 INFO  : 'ps7_post_config' command is executed.
18:47:44 INFO  : Context for processor 'ps7_cortexa9_0' is selected.
18:47:45 INFO  : The application 'C:/Users/cihem/CPRE-488-Labs/MP-2/sw/MP2-TPG/Debug/MP2-TPG.elf' is downloaded to processor 'ps7_cortexa9_0'.
18:47:45 INFO  : 'configparams force-mem-access 0' command is executed.
18:47:45 INFO  : ----------------XSDB Script----------------
connect -url tcp:127.0.0.1:3121
targets -set -nocase -filter {name =~"APU*"}
rst -system
after 3000
targets -set -filter {jtag_cable_name =~ "Digilent Zed 210248525658" && level==0 && jtag_device_ctx=="jsn-Zed-210248525658-23727093-0"}
fpga -file C:/Users/cihem/CPRE-488-Labs/MP-2/sw/MP2-TPG/_ide/bitstream/system_wrapper.bit
targets -set -nocase -filter {name =~"APU*"}
loadhw -hw C:/Users/cihem/CPRE-488-Labs/MP-2/sw/TPG/export/TPG/hw/system_wrapper.xsa -mem-ranges [list {0x40000000 0xbfffffff}] -regs
configparams force-mem-access 1
targets -set -nocase -filter {name =~"APU*"}
source C:/Users/cihem/CPRE-488-Labs/MP-2/sw/MP2-TPG/_ide/psinit/ps7_init.tcl
ps7_init
ps7_post_config
targets -set -nocase -filter {name =~ "*A9*#0"}
dow C:/Users/cihem/CPRE-488-Labs/MP-2/sw/MP2-TPG/Debug/MP2-TPG.elf
configparams force-mem-access 0
----------------End of Script----------------

18:47:45 INFO  : Context for processor 'ps7_cortexa9_0' is selected.
18:47:45 INFO  : 'con' command is executed.
18:47:45 INFO  : ----------------XSDB Script (After Launch)----------------
targets -set -nocase -filter {name =~ "*A9*#0"}
con
----------------End of Script----------------

18:47:45 INFO  : Launch script is exported to file 'C:\Users\cihem\CPRE-488-Labs\MP-2\sw\.sdk\launch_scripts\single_application_debug\debugger_mp2-tpg-default.tcl'
18:49:54 INFO  : Hardware specification for platform project 'TPG' is updated.
18:50:06 INFO  : Connected to target on host '127.0.0.1' and port '3121'.
18:50:06 INFO  : 'targets -set -filter {jtag_cable_name =~ "Digilent Zed 210248525658" && level==0 && jtag_device_ctx=="jsn-Zed-210248525658-23727093-0"}' command is executed.
18:50:09 INFO  : FPGA configured successfully with bitstream "C:/Users/cihem/CPRE-488-Labs/MP-2/sw/TPG/bitstream/system_wrapper.bit"
18:51:03 INFO  : Result from executing command 'getProjects': TPG
18:51:03 INFO  : Result from executing command 'getPlatforms': TPG|C:/Users/cihem/CPRE-488-Labs/MP-2/sw/TPG/export/TPG/TPG.xpfm
18:51:03 INFO  : Checking for BSP changes to sync application flags for project 'MP2-TPG'...
18:51:34 INFO  : Disconnected from the channel tcfchan#35.
18:51:35 INFO  : The hardware specfication used by project 'MP2-TPG' is out of sync with the platform. Resource files extracted from the hardware specfiication will be updated.
18:51:35 INFO  : The file 'C:\Users\cihem\CPRE-488-Labs\MP-2\sw\MP2-TPG\_ide\bitstream\system_wrapper.bit' stored in project is removed.
18:51:35 INFO  : The updated bitstream files are copied from platform to folder 'C:\Users\cihem\CPRE-488-Labs\MP-2\sw\MP2-TPG\_ide\bitstream' in project 'MP2-TPG'.
18:51:35 INFO  : The file 'C:\Users\cihem\CPRE-488-Labs\MP-2\sw\MP2-TPG\_ide\psinit\ps7_init.tcl' stored in project is removed.
18:51:37 INFO  : The updated ps init files are copied from platform to folder 'C:\Users\cihem\CPRE-488-Labs\MP-2\sw\MP2-TPG\_ide\psinit' in project 'MP2-TPG'.
