Nothing to build in platform 'design_1_wrapper'

23:04:29 **** Incremental Build of configuration Debug for project test2 ****
make all 
make --no-print-directory pre-build
a9-linaro-pre-build-step
' '
make --no-print-directory main-build
'Building file: ../src/vga_test.c'
'Invoking: ARM v7 gcc compiler'
arm-none-eabi-gcc -Wall -O0 -g3 -c -fmessage-length=0 -MT"src/vga_test.o" -mcpu=cortex-a9 -mfpu=vfpv3 -mfloat-abi=hard -IC:/Users/cihem/test/CPRE-488-Labs/MP-0/test2/design_1_wrapper/export/design_1_wrapper/sw/design_1_wrapper/domain_ps7_cortexa9_0/bspinclude/include -MMD -MP -MF"src/vga_test.d" -MT"src/vga_test.o" -o "src/vga_test.o" "../src/vga_test.c"
'Finished building: ../src/vga_test.c'
' '
'Building target: test2.elf'
'Invoking: ARM v7 gcc linker'
arm-none-eabi-gcc -mcpu=cortex-a9 -mfpu=vfpv3 -mfloat-abi=hard -Wl,-build-id=none -specs=Xilinx.spec -Wl,-T -Wl,../src/lscript.ld -LC:/Users/cihem/test/CPRE-488-Labs/MP-0/test2/design_1_wrapper/export/design_1_wrapper/sw/design_1_wrapper/domain_ps7_cortexa9_0/bsplib/lib -o "test2.elf"  ./src/platform.o ./src/vga_test.o   -Wl,--start-group,-lxil,-lgcc,-lc,--end-group
'Finished building target: test2.elf'
' '
'Invoking: ARM v7 Print Size'
arm-none-eabi-size test2.elf  |tee "test2.elf.size"
   text	   data	    bss	    dec	    hex	filename
  34408	   1152	 636984	 672544	  a4320	test2.elf
'Finished building: test2.elf.size'
' '
