11:50:49 **** Incremental Build of configuration Debug for project Zedboard-doublehell ****
make all 
make --no-print-directory pre-build
a9-linaro-pre-build-step
' '
make --no-print-directory main-build
'Building file: ../src/helloworld.c'
'Invoking: ARM v7 gcc compiler'
arm-none-eabi-gcc -Wall -O0 -g3 -c -fmessage-length=0 -MT"src/helloworld.o" -mcpu=cortex-a9 -mfpu=vfpv3 -mfloat-abi=hard -IC:/Users/cihem/488/CPRE-488-Labs/MP-0/MP-0-vitisCDrive/design_1_wrapper/export/design_1_wrapper/sw/design_1_wrapper/domain_ps7_cortexa9_0/bspinclude/include -MMD -MP -MF"src/helloworld.d" -MT"src/helloworld.o" -o "src/helloworld.o" "../src/helloworld.c"
'Finished building: ../src/helloworld.c'
' '
'Building target: Zedboard-doublehell.elf'
'Invoking: ARM v7 gcc linker'
arm-none-eabi-gcc -mcpu=cortex-a9 -mfpu=vfpv3 -mfloat-abi=hard -Wl,-build-id=none -specs=Xilinx.spec -Wl,-T -Wl,../src/lscript.ld -LC:/Users/cihem/488/CPRE-488-Labs/MP-0/MP-0-vitisCDrive/design_1_wrapper/export/design_1_wrapper/sw/design_1_wrapper/domain_ps7_cortexa9_0/bsplib/lib -o "Zedboard-doublehell.elf"  ./src/helloworld.o ./src/platform.o   -Wl,--start-group,-lxil,-lgcc,-lc,--end-group
'Finished building target: Zedboard-doublehell.elf'
' '
'Invoking: ARM v7 Print Size'
arm-none-eabi-size Zedboard-doublehell.elf  |tee "Zedboard-doublehell.elf.size"
   text	   data	    bss	    dec	    hex	filename
  41840	   2548	  22640	  67028	  105d4	Zedboard-doublehell.elf
'Finished building: Zedboard-doublehell.elf.size'
' '

11:50:49 Build Finished (took 663ms)

