
*** Running vivado
    with args -log design_1_axi_ppm4_0_0.vds -m64 -product Vivado -mode batch -messageDb vivado.pb -notrace -source design_1_axi_ppm4_0_0.tcl



****** Vivado v2020.1 (64-bit)
  **** SW Build 2902540 on Wed May 27 19:54:49 MDT 2020
  **** IP Build 2902112 on Wed May 27 22:43:36 MDT 2020
    ** Copyright 1986-2020 Xilinx, Inc. All Rights Reserved.

source design_1_axi_ppm4_0_0.tcl -notrace
INFO: [IP_Flow 19-234] Refreshing IP repositories
INFO: [IP_Flow 19-1700] Loaded user IP repository 'c:/Users/diepw50/CPRE-488-Labs/MP-1/hw/ip_repo/axi_ppm5_1.0'.
INFO: [IP_Flow 19-1700] Loaded user IP repository 'c:/Users/diepw50/CPRE-488-Labs/MP-1/hw/ip_repo/axi_ppm4_1.0'.
INFO: [IP_Flow 19-1700] Loaded user IP repository 'c:/Users/diepw50/CPRE-488-Labs/MP-1/hw/ip_repo/ppm3_1.0'.
INFO: [IP_Flow 19-1700] Loaded user IP repository 'c:/Users/diepw50/CPRE-488-Labs/MP-1/hw/ip_repo/ppm2_1.0'.
INFO: [IP_Flow 19-1700] Loaded user IP repository 'c:/Users/diepw50/CPRE-488-Labs/MP-1/hw/ip_repo/axi_ppm_1.0'.
INFO: [IP_Flow 19-2313] Loaded Vivado IP repository 'C:/Xilinx/Vivado/2020.1/data/ip'.
Command: synth_design -top design_1_axi_ppm4_0_0 -part xc7z020clg484-1 -mode out_of_context
Starting synth_design
Attempting to get a license for feature 'Synthesis' and/or device 'xc7z020'
INFO: [Common 17-349] Got license for feature 'Synthesis' and/or device 'xc7z020'
INFO: [Device 21-403] Loading part xc7z020clg484-1
INFO: [Synth 8-7079] Multithreading enabled for synth_design using a maximum of 2 processes.
INFO: [Synth 8-7078] Launching helper process for spawning children vivado processes
INFO: [Synth 8-7075] Helper process launched with PID 6356
---------------------------------------------------------------------------------
Starting RTL Elaboration : Time (s): cpu = 00:00:01 ; elapsed = 00:00:02 . Memory (MB): peak = 1013.562 ; gain = 0.000
---------------------------------------------------------------------------------
INFO: [Synth 8-638] synthesizing module 'design_1_axi_ppm4_0_0' [c:/Users/diepw50/CPRE-488-Labs/MP-1/hw/MP-1/MP-1.srcs/sources_1/bd/design_1/ip/design_1_axi_ppm4_0_0/synth/design_1_axi_ppm4_0_0.vhd:91]
	Parameter C_S00_AXI_DATA_WIDTH bound to: 32 - type: integer 
	Parameter C_S00_AXI_ADDR_WIDTH bound to: 6 - type: integer 
INFO: [Synth 8-3491] module 'axi_ppm4_v1_0' declared at 'c:/Users/diepw50/CPRE-488-Labs/MP-1/hw/MP-1/MP-1.srcs/sources_1/bd/design_1/ipshared/1baa/hdl/axi_ppm4_v1_0.vhd:5' bound to instance 'U0' of component 'axi_ppm4_v1_0' [c:/Users/diepw50/CPRE-488-Labs/MP-1/hw/MP-1/MP-1.srcs/sources_1/bd/design_1/ip/design_1_axi_ppm4_0_0/synth/design_1_axi_ppm4_0_0.vhd:164]
INFO: [Synth 8-638] synthesizing module 'axi_ppm4_v1_0' [c:/Users/diepw50/CPRE-488-Labs/MP-1/hw/MP-1/MP-1.srcs/sources_1/bd/design_1/ipshared/1baa/hdl/axi_ppm4_v1_0.vhd:64]
	Parameter C_S00_AXI_DATA_WIDTH bound to: 32 - type: integer 
	Parameter C_S00_AXI_ADDR_WIDTH bound to: 6 - type: integer 
	Parameter C_S_AXI_DATA_WIDTH bound to: 32 - type: integer 
	Parameter C_S_AXI_ADDR_WIDTH bound to: 6 - type: integer 
INFO: [Synth 8-3491] module 'axi_ppm4_v1_0_S00_AXI' declared at 'c:/Users/diepw50/CPRE-488-Labs/MP-1/hw/MP-1/MP-1.srcs/sources_1/bd/design_1/ipshared/1baa/hdl/axi_ppm4_v1_0_S00_AXI.vhd:5' bound to instance 'axi_ppm4_v1_0_S00_AXI_inst' of component 'axi_ppm4_v1_0_S00_AXI' [c:/Users/diepw50/CPRE-488-Labs/MP-1/hw/MP-1/MP-1.srcs/sources_1/bd/design_1/ipshared/1baa/hdl/axi_ppm4_v1_0.vhd:141]
INFO: [Synth 8-638] synthesizing module 'axi_ppm4_v1_0_S00_AXI' [c:/Users/diepw50/CPRE-488-Labs/MP-1/hw/MP-1/MP-1.srcs/sources_1/bd/design_1/ipshared/1baa/hdl/axi_ppm4_v1_0_S00_AXI.vhd:102]
	Parameter C_S_AXI_DATA_WIDTH bound to: 32 - type: integer 
	Parameter C_S_AXI_ADDR_WIDTH bound to: 6 - type: integer 
INFO: [Synth 8-226] default block is never used [c:/Users/diepw50/CPRE-488-Labs/MP-1/hw/MP-1/MP-1.srcs/sources_1/bd/design_1/ipshared/1baa/hdl/axi_ppm4_v1_0_S00_AXI.vhd:270]
INFO: [Synth 8-226] default block is never used [c:/Users/diepw50/CPRE-488-Labs/MP-1/hw/MP-1/MP-1.srcs/sources_1/bd/design_1/ipshared/1baa/hdl/axi_ppm4_v1_0_S00_AXI.vhd:508]
INFO: [Synth 8-256] done synthesizing module 'axi_ppm4_v1_0_S00_AXI' (1#1) [c:/Users/diepw50/CPRE-488-Labs/MP-1/hw/MP-1/MP-1.srcs/sources_1/bd/design_1/ipshared/1baa/hdl/axi_ppm4_v1_0_S00_AXI.vhd:102]
INFO: [Synth 8-256] done synthesizing module 'axi_ppm4_v1_0' (2#1) [c:/Users/diepw50/CPRE-488-Labs/MP-1/hw/MP-1/MP-1.srcs/sources_1/bd/design_1/ipshared/1baa/hdl/axi_ppm4_v1_0.vhd:64]
INFO: [Synth 8-256] done synthesizing module 'design_1_axi_ppm4_0_0' (3#1) [c:/Users/diepw50/CPRE-488-Labs/MP-1/hw/MP-1/MP-1.srcs/sources_1/bd/design_1/ip/design_1_axi_ppm4_0_0/synth/design_1_axi_ppm4_0_0.vhd:91]
---------------------------------------------------------------------------------
Finished RTL Elaboration : Time (s): cpu = 00:00:02 ; elapsed = 00:00:03 . Memory (MB): peak = 1013.562 ; gain = 0.000
---------------------------------------------------------------------------------
---------------------------------------------------------------------------------
Start Handling Custom Attributes
---------------------------------------------------------------------------------
---------------------------------------------------------------------------------
Finished Handling Custom Attributes : Time (s): cpu = 00:00:02 ; elapsed = 00:00:03 . Memory (MB): peak = 1013.562 ; gain = 0.000
---------------------------------------------------------------------------------
---------------------------------------------------------------------------------
Finished RTL Optimization Phase 1 : Time (s): cpu = 00:00:02 ; elapsed = 00:00:03 . Memory (MB): peak = 1013.562 ; gain = 0.000
---------------------------------------------------------------------------------
Netlist sorting complete. Time (s): cpu = 00:00:00 ; elapsed = 00:00:00.013 . Memory (MB): peak = 1013.562 ; gain = 0.000
INFO: [Project 1-570] Preparing netlist for logic optimization

Processing XDC Constraints
Initializing timing engine
Completed Processing XDC Constraints

Netlist sorting complete. Time (s): cpu = 00:00:00 ; elapsed = 00:00:00 . Memory (MB): peak = 1013.562 ; gain = 0.000
INFO: [Project 1-111] Unisim Transformation Summary:
No Unisim elements were transformed.

Constraint Validation Runtime : Time (s): cpu = 00:00:00 ; elapsed = 00:00:00.029 . Memory (MB): peak = 1013.562 ; gain = 0.000
---------------------------------------------------------------------------------
Finished Constraint Validation : Time (s): cpu = 00:00:05 ; elapsed = 00:00:06 . Memory (MB): peak = 1013.562 ; gain = 0.000
---------------------------------------------------------------------------------
---------------------------------------------------------------------------------
Start Loading Part and Timing Information
---------------------------------------------------------------------------------
Loading part: xc7z020clg484-1
---------------------------------------------------------------------------------
Finished Loading Part and Timing Information : Time (s): cpu = 00:00:05 ; elapsed = 00:00:06 . Memory (MB): peak = 1013.562 ; gain = 0.000
---------------------------------------------------------------------------------
---------------------------------------------------------------------------------
Start Applying 'set_property' XDC Constraints
---------------------------------------------------------------------------------
---------------------------------------------------------------------------------
Finished applying 'set_property' XDC Constraints : Time (s): cpu = 00:00:05 ; elapsed = 00:00:06 . Memory (MB): peak = 1013.562 ; gain = 0.000
---------------------------------------------------------------------------------
INFO: [Synth 8-802] inferred FSM for state register 'PS_reg' in module 'axi_ppm4_v1_0'
INFO: [Synth 8-802] inferred FSM for state register 'GenPS_reg' in module 'axi_ppm4_v1_0'
---------------------------------------------------------------------------------------------------
                   State |                     New Encoding |                Previous Encoding 
---------------------------------------------------------------------------------------------------
                    idle |                             0000 |                             0000
                  pulse1 |                             0001 |                             0001
                      c1 |                             0010 |                             1000
                  pulse2 |                             0011 |                             0010
                      c2 |                             0100 |                             1001
                  pulse3 |                             0101 |                             0011
                      c3 |                             0110 |                             1010
                  pulse4 |                             0111 |                             0100
                      c4 |                             1000 |                             1011
                  pulse5 |                             1001 |                             0101
                      c5 |                             1010 |                             1100
                  pulse6 |                             1011 |                             0110
                      c6 |                             1100 |                             1101
                  pulse7 |                             1101 |                             0111
---------------------------------------------------------------------------------------------------
INFO: [Synth 8-3354] encoded FSM with state register 'PS_reg' using encoding 'sequential' in module 'axi_ppm4_v1_0'
---------------------------------------------------------------------------------------------------
                   State |                     New Encoding |                Previous Encoding 
---------------------------------------------------------------------------------------------------
                    idle |                             0000 |                             0000
                  pulse1 |                             0001 |                             0001
                      c1 |                             0010 |                             1000
                  pulse2 |                             0011 |                             0010
                      c2 |                             0100 |                             1001
                  pulse3 |                             0101 |                             0011
                      c3 |                             0110 |                             1010
                  pulse4 |                             0111 |                             0100
                      c4 |                             1000 |                             1011
                  pulse5 |                             1001 |                             0101
                      c5 |                             1010 |                             1100
                  pulse6 |                             1011 |                             0110
                      c6 |                             1100 |                             1101
                  pulse7 |                             1101 |                             0111
---------------------------------------------------------------------------------------------------
INFO: [Synth 8-3354] encoded FSM with state register 'GenPS_reg' using encoding 'sequential' in module 'axi_ppm4_v1_0'
---------------------------------------------------------------------------------
Finished RTL Optimization Phase 2 : Time (s): cpu = 00:00:05 ; elapsed = 00:00:06 . Memory (MB): peak = 1013.562 ; gain = 0.000
---------------------------------------------------------------------------------
---------------------------------------------------------------------------------
Start RTL Component Statistics 
---------------------------------------------------------------------------------
Detailed RTL Component Info : 
+---Adders : 
	   2 Input   32 Bit       Adders := 1     
	   7 Input   32 Bit       Adders := 1     
+---Registers : 
	               32 Bit    Registers := 20    
	                6 Bit    Registers := 2     
	                2 Bit    Registers := 2     
	                1 Bit    Registers := 8     
+---Muxes : 
	   2 Input   32 Bit        Muxes := 19    
	  16 Input   32 Bit        Muxes := 16    
	   8 Input   32 Bit        Muxes := 1     
	   3 Input    4 Bit        Muxes := 11    
	   2 Input    4 Bit        Muxes := 41    
	  14 Input    4 Bit        Muxes := 5     
	  30 Input    4 Bit        Muxes := 1     
	   3 Input    3 Bit        Muxes := 11    
	   2 Input    3 Bit        Muxes := 2     
	  14 Input    3 Bit        Muxes := 1     
	   3 Input    2 Bit        Muxes := 2     
	   2 Input    1 Bit        Muxes := 7     
	  14 Input    1 Bit        Muxes := 2     
---------------------------------------------------------------------------------
Finished RTL Component Statistics 
---------------------------------------------------------------------------------
---------------------------------------------------------------------------------
Start Part Resource Summary
---------------------------------------------------------------------------------
Part Resources:
DSPs: 220 (col length:60)
BRAMs: 280 (col length: RAMB18 60 RAMB36 30)
---------------------------------------------------------------------------------
Finished Part Resource Summary
---------------------------------------------------------------------------------
---------------------------------------------------------------------------------
Start Cross Boundary and Area Optimization
---------------------------------------------------------------------------------
CRITICAL WARNING: [Synth 8-6859] multi-driven net on pin Q with 1st driver pin 'U0/s00_reg10_out_reg[31]/Q' [c:/Users/diepw50/CPRE-488-Labs/MP-1/hw/MP-1/MP-1.srcs/sources_1/bd/design_1/ipshared/1baa/hdl/axi_ppm4_v1_0.vhd:177]
CRITICAL WARNING: [Synth 8-6859] multi-driven net on pin Q with 2nd driver pin 'GND' [c:/Users/diepw50/CPRE-488-Labs/MP-1/hw/MP-1/MP-1.srcs/sources_1/bd/design_1/ipshared/1baa/hdl/axi_ppm4_v1_0.vhd:177]
CRITICAL WARNING: [Synth 8-6858] multi-driven net Q is connected to at least one constant driver which has been preserved, other driver is ignored [c:/Users/diepw50/CPRE-488-Labs/MP-1/hw/MP-1/MP-1.srcs/sources_1/bd/design_1/ipshared/1baa/hdl/axi_ppm4_v1_0.vhd:177]
CRITICAL WARNING: [Synth 8-6859] multi-driven net on pin Q with 1st driver pin 'U0/s00_reg10_out_reg[30]/Q' [c:/Users/diepw50/CPRE-488-Labs/MP-1/hw/MP-1/MP-1.srcs/sources_1/bd/design_1/ipshared/1baa/hdl/axi_ppm4_v1_0.vhd:177]
CRITICAL WARNING: [Synth 8-6859] multi-driven net on pin Q with 2nd driver pin 'GND' [c:/Users/diepw50/CPRE-488-Labs/MP-1/hw/MP-1/MP-1.srcs/sources_1/bd/design_1/ipshared/1baa/hdl/axi_ppm4_v1_0.vhd:177]
CRITICAL WARNING: [Synth 8-6858] multi-driven net Q is connected to at least one constant driver which has been preserved, other driver is ignored [c:/Users/diepw50/CPRE-488-Labs/MP-1/hw/MP-1/MP-1.srcs/sources_1/bd/design_1/ipshared/1baa/hdl/axi_ppm4_v1_0.vhd:177]
CRITICAL WARNING: [Synth 8-6859] multi-driven net on pin Q with 1st driver pin 'U0/s00_reg10_out_reg[29]/Q' [c:/Users/diepw50/CPRE-488-Labs/MP-1/hw/MP-1/MP-1.srcs/sources_1/bd/design_1/ipshared/1baa/hdl/axi_ppm4_v1_0.vhd:177]
CRITICAL WARNING: [Synth 8-6859] multi-driven net on pin Q with 2nd driver pin 'GND' [c:/Users/diepw50/CPRE-488-Labs/MP-1/hw/MP-1/MP-1.srcs/sources_1/bd/design_1/ipshared/1baa/hdl/axi_ppm4_v1_0.vhd:177]
CRITICAL WARNING: [Synth 8-6858] multi-driven net Q is connected to at least one constant driver which has been preserved, other driver is ignored [c:/Users/diepw50/CPRE-488-Labs/MP-1/hw/MP-1/MP-1.srcs/sources_1/bd/design_1/ipshared/1baa/hdl/axi_ppm4_v1_0.vhd:177]
CRITICAL WARNING: [Synth 8-6859] multi-driven net on pin Q with 1st driver pin 'U0/s00_reg10_out_reg[28]/Q' [c:/Users/diepw50/CPRE-488-Labs/MP-1/hw/MP-1/MP-1.srcs/sources_1/bd/design_1/ipshared/1baa/hdl/axi_ppm4_v1_0.vhd:177]
CRITICAL WARNING: [Synth 8-6859] multi-driven net on pin Q with 2nd driver pin 'GND' [c:/Users/diepw50/CPRE-488-Labs/MP-1/hw/MP-1/MP-1.srcs/sources_1/bd/design_1/ipshared/1baa/hdl/axi_ppm4_v1_0.vhd:177]
CRITICAL WARNING: [Synth 8-6858] multi-driven net Q is connected to at least one constant driver which has been preserved, other driver is ignored [c:/Users/diepw50/CPRE-488-Labs/MP-1/hw/MP-1/MP-1.srcs/sources_1/bd/design_1/ipshared/1baa/hdl/axi_ppm4_v1_0.vhd:177]
CRITICAL WARNING: [Synth 8-6859] multi-driven net on pin Q with 1st driver pin 'U0/s00_reg10_out_reg[27]/Q' [c:/Users/diepw50/CPRE-488-Labs/MP-1/hw/MP-1/MP-1.srcs/sources_1/bd/design_1/ipshared/1baa/hdl/axi_ppm4_v1_0.vhd:177]
CRITICAL WARNING: [Synth 8-6859] multi-driven net on pin Q with 2nd driver pin 'GND' [c:/Users/diepw50/CPRE-488-Labs/MP-1/hw/MP-1/MP-1.srcs/sources_1/bd/design_1/ipshared/1baa/hdl/axi_ppm4_v1_0.vhd:177]
CRITICAL WARNING: [Synth 8-6858] multi-driven net Q is connected to at least one constant driver which has been preserved, other driver is ignored [c:/Users/diepw50/CPRE-488-Labs/MP-1/hw/MP-1/MP-1.srcs/sources_1/bd/design_1/ipshared/1baa/hdl/axi_ppm4_v1_0.vhd:177]
CRITICAL WARNING: [Synth 8-6859] multi-driven net on pin Q with 1st driver pin 'U0/s00_reg10_out_reg[26]/Q' [c:/Users/diepw50/CPRE-488-Labs/MP-1/hw/MP-1/MP-1.srcs/sources_1/bd/design_1/ipshared/1baa/hdl/axi_ppm4_v1_0.vhd:177]
CRITICAL WARNING: [Synth 8-6859] multi-driven net on pin Q with 2nd driver pin 'GND' [c:/Users/diepw50/CPRE-488-Labs/MP-1/hw/MP-1/MP-1.srcs/sources_1/bd/design_1/ipshared/1baa/hdl/axi_ppm4_v1_0.vhd:177]
CRITICAL WARNING: [Synth 8-6858] multi-driven net Q is connected to at least one constant driver which has been preserved, other driver is ignored [c:/Users/diepw50/CPRE-488-Labs/MP-1/hw/MP-1/MP-1.srcs/sources_1/bd/design_1/ipshared/1baa/hdl/axi_ppm4_v1_0.vhd:177]
CRITICAL WARNING: [Synth 8-6859] multi-driven net on pin Q with 1st driver pin 'U0/s00_reg10_out_reg[25]/Q' [c:/Users/diepw50/CPRE-488-Labs/MP-1/hw/MP-1/MP-1.srcs/sources_1/bd/design_1/ipshared/1baa/hdl/axi_ppm4_v1_0.vhd:177]
CRITICAL WARNING: [Synth 8-6859] multi-driven net on pin Q with 2nd driver pin 'GND' [c:/Users/diepw50/CPRE-488-Labs/MP-1/hw/MP-1/MP-1.srcs/sources_1/bd/design_1/ipshared/1baa/hdl/axi_ppm4_v1_0.vhd:177]
CRITICAL WARNING: [Synth 8-6858] multi-driven net Q is connected to at least one constant driver which has been preserved, other driver is ignored [c:/Users/diepw50/CPRE-488-Labs/MP-1/hw/MP-1/MP-1.srcs/sources_1/bd/design_1/ipshared/1baa/hdl/axi_ppm4_v1_0.vhd:177]
CRITICAL WARNING: [Synth 8-6859] multi-driven net on pin Q with 1st driver pin 'U0/s00_reg10_out_reg[24]/Q' [c:/Users/diepw50/CPRE-488-Labs/MP-1/hw/MP-1/MP-1.srcs/sources_1/bd/design_1/ipshared/1baa/hdl/axi_ppm4_v1_0.vhd:177]
CRITICAL WARNING: [Synth 8-6859] multi-driven net on pin Q with 2nd driver pin 'GND' [c:/Users/diepw50/CPRE-488-Labs/MP-1/hw/MP-1/MP-1.srcs/sources_1/bd/design_1/ipshared/1baa/hdl/axi_ppm4_v1_0.vhd:177]
CRITICAL WARNING: [Synth 8-6858] multi-driven net Q is connected to at least one constant driver which has been preserved, other driver is ignored [c:/Users/diepw50/CPRE-488-Labs/MP-1/hw/MP-1/MP-1.srcs/sources_1/bd/design_1/ipshared/1baa/hdl/axi_ppm4_v1_0.vhd:177]
CRITICAL WARNING: [Synth 8-6859] multi-driven net on pin Q with 1st driver pin 'U0/s00_reg10_out_reg[23]/Q' [c:/Users/diepw50/CPRE-488-Labs/MP-1/hw/MP-1/MP-1.srcs/sources_1/bd/design_1/ipshared/1baa/hdl/axi_ppm4_v1_0.vhd:177]
CRITICAL WARNING: [Synth 8-6859] multi-driven net on pin Q with 2nd driver pin 'GND' [c:/Users/diepw50/CPRE-488-Labs/MP-1/hw/MP-1/MP-1.srcs/sources_1/bd/design_1/ipshared/1baa/hdl/axi_ppm4_v1_0.vhd:177]
CRITICAL WARNING: [Synth 8-6858] multi-driven net Q is connected to at least one constant driver which has been preserved, other driver is ignored [c:/Users/diepw50/CPRE-488-Labs/MP-1/hw/MP-1/MP-1.srcs/sources_1/bd/design_1/ipshared/1baa/hdl/axi_ppm4_v1_0.vhd:177]
CRITICAL WARNING: [Synth 8-6859] multi-driven net on pin Q with 1st driver pin 'U0/s00_reg10_out_reg[22]/Q' [c:/Users/diepw50/CPRE-488-Labs/MP-1/hw/MP-1/MP-1.srcs/sources_1/bd/design_1/ipshared/1baa/hdl/axi_ppm4_v1_0.vhd:177]
CRITICAL WARNING: [Synth 8-6859] multi-driven net on pin Q with 2nd driver pin 'GND' [c:/Users/diepw50/CPRE-488-Labs/MP-1/hw/MP-1/MP-1.srcs/sources_1/bd/design_1/ipshared/1baa/hdl/axi_ppm4_v1_0.vhd:177]
CRITICAL WARNING: [Synth 8-6858] multi-driven net Q is connected to at least one constant driver which has been preserved, other driver is ignored [c:/Users/diepw50/CPRE-488-Labs/MP-1/hw/MP-1/MP-1.srcs/sources_1/bd/design_1/ipshared/1baa/hdl/axi_ppm4_v1_0.vhd:177]
CRITICAL WARNING: [Synth 8-6859] multi-driven net on pin Q with 1st driver pin 'U0/s00_reg10_out_reg[21]/Q' [c:/Users/diepw50/CPRE-488-Labs/MP-1/hw/MP-1/MP-1.srcs/sources_1/bd/design_1/ipshared/1baa/hdl/axi_ppm4_v1_0.vhd:177]
CRITICAL WARNING: [Synth 8-6859] multi-driven net on pin Q with 2nd driver pin 'GND' [c:/Users/diepw50/CPRE-488-Labs/MP-1/hw/MP-1/MP-1.srcs/sources_1/bd/design_1/ipshared/1baa/hdl/axi_ppm4_v1_0.vhd:177]
CRITICAL WARNING: [Synth 8-6858] multi-driven net Q is connected to at least one constant driver which has been preserved, other driver is ignored [c:/Users/diepw50/CPRE-488-Labs/MP-1/hw/MP-1/MP-1.srcs/sources_1/bd/design_1/ipshared/1baa/hdl/axi_ppm4_v1_0.vhd:177]
CRITICAL WARNING: [Synth 8-6859] multi-driven net on pin Q with 1st driver pin 'U0/s00_reg10_out_reg[20]/Q' [c:/Users/diepw50/CPRE-488-Labs/MP-1/hw/MP-1/MP-1.srcs/sources_1/bd/design_1/ipshared/1baa/hdl/axi_ppm4_v1_0.vhd:177]
CRITICAL WARNING: [Synth 8-6859] multi-driven net on pin Q with 2nd driver pin 'GND' [c:/Users/diepw50/CPRE-488-Labs/MP-1/hw/MP-1/MP-1.srcs/sources_1/bd/design_1/ipshared/1baa/hdl/axi_ppm4_v1_0.vhd:177]
CRITICAL WARNING: [Synth 8-6858] multi-driven net Q is connected to at least one constant driver which has been preserved, other driver is ignored [c:/Users/diepw50/CPRE-488-Labs/MP-1/hw/MP-1/MP-1.srcs/sources_1/bd/design_1/ipshared/1baa/hdl/axi_ppm4_v1_0.vhd:177]
CRITICAL WARNING: [Synth 8-6859] multi-driven net on pin Q with 1st driver pin 'U0/s00_reg10_out_reg[19]/Q' [c:/Users/diepw50/CPRE-488-Labs/MP-1/hw/MP-1/MP-1.srcs/sources_1/bd/design_1/ipshared/1baa/hdl/axi_ppm4_v1_0.vhd:177]
CRITICAL WARNING: [Synth 8-6859] multi-driven net on pin Q with 2nd driver pin 'GND' [c:/Users/diepw50/CPRE-488-Labs/MP-1/hw/MP-1/MP-1.srcs/sources_1/bd/design_1/ipshared/1baa/hdl/axi_ppm4_v1_0.vhd:177]
CRITICAL WARNING: [Synth 8-6858] multi-driven net Q is connected to at least one constant driver which has been preserved, other driver is ignored [c:/Users/diepw50/CPRE-488-Labs/MP-1/hw/MP-1/MP-1.srcs/sources_1/bd/design_1/ipshared/1baa/hdl/axi_ppm4_v1_0.vhd:177]
CRITICAL WARNING: [Synth 8-6859] multi-driven net on pin Q with 1st driver pin 'U0/s00_reg10_out_reg[18]/Q' [c:/Users/diepw50/CPRE-488-Labs/MP-1/hw/MP-1/MP-1.srcs/sources_1/bd/design_1/ipshared/1baa/hdl/axi_ppm4_v1_0.vhd:177]
CRITICAL WARNING: [Synth 8-6859] multi-driven net on pin Q with 2nd driver pin 'GND' [c:/Users/diepw50/CPRE-488-Labs/MP-1/hw/MP-1/MP-1.srcs/sources_1/bd/design_1/ipshared/1baa/hdl/axi_ppm4_v1_0.vhd:177]
CRITICAL WARNING: [Synth 8-6858] multi-driven net Q is connected to at least one constant driver which has been preserved, other driver is ignored [c:/Users/diepw50/CPRE-488-Labs/MP-1/hw/MP-1/MP-1.srcs/sources_1/bd/design_1/ipshared/1baa/hdl/axi_ppm4_v1_0.vhd:177]
CRITICAL WARNING: [Synth 8-6859] multi-driven net on pin Q with 1st driver pin 'U0/s00_reg10_out_reg[17]/Q' [c:/Users/diepw50/CPRE-488-Labs/MP-1/hw/MP-1/MP-1.srcs/sources_1/bd/design_1/ipshared/1baa/hdl/axi_ppm4_v1_0.vhd:177]
CRITICAL WARNING: [Synth 8-6859] multi-driven net on pin Q with 2nd driver pin 'GND' [c:/Users/diepw50/CPRE-488-Labs/MP-1/hw/MP-1/MP-1.srcs/sources_1/bd/design_1/ipshared/1baa/hdl/axi_ppm4_v1_0.vhd:177]
CRITICAL WARNING: [Synth 8-6858] multi-driven net Q is connected to at least one constant driver which has been preserved, other driver is ignored [c:/Users/diepw50/CPRE-488-Labs/MP-1/hw/MP-1/MP-1.srcs/sources_1/bd/design_1/ipshared/1baa/hdl/axi_ppm4_v1_0.vhd:177]
CRITICAL WARNING: [Synth 8-6859] multi-driven net on pin Q with 1st driver pin 'U0/s00_reg10_out_reg[16]/Q' [c:/Users/diepw50/CPRE-488-Labs/MP-1/hw/MP-1/MP-1.srcs/sources_1/bd/design_1/ipshared/1baa/hdl/axi_ppm4_v1_0.vhd:177]
CRITICAL WARNING: [Synth 8-6859] multi-driven net on pin Q with 2nd driver pin 'GND' [c:/Users/diepw50/CPRE-488-Labs/MP-1/hw/MP-1/MP-1.srcs/sources_1/bd/design_1/ipshared/1baa/hdl/axi_ppm4_v1_0.vhd:177]
CRITICAL WARNING: [Synth 8-6858] multi-driven net Q is connected to at least one constant driver which has been preserved, other driver is ignored [c:/Users/diepw50/CPRE-488-Labs/MP-1/hw/MP-1/MP-1.srcs/sources_1/bd/design_1/ipshared/1baa/hdl/axi_ppm4_v1_0.vhd:177]
CRITICAL WARNING: [Synth 8-6859] multi-driven net on pin Q with 1st driver pin 'U0/s00_reg10_out_reg[15]/Q' [c:/Users/diepw50/CPRE-488-Labs/MP-1/hw/MP-1/MP-1.srcs/sources_1/bd/design_1/ipshared/1baa/hdl/axi_ppm4_v1_0.vhd:177]
CRITICAL WARNING: [Synth 8-6859] multi-driven net on pin Q with 2nd driver pin 'GND' [c:/Users/diepw50/CPRE-488-Labs/MP-1/hw/MP-1/MP-1.srcs/sources_1/bd/design_1/ipshared/1baa/hdl/axi_ppm4_v1_0.vhd:177]
CRITICAL WARNING: [Synth 8-6858] multi-driven net Q is connected to at least one constant driver which has been preserved, other driver is ignored [c:/Users/diepw50/CPRE-488-Labs/MP-1/hw/MP-1/MP-1.srcs/sources_1/bd/design_1/ipshared/1baa/hdl/axi_ppm4_v1_0.vhd:177]
CRITICAL WARNING: [Synth 8-6859] multi-driven net on pin Q with 1st driver pin 'U0/s00_reg10_out_reg[14]/Q' [c:/Users/diepw50/CPRE-488-Labs/MP-1/hw/MP-1/MP-1.srcs/sources_1/bd/design_1/ipshared/1baa/hdl/axi_ppm4_v1_0.vhd:177]
CRITICAL WARNING: [Synth 8-6859] multi-driven net on pin Q with 2nd driver pin 'GND' [c:/Users/diepw50/CPRE-488-Labs/MP-1/hw/MP-1/MP-1.srcs/sources_1/bd/design_1/ipshared/1baa/hdl/axi_ppm4_v1_0.vhd:177]
CRITICAL WARNING: [Synth 8-6858] multi-driven net Q is connected to at least one constant driver which has been preserved, other driver is ignored [c:/Users/diepw50/CPRE-488-Labs/MP-1/hw/MP-1/MP-1.srcs/sources_1/bd/design_1/ipshared/1baa/hdl/axi_ppm4_v1_0.vhd:177]
CRITICAL WARNING: [Synth 8-6859] multi-driven net on pin Q with 1st driver pin 'U0/s00_reg10_out_reg[13]/Q' [c:/Users/diepw50/CPRE-488-Labs/MP-1/hw/MP-1/MP-1.srcs/sources_1/bd/design_1/ipshared/1baa/hdl/axi_ppm4_v1_0.vhd:177]
CRITICAL WARNING: [Synth 8-6859] multi-driven net on pin Q with 2nd driver pin 'GND' [c:/Users/diepw50/CPRE-488-Labs/MP-1/hw/MP-1/MP-1.srcs/sources_1/bd/design_1/ipshared/1baa/hdl/axi_ppm4_v1_0.vhd:177]
CRITICAL WARNING: [Synth 8-6858] multi-driven net Q is connected to at least one constant driver which has been preserved, other driver is ignored [c:/Users/diepw50/CPRE-488-Labs/MP-1/hw/MP-1/MP-1.srcs/sources_1/bd/design_1/ipshared/1baa/hdl/axi_ppm4_v1_0.vhd:177]
CRITICAL WARNING: [Synth 8-6859] multi-driven net on pin Q with 1st driver pin 'U0/s00_reg10_out_reg[12]/Q' [c:/Users/diepw50/CPRE-488-Labs/MP-1/hw/MP-1/MP-1.srcs/sources_1/bd/design_1/ipshared/1baa/hdl/axi_ppm4_v1_0.vhd:177]
CRITICAL WARNING: [Synth 8-6859] multi-driven net on pin Q with 2nd driver pin 'GND' [c:/Users/diepw50/CPRE-488-Labs/MP-1/hw/MP-1/MP-1.srcs/sources_1/bd/design_1/ipshared/1baa/hdl/axi_ppm4_v1_0.vhd:177]
CRITICAL WARNING: [Synth 8-6858] multi-driven net Q is connected to at least one constant driver which has been preserved, other driver is ignored [c:/Users/diepw50/CPRE-488-Labs/MP-1/hw/MP-1/MP-1.srcs/sources_1/bd/design_1/ipshared/1baa/hdl/axi_ppm4_v1_0.vhd:177]
CRITICAL WARNING: [Synth 8-6859] multi-driven net on pin Q with 1st driver pin 'U0/s00_reg10_out_reg[11]/Q' [c:/Users/diepw50/CPRE-488-Labs/MP-1/hw/MP-1/MP-1.srcs/sources_1/bd/design_1/ipshared/1baa/hdl/axi_ppm4_v1_0.vhd:177]
CRITICAL WARNING: [Synth 8-6859] multi-driven net on pin Q with 2nd driver pin 'GND' [c:/Users/diepw50/CPRE-488-Labs/MP-1/hw/MP-1/MP-1.srcs/sources_1/bd/design_1/ipshared/1baa/hdl/axi_ppm4_v1_0.vhd:177]
CRITICAL WARNING: [Synth 8-6858] multi-driven net Q is connected to at least one constant driver which has been preserved, other driver is ignored [c:/Users/diepw50/CPRE-488-Labs/MP-1/hw/MP-1/MP-1.srcs/sources_1/bd/design_1/ipshared/1baa/hdl/axi_ppm4_v1_0.vhd:177]
CRITICAL WARNING: [Synth 8-6859] multi-driven net on pin Q with 1st driver pin 'U0/s00_reg10_out_reg[10]/Q' [c:/Users/diepw50/CPRE-488-Labs/MP-1/hw/MP-1/MP-1.srcs/sources_1/bd/design_1/ipshared/1baa/hdl/axi_ppm4_v1_0.vhd:177]
CRITICAL WARNING: [Synth 8-6859] multi-driven net on pin Q with 2nd driver pin 'GND' [c:/Users/diepw50/CPRE-488-Labs/MP-1/hw/MP-1/MP-1.srcs/sources_1/bd/design_1/ipshared/1baa/hdl/axi_ppm4_v1_0.vhd:177]
CRITICAL WARNING: [Synth 8-6858] multi-driven net Q is connected to at least one constant driver which has been preserved, other driver is ignored [c:/Users/diepw50/CPRE-488-Labs/MP-1/hw/MP-1/MP-1.srcs/sources_1/bd/design_1/ipshared/1baa/hdl/axi_ppm4_v1_0.vhd:177]
CRITICAL WARNING: [Synth 8-6859] multi-driven net on pin Q with 1st driver pin 'U0/s00_reg10_out_reg[9]/Q' [c:/Users/diepw50/CPRE-488-Labs/MP-1/hw/MP-1/MP-1.srcs/sources_1/bd/design_1/ipshared/1baa/hdl/axi_ppm4_v1_0.vhd:177]
CRITICAL WARNING: [Synth 8-6859] multi-driven net on pin Q with 2nd driver pin 'GND' [c:/Users/diepw50/CPRE-488-Labs/MP-1/hw/MP-1/MP-1.srcs/sources_1/bd/design_1/ipshared/1baa/hdl/axi_ppm4_v1_0.vhd:177]
CRITICAL WARNING: [Synth 8-6858] multi-driven net Q is connected to at least one constant driver which has been preserved, other driver is ignored [c:/Users/diepw50/CPRE-488-Labs/MP-1/hw/MP-1/MP-1.srcs/sources_1/bd/design_1/ipshared/1baa/hdl/axi_ppm4_v1_0.vhd:177]
CRITICAL WARNING: [Synth 8-6859] multi-driven net on pin Q with 1st driver pin 'U0/s00_reg10_out_reg[8]/Q' [c:/Users/diepw50/CPRE-488-Labs/MP-1/hw/MP-1/MP-1.srcs/sources_1/bd/design_1/ipshared/1baa/hdl/axi_ppm4_v1_0.vhd:177]
CRITICAL WARNING: [Synth 8-6859] multi-driven net on pin Q with 2nd driver pin 'GND' [c:/Users/diepw50/CPRE-488-Labs/MP-1/hw/MP-1/MP-1.srcs/sources_1/bd/design_1/ipshared/1baa/hdl/axi_ppm4_v1_0.vhd:177]
CRITICAL WARNING: [Synth 8-6858] multi-driven net Q is connected to at least one constant driver which has been preserved, other driver is ignored [c:/Users/diepw50/CPRE-488-Labs/MP-1/hw/MP-1/MP-1.srcs/sources_1/bd/design_1/ipshared/1baa/hdl/axi_ppm4_v1_0.vhd:177]
CRITICAL WARNING: [Synth 8-6859] multi-driven net on pin Q with 1st driver pin 'U0/s00_reg10_out_reg[7]/Q' [c:/Users/diepw50/CPRE-488-Labs/MP-1/hw/MP-1/MP-1.srcs/sources_1/bd/design_1/ipshared/1baa/hdl/axi_ppm4_v1_0.vhd:177]
CRITICAL WARNING: [Synth 8-6859] multi-driven net on pin Q with 2nd driver pin 'GND' [c:/Users/diepw50/CPRE-488-Labs/MP-1/hw/MP-1/MP-1.srcs/sources_1/bd/design_1/ipshared/1baa/hdl/axi_ppm4_v1_0.vhd:177]
CRITICAL WARNING: [Synth 8-6858] multi-driven net Q is connected to at least one constant driver which has been preserved, other driver is ignored [c:/Users/diepw50/CPRE-488-Labs/MP-1/hw/MP-1/MP-1.srcs/sources_1/bd/design_1/ipshared/1baa/hdl/axi_ppm4_v1_0.vhd:177]
CRITICAL WARNING: [Synth 8-6859] multi-driven net on pin Q with 1st driver pin 'U0/s00_reg10_out_reg[6]/Q' [c:/Users/diepw50/CPRE-488-Labs/MP-1/hw/MP-1/MP-1.srcs/sources_1/bd/design_1/ipshared/1baa/hdl/axi_ppm4_v1_0.vhd:177]
CRITICAL WARNING: [Synth 8-6859] multi-driven net on pin Q with 2nd driver pin 'GND' [c:/Users/diepw50/CPRE-488-Labs/MP-1/hw/MP-1/MP-1.srcs/sources_1/bd/design_1/ipshared/1baa/hdl/axi_ppm4_v1_0.vhd:177]
CRITICAL WARNING: [Synth 8-6858] multi-driven net Q is connected to at least one constant driver which has been preserved, other driver is ignored [c:/Users/diepw50/CPRE-488-Labs/MP-1/hw/MP-1/MP-1.srcs/sources_1/bd/design_1/ipshared/1baa/hdl/axi_ppm4_v1_0.vhd:177]
CRITICAL WARNING: [Synth 8-6859] multi-driven net on pin Q with 1st driver pin 'U0/s00_reg10_out_reg[5]/Q' [c:/Users/diepw50/CPRE-488-Labs/MP-1/hw/MP-1/MP-1.srcs/sources_1/bd/design_1/ipshared/1baa/hdl/axi_ppm4_v1_0.vhd:177]
CRITICAL WARNING: [Synth 8-6859] multi-driven net on pin Q with 2nd driver pin 'GND' [c:/Users/diepw50/CPRE-488-Labs/MP-1/hw/MP-1/MP-1.srcs/sources_1/bd/design_1/ipshared/1baa/hdl/axi_ppm4_v1_0.vhd:177]
CRITICAL WARNING: [Synth 8-6858] multi-driven net Q is connected to at least one constant driver which has been preserved, other driver is ignored [c:/Users/diepw50/CPRE-488-Labs/MP-1/hw/MP-1/MP-1.srcs/sources_1/bd/design_1/ipshared/1baa/hdl/axi_ppm4_v1_0.vhd:177]
CRITICAL WARNING: [Synth 8-6859] multi-driven net on pin Q with 1st driver pin 'U0/s00_reg10_out_reg[4]/Q' [c:/Users/diepw50/CPRE-488-Labs/MP-1/hw/MP-1/MP-1.srcs/sources_1/bd/design_1/ipshared/1baa/hdl/axi_ppm4_v1_0.vhd:177]
CRITICAL WARNING: [Synth 8-6859] multi-driven net on pin Q with 2nd driver pin 'GND' [c:/Users/diepw50/CPRE-488-Labs/MP-1/hw/MP-1/MP-1.srcs/sources_1/bd/design_1/ipshared/1baa/hdl/axi_ppm4_v1_0.vhd:177]
CRITICAL WARNING: [Synth 8-6858] multi-driven net Q is connected to at least one constant driver which has been preserved, other driver is ignored [c:/Users/diepw50/CPRE-488-Labs/MP-1/hw/MP-1/MP-1.srcs/sources_1/bd/design_1/ipshared/1baa/hdl/axi_ppm4_v1_0.vhd:177]
CRITICAL WARNING: [Synth 8-6859] multi-driven net on pin Q with 1st driver pin 'U0/s00_reg10_out_reg[3]/Q' [c:/Users/diepw50/CPRE-488-Labs/MP-1/hw/MP-1/MP-1.srcs/sources_1/bd/design_1/ipshared/1baa/hdl/axi_ppm4_v1_0.vhd:177]
CRITICAL WARNING: [Synth 8-6859] multi-driven net on pin Q with 2nd driver pin 'GND' [c:/Users/diepw50/CPRE-488-Labs/MP-1/hw/MP-1/MP-1.srcs/sources_1/bd/design_1/ipshared/1baa/hdl/axi_ppm4_v1_0.vhd:177]
CRITICAL WARNING: [Synth 8-6858] multi-driven net Q is connected to at least one constant driver which has been preserved, other driver is ignored [c:/Users/diepw50/CPRE-488-Labs/MP-1/hw/MP-1/MP-1.srcs/sources_1/bd/design_1/ipshared/1baa/hdl/axi_ppm4_v1_0.vhd:177]
CRITICAL WARNING: [Synth 8-6859] multi-driven net on pin Q with 1st driver pin 'U0/s00_reg10_out_reg[2]/Q' [c:/Users/diepw50/CPRE-488-Labs/MP-1/hw/MP-1/MP-1.srcs/sources_1/bd/design_1/ipshared/1baa/hdl/axi_ppm4_v1_0.vhd:177]
CRITICAL WARNING: [Synth 8-6859] multi-driven net on pin Q with 2nd driver pin 'GND' [c:/Users/diepw50/CPRE-488-Labs/MP-1/hw/MP-1/MP-1.srcs/sources_1/bd/design_1/ipshared/1baa/hdl/axi_ppm4_v1_0.vhd:177]
CRITICAL WARNING: [Synth 8-6858] multi-driven net Q is connected to at least one constant driver which has been preserved, other driver is ignored [c:/Users/diepw50/CPRE-488-Labs/MP-1/hw/MP-1/MP-1.srcs/sources_1/bd/design_1/ipshared/1baa/hdl/axi_ppm4_v1_0.vhd:177]
CRITICAL WARNING: [Synth 8-6859] multi-driven net on pin Q with 1st driver pin 'U0/s00_reg10_out_reg[1]/Q' [c:/Users/diepw50/CPRE-488-Labs/MP-1/hw/MP-1/MP-1.srcs/sources_1/bd/design_1/ipshared/1baa/hdl/axi_ppm4_v1_0.vhd:177]
CRITICAL WARNING: [Synth 8-6859] multi-driven net on pin Q with 2nd driver pin 'GND' [c:/Users/diepw50/CPRE-488-Labs/MP-1/hw/MP-1/MP-1.srcs/sources_1/bd/design_1/ipshared/1baa/hdl/axi_ppm4_v1_0.vhd:177]
CRITICAL WARNING: [Synth 8-6858] multi-driven net Q is connected to at least one constant driver which has been preserved, other driver is ignored [c:/Users/diepw50/CPRE-488-Labs/MP-1/hw/MP-1/MP-1.srcs/sources_1/bd/design_1/ipshared/1baa/hdl/axi_ppm4_v1_0.vhd:177]
CRITICAL WARNING: [Synth 8-6859] multi-driven net on pin Q with 1st driver pin 'U0/s00_reg10_out_reg[0]/Q' [c:/Users/diepw50/CPRE-488-Labs/MP-1/hw/MP-1/MP-1.srcs/sources_1/bd/design_1/ipshared/1baa/hdl/axi_ppm4_v1_0.vhd:177]
CRITICAL WARNING: [Synth 8-6859] multi-driven net on pin Q with 2nd driver pin 'GND' [c:/Users/diepw50/CPRE-488-Labs/MP-1/hw/MP-1/MP-1.srcs/sources_1/bd/design_1/ipshared/1baa/hdl/axi_ppm4_v1_0.vhd:177]
CRITICAL WARNING: [Synth 8-6858] multi-driven net Q is connected to at least one constant driver which has been preserved, other driver is ignored [c:/Users/diepw50/CPRE-488-Labs/MP-1/hw/MP-1/MP-1.srcs/sources_1/bd/design_1/ipshared/1baa/hdl/axi_ppm4_v1_0.vhd:177]
CRITICAL WARNING: [Synth 8-6859] multi-driven net on pin Q with 1st driver pin 'U0/s00_reg11_out_reg[31]/Q' [c:/Users/diepw50/CPRE-488-Labs/MP-1/hw/MP-1/MP-1.srcs/sources_1/bd/design_1/ipshared/1baa/hdl/axi_ppm4_v1_0.vhd:178]
CRITICAL WARNING: [Synth 8-6859] multi-driven net on pin Q with 2nd driver pin 'GND' [c:/Users/diepw50/CPRE-488-Labs/MP-1/hw/MP-1/MP-1.srcs/sources_1/bd/design_1/ipshared/1baa/hdl/axi_ppm4_v1_0.vhd:178]
CRITICAL WARNING: [Synth 8-6858] multi-driven net Q is connected to at least one constant driver which has been preserved, other driver is ignored [c:/Users/diepw50/CPRE-488-Labs/MP-1/hw/MP-1/MP-1.srcs/sources_1/bd/design_1/ipshared/1baa/hdl/axi_ppm4_v1_0.vhd:178]
CRITICAL WARNING: [Synth 8-6859] multi-driven net on pin Q with 1st driver pin 'U0/s00_reg11_out_reg[30]/Q' [c:/Users/diepw50/CPRE-488-Labs/MP-1/hw/MP-1/MP-1.srcs/sources_1/bd/design_1/ipshared/1baa/hdl/axi_ppm4_v1_0.vhd:178]
CRITICAL WARNING: [Synth 8-6859] multi-driven net on pin Q with 2nd driver pin 'GND' [c:/Users/diepw50/CPRE-488-Labs/MP-1/hw/MP-1/MP-1.srcs/sources_1/bd/design_1/ipshared/1baa/hdl/axi_ppm4_v1_0.vhd:178]
CRITICAL WARNING: [Synth 8-6858] multi-driven net Q is connected to at least one constant driver which has been preserved, other driver is ignored [c:/Users/diepw50/CPRE-488-Labs/MP-1/hw/MP-1/MP-1.srcs/sources_1/bd/design_1/ipshared/1baa/hdl/axi_ppm4_v1_0.vhd:178]
CRITICAL WARNING: [Synth 8-6859] multi-driven net on pin Q with 1st driver pin 'U0/s00_reg11_out_reg[29]/Q' [c:/Users/diepw50/CPRE-488-Labs/MP-1/hw/MP-1/MP-1.srcs/sources_1/bd/design_1/ipshared/1baa/hdl/axi_ppm4_v1_0.vhd:178]
CRITICAL WARNING: [Synth 8-6859] multi-driven net on pin Q with 2nd driver pin 'GND' [c:/Users/diepw50/CPRE-488-Labs/MP-1/hw/MP-1/MP-1.srcs/sources_1/bd/design_1/ipshared/1baa/hdl/axi_ppm4_v1_0.vhd:178]
CRITICAL WARNING: [Synth 8-6858] multi-driven net Q is connected to at least one constant driver which has been preserved, other driver is ignored [c:/Users/diepw50/CPRE-488-Labs/MP-1/hw/MP-1/MP-1.srcs/sources_1/bd/design_1/ipshared/1baa/hdl/axi_ppm4_v1_0.vhd:178]
CRITICAL WARNING: [Synth 8-6859] multi-driven net on pin Q with 1st driver pin 'U0/s00_reg11_out_reg[28]/Q' [c:/Users/diepw50/CPRE-488-Labs/MP-1/hw/MP-1/MP-1.srcs/sources_1/bd/design_1/ipshared/1baa/hdl/axi_ppm4_v1_0.vhd:178]
CRITICAL WARNING: [Synth 8-6859] multi-driven net on pin Q with 2nd driver pin 'GND' [c:/Users/diepw50/CPRE-488-Labs/MP-1/hw/MP-1/MP-1.srcs/sources_1/bd/design_1/ipshared/1baa/hdl/axi_ppm4_v1_0.vhd:178]
CRITICAL WARNING: [Synth 8-6858] multi-driven net Q is connected to at least one constant driver which has been preserved, other driver is ignored [c:/Users/diepw50/CPRE-488-Labs/MP-1/hw/MP-1/MP-1.srcs/sources_1/bd/design_1/ipshared/1baa/hdl/axi_ppm4_v1_0.vhd:178]
CRITICAL WARNING: [Synth 8-6859] multi-driven net on pin Q with 1st driver pin 'U0/s00_reg11_out_reg[27]/Q' [c:/Users/diepw50/CPRE-488-Labs/MP-1/hw/MP-1/MP-1.srcs/sources_1/bd/design_1/ipshared/1baa/hdl/axi_ppm4_v1_0.vhd:178]
CRITICAL WARNING: [Synth 8-6859] multi-driven net on pin Q with 2nd driver pin 'GND' [c:/Users/diepw50/CPRE-488-Labs/MP-1/hw/MP-1/MP-1.srcs/sources_1/bd/design_1/ipshared/1baa/hdl/axi_ppm4_v1_0.vhd:178]
CRITICAL WARNING: [Synth 8-6858] multi-driven net Q is connected to at least one constant driver which has been preserved, other driver is ignored [c:/Users/diepw50/CPRE-488-Labs/MP-1/hw/MP-1/MP-1.srcs/sources_1/bd/design_1/ipshared/1baa/hdl/axi_ppm4_v1_0.vhd:178]
CRITICAL WARNING: [Synth 8-6859] multi-driven net on pin Q with 1st driver pin 'U0/s00_reg11_out_reg[26]/Q' [c:/Users/diepw50/CPRE-488-Labs/MP-1/hw/MP-1/MP-1.srcs/sources_1/bd/design_1/ipshared/1baa/hdl/axi_ppm4_v1_0.vhd:178]
CRITICAL WARNING: [Synth 8-6859] multi-driven net on pin Q with 2nd driver pin 'GND' [c:/Users/diepw50/CPRE-488-Labs/MP-1/hw/MP-1/MP-1.srcs/sources_1/bd/design_1/ipshared/1baa/hdl/axi_ppm4_v1_0.vhd:178]
CRITICAL WARNING: [Synth 8-6858] multi-driven net Q is connected to at least one constant driver which has been preserved, other driver is ignored [c:/Users/diepw50/CPRE-488-Labs/MP-1/hw/MP-1/MP-1.srcs/sources_1/bd/design_1/ipshared/1baa/hdl/axi_ppm4_v1_0.vhd:178]
CRITICAL WARNING: [Synth 8-6859] multi-driven net on pin Q with 1st driver pin 'U0/s00_reg11_out_reg[25]/Q' [c:/Users/diepw50/CPRE-488-Labs/MP-1/hw/MP-1/MP-1.srcs/sources_1/bd/design_1/ipshared/1baa/hdl/axi_ppm4_v1_0.vhd:178]
CRITICAL WARNING: [Synth 8-6859] multi-driven net on pin Q with 2nd driver pin 'GND' [c:/Users/diepw50/CPRE-488-Labs/MP-1/hw/MP-1/MP-1.srcs/sources_1/bd/design_1/ipshared/1baa/hdl/axi_ppm4_v1_0.vhd:178]
CRITICAL WARNING: [Synth 8-6858] multi-driven net Q is connected to at least one constant driver which has been preserved, other driver is ignored [c:/Users/diepw50/CPRE-488-Labs/MP-1/hw/MP-1/MP-1.srcs/sources_1/bd/design_1/ipshared/1baa/hdl/axi_ppm4_v1_0.vhd:178]
CRITICAL WARNING: [Synth 8-6859] multi-driven net on pin Q with 1st driver pin 'U0/s00_reg11_out_reg[24]/Q' [c:/Users/diepw50/CPRE-488-Labs/MP-1/hw/MP-1/MP-1.srcs/sources_1/bd/design_1/ipshared/1baa/hdl/axi_ppm4_v1_0.vhd:178]
CRITICAL WARNING: [Synth 8-6859] multi-driven net on pin Q with 2nd driver pin 'GND' [c:/Users/diepw50/CPRE-488-Labs/MP-1/hw/MP-1/MP-1.srcs/sources_1/bd/design_1/ipshared/1baa/hdl/axi_ppm4_v1_0.vhd:178]
CRITICAL WARNING: [Synth 8-6858] multi-driven net Q is connected to at least one constant driver which has been preserved, other driver is ignored [c:/Users/diepw50/CPRE-488-Labs/MP-1/hw/MP-1/MP-1.srcs/sources_1/bd/design_1/ipshared/1baa/hdl/axi_ppm4_v1_0.vhd:178]
CRITICAL WARNING: [Synth 8-6859] multi-driven net on pin Q with 1st driver pin 'U0/s00_reg11_out_reg[23]/Q' [c:/Users/diepw50/CPRE-488-Labs/MP-1/hw/MP-1/MP-1.srcs/sources_1/bd/design_1/ipshared/1baa/hdl/axi_ppm4_v1_0.vhd:178]
CRITICAL WARNING: [Synth 8-6859] multi-driven net on pin Q with 2nd driver pin 'GND' [c:/Users/diepw50/CPRE-488-Labs/MP-1/hw/MP-1/MP-1.srcs/sources_1/bd/design_1/ipshared/1baa/hdl/axi_ppm4_v1_0.vhd:178]
CRITICAL WARNING: [Synth 8-6858] multi-driven net Q is connected to at least one constant driver which has been preserved, other driver is ignored [c:/Users/diepw50/CPRE-488-Labs/MP-1/hw/MP-1/MP-1.srcs/sources_1/bd/design_1/ipshared/1baa/hdl/axi_ppm4_v1_0.vhd:178]
CRITICAL WARNING: [Synth 8-6859] multi-driven net on pin Q with 1st driver pin 'U0/s00_reg11_out_reg[22]/Q' [c:/Users/diepw50/CPRE-488-Labs/MP-1/hw/MP-1/MP-1.srcs/sources_1/bd/design_1/ipshared/1baa/hdl/axi_ppm4_v1_0.vhd:178]
CRITICAL WARNING: [Synth 8-6859] multi-driven net on pin Q with 2nd driver pin 'GND' [c:/Users/diepw50/CPRE-488-Labs/MP-1/hw/MP-1/MP-1.srcs/sources_1/bd/design_1/ipshared/1baa/hdl/axi_ppm4_v1_0.vhd:178]
CRITICAL WARNING: [Synth 8-6858] multi-driven net Q is connected to at least one constant driver which has been preserved, other driver is ignored [c:/Users/diepw50/CPRE-488-Labs/MP-1/hw/MP-1/MP-1.srcs/sources_1/bd/design_1/ipshared/1baa/hdl/axi_ppm4_v1_0.vhd:178]
CRITICAL WARNING: [Synth 8-6859] multi-driven net on pin Q with 1st driver pin 'U0/s00_reg11_out_reg[21]/Q' [c:/Users/diepw50/CPRE-488-Labs/MP-1/hw/MP-1/MP-1.srcs/sources_1/bd/design_1/ipshared/1baa/hdl/axi_ppm4_v1_0.vhd:178]
CRITICAL WARNING: [Synth 8-6859] multi-driven net on pin Q with 2nd driver pin 'GND' [c:/Users/diepw50/CPRE-488-Labs/MP-1/hw/MP-1/MP-1.srcs/sources_1/bd/design_1/ipshared/1baa/hdl/axi_ppm4_v1_0.vhd:178]
CRITICAL WARNING: [Synth 8-6858] multi-driven net Q is connected to at least one constant driver which has been preserved, other driver is ignored [c:/Users/diepw50/CPRE-488-Labs/MP-1/hw/MP-1/MP-1.srcs/sources_1/bd/design_1/ipshared/1baa/hdl/axi_ppm4_v1_0.vhd:178]
CRITICAL WARNING: [Synth 8-6859] multi-driven net on pin Q with 1st driver pin 'U0/s00_reg11_out_reg[20]/Q' [c:/Users/diepw50/CPRE-488-Labs/MP-1/hw/MP-1/MP-1.srcs/sources_1/bd/design_1/ipshared/1baa/hdl/axi_ppm4_v1_0.vhd:178]
CRITICAL WARNING: [Synth 8-6859] multi-driven net on pin Q with 2nd driver pin 'GND' [c:/Users/diepw50/CPRE-488-Labs/MP-1/hw/MP-1/MP-1.srcs/sources_1/bd/design_1/ipshared/1baa/hdl/axi_ppm4_v1_0.vhd:178]
CRITICAL WARNING: [Synth 8-6858] multi-driven net Q is connected to at least one constant driver which has been preserved, other driver is ignored [c:/Users/diepw50/CPRE-488-Labs/MP-1/hw/MP-1/MP-1.srcs/sources_1/bd/design_1/ipshared/1baa/hdl/axi_ppm4_v1_0.vhd:178]
CRITICAL WARNING: [Synth 8-6859] multi-driven net on pin Q with 1st driver pin 'U0/s00_reg11_out_reg[19]/Q' [c:/Users/diepw50/CPRE-488-Labs/MP-1/hw/MP-1/MP-1.srcs/sources_1/bd/design_1/ipshared/1baa/hdl/axi_ppm4_v1_0.vhd:178]
CRITICAL WARNING: [Synth 8-6859] multi-driven net on pin Q with 2nd driver pin 'GND' [c:/Users/diepw50/CPRE-488-Labs/MP-1/hw/MP-1/MP-1.srcs/sources_1/bd/design_1/ipshared/1baa/hdl/axi_ppm4_v1_0.vhd:178]
CRITICAL WARNING: [Synth 8-6858] multi-driven net Q is connected to at least one constant driver which has been preserved, other driver is ignored [c:/Users/diepw50/CPRE-488-Labs/MP-1/hw/MP-1/MP-1.srcs/sources_1/bd/design_1/ipshared/1baa/hdl/axi_ppm4_v1_0.vhd:178]
CRITICAL WARNING: [Synth 8-6859] multi-driven net on pin Q with 1st driver pin 'U0/s00_reg11_out_reg[18]/Q' [c:/Users/diepw50/CPRE-488-Labs/MP-1/hw/MP-1/MP-1.srcs/sources_1/bd/design_1/ipshared/1baa/hdl/axi_ppm4_v1_0.vhd:178]
CRITICAL WARNING: [Synth 8-6859] multi-driven net on pin Q with 2nd driver pin 'GND' [c:/Users/diepw50/CPRE-488-Labs/MP-1/hw/MP-1/MP-1.srcs/sources_1/bd/design_1/ipshared/1baa/hdl/axi_ppm4_v1_0.vhd:178]
CRITICAL WARNING: [Synth 8-6858] multi-driven net Q is connected to at least one constant driver which has been preserved, other driver is ignored [c:/Users/diepw50/CPRE-488-Labs/MP-1/hw/MP-1/MP-1.srcs/sources_1/bd/design_1/ipshared/1baa/hdl/axi_ppm4_v1_0.vhd:178]
CRITICAL WARNING: [Synth 8-6859] multi-driven net on pin Q with 1st driver pin 'U0/s00_reg11_out_reg[17]/Q' [c:/Users/diepw50/CPRE-488-Labs/MP-1/hw/MP-1/MP-1.srcs/sources_1/bd/design_1/ipshared/1baa/hdl/axi_ppm4_v1_0.vhd:178]
CRITICAL WARNING: [Synth 8-6859] multi-driven net on pin Q with 2nd driver pin 'GND' [c:/Users/diepw50/CPRE-488-Labs/MP-1/hw/MP-1/MP-1.srcs/sources_1/bd/design_1/ipshared/1baa/hdl/axi_ppm4_v1_0.vhd:178]
CRITICAL WARNING: [Synth 8-6858] multi-driven net Q is connected to at least one constant driver which has been preserved, other driver is ignored [c:/Users/diepw50/CPRE-488-Labs/MP-1/hw/MP-1/MP-1.srcs/sources_1/bd/design_1/ipshared/1baa/hdl/axi_ppm4_v1_0.vhd:178]
CRITICAL WARNING: [Synth 8-6859] multi-driven net on pin Q with 1st driver pin 'U0/s00_reg11_out_reg[16]/Q' [c:/Users/diepw50/CPRE-488-Labs/MP-1/hw/MP-1/MP-1.srcs/sources_1/bd/design_1/ipshared/1baa/hdl/axi_ppm4_v1_0.vhd:178]
CRITICAL WARNING: [Synth 8-6859] multi-driven net on pin Q with 2nd driver pin 'GND' [c:/Users/diepw50/CPRE-488-Labs/MP-1/hw/MP-1/MP-1.srcs/sources_1/bd/design_1/ipshared/1baa/hdl/axi_ppm4_v1_0.vhd:178]
CRITICAL WARNING: [Synth 8-6858] multi-driven net Q is connected to at least one constant driver which has been preserved, other driver is ignored [c:/Users/diepw50/CPRE-488-Labs/MP-1/hw/MP-1/MP-1.srcs/sources_1/bd/design_1/ipshared/1baa/hdl/axi_ppm4_v1_0.vhd:178]
CRITICAL WARNING: [Synth 8-6859] multi-driven net on pin Q with 1st driver pin 'U0/s00_reg11_out_reg[15]/Q' [c:/Users/diepw50/CPRE-488-Labs/MP-1/hw/MP-1/MP-1.srcs/sources_1/bd/design_1/ipshared/1baa/hdl/axi_ppm4_v1_0.vhd:178]
CRITICAL WARNING: [Synth 8-6859] multi-driven net on pin Q with 2nd driver pin 'GND' [c:/Users/diepw50/CPRE-488-Labs/MP-1/hw/MP-1/MP-1.srcs/sources_1/bd/design_1/ipshared/1baa/hdl/axi_ppm4_v1_0.vhd:178]
CRITICAL WARNING: [Synth 8-6858] multi-driven net Q is connected to at least one constant driver which has been preserved, other driver is ignored [c:/Users/diepw50/CPRE-488-Labs/MP-1/hw/MP-1/MP-1.srcs/sources_1/bd/design_1/ipshared/1baa/hdl/axi_ppm4_v1_0.vhd:178]
CRITICAL WARNING: [Synth 8-6859] multi-driven net on pin Q with 1st driver pin 'U0/s00_reg11_out_reg[14]/Q' [c:/Users/diepw50/CPRE-488-Labs/MP-1/hw/MP-1/MP-1.srcs/sources_1/bd/design_1/ipshared/1baa/hdl/axi_ppm4_v1_0.vhd:178]
CRITICAL WARNING: [Synth 8-6859] multi-driven net on pin Q with 2nd driver pin 'GND' [c:/Users/diepw50/CPRE-488-Labs/MP-1/hw/MP-1/MP-1.srcs/sources_1/bd/design_1/ipshared/1baa/hdl/axi_ppm4_v1_0.vhd:178]
INFO: [Common 17-14] Message 'Synth 8-6859' appears 100 times and further instances of the messages will be disabled. Use the Tcl command set_msg_config to change the current settings.
CRITICAL WARNING: [Synth 8-6858] multi-driven net Q is connected to at least one constant driver which has been preserved, other driver is ignored [c:/Users/diepw50/CPRE-488-Labs/MP-1/hw/MP-1/MP-1.srcs/sources_1/bd/design_1/ipshared/1baa/hdl/axi_ppm4_v1_0.vhd:178]
CRITICAL WARNING: [Synth 8-6858] multi-driven net Q is connected to at least one constant driver which has been preserved, other driver is ignored [c:/Users/diepw50/CPRE-488-Labs/MP-1/hw/MP-1/MP-1.srcs/sources_1/bd/design_1/ipshared/1baa/hdl/axi_ppm4_v1_0.vhd:178]
CRITICAL WARNING: [Synth 8-6858] multi-driven net Q is connected to at least one constant driver which has been preserved, other driver is ignored [c:/Users/diepw50/CPRE-488-Labs/MP-1/hw/MP-1/MP-1.srcs/sources_1/bd/design_1/ipshared/1baa/hdl/axi_ppm4_v1_0.vhd:178]
CRITICAL WARNING: [Synth 8-6858] multi-driven net Q is connected to at least one constant driver which has been preserved, other driver is ignored [c:/Users/diepw50/CPRE-488-Labs/MP-1/hw/MP-1/MP-1.srcs/sources_1/bd/design_1/ipshared/1baa/hdl/axi_ppm4_v1_0.vhd:178]
CRITICAL WARNING: [Synth 8-6858] multi-driven net Q is connected to at least one constant driver which has been preserved, other driver is ignored [c:/Users/diepw50/CPRE-488-Labs/MP-1/hw/MP-1/MP-1.srcs/sources_1/bd/design_1/ipshared/1baa/hdl/axi_ppm4_v1_0.vhd:178]
CRITICAL WARNING: [Synth 8-6858] multi-driven net Q is connected to at least one constant driver which has been preserved, other driver is ignored [c:/Users/diepw50/CPRE-488-Labs/MP-1/hw/MP-1/MP-1.srcs/sources_1/bd/design_1/ipshared/1baa/hdl/axi_ppm4_v1_0.vhd:178]
CRITICAL WARNING: [Synth 8-6858] multi-driven net Q is connected to at least one constant driver which has been preserved, other driver is ignored [c:/Users/diepw50/CPRE-488-Labs/MP-1/hw/MP-1/MP-1.srcs/sources_1/bd/design_1/ipshared/1baa/hdl/axi_ppm4_v1_0.vhd:178]
CRITICAL WARNING: [Synth 8-6858] multi-driven net Q is connected to at least one constant driver which has been preserved, other driver is ignored [c:/Users/diepw50/CPRE-488-Labs/MP-1/hw/MP-1/MP-1.srcs/sources_1/bd/design_1/ipshared/1baa/hdl/axi_ppm4_v1_0.vhd:178]
CRITICAL WARNING: [Synth 8-6858] multi-driven net Q is connected to at least one constant driver which has been preserved, other driver is ignored [c:/Users/diepw50/CPRE-488-Labs/MP-1/hw/MP-1/MP-1.srcs/sources_1/bd/design_1/ipshared/1baa/hdl/axi_ppm4_v1_0.vhd:178]
CRITICAL WARNING: [Synth 8-6858] multi-driven net Q is connected to at least one constant driver which has been preserved, other driver is ignored [c:/Users/diepw50/CPRE-488-Labs/MP-1/hw/MP-1/MP-1.srcs/sources_1/bd/design_1/ipshared/1baa/hdl/axi_ppm4_v1_0.vhd:178]
CRITICAL WARNING: [Synth 8-6858] multi-driven net Q is connected to at least one constant driver which has been preserved, other driver is ignored [c:/Users/diepw50/CPRE-488-Labs/MP-1/hw/MP-1/MP-1.srcs/sources_1/bd/design_1/ipshared/1baa/hdl/axi_ppm4_v1_0.vhd:178]
CRITICAL WARNING: [Synth 8-6858] multi-driven net Q is connected to at least one constant driver which has been preserved, other driver is ignored [c:/Users/diepw50/CPRE-488-Labs/MP-1/hw/MP-1/MP-1.srcs/sources_1/bd/design_1/ipshared/1baa/hdl/axi_ppm4_v1_0.vhd:178]
CRITICAL WARNING: [Synth 8-6858] multi-driven net Q is connected to at least one constant driver which has been preserved, other driver is ignored [c:/Users/diepw50/CPRE-488-Labs/MP-1/hw/MP-1/MP-1.srcs/sources_1/bd/design_1/ipshared/1baa/hdl/axi_ppm4_v1_0.vhd:178]
CRITICAL WARNING: [Synth 8-6858] multi-driven net Q is connected to at least one constant driver which has been preserved, other driver is ignored [c:/Users/diepw50/CPRE-488-Labs/MP-1/hw/MP-1/MP-1.srcs/sources_1/bd/design_1/ipshared/1baa/hdl/axi_ppm4_v1_0.vhd:178]
CRITICAL WARNING: [Synth 8-6858] multi-driven net Q is connected to at least one constant driver which has been preserved, other driver is ignored [c:/Users/diepw50/CPRE-488-Labs/MP-1/hw/MP-1/MP-1.srcs/sources_1/bd/design_1/ipshared/1baa/hdl/axi_ppm4_v1_0.vhd:178]
CRITICAL WARNING: [Synth 8-6858] multi-driven net Q is connected to at least one constant driver which has been preserved, other driver is ignored [c:/Users/diepw50/CPRE-488-Labs/MP-1/hw/MP-1/MP-1.srcs/sources_1/bd/design_1/ipshared/1baa/hdl/axi_ppm4_v1_0.vhd:179]
CRITICAL WARNING: [Synth 8-6858] multi-driven net Q is connected to at least one constant driver which has been preserved, other driver is ignored [c:/Users/diepw50/CPRE-488-Labs/MP-1/hw/MP-1/MP-1.srcs/sources_1/bd/design_1/ipshared/1baa/hdl/axi_ppm4_v1_0.vhd:179]
CRITICAL WARNING: [Synth 8-6858] multi-driven net Q is connected to at least one constant driver which has been preserved, other driver is ignored [c:/Users/diepw50/CPRE-488-Labs/MP-1/hw/MP-1/MP-1.srcs/sources_1/bd/design_1/ipshared/1baa/hdl/axi_ppm4_v1_0.vhd:179]
CRITICAL WARNING: [Synth 8-6858] multi-driven net Q is connected to at least one constant driver which has been preserved, other driver is ignored [c:/Users/diepw50/CPRE-488-Labs/MP-1/hw/MP-1/MP-1.srcs/sources_1/bd/design_1/ipshared/1baa/hdl/axi_ppm4_v1_0.vhd:179]
CRITICAL WARNING: [Synth 8-6858] multi-driven net Q is connected to at least one constant driver which has been preserved, other driver is ignored [c:/Users/diepw50/CPRE-488-Labs/MP-1/hw/MP-1/MP-1.srcs/sources_1/bd/design_1/ipshared/1baa/hdl/axi_ppm4_v1_0.vhd:179]
CRITICAL WARNING: [Synth 8-6858] multi-driven net Q is connected to at least one constant driver which has been preserved, other driver is ignored [c:/Users/diepw50/CPRE-488-Labs/MP-1/hw/MP-1/MP-1.srcs/sources_1/bd/design_1/ipshared/1baa/hdl/axi_ppm4_v1_0.vhd:179]
CRITICAL WARNING: [Synth 8-6858] multi-driven net Q is connected to at least one constant driver which has been preserved, other driver is ignored [c:/Users/diepw50/CPRE-488-Labs/MP-1/hw/MP-1/MP-1.srcs/sources_1/bd/design_1/ipshared/1baa/hdl/axi_ppm4_v1_0.vhd:179]
CRITICAL WARNING: [Synth 8-6858] multi-driven net Q is connected to at least one constant driver which has been preserved, other driver is ignored [c:/Users/diepw50/CPRE-488-Labs/MP-1/hw/MP-1/MP-1.srcs/sources_1/bd/design_1/ipshared/1baa/hdl/axi_ppm4_v1_0.vhd:179]
CRITICAL WARNING: [Synth 8-6858] multi-driven net Q is connected to at least one constant driver which has been preserved, other driver is ignored [c:/Users/diepw50/CPRE-488-Labs/MP-1/hw/MP-1/MP-1.srcs/sources_1/bd/design_1/ipshared/1baa/hdl/axi_ppm4_v1_0.vhd:179]
CRITICAL WARNING: [Synth 8-6858] multi-driven net Q is connected to at least one constant driver which has been preserved, other driver is ignored [c:/Users/diepw50/CPRE-488-Labs/MP-1/hw/MP-1/MP-1.srcs/sources_1/bd/design_1/ipshared/1baa/hdl/axi_ppm4_v1_0.vhd:179]
CRITICAL WARNING: [Synth 8-6858] multi-driven net Q is connected to at least one constant driver which has been preserved, other driver is ignored [c:/Users/diepw50/CPRE-488-Labs/MP-1/hw/MP-1/MP-1.srcs/sources_1/bd/design_1/ipshared/1baa/hdl/axi_ppm4_v1_0.vhd:179]
CRITICAL WARNING: [Synth 8-6858] multi-driven net Q is connected to at least one constant driver which has been preserved, other driver is ignored [c:/Users/diepw50/CPRE-488-Labs/MP-1/hw/MP-1/MP-1.srcs/sources_1/bd/design_1/ipshared/1baa/hdl/axi_ppm4_v1_0.vhd:179]
CRITICAL WARNING: [Synth 8-6858] multi-driven net Q is connected to at least one constant driver which has been preserved, other driver is ignored [c:/Users/diepw50/CPRE-488-Labs/MP-1/hw/MP-1/MP-1.srcs/sources_1/bd/design_1/ipshared/1baa/hdl/axi_ppm4_v1_0.vhd:179]
CRITICAL WARNING: [Synth 8-6858] multi-driven net Q is connected to at least one constant driver which has been preserved, other driver is ignored [c:/Users/diepw50/CPRE-488-Labs/MP-1/hw/MP-1/MP-1.srcs/sources_1/bd/design_1/ipshared/1baa/hdl/axi_ppm4_v1_0.vhd:179]
CRITICAL WARNING: [Synth 8-6858] multi-driven net Q is connected to at least one constant driver which has been preserved, other driver is ignored [c:/Users/diepw50/CPRE-488-Labs/MP-1/hw/MP-1/MP-1.srcs/sources_1/bd/design_1/ipshared/1baa/hdl/axi_ppm4_v1_0.vhd:179]
CRITICAL WARNING: [Synth 8-6858] multi-driven net Q is connected to at least one constant driver which has been preserved, other driver is ignored [c:/Users/diepw50/CPRE-488-Labs/MP-1/hw/MP-1/MP-1.srcs/sources_1/bd/design_1/ipshared/1baa/hdl/axi_ppm4_v1_0.vhd:179]
CRITICAL WARNING: [Synth 8-6858] multi-driven net Q is connected to at least one constant driver which has been preserved, other driver is ignored [c:/Users/diepw50/CPRE-488-Labs/MP-1/hw/MP-1/MP-1.srcs/sources_1/bd/design_1/ipshared/1baa/hdl/axi_ppm4_v1_0.vhd:179]
CRITICAL WARNING: [Synth 8-6858] multi-driven net Q is connected to at least one constant driver which has been preserved, other driver is ignored [c:/Users/diepw50/CPRE-488-Labs/MP-1/hw/MP-1/MP-1.srcs/sources_1/bd/design_1/ipshared/1baa/hdl/axi_ppm4_v1_0.vhd:179]
CRITICAL WARNING: [Synth 8-6858] multi-driven net Q is connected to at least one constant driver which has been preserved, other driver is ignored [c:/Users/diepw50/CPRE-488-Labs/MP-1/hw/MP-1/MP-1.srcs/sources_1/bd/design_1/ipshared/1baa/hdl/axi_ppm4_v1_0.vhd:179]
CRITICAL WARNING: [Synth 8-6858] multi-driven net Q is connected to at least one constant driver which has been preserved, other driver is ignored [c:/Users/diepw50/CPRE-488-Labs/MP-1/hw/MP-1/MP-1.srcs/sources_1/bd/design_1/ipshared/1baa/hdl/axi_ppm4_v1_0.vhd:179]
CRITICAL WARNING: [Synth 8-6858] multi-driven net Q is connected to at least one constant driver which has been preserved, other driver is ignored [c:/Users/diepw50/CPRE-488-Labs/MP-1/hw/MP-1/MP-1.srcs/sources_1/bd/design_1/ipshared/1baa/hdl/axi_ppm4_v1_0.vhd:179]
CRITICAL WARNING: [Synth 8-6858] multi-driven net Q is connected to at least one constant driver which has been preserved, other driver is ignored [c:/Users/diepw50/CPRE-488-Labs/MP-1/hw/MP-1/MP-1.srcs/sources_1/bd/design_1/ipshared/1baa/hdl/axi_ppm4_v1_0.vhd:179]
CRITICAL WARNING: [Synth 8-6858] multi-driven net Q is connected to at least one constant driver which has been preserved, other driver is ignored [c:/Users/diepw50/CPRE-488-Labs/MP-1/hw/MP-1/MP-1.srcs/sources_1/bd/design_1/ipshared/1baa/hdl/axi_ppm4_v1_0.vhd:179]
CRITICAL WARNING: [Synth 8-6858] multi-driven net Q is connected to at least one constant driver which has been preserved, other driver is ignored [c:/Users/diepw50/CPRE-488-Labs/MP-1/hw/MP-1/MP-1.srcs/sources_1/bd/design_1/ipshared/1baa/hdl/axi_ppm4_v1_0.vhd:179]
CRITICAL WARNING: [Synth 8-6858] multi-driven net Q is connected to at least one constant driver which has been preserved, other driver is ignored [c:/Users/diepw50/CPRE-488-Labs/MP-1/hw/MP-1/MP-1.srcs/sources_1/bd/design_1/ipshared/1baa/hdl/axi_ppm4_v1_0.vhd:179]
CRITICAL WARNING: [Synth 8-6858] multi-driven net Q is connected to at least one constant driver which has been preserved, other driver is ignored [c:/Users/diepw50/CPRE-488-Labs/MP-1/hw/MP-1/MP-1.srcs/sources_1/bd/design_1/ipshared/1baa/hdl/axi_ppm4_v1_0.vhd:179]
CRITICAL WARNING: [Synth 8-6858] multi-driven net Q is connected to at least one constant driver which has been preserved, other driver is ignored [c:/Users/diepw50/CPRE-488-Labs/MP-1/hw/MP-1/MP-1.srcs/sources_1/bd/design_1/ipshared/1baa/hdl/axi_ppm4_v1_0.vhd:179]
CRITICAL WARNING: [Synth 8-6858] multi-driven net Q is connected to at least one constant driver which has been preserved, other driver is ignored [c:/Users/diepw50/CPRE-488-Labs/MP-1/hw/MP-1/MP-1.srcs/sources_1/bd/design_1/ipshared/1baa/hdl/axi_ppm4_v1_0.vhd:179]
CRITICAL WARNING: [Synth 8-6858] multi-driven net Q is connected to at least one constant driver which has been preserved, other driver is ignored [c:/Users/diepw50/CPRE-488-Labs/MP-1/hw/MP-1/MP-1.srcs/sources_1/bd/design_1/ipshared/1baa/hdl/axi_ppm4_v1_0.vhd:179]
CRITICAL WARNING: [Synth 8-6858] multi-driven net Q is connected to at least one constant driver which has been preserved, other driver is ignored [c:/Users/diepw50/CPRE-488-Labs/MP-1/hw/MP-1/MP-1.srcs/sources_1/bd/design_1/ipshared/1baa/hdl/axi_ppm4_v1_0.vhd:179]
CRITICAL WARNING: [Synth 8-6858] multi-driven net Q is connected to at least one constant driver which has been preserved, other driver is ignored [c:/Users/diepw50/CPRE-488-Labs/MP-1/hw/MP-1/MP-1.srcs/sources_1/bd/design_1/ipshared/1baa/hdl/axi_ppm4_v1_0.vhd:179]
CRITICAL WARNING: [Synth 8-6858] multi-driven net Q is connected to at least one constant driver which has been preserved, other driver is ignored [c:/Users/diepw50/CPRE-488-Labs/MP-1/hw/MP-1/MP-1.srcs/sources_1/bd/design_1/ipshared/1baa/hdl/axi_ppm4_v1_0.vhd:179]
CRITICAL WARNING: [Synth 8-6858] multi-driven net Q is connected to at least one constant driver which has been preserved, other driver is ignored [c:/Users/diepw50/CPRE-488-Labs/MP-1/hw/MP-1/MP-1.srcs/sources_1/bd/design_1/ipshared/1baa/hdl/axi_ppm4_v1_0.vhd:180]
CRITICAL WARNING: [Synth 8-6858] multi-driven net Q is connected to at least one constant driver which has been preserved, other driver is ignored [c:/Users/diepw50/CPRE-488-Labs/MP-1/hw/MP-1/MP-1.srcs/sources_1/bd/design_1/ipshared/1baa/hdl/axi_ppm4_v1_0.vhd:180]
CRITICAL WARNING: [Synth 8-6858] multi-driven net Q is connected to at least one constant driver which has been preserved, other driver is ignored [c:/Users/diepw50/CPRE-488-Labs/MP-1/hw/MP-1/MP-1.srcs/sources_1/bd/design_1/ipshared/1baa/hdl/axi_ppm4_v1_0.vhd:180]
CRITICAL WARNING: [Synth 8-6858] multi-driven net Q is connected to at least one constant driver which has been preserved, other driver is ignored [c:/Users/diepw50/CPRE-488-Labs/MP-1/hw/MP-1/MP-1.srcs/sources_1/bd/design_1/ipshared/1baa/hdl/axi_ppm4_v1_0.vhd:180]
INFO: [Common 17-14] Message 'Synth 8-6858' appears 100 times and further instances of the messages will be disabled. Use the Tcl command set_msg_config to change the current settings.
---------------------------------------------------------------------------------
Finished Cross Boundary and Area Optimization : Time (s): cpu = 00:00:06 ; elapsed = 00:00:07 . Memory (MB): peak = 1013.562 ; gain = 0.000
---------------------------------------------------------------------------------
---------------------------------------------------------------------------------
Start Applying XDC Timing Constraints
---------------------------------------------------------------------------------
---------------------------------------------------------------------------------
Finished Applying XDC Timing Constraints : Time (s): cpu = 00:00:10 ; elapsed = 00:00:11 . Memory (MB): peak = 1013.562 ; gain = 0.000
---------------------------------------------------------------------------------
---------------------------------------------------------------------------------
Start Timing Optimization
---------------------------------------------------------------------------------
---------------------------------------------------------------------------------
Finished Timing Optimization : Time (s): cpu = 00:00:10 ; elapsed = 00:00:11 . Memory (MB): peak = 1013.562 ; gain = 0.000
---------------------------------------------------------------------------------
---------------------------------------------------------------------------------
Start Technology Mapping
---------------------------------------------------------------------------------
---------------------------------------------------------------------------------
Finished Technology Mapping : Time (s): cpu = 00:00:10 ; elapsed = 00:00:11 . Memory (MB): peak = 1013.562 ; gain = 0.000
---------------------------------------------------------------------------------
---------------------------------------------------------------------------------
Start IO Insertion
---------------------------------------------------------------------------------
---------------------------------------------------------------------------------
Start Flattening Before IO Insertion
---------------------------------------------------------------------------------
---------------------------------------------------------------------------------
Finished Flattening Before IO Insertion
---------------------------------------------------------------------------------
---------------------------------------------------------------------------------
Start Final Netlist Cleanup
---------------------------------------------------------------------------------
---------------------------------------------------------------------------------
Finished Final Netlist Cleanup
---------------------------------------------------------------------------------
---------------------------------------------------------------------------------
Finished IO Insertion : Time (s): cpu = 00:00:11 ; elapsed = 00:00:12 . Memory (MB): peak = 1020.172 ; gain = 6.609
---------------------------------------------------------------------------------
---------------------------------------------------------------------------------
Start Renaming Generated Instances
---------------------------------------------------------------------------------
---------------------------------------------------------------------------------
Finished Renaming Generated Instances : Time (s): cpu = 00:00:11 ; elapsed = 00:00:12 . Memory (MB): peak = 1020.172 ; gain = 6.609
---------------------------------------------------------------------------------
---------------------------------------------------------------------------------
Start Rebuilding User Hierarchy
---------------------------------------------------------------------------------
---------------------------------------------------------------------------------
Finished Rebuilding User Hierarchy : Time (s): cpu = 00:00:11 ; elapsed = 00:00:12 . Memory (MB): peak = 1020.172 ; gain = 6.609
---------------------------------------------------------------------------------
---------------------------------------------------------------------------------
Start Renaming Generated Ports
---------------------------------------------------------------------------------
---------------------------------------------------------------------------------
Finished Renaming Generated Ports : Time (s): cpu = 00:00:11 ; elapsed = 00:00:12 . Memory (MB): peak = 1020.172 ; gain = 6.609
---------------------------------------------------------------------------------
---------------------------------------------------------------------------------
Start Handling Custom Attributes
---------------------------------------------------------------------------------
---------------------------------------------------------------------------------
Finished Handling Custom Attributes : Time (s): cpu = 00:00:11 ; elapsed = 00:00:12 . Memory (MB): peak = 1020.172 ; gain = 6.609
---------------------------------------------------------------------------------
---------------------------------------------------------------------------------
Start Renaming Generated Nets
---------------------------------------------------------------------------------
---------------------------------------------------------------------------------
Finished Renaming Generated Nets : Time (s): cpu = 00:00:11 ; elapsed = 00:00:12 . Memory (MB): peak = 1020.172 ; gain = 6.609
---------------------------------------------------------------------------------
---------------------------------------------------------------------------------
Start Writing Synthesis Report
---------------------------------------------------------------------------------

Report BlackBoxes: 
+-+--------------+----------+
| |BlackBox name |Instances |
+-+--------------+----------+
+-+--------------+----------+

Report Cell Usage: 
+------+-----+------+
|      |Cell |Count |
+------+-----+------+
|1     |LUT1 |     1|
|2     |LUT2 |     1|
|3     |LUT3 |     1|
|4     |LUT4 |     4|
|5     |LUT5 |    64|
|6     |LUT6 |   106|
|7     |FDRE |   361|
|8     |FDSE |     5|
+------+-----+------+
---------------------------------------------------------------------------------
Finished Writing Synthesis Report : Time (s): cpu = 00:00:11 ; elapsed = 00:00:12 . Memory (MB): peak = 1020.172 ; gain = 6.609
---------------------------------------------------------------------------------
Synthesis finished with 0 errors, 576 critical warnings and 0 warnings.
Synthesis Optimization Runtime : Time (s): cpu = 00:00:08 ; elapsed = 00:00:11 . Memory (MB): peak = 1020.172 ; gain = 6.609
Synthesis Optimization Complete : Time (s): cpu = 00:00:11 ; elapsed = 00:00:12 . Memory (MB): peak = 1020.172 ; gain = 6.609
INFO: [Project 1-571] Translating synthesized netlist
Netlist sorting complete. Time (s): cpu = 00:00:00 ; elapsed = 00:00:00.002 . Memory (MB): peak = 1020.172 ; gain = 0.000
INFO: [Project 1-570] Preparing netlist for logic optimization
INFO: [Opt 31-138] Pushed 0 inverter(s) to 0 load pin(s).
Netlist sorting complete. Time (s): cpu = 00:00:00 ; elapsed = 00:00:00 . Memory (MB): peak = 1029.086 ; gain = 0.000
INFO: [Project 1-111] Unisim Transformation Summary:
No Unisim elements were transformed.

INFO: [Common 17-83] Releasing license: Synthesis
35 Infos, 0 Warnings, 200 Critical Warnings and 0 Errors encountered.
synth_design completed successfully
synth_design: Time (s): cpu = 00:00:15 ; elapsed = 00:00:16 . Memory (MB): peak = 1029.086 ; gain = 15.523
INFO: [Common 17-1381] The checkpoint 'C:/Users/diepw50/CPRE-488-Labs/MP-1/hw/MP-1/MP-1.runs/design_1_axi_ppm4_0_0_synth_1/design_1_axi_ppm4_0_0.dcp' has been generated.
INFO: [Coretcl 2-1174] Renamed 2 cell refs.
INFO: [Common 17-1381] The checkpoint 'C:/Users/diepw50/CPRE-488-Labs/MP-1/hw/MP-1/MP-1.runs/design_1_axi_ppm4_0_0_synth_1/design_1_axi_ppm4_0_0.dcp' has been generated.
INFO: [runtcl-4] Executing : report_utilization -file design_1_axi_ppm4_0_0_utilization_synth.rpt -pb design_1_axi_ppm4_0_0_utilization_synth.pb
INFO: [Common 17-206] Exiting Vivado at Sat Feb 21 02:36:12 2026...
