13:36:38 **** Incremental Build of configuration Debug for project fuckingShit ****
make all 
make --no-print-directory pre-build
a9-linaro-pre-build-step
' '
make --no-print-directory main-build
'Building file: ../src/helloworld.c'
'Invoking: ARM v7 gcc compiler'
arm-none-eabi-gcc -Wall -O0 -g3 -c -fmessage-length=0 -MT"src/helloworld.o" -mcpu=cortex-a9 -mfpu=vfpv3 -mfloat-abi=hard -IC:/Users/cihem/CPRE-488-Labs/MP-0/MP-0-vitis-2/design_1_wrapper/export/design_1_wrapper/sw/design_1_wrapper/domain_ps7_cortexa9_0/bspinclude/include -MMD -MP -MF"src/helloworld.d" -MT"src/helloworld.o" -o "src/helloworld.o" "../src/helloworld.c"
../src/helloworld.c: In function 'hard_write_leds':
../src/helloworld.c:100:6: warning: unused variable 'current_leds' [-Wunused-variable]
  100 |  u32 current_leds = Xil_In32((UINTPTR)0x41200000);
      |      ^~~~~~~~~~~~
'Finished building: ../src/helloworld.c'
' '
'Building target: fuckingShit.elf'
'Invoking: ARM v7 gcc linker'
arm-none-eabi-gcc -mcpu=cortex-a9 -mfpu=vfpv3 -mfloat-abi=hard -Wl,-build-id=none -specs=Xilinx.spec -Wl,-T -Wl,../src/lscript.ld -LC:/Users/cihem/CPRE-488-Labs/MP-0/MP-0-vitis-2/design_1_wrapper/export/design_1_wrapper/sw/design_1_wrapper/domain_ps7_cortexa9_0/bsplib/lib -o "fuckingShit.elf"  ./src/helloworld.o ./src/platform.o   -Wl,--start-group,-lxil,-lgcc,-lc,--end-group
'Finished building target: fuckingShit.elf'
' '
'Invoking: ARM v7 Print Size'
arm-none-eabi-size fuckingShit.elf  |tee "fuckingShit.elf.size"
   text	   data	    bss	    dec	    hex	filename
  49347	   2556	  22688	  74591	  1235f	fuckingShit.elf
'Finished building: fuckingShit.elf.size'
' '

13:36:39 Build Finished (took 595ms)

