
*** Running vivado
    with args -log design_1_ppm2_0_0.vds -m64 -product Vivado -mode batch -messageDb vivado.pb -notrace -source design_1_ppm2_0_0.tcl



****** Vivado v2020.1 (64-bit)
  **** SW Build 2902540 on Wed May 27 19:54:49 MDT 2020
  **** IP Build 2902112 on Wed May 27 22:43:36 MDT 2020
    ** Copyright 1986-2020 Xilinx, Inc. All Rights Reserved.

source design_1_ppm2_0_0.tcl -notrace
INFO: [IP_Flow 19-234] Refreshing IP repositories
INFO: [IP_Flow 19-1700] Loaded user IP repository 'c:/Users/cihem/CPRE-488-Labs/MP-1/hw/ip_repo/ppm2_1.0'.
INFO: [IP_Flow 19-1700] Loaded user IP repository 'c:/Users/cihem/CPRE-488-Labs/MP-1/hw/ip_repo/axi_ppm_1.0'.
INFO: [IP_Flow 19-2313] Loaded Vivado IP repository 'C:/Xilinx/Vivado/2020.1/data/ip'.
Command: synth_design -top design_1_ppm2_0_0 -part xc7z020clg484-1 -mode out_of_context
Starting synth_design
Attempting to get a license for feature 'Synthesis' and/or device 'xc7z020'
INFO: [Common 17-349] Got license for feature 'Synthesis' and/or device 'xc7z020'
INFO: [Device 21-403] Loading part xc7z020clg484-1
INFO: [Synth 8-7079] Multithreading enabled for synth_design using a maximum of 2 processes.
INFO: [Synth 8-7078] Launching helper process for spawning children vivado processes
INFO: [Synth 8-7075] Helper process launched with PID 18092
---------------------------------------------------------------------------------
Starting RTL Elaboration : Time (s): cpu = 00:00:02 ; elapsed = 00:00:02 . Memory (MB): peak = 1013.355 ; gain = 0.000
---------------------------------------------------------------------------------
INFO: [Synth 8-638] synthesizing module 'design_1_ppm2_0_0' [c:/Users/cihem/CPRE-488-Labs/MP-1/hw/MP-1/MP-1.srcs/sources_1/bd/design_1/ip/design_1_ppm2_0_0/synth/design_1_ppm2_0_0.vhd:84]
	Parameter C_S00_AXI_DATA_WIDTH bound to: 32 - type: integer 
	Parameter C_S00_AXI_ADDR_WIDTH bound to: 6 - type: integer 
INFO: [Synth 8-3491] module 'ppm2_v1_0' declared at 'c:/Users/cihem/CPRE-488-Labs/MP-1/hw/MP-1/MP-1.srcs/sources_1/bd/design_1/ipshared/6004/hdl/ppm2_v1_0.vhd:5' bound to instance 'U0' of component 'ppm2_v1_0' [c:/Users/cihem/CPRE-488-Labs/MP-1/hw/MP-1/MP-1.srcs/sources_1/bd/design_1/ip/design_1_ppm2_0_0/synth/design_1_ppm2_0_0.vhd:150]
INFO: [Synth 8-638] synthesizing module 'ppm2_v1_0' [c:/Users/cihem/CPRE-488-Labs/MP-1/hw/MP-1/MP-1.srcs/sources_1/bd/design_1/ipshared/6004/hdl/ppm2_v1_0.vhd:50]
	Parameter C_S00_AXI_DATA_WIDTH bound to: 32 - type: integer 
	Parameter C_S00_AXI_ADDR_WIDTH bound to: 6 - type: integer 
	Parameter C_S_AXI_DATA_WIDTH bound to: 32 - type: integer 
	Parameter C_S_AXI_ADDR_WIDTH bound to: 6 - type: integer 
INFO: [Synth 8-3491] module 'ppm2_v1_0_S00_AXI' declared at 'c:/Users/cihem/CPRE-488-Labs/MP-1/hw/MP-1/MP-1.srcs/sources_1/bd/design_1/ipshared/6004/hdl/ppm2_v1_0_S00_AXI.vhd:5' bound to instance 'ppm2_v1_0_S00_AXI_inst' of component 'ppm2_v1_0_S00_AXI' [c:/Users/cihem/CPRE-488-Labs/MP-1/hw/MP-1/MP-1.srcs/sources_1/bd/design_1/ipshared/6004/hdl/ppm2_v1_0.vhd:89]
INFO: [Synth 8-638] synthesizing module 'ppm2_v1_0_S00_AXI' [c:/Users/cihem/CPRE-488-Labs/MP-1/hw/MP-1/MP-1.srcs/sources_1/bd/design_1/ipshared/6004/hdl/ppm2_v1_0_S00_AXI.vhd:87]
	Parameter C_S_AXI_DATA_WIDTH bound to: 32 - type: integer 
	Parameter C_S_AXI_ADDR_WIDTH bound to: 6 - type: integer 
INFO: [Synth 8-226] default block is never used [c:/Users/cihem/CPRE-488-Labs/MP-1/hw/MP-1/MP-1.srcs/sources_1/bd/design_1/ipshared/6004/hdl/ppm2_v1_0_S00_AXI.vhd:259]
INFO: [Synth 8-226] default block is never used [c:/Users/cihem/CPRE-488-Labs/MP-1/hw/MP-1/MP-1.srcs/sources_1/bd/design_1/ipshared/6004/hdl/ppm2_v1_0_S00_AXI.vhd:497]
INFO: [Synth 8-256] done synthesizing module 'ppm2_v1_0_S00_AXI' (1#1) [c:/Users/cihem/CPRE-488-Labs/MP-1/hw/MP-1/MP-1.srcs/sources_1/bd/design_1/ipshared/6004/hdl/ppm2_v1_0_S00_AXI.vhd:87]
INFO: [Synth 8-256] done synthesizing module 'ppm2_v1_0' (2#1) [c:/Users/cihem/CPRE-488-Labs/MP-1/hw/MP-1/MP-1.srcs/sources_1/bd/design_1/ipshared/6004/hdl/ppm2_v1_0.vhd:50]
INFO: [Synth 8-256] done synthesizing module 'design_1_ppm2_0_0' (3#1) [c:/Users/cihem/CPRE-488-Labs/MP-1/hw/MP-1/MP-1.srcs/sources_1/bd/design_1/ip/design_1_ppm2_0_0/synth/design_1_ppm2_0_0.vhd:84]
---------------------------------------------------------------------------------
Finished RTL Elaboration : Time (s): cpu = 00:00:03 ; elapsed = 00:00:03 . Memory (MB): peak = 1013.355 ; gain = 0.000
---------------------------------------------------------------------------------
---------------------------------------------------------------------------------
Start Handling Custom Attributes
---------------------------------------------------------------------------------
---------------------------------------------------------------------------------
Finished Handling Custom Attributes : Time (s): cpu = 00:00:03 ; elapsed = 00:00:03 . Memory (MB): peak = 1013.355 ; gain = 0.000
---------------------------------------------------------------------------------
---------------------------------------------------------------------------------
Finished RTL Optimization Phase 1 : Time (s): cpu = 00:00:03 ; elapsed = 00:00:03 . Memory (MB): peak = 1013.355 ; gain = 0.000
---------------------------------------------------------------------------------
Netlist sorting complete. Time (s): cpu = 00:00:00 ; elapsed = 00:00:00.009 . Memory (MB): peak = 1013.355 ; gain = 0.000
INFO: [Project 1-570] Preparing netlist for logic optimization

Processing XDC Constraints
Initializing timing engine
Completed Processing XDC Constraints

Netlist sorting complete. Time (s): cpu = 00:00:00 ; elapsed = 00:00:00 . Memory (MB): peak = 1013.355 ; gain = 0.000
INFO: [Project 1-111] Unisim Transformation Summary:
No Unisim elements were transformed.

Constraint Validation Runtime : Time (s): cpu = 00:00:00 ; elapsed = 00:00:00.015 . Memory (MB): peak = 1013.355 ; gain = 0.000
---------------------------------------------------------------------------------
Finished Constraint Validation : Time (s): cpu = 00:00:06 ; elapsed = 00:00:06 . Memory (MB): peak = 1013.355 ; gain = 0.000
---------------------------------------------------------------------------------
---------------------------------------------------------------------------------
Start Loading Part and Timing Information
---------------------------------------------------------------------------------
Loading part: xc7z020clg484-1
---------------------------------------------------------------------------------
Finished Loading Part and Timing Information : Time (s): cpu = 00:00:06 ; elapsed = 00:00:06 . Memory (MB): peak = 1013.355 ; gain = 0.000
---------------------------------------------------------------------------------
---------------------------------------------------------------------------------
Start Applying 'set_property' XDC Constraints
---------------------------------------------------------------------------------
---------------------------------------------------------------------------------
Finished applying 'set_property' XDC Constraints : Time (s): cpu = 00:00:06 ; elapsed = 00:00:06 . Memory (MB): peak = 1013.355 ; gain = 0.000
---------------------------------------------------------------------------------
INFO: [Synth 8-802] inferred FSM for state register 'st_reg' in module 'ppm2_v1_0_S00_AXI'
---------------------------------------------------------------------------------------------------
                   State |                     New Encoding |                Previous Encoding 
---------------------------------------------------------------------------------------------------
             st_idle_gap |                          0000001 |                              000
                  st_ch1 |                          0000010 |                              001
                  st_ch2 |                          0000100 |                              010
                  st_ch3 |                          0001000 |                              011
                  st_ch4 |                          0010000 |                              100
                  st_ch5 |                          0100000 |                              101
                  st_ch6 |                          1000000 |                              110
---------------------------------------------------------------------------------------------------
INFO: [Synth 8-3354] encoded FSM with state register 'st_reg' using encoding 'one-hot' in module 'ppm2_v1_0_S00_AXI'
---------------------------------------------------------------------------------
Finished RTL Optimization Phase 2 : Time (s): cpu = 00:00:06 ; elapsed = 00:00:06 . Memory (MB): peak = 1013.355 ; gain = 0.000
---------------------------------------------------------------------------------
---------------------------------------------------------------------------------
Start RTL Component Statistics 
---------------------------------------------------------------------------------
Detailed RTL Component Info : 
+---Adders : 
	   2 Input   32 Bit       Adders := 1     
+---Registers : 
	               32 Bit    Registers := 15    
	                6 Bit    Registers := 2     
	                2 Bit    Registers := 2     
	                1 Bit    Registers := 8     
+---Muxes : 
	   2 Input   32 Bit        Muxes := 16    
	  16 Input   32 Bit        Muxes := 16    
	   2 Input    1 Bit        Muxes := 10    
---------------------------------------------------------------------------------
Finished RTL Component Statistics 
---------------------------------------------------------------------------------
---------------------------------------------------------------------------------
Start Part Resource Summary
---------------------------------------------------------------------------------
Part Resources:
DSPs: 220 (col length:60)
BRAMs: 280 (col length: RAMB18 60 RAMB36 30)
---------------------------------------------------------------------------------
Finished Part Resource Summary
---------------------------------------------------------------------------------
---------------------------------------------------------------------------------
Start Cross Boundary and Area Optimization
---------------------------------------------------------------------------------
---------------------------------------------------------------------------------
Finished Cross Boundary and Area Optimization : Time (s): cpu = 00:00:07 ; elapsed = 00:00:07 . Memory (MB): peak = 1013.355 ; gain = 0.000
---------------------------------------------------------------------------------
---------------------------------------------------------------------------------
Start Applying XDC Timing Constraints
---------------------------------------------------------------------------------
---------------------------------------------------------------------------------
Finished Applying XDC Timing Constraints : Time (s): cpu = 00:00:10 ; elapsed = 00:00:11 . Memory (MB): peak = 1013.355 ; gain = 0.000
---------------------------------------------------------------------------------
---------------------------------------------------------------------------------
Start Timing Optimization
---------------------------------------------------------------------------------
---------------------------------------------------------------------------------
Finished Timing Optimization : Time (s): cpu = 00:00:10 ; elapsed = 00:00:11 . Memory (MB): peak = 1013.355 ; gain = 0.000
---------------------------------------------------------------------------------
---------------------------------------------------------------------------------
Start Technology Mapping
---------------------------------------------------------------------------------
---------------------------------------------------------------------------------
Finished Technology Mapping : Time (s): cpu = 00:00:10 ; elapsed = 00:00:11 . Memory (MB): peak = 1013.773 ; gain = 0.418
---------------------------------------------------------------------------------
---------------------------------------------------------------------------------
Start IO Insertion
---------------------------------------------------------------------------------
---------------------------------------------------------------------------------
Start Flattening Before IO Insertion
---------------------------------------------------------------------------------
---------------------------------------------------------------------------------
Finished Flattening Before IO Insertion
---------------------------------------------------------------------------------
---------------------------------------------------------------------------------
Start Final Netlist Cleanup
---------------------------------------------------------------------------------
---------------------------------------------------------------------------------
Finished Final Netlist Cleanup
---------------------------------------------------------------------------------
---------------------------------------------------------------------------------
Finished IO Insertion : Time (s): cpu = 00:00:12 ; elapsed = 00:00:12 . Memory (MB): peak = 1020.184 ; gain = 6.828
---------------------------------------------------------------------------------
---------------------------------------------------------------------------------
Start Renaming Generated Instances
---------------------------------------------------------------------------------
---------------------------------------------------------------------------------
Finished Renaming Generated Instances : Time (s): cpu = 00:00:12 ; elapsed = 00:00:12 . Memory (MB): peak = 1020.184 ; gain = 6.828
---------------------------------------------------------------------------------
CRITICAL WARNING: [Synth 8-6859] multi-driven net on pin U0/ppm2_v1_0_S00_AXI_inst/slv_reg1[31] with 1st driver pin 'U0/ppm2_v1_0_S00_AXI_inst/slv_reg1_reg[31]__0/Q' [c:/Users/cihem/CPRE-488-Labs/MP-1/hw/MP-1/MP-1.srcs/sources_1/bd/design_1/ipshared/6004/hdl/ppm2_v1_0_S00_AXI.vhd:241]
CRITICAL WARNING: [Synth 8-6859] multi-driven net on pin U0/ppm2_v1_0_S00_AXI_inst/slv_reg1[31] with 2nd driver pin 'U0/ppm2_v1_0_S00_AXI_inst/slv_reg1_reg[31]/Q' [c:/Users/cihem/CPRE-488-Labs/MP-1/hw/MP-1/MP-1.srcs/sources_1/bd/design_1/ipshared/6004/hdl/ppm2_v1_0_S00_AXI.vhd:572]
CRITICAL WARNING: [Synth 8-6859] multi-driven net on pin U0/ppm2_v1_0_S00_AXI_inst/slv_reg1[30] with 1st driver pin 'U0/ppm2_v1_0_S00_AXI_inst/slv_reg1_reg[30]__0/Q' [c:/Users/cihem/CPRE-488-Labs/MP-1/hw/MP-1/MP-1.srcs/sources_1/bd/design_1/ipshared/6004/hdl/ppm2_v1_0_S00_AXI.vhd:241]
CRITICAL WARNING: [Synth 8-6859] multi-driven net on pin U0/ppm2_v1_0_S00_AXI_inst/slv_reg1[30] with 2nd driver pin 'U0/ppm2_v1_0_S00_AXI_inst/slv_reg1_reg[30]/Q' [c:/Users/cihem/CPRE-488-Labs/MP-1/hw/MP-1/MP-1.srcs/sources_1/bd/design_1/ipshared/6004/hdl/ppm2_v1_0_S00_AXI.vhd:572]
CRITICAL WARNING: [Synth 8-6859] multi-driven net on pin U0/ppm2_v1_0_S00_AXI_inst/slv_reg1[29] with 1st driver pin 'U0/ppm2_v1_0_S00_AXI_inst/slv_reg1_reg[29]__0/Q' [c:/Users/cihem/CPRE-488-Labs/MP-1/hw/MP-1/MP-1.srcs/sources_1/bd/design_1/ipshared/6004/hdl/ppm2_v1_0_S00_AXI.vhd:241]
CRITICAL WARNING: [Synth 8-6859] multi-driven net on pin U0/ppm2_v1_0_S00_AXI_inst/slv_reg1[29] with 2nd driver pin 'U0/ppm2_v1_0_S00_AXI_inst/slv_reg1_reg[29]/Q' [c:/Users/cihem/CPRE-488-Labs/MP-1/hw/MP-1/MP-1.srcs/sources_1/bd/design_1/ipshared/6004/hdl/ppm2_v1_0_S00_AXI.vhd:572]
CRITICAL WARNING: [Synth 8-6859] multi-driven net on pin U0/ppm2_v1_0_S00_AXI_inst/slv_reg1[28] with 1st driver pin 'U0/ppm2_v1_0_S00_AXI_inst/slv_reg1_reg[28]__0/Q' [c:/Users/cihem/CPRE-488-Labs/MP-1/hw/MP-1/MP-1.srcs/sources_1/bd/design_1/ipshared/6004/hdl/ppm2_v1_0_S00_AXI.vhd:241]
CRITICAL WARNING: [Synth 8-6859] multi-driven net on pin U0/ppm2_v1_0_S00_AXI_inst/slv_reg1[28] with 2nd driver pin 'U0/ppm2_v1_0_S00_AXI_inst/slv_reg1_reg[28]/Q' [c:/Users/cihem/CPRE-488-Labs/MP-1/hw/MP-1/MP-1.srcs/sources_1/bd/design_1/ipshared/6004/hdl/ppm2_v1_0_S00_AXI.vhd:572]
CRITICAL WARNING: [Synth 8-6859] multi-driven net on pin U0/ppm2_v1_0_S00_AXI_inst/slv_reg1[27] with 1st driver pin 'U0/ppm2_v1_0_S00_AXI_inst/slv_reg1_reg[27]__0/Q' [c:/Users/cihem/CPRE-488-Labs/MP-1/hw/MP-1/MP-1.srcs/sources_1/bd/design_1/ipshared/6004/hdl/ppm2_v1_0_S00_AXI.vhd:241]
CRITICAL WARNING: [Synth 8-6859] multi-driven net on pin U0/ppm2_v1_0_S00_AXI_inst/slv_reg1[27] with 2nd driver pin 'U0/ppm2_v1_0_S00_AXI_inst/slv_reg1_reg[27]/Q' [c:/Users/cihem/CPRE-488-Labs/MP-1/hw/MP-1/MP-1.srcs/sources_1/bd/design_1/ipshared/6004/hdl/ppm2_v1_0_S00_AXI.vhd:572]
CRITICAL WARNING: [Synth 8-6859] multi-driven net on pin U0/ppm2_v1_0_S00_AXI_inst/slv_reg1[26] with 1st driver pin 'U0/ppm2_v1_0_S00_AXI_inst/slv_reg1_reg[26]__0/Q' [c:/Users/cihem/CPRE-488-Labs/MP-1/hw/MP-1/MP-1.srcs/sources_1/bd/design_1/ipshared/6004/hdl/ppm2_v1_0_S00_AXI.vhd:241]
CRITICAL WARNING: [Synth 8-6859] multi-driven net on pin U0/ppm2_v1_0_S00_AXI_inst/slv_reg1[26] with 2nd driver pin 'U0/ppm2_v1_0_S00_AXI_inst/slv_reg1_reg[26]/Q' [c:/Users/cihem/CPRE-488-Labs/MP-1/hw/MP-1/MP-1.srcs/sources_1/bd/design_1/ipshared/6004/hdl/ppm2_v1_0_S00_AXI.vhd:572]
CRITICAL WARNING: [Synth 8-6859] multi-driven net on pin U0/ppm2_v1_0_S00_AXI_inst/slv_reg1[25] with 1st driver pin 'U0/ppm2_v1_0_S00_AXI_inst/slv_reg1_reg[25]__0/Q' [c:/Users/cihem/CPRE-488-Labs/MP-1/hw/MP-1/MP-1.srcs/sources_1/bd/design_1/ipshared/6004/hdl/ppm2_v1_0_S00_AXI.vhd:241]
CRITICAL WARNING: [Synth 8-6859] multi-driven net on pin U0/ppm2_v1_0_S00_AXI_inst/slv_reg1[25] with 2nd driver pin 'U0/ppm2_v1_0_S00_AXI_inst/slv_reg1_reg[25]/Q' [c:/Users/cihem/CPRE-488-Labs/MP-1/hw/MP-1/MP-1.srcs/sources_1/bd/design_1/ipshared/6004/hdl/ppm2_v1_0_S00_AXI.vhd:572]
CRITICAL WARNING: [Synth 8-6859] multi-driven net on pin U0/ppm2_v1_0_S00_AXI_inst/slv_reg1[24] with 1st driver pin 'U0/ppm2_v1_0_S00_AXI_inst/slv_reg1_reg[24]__0/Q' [c:/Users/cihem/CPRE-488-Labs/MP-1/hw/MP-1/MP-1.srcs/sources_1/bd/design_1/ipshared/6004/hdl/ppm2_v1_0_S00_AXI.vhd:241]
CRITICAL WARNING: [Synth 8-6859] multi-driven net on pin U0/ppm2_v1_0_S00_AXI_inst/slv_reg1[24] with 2nd driver pin 'U0/ppm2_v1_0_S00_AXI_inst/slv_reg1_reg[24]/Q' [c:/Users/cihem/CPRE-488-Labs/MP-1/hw/MP-1/MP-1.srcs/sources_1/bd/design_1/ipshared/6004/hdl/ppm2_v1_0_S00_AXI.vhd:572]
CRITICAL WARNING: [Synth 8-6859] multi-driven net on pin U0/ppm2_v1_0_S00_AXI_inst/slv_reg1[23] with 1st driver pin 'U0/ppm2_v1_0_S00_AXI_inst/slv_reg1_reg[23]__0/Q' [c:/Users/cihem/CPRE-488-Labs/MP-1/hw/MP-1/MP-1.srcs/sources_1/bd/design_1/ipshared/6004/hdl/ppm2_v1_0_S00_AXI.vhd:241]
CRITICAL WARNING: [Synth 8-6859] multi-driven net on pin U0/ppm2_v1_0_S00_AXI_inst/slv_reg1[23] with 2nd driver pin 'U0/ppm2_v1_0_S00_AXI_inst/slv_reg1_reg[23]/Q' [c:/Users/cihem/CPRE-488-Labs/MP-1/hw/MP-1/MP-1.srcs/sources_1/bd/design_1/ipshared/6004/hdl/ppm2_v1_0_S00_AXI.vhd:572]
CRITICAL WARNING: [Synth 8-6859] multi-driven net on pin U0/ppm2_v1_0_S00_AXI_inst/slv_reg1[22] with 1st driver pin 'U0/ppm2_v1_0_S00_AXI_inst/slv_reg1_reg[22]__0/Q' [c:/Users/cihem/CPRE-488-Labs/MP-1/hw/MP-1/MP-1.srcs/sources_1/bd/design_1/ipshared/6004/hdl/ppm2_v1_0_S00_AXI.vhd:241]
CRITICAL WARNING: [Synth 8-6859] multi-driven net on pin U0/ppm2_v1_0_S00_AXI_inst/slv_reg1[22] with 2nd driver pin 'U0/ppm2_v1_0_S00_AXI_inst/slv_reg1_reg[22]/Q' [c:/Users/cihem/CPRE-488-Labs/MP-1/hw/MP-1/MP-1.srcs/sources_1/bd/design_1/ipshared/6004/hdl/ppm2_v1_0_S00_AXI.vhd:572]
CRITICAL WARNING: [Synth 8-6859] multi-driven net on pin U0/ppm2_v1_0_S00_AXI_inst/slv_reg1[21] with 1st driver pin 'U0/ppm2_v1_0_S00_AXI_inst/slv_reg1_reg[21]__0/Q' [c:/Users/cihem/CPRE-488-Labs/MP-1/hw/MP-1/MP-1.srcs/sources_1/bd/design_1/ipshared/6004/hdl/ppm2_v1_0_S00_AXI.vhd:241]
CRITICAL WARNING: [Synth 8-6859] multi-driven net on pin U0/ppm2_v1_0_S00_AXI_inst/slv_reg1[21] with 2nd driver pin 'U0/ppm2_v1_0_S00_AXI_inst/slv_reg1_reg[21]/Q' [c:/Users/cihem/CPRE-488-Labs/MP-1/hw/MP-1/MP-1.srcs/sources_1/bd/design_1/ipshared/6004/hdl/ppm2_v1_0_S00_AXI.vhd:572]
CRITICAL WARNING: [Synth 8-6859] multi-driven net on pin U0/ppm2_v1_0_S00_AXI_inst/slv_reg1[20] with 1st driver pin 'U0/ppm2_v1_0_S00_AXI_inst/slv_reg1_reg[20]__0/Q' [c:/Users/cihem/CPRE-488-Labs/MP-1/hw/MP-1/MP-1.srcs/sources_1/bd/design_1/ipshared/6004/hdl/ppm2_v1_0_S00_AXI.vhd:241]
CRITICAL WARNING: [Synth 8-6859] multi-driven net on pin U0/ppm2_v1_0_S00_AXI_inst/slv_reg1[20] with 2nd driver pin 'U0/ppm2_v1_0_S00_AXI_inst/slv_reg1_reg[20]/Q' [c:/Users/cihem/CPRE-488-Labs/MP-1/hw/MP-1/MP-1.srcs/sources_1/bd/design_1/ipshared/6004/hdl/ppm2_v1_0_S00_AXI.vhd:572]
CRITICAL WARNING: [Synth 8-6859] multi-driven net on pin U0/ppm2_v1_0_S00_AXI_inst/slv_reg1[19] with 1st driver pin 'U0/ppm2_v1_0_S00_AXI_inst/slv_reg1_reg[19]__0/Q' [c:/Users/cihem/CPRE-488-Labs/MP-1/hw/MP-1/MP-1.srcs/sources_1/bd/design_1/ipshared/6004/hdl/ppm2_v1_0_S00_AXI.vhd:241]
CRITICAL WARNING: [Synth 8-6859] multi-driven net on pin U0/ppm2_v1_0_S00_AXI_inst/slv_reg1[19] with 2nd driver pin 'U0/ppm2_v1_0_S00_AXI_inst/slv_reg1_reg[19]/Q' [c:/Users/cihem/CPRE-488-Labs/MP-1/hw/MP-1/MP-1.srcs/sources_1/bd/design_1/ipshared/6004/hdl/ppm2_v1_0_S00_AXI.vhd:572]
CRITICAL WARNING: [Synth 8-6859] multi-driven net on pin U0/ppm2_v1_0_S00_AXI_inst/slv_reg1[18] with 1st driver pin 'U0/ppm2_v1_0_S00_AXI_inst/slv_reg1_reg[18]__0/Q' [c:/Users/cihem/CPRE-488-Labs/MP-1/hw/MP-1/MP-1.srcs/sources_1/bd/design_1/ipshared/6004/hdl/ppm2_v1_0_S00_AXI.vhd:241]
CRITICAL WARNING: [Synth 8-6859] multi-driven net on pin U0/ppm2_v1_0_S00_AXI_inst/slv_reg1[18] with 2nd driver pin 'U0/ppm2_v1_0_S00_AXI_inst/slv_reg1_reg[18]/Q' [c:/Users/cihem/CPRE-488-Labs/MP-1/hw/MP-1/MP-1.srcs/sources_1/bd/design_1/ipshared/6004/hdl/ppm2_v1_0_S00_AXI.vhd:572]
CRITICAL WARNING: [Synth 8-6859] multi-driven net on pin U0/ppm2_v1_0_S00_AXI_inst/slv_reg1[17] with 1st driver pin 'U0/ppm2_v1_0_S00_AXI_inst/slv_reg1_reg[17]__0/Q' [c:/Users/cihem/CPRE-488-Labs/MP-1/hw/MP-1/MP-1.srcs/sources_1/bd/design_1/ipshared/6004/hdl/ppm2_v1_0_S00_AXI.vhd:241]
CRITICAL WARNING: [Synth 8-6859] multi-driven net on pin U0/ppm2_v1_0_S00_AXI_inst/slv_reg1[17] with 2nd driver pin 'U0/ppm2_v1_0_S00_AXI_inst/slv_reg1_reg[17]/Q' [c:/Users/cihem/CPRE-488-Labs/MP-1/hw/MP-1/MP-1.srcs/sources_1/bd/design_1/ipshared/6004/hdl/ppm2_v1_0_S00_AXI.vhd:572]
CRITICAL WARNING: [Synth 8-6859] multi-driven net on pin U0/ppm2_v1_0_S00_AXI_inst/slv_reg1[16] with 1st driver pin 'U0/ppm2_v1_0_S00_AXI_inst/slv_reg1_reg[16]__0/Q' [c:/Users/cihem/CPRE-488-Labs/MP-1/hw/MP-1/MP-1.srcs/sources_1/bd/design_1/ipshared/6004/hdl/ppm2_v1_0_S00_AXI.vhd:241]
CRITICAL WARNING: [Synth 8-6859] multi-driven net on pin U0/ppm2_v1_0_S00_AXI_inst/slv_reg1[16] with 2nd driver pin 'U0/ppm2_v1_0_S00_AXI_inst/slv_reg1_reg[16]/Q' [c:/Users/cihem/CPRE-488-Labs/MP-1/hw/MP-1/MP-1.srcs/sources_1/bd/design_1/ipshared/6004/hdl/ppm2_v1_0_S00_AXI.vhd:572]
CRITICAL WARNING: [Synth 8-6859] multi-driven net on pin U0/ppm2_v1_0_S00_AXI_inst/slv_reg1[15] with 1st driver pin 'U0/ppm2_v1_0_S00_AXI_inst/slv_reg1_reg[15]__0/Q' [c:/Users/cihem/CPRE-488-Labs/MP-1/hw/MP-1/MP-1.srcs/sources_1/bd/design_1/ipshared/6004/hdl/ppm2_v1_0_S00_AXI.vhd:241]
CRITICAL WARNING: [Synth 8-6859] multi-driven net on pin U0/ppm2_v1_0_S00_AXI_inst/slv_reg1[15] with 2nd driver pin 'U0/ppm2_v1_0_S00_AXI_inst/slv_reg1_reg[15]/Q' [c:/Users/cihem/CPRE-488-Labs/MP-1/hw/MP-1/MP-1.srcs/sources_1/bd/design_1/ipshared/6004/hdl/ppm2_v1_0_S00_AXI.vhd:572]
CRITICAL WARNING: [Synth 8-6859] multi-driven net on pin U0/ppm2_v1_0_S00_AXI_inst/slv_reg1[14] with 1st driver pin 'U0/ppm2_v1_0_S00_AXI_inst/slv_reg1_reg[14]__0/Q' [c:/Users/cihem/CPRE-488-Labs/MP-1/hw/MP-1/MP-1.srcs/sources_1/bd/design_1/ipshared/6004/hdl/ppm2_v1_0_S00_AXI.vhd:241]
CRITICAL WARNING: [Synth 8-6859] multi-driven net on pin U0/ppm2_v1_0_S00_AXI_inst/slv_reg1[14] with 2nd driver pin 'U0/ppm2_v1_0_S00_AXI_inst/slv_reg1_reg[14]/Q' [c:/Users/cihem/CPRE-488-Labs/MP-1/hw/MP-1/MP-1.srcs/sources_1/bd/design_1/ipshared/6004/hdl/ppm2_v1_0_S00_AXI.vhd:572]
CRITICAL WARNING: [Synth 8-6859] multi-driven net on pin U0/ppm2_v1_0_S00_AXI_inst/slv_reg1[13] with 1st driver pin 'U0/ppm2_v1_0_S00_AXI_inst/slv_reg1_reg[13]__0/Q' [c:/Users/cihem/CPRE-488-Labs/MP-1/hw/MP-1/MP-1.srcs/sources_1/bd/design_1/ipshared/6004/hdl/ppm2_v1_0_S00_AXI.vhd:241]
CRITICAL WARNING: [Synth 8-6859] multi-driven net on pin U0/ppm2_v1_0_S00_AXI_inst/slv_reg1[13] with 2nd driver pin 'U0/ppm2_v1_0_S00_AXI_inst/slv_reg1_reg[13]/Q' [c:/Users/cihem/CPRE-488-Labs/MP-1/hw/MP-1/MP-1.srcs/sources_1/bd/design_1/ipshared/6004/hdl/ppm2_v1_0_S00_AXI.vhd:572]
CRITICAL WARNING: [Synth 8-6859] multi-driven net on pin U0/ppm2_v1_0_S00_AXI_inst/slv_reg1[12] with 1st driver pin 'U0/ppm2_v1_0_S00_AXI_inst/slv_reg1_reg[12]__0/Q' [c:/Users/cihem/CPRE-488-Labs/MP-1/hw/MP-1/MP-1.srcs/sources_1/bd/design_1/ipshared/6004/hdl/ppm2_v1_0_S00_AXI.vhd:241]
CRITICAL WARNING: [Synth 8-6859] multi-driven net on pin U0/ppm2_v1_0_S00_AXI_inst/slv_reg1[12] with 2nd driver pin 'U0/ppm2_v1_0_S00_AXI_inst/slv_reg1_reg[12]/Q' [c:/Users/cihem/CPRE-488-Labs/MP-1/hw/MP-1/MP-1.srcs/sources_1/bd/design_1/ipshared/6004/hdl/ppm2_v1_0_S00_AXI.vhd:572]
CRITICAL WARNING: [Synth 8-6859] multi-driven net on pin U0/ppm2_v1_0_S00_AXI_inst/slv_reg1[11] with 1st driver pin 'U0/ppm2_v1_0_S00_AXI_inst/slv_reg1_reg[11]__0/Q' [c:/Users/cihem/CPRE-488-Labs/MP-1/hw/MP-1/MP-1.srcs/sources_1/bd/design_1/ipshared/6004/hdl/ppm2_v1_0_S00_AXI.vhd:241]
CRITICAL WARNING: [Synth 8-6859] multi-driven net on pin U0/ppm2_v1_0_S00_AXI_inst/slv_reg1[11] with 2nd driver pin 'U0/ppm2_v1_0_S00_AXI_inst/slv_reg1_reg[11]/Q' [c:/Users/cihem/CPRE-488-Labs/MP-1/hw/MP-1/MP-1.srcs/sources_1/bd/design_1/ipshared/6004/hdl/ppm2_v1_0_S00_AXI.vhd:572]
CRITICAL WARNING: [Synth 8-6859] multi-driven net on pin U0/ppm2_v1_0_S00_AXI_inst/slv_reg1[10] with 1st driver pin 'U0/ppm2_v1_0_S00_AXI_inst/slv_reg1_reg[10]__0/Q' [c:/Users/cihem/CPRE-488-Labs/MP-1/hw/MP-1/MP-1.srcs/sources_1/bd/design_1/ipshared/6004/hdl/ppm2_v1_0_S00_AXI.vhd:241]
CRITICAL WARNING: [Synth 8-6859] multi-driven net on pin U0/ppm2_v1_0_S00_AXI_inst/slv_reg1[10] with 2nd driver pin 'U0/ppm2_v1_0_S00_AXI_inst/slv_reg1_reg[10]/Q' [c:/Users/cihem/CPRE-488-Labs/MP-1/hw/MP-1/MP-1.srcs/sources_1/bd/design_1/ipshared/6004/hdl/ppm2_v1_0_S00_AXI.vhd:572]
CRITICAL WARNING: [Synth 8-6859] multi-driven net on pin U0/ppm2_v1_0_S00_AXI_inst/slv_reg1[9] with 1st driver pin 'U0/ppm2_v1_0_S00_AXI_inst/slv_reg1_reg[9]__0/Q' [c:/Users/cihem/CPRE-488-Labs/MP-1/hw/MP-1/MP-1.srcs/sources_1/bd/design_1/ipshared/6004/hdl/ppm2_v1_0_S00_AXI.vhd:241]
CRITICAL WARNING: [Synth 8-6859] multi-driven net on pin U0/ppm2_v1_0_S00_AXI_inst/slv_reg1[9] with 2nd driver pin 'U0/ppm2_v1_0_S00_AXI_inst/slv_reg1_reg[9]/Q' [c:/Users/cihem/CPRE-488-Labs/MP-1/hw/MP-1/MP-1.srcs/sources_1/bd/design_1/ipshared/6004/hdl/ppm2_v1_0_S00_AXI.vhd:572]
CRITICAL WARNING: [Synth 8-6859] multi-driven net on pin U0/ppm2_v1_0_S00_AXI_inst/slv_reg1[8] with 1st driver pin 'U0/ppm2_v1_0_S00_AXI_inst/slv_reg1_reg[8]__0/Q' [c:/Users/cihem/CPRE-488-Labs/MP-1/hw/MP-1/MP-1.srcs/sources_1/bd/design_1/ipshared/6004/hdl/ppm2_v1_0_S00_AXI.vhd:241]
CRITICAL WARNING: [Synth 8-6859] multi-driven net on pin U0/ppm2_v1_0_S00_AXI_inst/slv_reg1[8] with 2nd driver pin 'U0/ppm2_v1_0_S00_AXI_inst/slv_reg1_reg[8]/Q' [c:/Users/cihem/CPRE-488-Labs/MP-1/hw/MP-1/MP-1.srcs/sources_1/bd/design_1/ipshared/6004/hdl/ppm2_v1_0_S00_AXI.vhd:572]
CRITICAL WARNING: [Synth 8-6859] multi-driven net on pin U0/ppm2_v1_0_S00_AXI_inst/slv_reg1[7] with 1st driver pin 'U0/ppm2_v1_0_S00_AXI_inst/slv_reg1_reg[7]__0/Q' [c:/Users/cihem/CPRE-488-Labs/MP-1/hw/MP-1/MP-1.srcs/sources_1/bd/design_1/ipshared/6004/hdl/ppm2_v1_0_S00_AXI.vhd:241]
CRITICAL WARNING: [Synth 8-6859] multi-driven net on pin U0/ppm2_v1_0_S00_AXI_inst/slv_reg1[7] with 2nd driver pin 'U0/ppm2_v1_0_S00_AXI_inst/slv_reg1_reg[7]/Q' [c:/Users/cihem/CPRE-488-Labs/MP-1/hw/MP-1/MP-1.srcs/sources_1/bd/design_1/ipshared/6004/hdl/ppm2_v1_0_S00_AXI.vhd:572]
CRITICAL WARNING: [Synth 8-6859] multi-driven net on pin U0/ppm2_v1_0_S00_AXI_inst/slv_reg1[6] with 1st driver pin 'U0/ppm2_v1_0_S00_AXI_inst/slv_reg1_reg[6]__0/Q' [c:/Users/cihem/CPRE-488-Labs/MP-1/hw/MP-1/MP-1.srcs/sources_1/bd/design_1/ipshared/6004/hdl/ppm2_v1_0_S00_AXI.vhd:241]
CRITICAL WARNING: [Synth 8-6859] multi-driven net on pin U0/ppm2_v1_0_S00_AXI_inst/slv_reg1[6] with 2nd driver pin 'U0/ppm2_v1_0_S00_AXI_inst/slv_reg1_reg[6]/Q' [c:/Users/cihem/CPRE-488-Labs/MP-1/hw/MP-1/MP-1.srcs/sources_1/bd/design_1/ipshared/6004/hdl/ppm2_v1_0_S00_AXI.vhd:572]
CRITICAL WARNING: [Synth 8-6859] multi-driven net on pin U0/ppm2_v1_0_S00_AXI_inst/slv_reg1[5] with 1st driver pin 'U0/ppm2_v1_0_S00_AXI_inst/slv_reg1_reg[5]__0/Q' [c:/Users/cihem/CPRE-488-Labs/MP-1/hw/MP-1/MP-1.srcs/sources_1/bd/design_1/ipshared/6004/hdl/ppm2_v1_0_S00_AXI.vhd:241]
CRITICAL WARNING: [Synth 8-6859] multi-driven net on pin U0/ppm2_v1_0_S00_AXI_inst/slv_reg1[5] with 2nd driver pin 'U0/ppm2_v1_0_S00_AXI_inst/slv_reg1_reg[5]/Q' [c:/Users/cihem/CPRE-488-Labs/MP-1/hw/MP-1/MP-1.srcs/sources_1/bd/design_1/ipshared/6004/hdl/ppm2_v1_0_S00_AXI.vhd:572]
CRITICAL WARNING: [Synth 8-6859] multi-driven net on pin U0/ppm2_v1_0_S00_AXI_inst/slv_reg1[4] with 1st driver pin 'U0/ppm2_v1_0_S00_AXI_inst/slv_reg1_reg[4]__0/Q' [c:/Users/cihem/CPRE-488-Labs/MP-1/hw/MP-1/MP-1.srcs/sources_1/bd/design_1/ipshared/6004/hdl/ppm2_v1_0_S00_AXI.vhd:241]
CRITICAL WARNING: [Synth 8-6859] multi-driven net on pin U0/ppm2_v1_0_S00_AXI_inst/slv_reg1[4] with 2nd driver pin 'U0/ppm2_v1_0_S00_AXI_inst/slv_reg1_reg[4]/Q' [c:/Users/cihem/CPRE-488-Labs/MP-1/hw/MP-1/MP-1.srcs/sources_1/bd/design_1/ipshared/6004/hdl/ppm2_v1_0_S00_AXI.vhd:572]
CRITICAL WARNING: [Synth 8-6859] multi-driven net on pin U0/ppm2_v1_0_S00_AXI_inst/slv_reg1[3] with 1st driver pin 'U0/ppm2_v1_0_S00_AXI_inst/slv_reg1_reg[3]__0/Q' [c:/Users/cihem/CPRE-488-Labs/MP-1/hw/MP-1/MP-1.srcs/sources_1/bd/design_1/ipshared/6004/hdl/ppm2_v1_0_S00_AXI.vhd:241]
CRITICAL WARNING: [Synth 8-6859] multi-driven net on pin U0/ppm2_v1_0_S00_AXI_inst/slv_reg1[3] with 2nd driver pin 'U0/ppm2_v1_0_S00_AXI_inst/slv_reg1_reg[3]/Q' [c:/Users/cihem/CPRE-488-Labs/MP-1/hw/MP-1/MP-1.srcs/sources_1/bd/design_1/ipshared/6004/hdl/ppm2_v1_0_S00_AXI.vhd:572]
CRITICAL WARNING: [Synth 8-6859] multi-driven net on pin U0/ppm2_v1_0_S00_AXI_inst/slv_reg1[2] with 1st driver pin 'U0/ppm2_v1_0_S00_AXI_inst/slv_reg1_reg[2]__0/Q' [c:/Users/cihem/CPRE-488-Labs/MP-1/hw/MP-1/MP-1.srcs/sources_1/bd/design_1/ipshared/6004/hdl/ppm2_v1_0_S00_AXI.vhd:241]
CRITICAL WARNING: [Synth 8-6859] multi-driven net on pin U0/ppm2_v1_0_S00_AXI_inst/slv_reg1[2] with 2nd driver pin 'U0/ppm2_v1_0_S00_AXI_inst/slv_reg1_reg[2]/Q' [c:/Users/cihem/CPRE-488-Labs/MP-1/hw/MP-1/MP-1.srcs/sources_1/bd/design_1/ipshared/6004/hdl/ppm2_v1_0_S00_AXI.vhd:572]
CRITICAL WARNING: [Synth 8-6859] multi-driven net on pin U0/ppm2_v1_0_S00_AXI_inst/slv_reg1[1] with 1st driver pin 'U0/ppm2_v1_0_S00_AXI_inst/slv_reg1_reg[1]__0/Q' [c:/Users/cihem/CPRE-488-Labs/MP-1/hw/MP-1/MP-1.srcs/sources_1/bd/design_1/ipshared/6004/hdl/ppm2_v1_0_S00_AXI.vhd:241]
CRITICAL WARNING: [Synth 8-6859] multi-driven net on pin U0/ppm2_v1_0_S00_AXI_inst/slv_reg1[1] with 2nd driver pin 'U0/ppm2_v1_0_S00_AXI_inst/slv_reg1_reg[1]/Q' [c:/Users/cihem/CPRE-488-Labs/MP-1/hw/MP-1/MP-1.srcs/sources_1/bd/design_1/ipshared/6004/hdl/ppm2_v1_0_S00_AXI.vhd:572]
CRITICAL WARNING: [Synth 8-6859] multi-driven net on pin U0/ppm2_v1_0_S00_AXI_inst/slv_reg1[0] with 1st driver pin 'U0/ppm2_v1_0_S00_AXI_inst/slv_reg1_reg[0]__0/Q' [c:/Users/cihem/CPRE-488-Labs/MP-1/hw/MP-1/MP-1.srcs/sources_1/bd/design_1/ipshared/6004/hdl/ppm2_v1_0_S00_AXI.vhd:241]
CRITICAL WARNING: [Synth 8-6859] multi-driven net on pin U0/ppm2_v1_0_S00_AXI_inst/slv_reg1[0] with 2nd driver pin 'U0/ppm2_v1_0_S00_AXI_inst/slv_reg1_reg[0]/Q' [c:/Users/cihem/CPRE-488-Labs/MP-1/hw/MP-1/MP-1.srcs/sources_1/bd/design_1/ipshared/6004/hdl/ppm2_v1_0_S00_AXI.vhd:572]
CRITICAL WARNING: [Synth 8-6859] multi-driven net on pin U0/ppm2_v1_0_S00_AXI_inst/slv_reg10[31] with 1st driver pin 'U0/ppm2_v1_0_S00_AXI_inst/slv_reg10_reg[31]__0/Q' [c:/Users/cihem/CPRE-488-Labs/MP-1/hw/MP-1/MP-1.srcs/sources_1/bd/design_1/ipshared/6004/hdl/ppm2_v1_0_S00_AXI.vhd:250]
CRITICAL WARNING: [Synth 8-6859] multi-driven net on pin U0/ppm2_v1_0_S00_AXI_inst/slv_reg10[31] with 2nd driver pin 'U0/ppm2_v1_0_S00_AXI_inst/slv_reg10_reg[31]/Q' [c:/Users/cihem/CPRE-488-Labs/MP-1/hw/MP-1/MP-1.srcs/sources_1/bd/design_1/ipshared/6004/hdl/ppm2_v1_0_S00_AXI.vhd:573]
CRITICAL WARNING: [Synth 8-6859] multi-driven net on pin U0/ppm2_v1_0_S00_AXI_inst/slv_reg10[30] with 1st driver pin 'U0/ppm2_v1_0_S00_AXI_inst/slv_reg10_reg[30]__0/Q' [c:/Users/cihem/CPRE-488-Labs/MP-1/hw/MP-1/MP-1.srcs/sources_1/bd/design_1/ipshared/6004/hdl/ppm2_v1_0_S00_AXI.vhd:250]
CRITICAL WARNING: [Synth 8-6859] multi-driven net on pin U0/ppm2_v1_0_S00_AXI_inst/slv_reg10[30] with 2nd driver pin 'U0/ppm2_v1_0_S00_AXI_inst/slv_reg10_reg[30]/Q' [c:/Users/cihem/CPRE-488-Labs/MP-1/hw/MP-1/MP-1.srcs/sources_1/bd/design_1/ipshared/6004/hdl/ppm2_v1_0_S00_AXI.vhd:573]
CRITICAL WARNING: [Synth 8-6859] multi-driven net on pin U0/ppm2_v1_0_S00_AXI_inst/slv_reg10[29] with 1st driver pin 'U0/ppm2_v1_0_S00_AXI_inst/slv_reg10_reg[29]__0/Q' [c:/Users/cihem/CPRE-488-Labs/MP-1/hw/MP-1/MP-1.srcs/sources_1/bd/design_1/ipshared/6004/hdl/ppm2_v1_0_S00_AXI.vhd:250]
CRITICAL WARNING: [Synth 8-6859] multi-driven net on pin U0/ppm2_v1_0_S00_AXI_inst/slv_reg10[29] with 2nd driver pin 'U0/ppm2_v1_0_S00_AXI_inst/slv_reg10_reg[29]/Q' [c:/Users/cihem/CPRE-488-Labs/MP-1/hw/MP-1/MP-1.srcs/sources_1/bd/design_1/ipshared/6004/hdl/ppm2_v1_0_S00_AXI.vhd:573]
CRITICAL WARNING: [Synth 8-6859] multi-driven net on pin U0/ppm2_v1_0_S00_AXI_inst/slv_reg10[28] with 1st driver pin 'U0/ppm2_v1_0_S00_AXI_inst/slv_reg10_reg[28]__0/Q' [c:/Users/cihem/CPRE-488-Labs/MP-1/hw/MP-1/MP-1.srcs/sources_1/bd/design_1/ipshared/6004/hdl/ppm2_v1_0_S00_AXI.vhd:250]
CRITICAL WARNING: [Synth 8-6859] multi-driven net on pin U0/ppm2_v1_0_S00_AXI_inst/slv_reg10[28] with 2nd driver pin 'U0/ppm2_v1_0_S00_AXI_inst/slv_reg10_reg[28]/Q' [c:/Users/cihem/CPRE-488-Labs/MP-1/hw/MP-1/MP-1.srcs/sources_1/bd/design_1/ipshared/6004/hdl/ppm2_v1_0_S00_AXI.vhd:573]
CRITICAL WARNING: [Synth 8-6859] multi-driven net on pin U0/ppm2_v1_0_S00_AXI_inst/slv_reg10[27] with 1st driver pin 'U0/ppm2_v1_0_S00_AXI_inst/slv_reg10_reg[27]__0/Q' [c:/Users/cihem/CPRE-488-Labs/MP-1/hw/MP-1/MP-1.srcs/sources_1/bd/design_1/ipshared/6004/hdl/ppm2_v1_0_S00_AXI.vhd:250]
CRITICAL WARNING: [Synth 8-6859] multi-driven net on pin U0/ppm2_v1_0_S00_AXI_inst/slv_reg10[27] with 2nd driver pin 'U0/ppm2_v1_0_S00_AXI_inst/slv_reg10_reg[27]/Q' [c:/Users/cihem/CPRE-488-Labs/MP-1/hw/MP-1/MP-1.srcs/sources_1/bd/design_1/ipshared/6004/hdl/ppm2_v1_0_S00_AXI.vhd:573]
CRITICAL WARNING: [Synth 8-6859] multi-driven net on pin U0/ppm2_v1_0_S00_AXI_inst/slv_reg10[26] with 1st driver pin 'U0/ppm2_v1_0_S00_AXI_inst/slv_reg10_reg[26]__0/Q' [c:/Users/cihem/CPRE-488-Labs/MP-1/hw/MP-1/MP-1.srcs/sources_1/bd/design_1/ipshared/6004/hdl/ppm2_v1_0_S00_AXI.vhd:250]
CRITICAL WARNING: [Synth 8-6859] multi-driven net on pin U0/ppm2_v1_0_S00_AXI_inst/slv_reg10[26] with 2nd driver pin 'U0/ppm2_v1_0_S00_AXI_inst/slv_reg10_reg[26]/Q' [c:/Users/cihem/CPRE-488-Labs/MP-1/hw/MP-1/MP-1.srcs/sources_1/bd/design_1/ipshared/6004/hdl/ppm2_v1_0_S00_AXI.vhd:573]
CRITICAL WARNING: [Synth 8-6859] multi-driven net on pin U0/ppm2_v1_0_S00_AXI_inst/slv_reg10[25] with 1st driver pin 'U0/ppm2_v1_0_S00_AXI_inst/slv_reg10_reg[25]__0/Q' [c:/Users/cihem/CPRE-488-Labs/MP-1/hw/MP-1/MP-1.srcs/sources_1/bd/design_1/ipshared/6004/hdl/ppm2_v1_0_S00_AXI.vhd:250]
CRITICAL WARNING: [Synth 8-6859] multi-driven net on pin U0/ppm2_v1_0_S00_AXI_inst/slv_reg10[25] with 2nd driver pin 'U0/ppm2_v1_0_S00_AXI_inst/slv_reg10_reg[25]/Q' [c:/Users/cihem/CPRE-488-Labs/MP-1/hw/MP-1/MP-1.srcs/sources_1/bd/design_1/ipshared/6004/hdl/ppm2_v1_0_S00_AXI.vhd:573]
CRITICAL WARNING: [Synth 8-6859] multi-driven net on pin U0/ppm2_v1_0_S00_AXI_inst/slv_reg10[24] with 1st driver pin 'U0/ppm2_v1_0_S00_AXI_inst/slv_reg10_reg[24]__0/Q' [c:/Users/cihem/CPRE-488-Labs/MP-1/hw/MP-1/MP-1.srcs/sources_1/bd/design_1/ipshared/6004/hdl/ppm2_v1_0_S00_AXI.vhd:250]
CRITICAL WARNING: [Synth 8-6859] multi-driven net on pin U0/ppm2_v1_0_S00_AXI_inst/slv_reg10[24] with 2nd driver pin 'U0/ppm2_v1_0_S00_AXI_inst/slv_reg10_reg[24]/Q' [c:/Users/cihem/CPRE-488-Labs/MP-1/hw/MP-1/MP-1.srcs/sources_1/bd/design_1/ipshared/6004/hdl/ppm2_v1_0_S00_AXI.vhd:573]
CRITICAL WARNING: [Synth 8-6859] multi-driven net on pin U0/ppm2_v1_0_S00_AXI_inst/slv_reg10[23] with 1st driver pin 'U0/ppm2_v1_0_S00_AXI_inst/slv_reg10_reg[23]__0/Q' [c:/Users/cihem/CPRE-488-Labs/MP-1/hw/MP-1/MP-1.srcs/sources_1/bd/design_1/ipshared/6004/hdl/ppm2_v1_0_S00_AXI.vhd:250]
CRITICAL WARNING: [Synth 8-6859] multi-driven net on pin U0/ppm2_v1_0_S00_AXI_inst/slv_reg10[23] with 2nd driver pin 'U0/ppm2_v1_0_S00_AXI_inst/slv_reg10_reg[23]/Q' [c:/Users/cihem/CPRE-488-Labs/MP-1/hw/MP-1/MP-1.srcs/sources_1/bd/design_1/ipshared/6004/hdl/ppm2_v1_0_S00_AXI.vhd:573]
CRITICAL WARNING: [Synth 8-6859] multi-driven net on pin U0/ppm2_v1_0_S00_AXI_inst/slv_reg10[22] with 1st driver pin 'U0/ppm2_v1_0_S00_AXI_inst/slv_reg10_reg[22]__0/Q' [c:/Users/cihem/CPRE-488-Labs/MP-1/hw/MP-1/MP-1.srcs/sources_1/bd/design_1/ipshared/6004/hdl/ppm2_v1_0_S00_AXI.vhd:250]
CRITICAL WARNING: [Synth 8-6859] multi-driven net on pin U0/ppm2_v1_0_S00_AXI_inst/slv_reg10[22] with 2nd driver pin 'U0/ppm2_v1_0_S00_AXI_inst/slv_reg10_reg[22]/Q' [c:/Users/cihem/CPRE-488-Labs/MP-1/hw/MP-1/MP-1.srcs/sources_1/bd/design_1/ipshared/6004/hdl/ppm2_v1_0_S00_AXI.vhd:573]
CRITICAL WARNING: [Synth 8-6859] multi-driven net on pin U0/ppm2_v1_0_S00_AXI_inst/slv_reg10[21] with 1st driver pin 'U0/ppm2_v1_0_S00_AXI_inst/slv_reg10_reg[21]__0/Q' [c:/Users/cihem/CPRE-488-Labs/MP-1/hw/MP-1/MP-1.srcs/sources_1/bd/design_1/ipshared/6004/hdl/ppm2_v1_0_S00_AXI.vhd:250]
CRITICAL WARNING: [Synth 8-6859] multi-driven net on pin U0/ppm2_v1_0_S00_AXI_inst/slv_reg10[21] with 2nd driver pin 'U0/ppm2_v1_0_S00_AXI_inst/slv_reg10_reg[21]/Q' [c:/Users/cihem/CPRE-488-Labs/MP-1/hw/MP-1/MP-1.srcs/sources_1/bd/design_1/ipshared/6004/hdl/ppm2_v1_0_S00_AXI.vhd:573]
CRITICAL WARNING: [Synth 8-6859] multi-driven net on pin U0/ppm2_v1_0_S00_AXI_inst/slv_reg10[20] with 1st driver pin 'U0/ppm2_v1_0_S00_AXI_inst/slv_reg10_reg[20]__0/Q' [c:/Users/cihem/CPRE-488-Labs/MP-1/hw/MP-1/MP-1.srcs/sources_1/bd/design_1/ipshared/6004/hdl/ppm2_v1_0_S00_AXI.vhd:250]
CRITICAL WARNING: [Synth 8-6859] multi-driven net on pin U0/ppm2_v1_0_S00_AXI_inst/slv_reg10[20] with 2nd driver pin 'U0/ppm2_v1_0_S00_AXI_inst/slv_reg10_reg[20]/Q' [c:/Users/cihem/CPRE-488-Labs/MP-1/hw/MP-1/MP-1.srcs/sources_1/bd/design_1/ipshared/6004/hdl/ppm2_v1_0_S00_AXI.vhd:573]
CRITICAL WARNING: [Synth 8-6859] multi-driven net on pin U0/ppm2_v1_0_S00_AXI_inst/slv_reg10[19] with 1st driver pin 'U0/ppm2_v1_0_S00_AXI_inst/slv_reg10_reg[19]__0/Q' [c:/Users/cihem/CPRE-488-Labs/MP-1/hw/MP-1/MP-1.srcs/sources_1/bd/design_1/ipshared/6004/hdl/ppm2_v1_0_S00_AXI.vhd:250]
CRITICAL WARNING: [Synth 8-6859] multi-driven net on pin U0/ppm2_v1_0_S00_AXI_inst/slv_reg10[19] with 2nd driver pin 'U0/ppm2_v1_0_S00_AXI_inst/slv_reg10_reg[19]/Q' [c:/Users/cihem/CPRE-488-Labs/MP-1/hw/MP-1/MP-1.srcs/sources_1/bd/design_1/ipshared/6004/hdl/ppm2_v1_0_S00_AXI.vhd:573]
CRITICAL WARNING: [Synth 8-6859] multi-driven net on pin U0/ppm2_v1_0_S00_AXI_inst/slv_reg10[18] with 1st driver pin 'U0/ppm2_v1_0_S00_AXI_inst/slv_reg10_reg[18]__0/Q' [c:/Users/cihem/CPRE-488-Labs/MP-1/hw/MP-1/MP-1.srcs/sources_1/bd/design_1/ipshared/6004/hdl/ppm2_v1_0_S00_AXI.vhd:250]
CRITICAL WARNING: [Synth 8-6859] multi-driven net on pin U0/ppm2_v1_0_S00_AXI_inst/slv_reg10[18] with 2nd driver pin 'U0/ppm2_v1_0_S00_AXI_inst/slv_reg10_reg[18]/Q' [c:/Users/cihem/CPRE-488-Labs/MP-1/hw/MP-1/MP-1.srcs/sources_1/bd/design_1/ipshared/6004/hdl/ppm2_v1_0_S00_AXI.vhd:573]
CRITICAL WARNING: [Synth 8-6859] multi-driven net on pin U0/ppm2_v1_0_S00_AXI_inst/slv_reg10[17] with 1st driver pin 'U0/ppm2_v1_0_S00_AXI_inst/slv_reg10_reg[17]__0/Q' [c:/Users/cihem/CPRE-488-Labs/MP-1/hw/MP-1/MP-1.srcs/sources_1/bd/design_1/ipshared/6004/hdl/ppm2_v1_0_S00_AXI.vhd:250]
CRITICAL WARNING: [Synth 8-6859] multi-driven net on pin U0/ppm2_v1_0_S00_AXI_inst/slv_reg10[17] with 2nd driver pin 'U0/ppm2_v1_0_S00_AXI_inst/slv_reg10_reg[17]/Q' [c:/Users/cihem/CPRE-488-Labs/MP-1/hw/MP-1/MP-1.srcs/sources_1/bd/design_1/ipshared/6004/hdl/ppm2_v1_0_S00_AXI.vhd:573]
CRITICAL WARNING: [Synth 8-6859] multi-driven net on pin U0/ppm2_v1_0_S00_AXI_inst/slv_reg10[16] with 1st driver pin 'U0/ppm2_v1_0_S00_AXI_inst/slv_reg10_reg[16]__0/Q' [c:/Users/cihem/CPRE-488-Labs/MP-1/hw/MP-1/MP-1.srcs/sources_1/bd/design_1/ipshared/6004/hdl/ppm2_v1_0_S00_AXI.vhd:250]
CRITICAL WARNING: [Synth 8-6859] multi-driven net on pin U0/ppm2_v1_0_S00_AXI_inst/slv_reg10[16] with 2nd driver pin 'U0/ppm2_v1_0_S00_AXI_inst/slv_reg10_reg[16]/Q' [c:/Users/cihem/CPRE-488-Labs/MP-1/hw/MP-1/MP-1.srcs/sources_1/bd/design_1/ipshared/6004/hdl/ppm2_v1_0_S00_AXI.vhd:573]
CRITICAL WARNING: [Synth 8-6859] multi-driven net on pin U0/ppm2_v1_0_S00_AXI_inst/slv_reg10[15] with 1st driver pin 'U0/ppm2_v1_0_S00_AXI_inst/slv_reg10_reg[15]__0/Q' [c:/Users/cihem/CPRE-488-Labs/MP-1/hw/MP-1/MP-1.srcs/sources_1/bd/design_1/ipshared/6004/hdl/ppm2_v1_0_S00_AXI.vhd:250]
CRITICAL WARNING: [Synth 8-6859] multi-driven net on pin U0/ppm2_v1_0_S00_AXI_inst/slv_reg10[15] with 2nd driver pin 'U0/ppm2_v1_0_S00_AXI_inst/slv_reg10_reg[15]/Q' [c:/Users/cihem/CPRE-488-Labs/MP-1/hw/MP-1/MP-1.srcs/sources_1/bd/design_1/ipshared/6004/hdl/ppm2_v1_0_S00_AXI.vhd:573]
CRITICAL WARNING: [Synth 8-6859] multi-driven net on pin U0/ppm2_v1_0_S00_AXI_inst/slv_reg10[14] with 1st driver pin 'U0/ppm2_v1_0_S00_AXI_inst/slv_reg10_reg[14]__0/Q' [c:/Users/cihem/CPRE-488-Labs/MP-1/hw/MP-1/MP-1.srcs/sources_1/bd/design_1/ipshared/6004/hdl/ppm2_v1_0_S00_AXI.vhd:250]
CRITICAL WARNING: [Synth 8-6859] multi-driven net on pin U0/ppm2_v1_0_S00_AXI_inst/slv_reg10[14] with 2nd driver pin 'U0/ppm2_v1_0_S00_AXI_inst/slv_reg10_reg[14]/Q' [c:/Users/cihem/CPRE-488-Labs/MP-1/hw/MP-1/MP-1.srcs/sources_1/bd/design_1/ipshared/6004/hdl/ppm2_v1_0_S00_AXI.vhd:573]
INFO: [Common 17-14] Message 'Synth 8-6859' appears 100 times and further instances of the messages will be disabled. Use the Tcl command set_msg_config to change the current settings.

Report Check Netlist: 
+------+------------------+-------+---------+-------+------------------+
|      |Item              |Errors |Warnings |Status |Description       |
+------+------------------+-------+---------+-------+------------------+
|1     |multi_driven_nets |      0|      224|Failed |Multi driven nets |
+------+------------------+-------+---------+-------+------------------+
---------------------------------------------------------------------------------
Start Rebuilding User Hierarchy
---------------------------------------------------------------------------------
---------------------------------------------------------------------------------
Finished Rebuilding User Hierarchy : Time (s): cpu = 00:00:12 ; elapsed = 00:00:12 . Memory (MB): peak = 1020.184 ; gain = 6.828
---------------------------------------------------------------------------------
---------------------------------------------------------------------------------
Start Renaming Generated Ports
---------------------------------------------------------------------------------
---------------------------------------------------------------------------------
Finished Renaming Generated Ports : Time (s): cpu = 00:00:12 ; elapsed = 00:00:12 . Memory (MB): peak = 1020.184 ; gain = 6.828
---------------------------------------------------------------------------------
---------------------------------------------------------------------------------
Start Handling Custom Attributes
---------------------------------------------------------------------------------
---------------------------------------------------------------------------------
Finished Handling Custom Attributes : Time (s): cpu = 00:00:12 ; elapsed = 00:00:12 . Memory (MB): peak = 1020.184 ; gain = 6.828
---------------------------------------------------------------------------------
---------------------------------------------------------------------------------
Start Renaming Generated Nets
---------------------------------------------------------------------------------
---------------------------------------------------------------------------------
Finished Renaming Generated Nets : Time (s): cpu = 00:00:12 ; elapsed = 00:00:12 . Memory (MB): peak = 1020.184 ; gain = 6.828
---------------------------------------------------------------------------------
---------------------------------------------------------------------------------
Start Writing Synthesis Report
---------------------------------------------------------------------------------

Report BlackBoxes: 
+-+--------------+----------+
| |BlackBox name |Instances |
+-+--------------+----------+
+-+--------------+----------+

Report Cell Usage: 
+------+-------+------+
|      |Cell   |Count |
+------+-------+------+
|1     |CARRY4 |    24|
|2     |LUT1   |     5|
|3     |LUT2   |     9|
|4     |LUT3   |     1|
|5     |LUT4   |     6|
|6     |LUT5   |     1|
|7     |LUT6   |   201|
|8     |MUXF7  |    64|
|9     |MUXF8  |    32|
|10    |FDRE   |  1009|
|11    |FDSE   |     6|
+------+-------+------+
---------------------------------------------------------------------------------
Finished Writing Synthesis Report : Time (s): cpu = 00:00:12 ; elapsed = 00:00:12 . Memory (MB): peak = 1020.184 ; gain = 6.828
---------------------------------------------------------------------------------
Synthesis finished with 0 errors, 448 critical warnings and 0 warnings.
Synthesis Optimization Runtime : Time (s): cpu = 00:00:08 ; elapsed = 00:00:11 . Memory (MB): peak = 1020.184 ; gain = 6.828
Synthesis Optimization Complete : Time (s): cpu = 00:00:12 ; elapsed = 00:00:12 . Memory (MB): peak = 1020.184 ; gain = 6.828
INFO: [Project 1-571] Translating synthesized netlist
Netlist sorting complete. Time (s): cpu = 00:00:00 ; elapsed = 00:00:00.005 . Memory (MB): peak = 1032.199 ; gain = 0.000
INFO: [Netlist 29-17] Analyzing 120 Unisim elements for replacement
INFO: [Netlist 29-28] Unisim Transformation completed in 0 CPU seconds
WARNING: [Netlist 29-101] Netlist 'design_1_ppm2_0_0' is not ideal for floorplanning, since the cellview 'ppm2_v1_0_S00_AXI' contains a large number of primitives.  Please consider enabling hierarchy in synthesis if you want to do floorplanning.
INFO: [Project 1-570] Preparing netlist for logic optimization
INFO: [Opt 31-138] Pushed 0 inverter(s) to 0 load pin(s).
Netlist sorting complete. Time (s): cpu = 00:00:00 ; elapsed = 00:00:00 . Memory (MB): peak = 1032.199 ; gain = 0.000
INFO: [Project 1-111] Unisim Transformation Summary:
No Unisim elements were transformed.

INFO: [Common 17-83] Releasing license: Synthesis
31 Infos, 1 Warnings, 100 Critical Warnings and 0 Errors encountered.
synth_design completed successfully
synth_design: Time (s): cpu = 00:00:14 ; elapsed = 00:00:16 . Memory (MB): peak = 1032.199 ; gain = 18.844
INFO: [Common 17-1381] The checkpoint 'C:/Users/cihem/CPRE-488-Labs/MP-1/hw/MP-1/MP-1.runs/design_1_ppm2_0_0_synth_1/design_1_ppm2_0_0.dcp' has been generated.
INFO: [Coretcl 2-1174] Renamed 2 cell refs.
INFO: [Common 17-1381] The checkpoint 'C:/Users/cihem/CPRE-488-Labs/MP-1/hw/MP-1/MP-1.runs/design_1_ppm2_0_0_synth_1/design_1_ppm2_0_0.dcp' has been generated.
INFO: [runtcl-4] Executing : report_utilization -file design_1_ppm2_0_0_utilization_synth.rpt -pb design_1_ppm2_0_0_utilization_synth.pb
INFO: [Common 17-206] Exiting Vivado at Mon Feb 16 14:39:17 2026...
