16:43:59 INFO  : Launching XSCT server: xsct.bat -n  -interactive C:\Users\cihem\CPRE-488-Labs\Mp-0_New\vitis2\temp_xsdb_launch_script.tcl
16:43:59 INFO  : Registering command handlers for Vitis TCF services
16:44:00 INFO  : XSCT server has started successfully.
16:44:00 INFO  : Successfully done setting XSCT server connection channel  
16:44:00 INFO  : Platform repository initialization has completed.
16:44:00 INFO  : Successfully done query RDI_DATADIR 
16:44:00 INFO  : Successfully done setting workspace for the tool. 
16:44:00 INFO  : plnx-install-location is set to ''
16:44:45 INFO  : Result from executing command 'getProjects': design_1_wrapper
16:44:45 INFO  : Result from executing command 'getPlatforms': 
16:44:46 INFO  : Platform 'design_1_wrapper' is added to custom repositories.
16:44:50 INFO  : Platform 'design_1_wrapper' is added to custom repositories.
16:45:28 INFO  : Connected to target on host '127.0.0.1' and port '3121'.
16:45:28 INFO  : 'targets -set -filter {jtag_cable_name =~ "Digilent Zed 210248525658" && level==0 && jtag_device_ctx=="jsn-Zed-210248525658-23727093-0"}' command is executed.
16:45:30 INFO  : FPGA configured successfully with bitstream "C:/Users/cihem/CPRE-488-Labs/Mp-0_New/vitis2/design_1_wrapper/bitstream/design_1_wrapper.bit"
16:46:04 INFO  : Result from executing command 'getProjects': design_1_wrapper
16:46:04 INFO  : Result from executing command 'getPlatforms': C:\Users\cihem\CPRE-488-Labs\Mp-0_New\vitis2\design_1_wrapper\export\design_1_wrapper\design_1_wrapper.xpfm|C:/Users/cihem/CPRE-488-Labs/Mp-0_New/vitis2/design_1_wrapper/export/design_1_wrapper/design_1_wrapper.xpfm
16:46:04 INFO  : Checking for BSP changes to sync application flags for project 'grid'...
16:46:19 INFO  : Connected to target on host '127.0.0.1' and port '3121'.
16:46:20 INFO  : Jtag cable 'Digilent Zed 210248525658' is selected.
16:46:20 INFO  : 'jtag frequency' command is executed.
16:46:20 INFO  : Context for 'APU' is selected.
16:46:20 INFO  : System reset is completed.
16:46:23 INFO  : 'after 3000' command is executed.
16:46:23 INFO  : 'targets -set -filter {jtag_cable_name =~ "Digilent Zed 210248525658" && level==0 && jtag_device_ctx=="jsn-Zed-210248525658-23727093-0"}' command is executed.
16:46:25 INFO  : FPGA configured successfully with bitstream "C:/Users/cihem/CPRE-488-Labs/Mp-0_New/vitis2/grid/_ide/bitstream/design_1_wrapper.bit"
16:46:25 INFO  : Context for 'APU' is selected.
16:46:25 INFO  : Hardware design and registers information is loaded from 'C:/Users/cihem/CPRE-488-Labs/Mp-0_New/vitis2/design_1_wrapper/export/design_1_wrapper/hw/design_1_wrapper.xsa'.
16:46:25 INFO  : 'configparams force-mem-access 1' command is executed.
16:46:25 INFO  : Context for 'APU' is selected.
16:46:25 INFO  : Sourcing of 'C:/Users/cihem/CPRE-488-Labs/Mp-0_New/vitis2/grid/_ide/psinit/ps7_init.tcl' is done.
16:46:25 INFO  : 'ps7_init' command is executed.
16:46:25 INFO  : 'ps7_post_config' command is executed.
16:46:25 INFO  : Context for processor 'ps7_cortexa9_0' is selected.
16:46:26 INFO  : The application 'C:/Users/cihem/CPRE-488-Labs/Mp-0_New/vitis2/grid/Debug/grid.elf' is downloaded to processor 'ps7_cortexa9_0'.
16:46:26 INFO  : 'configparams force-mem-access 0' command is executed.
16:46:26 INFO  : ----------------XSDB Script----------------
connect -url tcp:127.0.0.1:3121
targets -set -nocase -filter {name =~"APU*"}
rst -system
after 3000
targets -set -filter {jtag_cable_name =~ "Digilent Zed 210248525658" && level==0 && jtag_device_ctx=="jsn-Zed-210248525658-23727093-0"}
fpga -file C:/Users/cihem/CPRE-488-Labs/Mp-0_New/vitis2/grid/_ide/bitstream/design_1_wrapper.bit
targets -set -nocase -filter {name =~"APU*"}
loadhw -hw C:/Users/cihem/CPRE-488-Labs/Mp-0_New/vitis2/design_1_wrapper/export/design_1_wrapper/hw/design_1_wrapper.xsa -mem-ranges [list {0x40000000 0xbfffffff}] -regs
configparams force-mem-access 1
targets -set -nocase -filter {name =~"APU*"}
source C:/Users/cihem/CPRE-488-Labs/Mp-0_New/vitis2/grid/_ide/psinit/ps7_init.tcl
ps7_init
ps7_post_config
targets -set -nocase -filter {name =~ "*A9*#0"}
dow C:/Users/cihem/CPRE-488-Labs/Mp-0_New/vitis2/grid/Debug/grid.elf
configparams force-mem-access 0
----------------End of Script----------------

16:46:26 INFO  : Context for processor 'ps7_cortexa9_0' is selected.
16:46:26 INFO  : 'con' command is executed.
16:46:26 INFO  : ----------------XSDB Script (After Launch)----------------
targets -set -nocase -filter {name =~ "*A9*#0"}
con
----------------End of Script----------------

16:46:26 INFO  : Launch script is exported to file 'C:\Users\cihem\CPRE-488-Labs\Mp-0_New\vitis2\.sdk\launch_scripts\single_application_debug\systemdebugger_grid_system_standalone.tcl'
16:49:40 INFO  : Checking for BSP changes to sync application flags for project 'grid'...
16:49:42 INFO  : Disconnected from the channel tcfchan#1.
16:49:47 INFO  : Connected to target on host '127.0.0.1' and port '3121'.
16:49:47 INFO  : Jtag cable 'Digilent Zed 210248525658' is selected.
16:49:47 INFO  : 'jtag frequency' command is executed.
16:49:47 INFO  : Context for 'APU' is selected.
16:49:47 INFO  : System reset is completed.
16:49:50 INFO  : 'after 3000' command is executed.
16:49:50 INFO  : 'targets -set -filter {jtag_cable_name =~ "Digilent Zed 210248525658" && level==0 && jtag_device_ctx=="jsn-Zed-210248525658-23727093-0"}' command is executed.
16:49:53 INFO  : FPGA configured successfully with bitstream "C:/Users/cihem/CPRE-488-Labs/Mp-0_New/vitis2/grid/_ide/bitstream/design_1_wrapper.bit"
16:49:53 INFO  : Context for 'APU' is selected.
16:49:53 INFO  : Hardware design and registers information is loaded from 'C:/Users/cihem/CPRE-488-Labs/Mp-0_New/vitis2/design_1_wrapper/export/design_1_wrapper/hw/design_1_wrapper.xsa'.
16:49:53 INFO  : 'configparams force-mem-access 1' command is executed.
16:49:53 INFO  : Context for 'APU' is selected.
16:49:53 INFO  : Sourcing of 'C:/Users/cihem/CPRE-488-Labs/Mp-0_New/vitis2/grid/_ide/psinit/ps7_init.tcl' is done.
16:49:53 INFO  : 'ps7_init' command is executed.
16:49:53 INFO  : 'ps7_post_config' command is executed.
16:49:53 INFO  : Context for processor 'ps7_cortexa9_0' is selected.
16:49:53 INFO  : The application 'C:/Users/cihem/CPRE-488-Labs/Mp-0_New/vitis2/grid/Debug/grid.elf' is downloaded to processor 'ps7_cortexa9_0'.
16:49:53 INFO  : 'configparams force-mem-access 0' command is executed.
16:49:53 INFO  : ----------------XSDB Script----------------
connect -url tcp:127.0.0.1:3121
targets -set -nocase -filter {name =~"APU*"}
rst -system
after 3000
targets -set -filter {jtag_cable_name =~ "Digilent Zed 210248525658" && level==0 && jtag_device_ctx=="jsn-Zed-210248525658-23727093-0"}
fpga -file C:/Users/cihem/CPRE-488-Labs/Mp-0_New/vitis2/grid/_ide/bitstream/design_1_wrapper.bit
targets -set -nocase -filter {name =~"APU*"}
loadhw -hw C:/Users/cihem/CPRE-488-Labs/Mp-0_New/vitis2/design_1_wrapper/export/design_1_wrapper/hw/design_1_wrapper.xsa -mem-ranges [list {0x40000000 0xbfffffff}] -regs
configparams force-mem-access 1
targets -set -nocase -filter {name =~"APU*"}
source C:/Users/cihem/CPRE-488-Labs/Mp-0_New/vitis2/grid/_ide/psinit/ps7_init.tcl
ps7_init
ps7_post_config
targets -set -nocase -filter {name =~ "*A9*#0"}
dow C:/Users/cihem/CPRE-488-Labs/Mp-0_New/vitis2/grid/Debug/grid.elf
configparams force-mem-access 0
----------------End of Script----------------

16:49:53 INFO  : Context for processor 'ps7_cortexa9_0' is selected.
16:49:53 INFO  : 'con' command is executed.
16:49:53 INFO  : ----------------XSDB Script (After Launch)----------------
targets -set -nocase -filter {name =~ "*A9*#0"}
con
----------------End of Script----------------

16:49:53 INFO  : Launch script is exported to file 'C:\Users\cihem\CPRE-488-Labs\Mp-0_New\vitis2\.sdk\launch_scripts\single_application_debug\debugger_grid-default.tcl'
16:50:59 INFO  : Disconnected from the channel tcfchan#4.
16:51:00 INFO  : Checking for BSP changes to sync application flags for project 'grid'...
16:51:02 INFO  : Connected to target on host '127.0.0.1' and port '3121'.
16:51:02 INFO  : Jtag cable 'Digilent Zed 210248525658' is selected.
16:51:02 INFO  : 'jtag frequency' command is executed.
16:51:02 INFO  : Context for 'APU' is selected.
16:51:02 INFO  : System reset is completed.
16:51:05 INFO  : 'after 3000' command is executed.
16:51:05 INFO  : 'targets -set -filter {jtag_cable_name =~ "Digilent Zed 210248525658" && level==0 && jtag_device_ctx=="jsn-Zed-210248525658-23727093-0"}' command is executed.
16:51:08 INFO  : FPGA configured successfully with bitstream "C:/Users/cihem/CPRE-488-Labs/Mp-0_New/vitis2/grid/_ide/bitstream/design_1_wrapper.bit"
16:51:08 INFO  : Context for 'APU' is selected.
16:51:08 INFO  : Hardware design and registers information is loaded from 'C:/Users/cihem/CPRE-488-Labs/Mp-0_New/vitis2/design_1_wrapper/export/design_1_wrapper/hw/design_1_wrapper.xsa'.
16:51:08 INFO  : 'configparams force-mem-access 1' command is executed.
16:51:08 INFO  : Context for 'APU' is selected.
16:51:08 INFO  : Sourcing of 'C:/Users/cihem/CPRE-488-Labs/Mp-0_New/vitis2/grid/_ide/psinit/ps7_init.tcl' is done.
16:51:08 INFO  : 'ps7_init' command is executed.
16:51:08 INFO  : 'ps7_post_config' command is executed.
16:51:08 INFO  : Context for processor 'ps7_cortexa9_0' is selected.
16:51:08 INFO  : The application 'C:/Users/cihem/CPRE-488-Labs/Mp-0_New/vitis2/grid/Debug/grid.elf' is downloaded to processor 'ps7_cortexa9_0'.
16:51:08 INFO  : 'configparams force-mem-access 0' command is executed.
16:51:08 INFO  : ----------------XSDB Script----------------
connect -url tcp:127.0.0.1:3121
targets -set -nocase -filter {name =~"APU*"}
rst -system
after 3000
targets -set -filter {jtag_cable_name =~ "Digilent Zed 210248525658" && level==0 && jtag_device_ctx=="jsn-Zed-210248525658-23727093-0"}
fpga -file C:/Users/cihem/CPRE-488-Labs/Mp-0_New/vitis2/grid/_ide/bitstream/design_1_wrapper.bit
targets -set -nocase -filter {name =~"APU*"}
loadhw -hw C:/Users/cihem/CPRE-488-Labs/Mp-0_New/vitis2/design_1_wrapper/export/design_1_wrapper/hw/design_1_wrapper.xsa -mem-ranges [list {0x40000000 0xbfffffff}] -regs
configparams force-mem-access 1
targets -set -nocase -filter {name =~"APU*"}
source C:/Users/cihem/CPRE-488-Labs/Mp-0_New/vitis2/grid/_ide/psinit/ps7_init.tcl
ps7_init
ps7_post_config
targets -set -nocase -filter {name =~ "*A9*#0"}
dow C:/Users/cihem/CPRE-488-Labs/Mp-0_New/vitis2/grid/Debug/grid.elf
configparams force-mem-access 0
----------------End of Script----------------

16:51:08 INFO  : Context for processor 'ps7_cortexa9_0' is selected.
16:51:08 INFO  : 'con' command is executed.
16:51:08 INFO  : ----------------XSDB Script (After Launch)----------------
targets -set -nocase -filter {name =~ "*A9*#0"}
con
----------------End of Script----------------

16:51:08 INFO  : Launch script is exported to file 'C:\Users\cihem\CPRE-488-Labs\Mp-0_New\vitis2\.sdk\launch_scripts\single_application_debug\debugger_grid-default.tcl'
16:53:21 INFO  : Disconnected from the channel tcfchan#5.
16:53:23 INFO  : Connected to target on host '127.0.0.1' and port '3121'.
16:53:23 INFO  : Jtag cable 'Digilent Zed 210248525658' is selected.
16:53:23 INFO  : 'jtag frequency' command is executed.
16:53:23 INFO  : Context for 'APU' is selected.
16:53:23 INFO  : System reset is completed.
16:53:26 INFO  : 'after 3000' command is executed.
16:53:26 INFO  : 'targets -set -filter {jtag_cable_name =~ "Digilent Zed 210248525658" && level==0 && jtag_device_ctx=="jsn-Zed-210248525658-23727093-0"}' command is executed.
16:53:29 INFO  : FPGA configured successfully with bitstream "C:/Users/cihem/CPRE-488-Labs/Mp-0_New/vitis2/grid/_ide/bitstream/design_1_wrapper.bit"
16:53:29 INFO  : Context for 'APU' is selected.
16:53:29 INFO  : Hardware design and registers information is loaded from 'C:/Users/cihem/CPRE-488-Labs/Mp-0_New/vitis2/design_1_wrapper/export/design_1_wrapper/hw/design_1_wrapper.xsa'.
16:53:29 INFO  : 'configparams force-mem-access 1' command is executed.
16:53:29 INFO  : Context for 'APU' is selected.
16:53:29 INFO  : Sourcing of 'C:/Users/cihem/CPRE-488-Labs/Mp-0_New/vitis2/grid/_ide/psinit/ps7_init.tcl' is done.
16:53:29 INFO  : 'ps7_init' command is executed.
16:53:29 INFO  : 'ps7_post_config' command is executed.
16:53:29 INFO  : Context for processor 'ps7_cortexa9_0' is selected.
16:53:29 INFO  : The application 'C:/Users/cihem/CPRE-488-Labs/Mp-0_New/vitis2/grid/Debug/grid.elf' is downloaded to processor 'ps7_cortexa9_0'.
16:53:29 INFO  : 'configparams force-mem-access 0' command is executed.
16:53:29 INFO  : ----------------XSDB Script----------------
connect -url tcp:127.0.0.1:3121
targets -set -nocase -filter {name =~"APU*"}
rst -system
after 3000
targets -set -filter {jtag_cable_name =~ "Digilent Zed 210248525658" && level==0 && jtag_device_ctx=="jsn-Zed-210248525658-23727093-0"}
fpga -file C:/Users/cihem/CPRE-488-Labs/Mp-0_New/vitis2/grid/_ide/bitstream/design_1_wrapper.bit
targets -set -nocase -filter {name =~"APU*"}
loadhw -hw C:/Users/cihem/CPRE-488-Labs/Mp-0_New/vitis2/design_1_wrapper/export/design_1_wrapper/hw/design_1_wrapper.xsa -mem-ranges [list {0x40000000 0xbfffffff}] -regs
configparams force-mem-access 1
targets -set -nocase -filter {name =~"APU*"}
source C:/Users/cihem/CPRE-488-Labs/Mp-0_New/vitis2/grid/_ide/psinit/ps7_init.tcl
ps7_init
ps7_post_config
targets -set -nocase -filter {name =~ "*A9*#0"}
dow C:/Users/cihem/CPRE-488-Labs/Mp-0_New/vitis2/grid/Debug/grid.elf
configparams force-mem-access 0
----------------End of Script----------------

16:53:29 INFO  : Context for processor 'ps7_cortexa9_0' is selected.
16:53:29 INFO  : 'con' command is executed.
16:53:29 INFO  : ----------------XSDB Script (After Launch)----------------
targets -set -nocase -filter {name =~ "*A9*#0"}
con
----------------End of Script----------------

16:53:29 INFO  : Launch script is exported to file 'C:\Users\cihem\CPRE-488-Labs\Mp-0_New\vitis2\.sdk\launch_scripts\single_application_debug\debugger_grid-default.tcl'
16:53:49 INFO  : Checking for BSP changes to sync application flags for project 'grid'...
16:53:50 INFO  : Disconnected from the channel tcfchan#6.
16:53:51 INFO  : Connected to target on host '127.0.0.1' and port '3121'.
16:53:52 INFO  : Jtag cable 'Digilent Zed 210248525658' is selected.
16:53:52 INFO  : 'jtag frequency' command is executed.
16:53:52 INFO  : Context for 'APU' is selected.
16:53:52 INFO  : System reset is completed.
16:53:55 INFO  : 'after 3000' command is executed.
16:53:55 INFO  : 'targets -set -filter {jtag_cable_name =~ "Digilent Zed 210248525658" && level==0 && jtag_device_ctx=="jsn-Zed-210248525658-23727093-0"}' command is executed.
16:53:57 INFO  : FPGA configured successfully with bitstream "C:/Users/cihem/CPRE-488-Labs/Mp-0_New/vitis2/grid/_ide/bitstream/design_1_wrapper.bit"
16:53:57 INFO  : Context for 'APU' is selected.
16:53:57 INFO  : Hardware design and registers information is loaded from 'C:/Users/cihem/CPRE-488-Labs/Mp-0_New/vitis2/design_1_wrapper/export/design_1_wrapper/hw/design_1_wrapper.xsa'.
16:53:57 INFO  : 'configparams force-mem-access 1' command is executed.
16:53:57 INFO  : Context for 'APU' is selected.
16:53:57 INFO  : Sourcing of 'C:/Users/cihem/CPRE-488-Labs/Mp-0_New/vitis2/grid/_ide/psinit/ps7_init.tcl' is done.
16:53:57 INFO  : 'ps7_init' command is executed.
16:53:57 INFO  : 'ps7_post_config' command is executed.
16:53:57 INFO  : Context for processor 'ps7_cortexa9_0' is selected.
16:53:57 INFO  : The application 'C:/Users/cihem/CPRE-488-Labs/Mp-0_New/vitis2/grid/Debug/grid.elf' is downloaded to processor 'ps7_cortexa9_0'.
16:53:57 INFO  : 'configparams force-mem-access 0' command is executed.
16:53:57 INFO  : ----------------XSDB Script----------------
connect -url tcp:127.0.0.1:3121
targets -set -nocase -filter {name =~"APU*"}
rst -system
after 3000
targets -set -filter {jtag_cable_name =~ "Digilent Zed 210248525658" && level==0 && jtag_device_ctx=="jsn-Zed-210248525658-23727093-0"}
fpga -file C:/Users/cihem/CPRE-488-Labs/Mp-0_New/vitis2/grid/_ide/bitstream/design_1_wrapper.bit
targets -set -nocase -filter {name =~"APU*"}
loadhw -hw C:/Users/cihem/CPRE-488-Labs/Mp-0_New/vitis2/design_1_wrapper/export/design_1_wrapper/hw/design_1_wrapper.xsa -mem-ranges [list {0x40000000 0xbfffffff}] -regs
configparams force-mem-access 1
targets -set -nocase -filter {name =~"APU*"}
source C:/Users/cihem/CPRE-488-Labs/Mp-0_New/vitis2/grid/_ide/psinit/ps7_init.tcl
ps7_init
ps7_post_config
targets -set -nocase -filter {name =~ "*A9*#0"}
dow C:/Users/cihem/CPRE-488-Labs/Mp-0_New/vitis2/grid/Debug/grid.elf
configparams force-mem-access 0
----------------End of Script----------------

16:53:58 INFO  : Context for processor 'ps7_cortexa9_0' is selected.
16:53:58 INFO  : 'con' command is executed.
16:53:58 INFO  : ----------------XSDB Script (After Launch)----------------
targets -set -nocase -filter {name =~ "*A9*#0"}
con
----------------End of Script----------------

16:53:58 INFO  : Launch script is exported to file 'C:\Users\cihem\CPRE-488-Labs\Mp-0_New\vitis2\.sdk\launch_scripts\single_application_debug\debugger_grid-default.tcl'
17:11:45 INFO  : Checking for BSP changes to sync application flags for project 'grid'...
17:11:47 INFO  : Disconnected from the channel tcfchan#7.
17:11:49 INFO  : Connected to target on host '127.0.0.1' and port '3121'.
17:11:58 INFO  : ----------------XSDB Script----------------
connect -url tcp:127.0.0.1:3121
----------------End of Script----------------

17:11:58 ERROR : Could not find ARM device on the board for connection 'Local'.
Check if the target is in:
1. Split JTAG - No operations are possible with ARM DAP.
2. Non JTAG bootmode - Bootrom may need time to enable DAP.
Please try again.


Troubleshooting hints:
1. Check whether board is connected to system properly.
2. In case of zynq board, check whether Digilent/Xilinx cable switch settings are correct.
3. If you are using Xilinx Platform Cable USB, ensure that status LED is green.
17:12:39 INFO  : Checking for BSP changes to sync application flags for project 'grid'...
17:12:42 INFO  : Connected to target on host '127.0.0.1' and port '3121'.
17:12:42 INFO  : Jtag cable 'Digilent Zed 210248525658' is selected.
17:12:42 INFO  : 'jtag frequency' command is executed.
17:12:42 INFO  : Context for 'APU' is selected.
17:12:42 INFO  : System reset is completed.
17:12:45 INFO  : 'after 3000' command is executed.
17:12:45 INFO  : 'targets -set -filter {jtag_cable_name =~ "Digilent Zed 210248525658" && level==0 && jtag_device_ctx=="jsn-Zed-210248525658-23727093-0"}' command is executed.
17:12:47 INFO  : FPGA configured successfully with bitstream "C:/Users/cihem/CPRE-488-Labs/Mp-0_New/vitis2/grid/_ide/bitstream/design_1_wrapper.bit"
17:12:47 INFO  : Context for 'APU' is selected.
17:12:47 INFO  : Hardware design and registers information is loaded from 'C:/Users/cihem/CPRE-488-Labs/Mp-0_New/vitis2/design_1_wrapper/export/design_1_wrapper/hw/design_1_wrapper.xsa'.
17:12:47 INFO  : 'configparams force-mem-access 1' command is executed.
17:12:47 INFO  : Context for 'APU' is selected.
17:12:47 INFO  : Sourcing of 'C:/Users/cihem/CPRE-488-Labs/Mp-0_New/vitis2/grid/_ide/psinit/ps7_init.tcl' is done.
17:12:48 INFO  : 'ps7_init' command is executed.
17:12:48 INFO  : 'ps7_post_config' command is executed.
17:12:48 INFO  : Context for processor 'ps7_cortexa9_0' is selected.
17:12:48 INFO  : The application 'C:/Users/cihem/CPRE-488-Labs/Mp-0_New/vitis2/grid/Debug/grid.elf' is downloaded to processor 'ps7_cortexa9_0'.
17:12:48 INFO  : 'configparams force-mem-access 0' command is executed.
17:12:48 INFO  : ----------------XSDB Script----------------
connect -url tcp:127.0.0.1:3121
targets -set -nocase -filter {name =~"APU*"}
rst -system
after 3000
targets -set -filter {jtag_cable_name =~ "Digilent Zed 210248525658" && level==0 && jtag_device_ctx=="jsn-Zed-210248525658-23727093-0"}
fpga -file C:/Users/cihem/CPRE-488-Labs/Mp-0_New/vitis2/grid/_ide/bitstream/design_1_wrapper.bit
targets -set -nocase -filter {name =~"APU*"}
loadhw -hw C:/Users/cihem/CPRE-488-Labs/Mp-0_New/vitis2/design_1_wrapper/export/design_1_wrapper/hw/design_1_wrapper.xsa -mem-ranges [list {0x40000000 0xbfffffff}] -regs
configparams force-mem-access 1
targets -set -nocase -filter {name =~"APU*"}
source C:/Users/cihem/CPRE-488-Labs/Mp-0_New/vitis2/grid/_ide/psinit/ps7_init.tcl
ps7_init
ps7_post_config
targets -set -nocase -filter {name =~ "*A9*#0"}
dow C:/Users/cihem/CPRE-488-Labs/Mp-0_New/vitis2/grid/Debug/grid.elf
configparams force-mem-access 0
----------------End of Script----------------

17:12:48 INFO  : Context for processor 'ps7_cortexa9_0' is selected.
17:12:48 INFO  : 'con' command is executed.
17:12:48 INFO  : ----------------XSDB Script (After Launch)----------------
targets -set -nocase -filter {name =~ "*A9*#0"}
con
----------------End of Script----------------

17:12:48 INFO  : Launch script is exported to file 'C:\Users\cihem\CPRE-488-Labs\Mp-0_New\vitis2\.sdk\launch_scripts\single_application_debug\debugger_grid-default.tcl'
17:14:05 INFO  : Checking for BSP changes to sync application flags for project 'grid'...
17:14:07 INFO  : Disconnected from the channel tcfchan#8.
17:14:08 INFO  : Connected to target on host '127.0.0.1' and port '3121'.
17:14:08 INFO  : Jtag cable 'Digilent Zed 210248525658' is selected.
17:14:08 INFO  : 'jtag frequency' command is executed.
17:14:08 INFO  : Context for 'APU' is selected.
17:14:08 INFO  : System reset is completed.
17:14:11 INFO  : 'after 3000' command is executed.
17:14:11 INFO  : 'targets -set -filter {jtag_cable_name =~ "Digilent Zed 210248525658" && level==0 && jtag_device_ctx=="jsn-Zed-210248525658-23727093-0"}' command is executed.
17:14:14 INFO  : FPGA configured successfully with bitstream "C:/Users/cihem/CPRE-488-Labs/Mp-0_New/vitis2/grid/_ide/bitstream/design_1_wrapper.bit"
17:14:14 INFO  : Context for 'APU' is selected.
17:14:14 INFO  : Hardware design and registers information is loaded from 'C:/Users/cihem/CPRE-488-Labs/Mp-0_New/vitis2/design_1_wrapper/export/design_1_wrapper/hw/design_1_wrapper.xsa'.
17:14:14 INFO  : 'configparams force-mem-access 1' command is executed.
17:14:14 INFO  : Context for 'APU' is selected.
17:14:14 INFO  : Sourcing of 'C:/Users/cihem/CPRE-488-Labs/Mp-0_New/vitis2/grid/_ide/psinit/ps7_init.tcl' is done.
17:14:14 INFO  : 'ps7_init' command is executed.
17:14:14 INFO  : 'ps7_post_config' command is executed.
17:14:14 INFO  : Context for processor 'ps7_cortexa9_0' is selected.
17:14:14 INFO  : The application 'C:/Users/cihem/CPRE-488-Labs/Mp-0_New/vitis2/grid/Debug/grid.elf' is downloaded to processor 'ps7_cortexa9_0'.
17:14:14 INFO  : 'configparams force-mem-access 0' command is executed.
17:14:14 INFO  : ----------------XSDB Script----------------
connect -url tcp:127.0.0.1:3121
targets -set -nocase -filter {name =~"APU*"}
rst -system
after 3000
targets -set -filter {jtag_cable_name =~ "Digilent Zed 210248525658" && level==0 && jtag_device_ctx=="jsn-Zed-210248525658-23727093-0"}
fpga -file C:/Users/cihem/CPRE-488-Labs/Mp-0_New/vitis2/grid/_ide/bitstream/design_1_wrapper.bit
targets -set -nocase -filter {name =~"APU*"}
loadhw -hw C:/Users/cihem/CPRE-488-Labs/Mp-0_New/vitis2/design_1_wrapper/export/design_1_wrapper/hw/design_1_wrapper.xsa -mem-ranges [list {0x40000000 0xbfffffff}] -regs
configparams force-mem-access 1
targets -set -nocase -filter {name =~"APU*"}
source C:/Users/cihem/CPRE-488-Labs/Mp-0_New/vitis2/grid/_ide/psinit/ps7_init.tcl
ps7_init
ps7_post_config
targets -set -nocase -filter {name =~ "*A9*#0"}
dow C:/Users/cihem/CPRE-488-Labs/Mp-0_New/vitis2/grid/Debug/grid.elf
configparams force-mem-access 0
----------------End of Script----------------

17:14:14 INFO  : Context for processor 'ps7_cortexa9_0' is selected.
17:14:14 INFO  : 'con' command is executed.
17:14:14 INFO  : ----------------XSDB Script (After Launch)----------------
targets -set -nocase -filter {name =~ "*A9*#0"}
con
----------------End of Script----------------

17:14:14 INFO  : Launch script is exported to file 'C:\Users\cihem\CPRE-488-Labs\Mp-0_New\vitis2\.sdk\launch_scripts\single_application_debug\debugger_grid-default.tcl'
17:16:47 INFO  : Checking for BSP changes to sync application flags for project 'grid'...
17:16:53 INFO  : Disconnected from the channel tcfchan#9.
17:16:53 INFO  : Connected to target on host '127.0.0.1' and port '3121'.
17:16:54 INFO  : Jtag cable 'Digilent Zed 210248525658' is selected.
17:16:54 INFO  : 'jtag frequency' command is executed.
17:16:54 INFO  : Context for 'APU' is selected.
17:16:54 INFO  : System reset is completed.
17:16:57 INFO  : 'after 3000' command is executed.
17:16:57 INFO  : 'targets -set -filter {jtag_cable_name =~ "Digilent Zed 210248525658" && level==0 && jtag_device_ctx=="jsn-Zed-210248525658-23727093-0"}' command is executed.
17:16:59 INFO  : FPGA configured successfully with bitstream "C:/Users/cihem/CPRE-488-Labs/Mp-0_New/vitis2/grid/_ide/bitstream/design_1_wrapper.bit"
17:16:59 INFO  : Context for 'APU' is selected.
17:16:59 INFO  : Hardware design and registers information is loaded from 'C:/Users/cihem/CPRE-488-Labs/Mp-0_New/vitis2/design_1_wrapper/export/design_1_wrapper/hw/design_1_wrapper.xsa'.
17:16:59 INFO  : 'configparams force-mem-access 1' command is executed.
17:16:59 INFO  : Context for 'APU' is selected.
17:16:59 INFO  : Sourcing of 'C:/Users/cihem/CPRE-488-Labs/Mp-0_New/vitis2/grid/_ide/psinit/ps7_init.tcl' is done.
17:16:59 INFO  : 'ps7_init' command is executed.
17:16:59 INFO  : 'ps7_post_config' command is executed.
17:16:59 INFO  : Context for processor 'ps7_cortexa9_0' is selected.
17:16:59 INFO  : The application 'C:/Users/cihem/CPRE-488-Labs/Mp-0_New/vitis2/grid/Debug/grid.elf' is downloaded to processor 'ps7_cortexa9_0'.
17:16:59 INFO  : 'configparams force-mem-access 0' command is executed.
17:16:59 INFO  : ----------------XSDB Script----------------
connect -url tcp:127.0.0.1:3121
targets -set -nocase -filter {name =~"APU*"}
rst -system
after 3000
targets -set -filter {jtag_cable_name =~ "Digilent Zed 210248525658" && level==0 && jtag_device_ctx=="jsn-Zed-210248525658-23727093-0"}
fpga -file C:/Users/cihem/CPRE-488-Labs/Mp-0_New/vitis2/grid/_ide/bitstream/design_1_wrapper.bit
targets -set -nocase -filter {name =~"APU*"}
loadhw -hw C:/Users/cihem/CPRE-488-Labs/Mp-0_New/vitis2/design_1_wrapper/export/design_1_wrapper/hw/design_1_wrapper.xsa -mem-ranges [list {0x40000000 0xbfffffff}] -regs
configparams force-mem-access 1
targets -set -nocase -filter {name =~"APU*"}
source C:/Users/cihem/CPRE-488-Labs/Mp-0_New/vitis2/grid/_ide/psinit/ps7_init.tcl
ps7_init
ps7_post_config
targets -set -nocase -filter {name =~ "*A9*#0"}
dow C:/Users/cihem/CPRE-488-Labs/Mp-0_New/vitis2/grid/Debug/grid.elf
configparams force-mem-access 0
----------------End of Script----------------

17:16:59 INFO  : Context for processor 'ps7_cortexa9_0' is selected.
17:16:59 INFO  : 'con' command is executed.
17:16:59 INFO  : ----------------XSDB Script (After Launch)----------------
targets -set -nocase -filter {name =~ "*A9*#0"}
con
----------------End of Script----------------

17:16:59 INFO  : Launch script is exported to file 'C:\Users\cihem\CPRE-488-Labs\Mp-0_New\vitis2\.sdk\launch_scripts\single_application_debug\debugger_grid-default.tcl'
17:20:31 INFO  : Checking for BSP changes to sync application flags for project 'grid'...
17:20:33 INFO  : Disconnected from the channel tcfchan#10.
17:20:35 INFO  : Connected to target on host '127.0.0.1' and port '3121'.
17:20:35 INFO  : Jtag cable 'Digilent Zed 210248525658' is selected.
17:20:35 INFO  : 'jtag frequency' command is executed.
17:20:35 INFO  : Context for 'APU' is selected.
17:20:35 INFO  : System reset is completed.
17:20:38 INFO  : 'after 3000' command is executed.
17:20:38 INFO  : 'targets -set -filter {jtag_cable_name =~ "Digilent Zed 210248525658" && level==0 && jtag_device_ctx=="jsn-Zed-210248525658-23727093-0"}' command is executed.
17:20:41 INFO  : FPGA configured successfully with bitstream "C:/Users/cihem/CPRE-488-Labs/Mp-0_New/vitis2/grid/_ide/bitstream/design_1_wrapper.bit"
17:20:41 INFO  : Context for 'APU' is selected.
17:20:41 INFO  : Hardware design and registers information is loaded from 'C:/Users/cihem/CPRE-488-Labs/Mp-0_New/vitis2/design_1_wrapper/export/design_1_wrapper/hw/design_1_wrapper.xsa'.
17:20:41 INFO  : 'configparams force-mem-access 1' command is executed.
17:20:41 INFO  : Context for 'APU' is selected.
17:20:41 INFO  : Sourcing of 'C:/Users/cihem/CPRE-488-Labs/Mp-0_New/vitis2/grid/_ide/psinit/ps7_init.tcl' is done.
17:20:41 INFO  : 'ps7_init' command is executed.
17:20:41 INFO  : 'ps7_post_config' command is executed.
17:20:41 INFO  : Context for processor 'ps7_cortexa9_0' is selected.
17:20:41 INFO  : The application 'C:/Users/cihem/CPRE-488-Labs/Mp-0_New/vitis2/grid/Debug/grid.elf' is downloaded to processor 'ps7_cortexa9_0'.
17:20:41 INFO  : 'configparams force-mem-access 0' command is executed.
17:20:41 INFO  : ----------------XSDB Script----------------
connect -url tcp:127.0.0.1:3121
targets -set -nocase -filter {name =~"APU*"}
rst -system
after 3000
targets -set -filter {jtag_cable_name =~ "Digilent Zed 210248525658" && level==0 && jtag_device_ctx=="jsn-Zed-210248525658-23727093-0"}
fpga -file C:/Users/cihem/CPRE-488-Labs/Mp-0_New/vitis2/grid/_ide/bitstream/design_1_wrapper.bit
targets -set -nocase -filter {name =~"APU*"}
loadhw -hw C:/Users/cihem/CPRE-488-Labs/Mp-0_New/vitis2/design_1_wrapper/export/design_1_wrapper/hw/design_1_wrapper.xsa -mem-ranges [list {0x40000000 0xbfffffff}] -regs
configparams force-mem-access 1
targets -set -nocase -filter {name =~"APU*"}
source C:/Users/cihem/CPRE-488-Labs/Mp-0_New/vitis2/grid/_ide/psinit/ps7_init.tcl
ps7_init
ps7_post_config
targets -set -nocase -filter {name =~ "*A9*#0"}
dow C:/Users/cihem/CPRE-488-Labs/Mp-0_New/vitis2/grid/Debug/grid.elf
configparams force-mem-access 0
----------------End of Script----------------

17:20:41 INFO  : Context for processor 'ps7_cortexa9_0' is selected.
17:20:41 INFO  : 'con' command is executed.
17:20:41 INFO  : ----------------XSDB Script (After Launch)----------------
targets -set -nocase -filter {name =~ "*A9*#0"}
con
----------------End of Script----------------

17:20:41 INFO  : Launch script is exported to file 'C:\Users\cihem\CPRE-488-Labs\Mp-0_New\vitis2\.sdk\launch_scripts\single_application_debug\debugger_grid-default.tcl'
17:27:09 INFO  : Checking for BSP changes to sync application flags for project 'grid'...
17:27:14 INFO  : Disconnected from the channel tcfchan#11.
17:27:15 INFO  : Connected to target on host '127.0.0.1' and port '3121'.
17:27:15 INFO  : Jtag cable 'Digilent Zed 210248525658' is selected.
17:27:15 INFO  : 'jtag frequency' command is executed.
17:27:15 INFO  : Context for 'APU' is selected.
17:27:15 INFO  : System reset is completed.
17:27:18 INFO  : 'after 3000' command is executed.
17:27:18 INFO  : 'targets -set -filter {jtag_cable_name =~ "Digilent Zed 210248525658" && level==0 && jtag_device_ctx=="jsn-Zed-210248525658-23727093-0"}' command is executed.
17:27:20 INFO  : FPGA configured successfully with bitstream "C:/Users/cihem/CPRE-488-Labs/Mp-0_New/vitis2/grid/_ide/bitstream/design_1_wrapper.bit"
17:27:20 INFO  : Context for 'APU' is selected.
17:27:21 INFO  : Hardware design and registers information is loaded from 'C:/Users/cihem/CPRE-488-Labs/Mp-0_New/vitis2/design_1_wrapper/export/design_1_wrapper/hw/design_1_wrapper.xsa'.
17:27:21 INFO  : 'configparams force-mem-access 1' command is executed.
17:27:21 INFO  : Context for 'APU' is selected.
17:27:21 INFO  : Sourcing of 'C:/Users/cihem/CPRE-488-Labs/Mp-0_New/vitis2/grid/_ide/psinit/ps7_init.tcl' is done.
17:27:21 INFO  : 'ps7_init' command is executed.
17:27:21 INFO  : 'ps7_post_config' command is executed.
17:27:21 INFO  : Context for processor 'ps7_cortexa9_0' is selected.
17:27:21 INFO  : The application 'C:/Users/cihem/CPRE-488-Labs/Mp-0_New/vitis2/grid/Debug/grid.elf' is downloaded to processor 'ps7_cortexa9_0'.
17:27:21 INFO  : 'configparams force-mem-access 0' command is executed.
17:27:21 INFO  : ----------------XSDB Script----------------
connect -url tcp:127.0.0.1:3121
targets -set -nocase -filter {name =~"APU*"}
rst -system
after 3000
targets -set -filter {jtag_cable_name =~ "Digilent Zed 210248525658" && level==0 && jtag_device_ctx=="jsn-Zed-210248525658-23727093-0"}
fpga -file C:/Users/cihem/CPRE-488-Labs/Mp-0_New/vitis2/grid/_ide/bitstream/design_1_wrapper.bit
targets -set -nocase -filter {name =~"APU*"}
loadhw -hw C:/Users/cihem/CPRE-488-Labs/Mp-0_New/vitis2/design_1_wrapper/export/design_1_wrapper/hw/design_1_wrapper.xsa -mem-ranges [list {0x40000000 0xbfffffff}] -regs
configparams force-mem-access 1
targets -set -nocase -filter {name =~"APU*"}
source C:/Users/cihem/CPRE-488-Labs/Mp-0_New/vitis2/grid/_ide/psinit/ps7_init.tcl
ps7_init
ps7_post_config
targets -set -nocase -filter {name =~ "*A9*#0"}
dow C:/Users/cihem/CPRE-488-Labs/Mp-0_New/vitis2/grid/Debug/grid.elf
configparams force-mem-access 0
----------------End of Script----------------

17:27:21 INFO  : Context for processor 'ps7_cortexa9_0' is selected.
17:27:21 INFO  : 'con' command is executed.
17:27:21 INFO  : ----------------XSDB Script (After Launch)----------------
targets -set -nocase -filter {name =~ "*A9*#0"}
con
----------------End of Script----------------

17:27:21 INFO  : Launch script is exported to file 'C:\Users\cihem\CPRE-488-Labs\Mp-0_New\vitis2\.sdk\launch_scripts\single_application_debug\debugger_grid-default.tcl'
20:20:44 INFO  : Disconnected from the channel tcfchan#12.
